/home/ollie/miniconda3/envs/simtbx/lib/python3.9/site-packages/dials/extensions/__init__.py:3: UserWarning: pkg_resources is deprecated as an API. See https://setuptools.pypa.io/en/latest/pkg_resources.html. The pkg_resources package is slated for removal as early as 2025-11-30. Refrain from using this package or pin to Setuptools<81.
  import pkg_resources
[Stage A Baseline Probe] Starting probe (device=cuda:0)
[Stage A Baseline Probe] Geometry mode: perturbed
[Stage A Baseline Probe] Output will be saved to: plans/active/ARCH-SIM-CONSTRUCTION-001/reports/2025-12-20T210000Z/stage_a_baseline_probe_perturbed.json
[Stage A Baseline Probe] HKL source: /home/ollie/Documents/diffbragg_example_2/diffbragg_example/sp.proc/calibration/smoke_refined_structure_factors_small.mtz
[Stage A Baseline Probe] MTZ columns: F(+),SIGF(+),F(-),SIGF(-)
[Stage A Baseline Probe] Calibration config: /home/ollie/Documents/diffbragg_example_2/diffbragg_example/sp.proc/calibration/config_torch_smoke_small.json
[Stage A Baseline Probe] Running RefinementEngine with Stage A...
[ARCH-SIM-CONSTRUCTION-001 Phase C.7] Using recorded scale_factor from Stage A telemetry:
  scale_factor (recorded): 5.203844e+09
  log_scale_effective (recorded): 22.372663
  log_scale_baseline: 22.373427
  log_scale_delta_clamped (recorded): -0.0007634966168552637
  sqrt_spot_scale: 691817229.1071362
  spot_scale_override: 4.786110784894759e+17
  bragg_panel[0] mean (raw sim output): 2.772406e-09
  bragg_panel[0] max: 1.356672e-04
  bragg_scaled[0] mean (after scale_factor × baseline_alignment): 1.442717e+01
  bragg_full mean (final output): 1.442717e+01
  bragg_full max: 7.059909e+05
[END DEBUG]
[ARCH-SIM-CONSTRUCTION-001 MASK COVERAGE] Wrote coverage stats to plans/active/ARCH-SIM-CONSTRUCTION-001/reports/2025-12-10T090000Z/mask_coverage.json
[ARCH-SIM-CONSTRUCTION-001 N_CELLS] N_cells=(41, 29, 32), status=applied (apply_calibration_n_cells=True)
[ARCH-SIM-CONSTRUCTION-001 BASELINE STATS] Wrote baseline stats to plans/active/ARCH-SIM-CONSTRUCTION-001/reports/2025-12-13T235500Z/baseline_stats.json
  Reconstructed bragg mean (masked): 3.902979e-01
  Telemetry model mean (masked): 8.711842e+01
  Ratio (bragg/telem): 0.004480
  Chi²/pixel: 1.888489e+06
[Stage A Baseline Probe] Stage A complete, extracting telemetry and artifacts...
[Stage A Baseline Probe] Warm cache path: stage_a_artifacts available, reusing cached Bragg stack
[Stage A Baseline Probe] Reconstructing bragg_before from initial telemetry with warm cache...
[ARCH-SIM-CONSTRUCTION-001 CACHE HIT] Returning cached zero-iteration Bragg stack for param_state='initial' (shape=(1, 1024, 1024))
[Stage A Baseline Probe] baseline_stats.json not found at plans/active/ARCH-SIM-CONSTRUCTION-001/reports/2025-12-20T210000Z/baseline_stats.json; using defaults
[Stage A Baseline Probe] Built HKL lookup with 69614 entries
[WARNING] 2 ROIs could not be matched to reflection table entries
[WARNING] Total ROIs: 29, Reflections: 29, Matched: 27
[Stage A Baseline Probe] Results written to plans/active/ARCH-SIM-CONSTRUCTION-001/reports/2025-12-20T210000Z/stage_a_baseline_probe_perturbed.json

================================================================================
Stage A Baseline Telemetry vs Reconstruction Comparison
================================================================================
Metric                                             Telemetry       Reconstructed  
--------------------------------------------------------------------------------
target_mean_masked                                 8.711842e+01    8.711842e+01   
model_mean_masked                                  8.711842e+01    8.711842e+01   
log_scale_baseline_value                           nan             N/A            
log_scale_delta_clamped                            -0.000763       N/A            
log_scale_effective_initial                        22.373427       N/A            
scale_factor                                       5.203844e+09    N/A            
chi²/pixel (initial)                               N/A             1.887335e+06   
--------------------------------------------------------------------------------
DB-AT-028 threshold (chi²/pixel ≤ 1e2)             Threshold: 1e2                
DB-AT-028 status                                   FAIL                          
================================================================================

Divergence Analysis:
--------------------------------------------------------------------------------
  target_mean_masked delta: 7.629395e-06
  model_mean_masked delta: 7.629395e-06
  model_mean_masked ratio: 1.000000
================================================================================

Mask Provenance Comparison:
--------------------------------------------------------------------------------
  Source               Pixel Count     Checksum (SHA1)                                   
  -------------------- --------------- --------------------------------------------------
  Telemetry            4140            6305df21a223636fe1f82f9c00f9041e7def78a0          
  Reconstruction       4140            6305df21a223636fe1f82f9c00f9041e7def78a0          
  -------------------- --------------- --------------------------------------------------
  Mask Checksum Match: PASS
================================================================================

Mapping Baseline Diagnostics (ARCH-SIM-CONSTRUCTION-001):
================================================================================
Mapping masked-mean scaling applied                YES                           
  Target mean (masked)                             8.711842e+01                  
  Bragg mean before scaling (masked)               6.437607e+01                  
  Masked mean ratio (target/bragg)                 1.353273e+00                  
  Log-scale baseline source                        mapping_masked_mean_adjustment
================================================================================

Mapping Parity Comparison (DB-AT-027):
================================================================================
Metric                                             Mapping         Stage A         Status    
--------------------------------------------------------------------------------
Mean (masked) [ADU]                                8.711841e+01    8.711842e+01              
Mean (unmasked) [ADU]                              2.431308e+00    1.401091e+01              
Chi²/pixel vs target                               9.803663e+05    1.887335e+06              
--------------------------------------------------------------------------------
Max|Δ| (masked) [ADU]                                              1.104763e+05    FAIL      
RMSE (masked) [ADU]                                                2.729428e+03              
Chi²/pixel relative diff                                           9.251328e-01    FAIL      
--------------------------------------------------------------------------------
ROI Correlations (n={len(valid_stagea_vs_mapping)})                                           
  Mapping vs Target (median)                       -0.0373                                   
  Stage A vs Target (median)                       -0.0534                                   
  Stage A vs Mapping (median)                      -0.0450                         FAIL      
  Stage A vs Mapping (min/max)                     -0.1214 / 0.1835                            
--------------------------------------------------------------------------------
DB-AT-027 overall status                                                           FAIL      
================================================================================

DB-AT-027 Parity Warnings:
--------------------------------------------------------------------------------
  - [NON-NORMATIVE] Geometry mode is 'perturbed' — Stage A vs mapping differences are expected due to deliberate perturbation
================================================================================

ROI-Level Diagnostics (Phase C.15):
================================================================================
Total ROIs analyzed: 29
Valid ROIs (finite Stage A vs target CC): 29

Bottom 5 ROIs (worst Stage A vs target correlation):
--------------------------------------------------------------------------------
  Panel:BBox           CC(StgA↔Tgt)    CC(Map↔Tgt)     Δ(StgA-Tgt)     N_pix     
  -------------------- --------------- --------------- --------------- ----------
  0:[645,657,284,296]  -0.1823         0.0862          -1.759264e+00   144       
  0:[419,431,794,806]  -0.1428         -0.0659         -1.863252e+00   144       
  0:[939,951,65,77]    -0.1206         -0.1185         -2.017843e+00   144       
  0:[121,133,288,300]  -0.1170         -0.0373         -1.076017e+01   144       
  0:[739,751,610,622]  -0.1163         0.6005          7.067070e+00    144       

Top 5 ROIs (best Stage A vs target correlation):
--------------------------------------------------------------------------------
  Panel:BBox           CC(StgA↔Tgt)    CC(Map↔Tgt)     Δ(StgA-Tgt)     N_pix     
  -------------------- --------------- --------------- --------------- ----------
  0:[431,443,434,446]  0.0902          0.6628          2.133960e+03    144       
  0:[976,988,202,214]  0.0891          -0.0122         -1.398029e+00   144       
  0:[535,547,842,854]  0.0616          -0.1366         -7.028635e+00   144       
  0:[477,489,595,607]  0.0267          0.0578          -1.661133e-01   144       
  0:[347,359,266,278]  0.0217          -0.0789         -2.271646e+01   144       
================================================================================

Reflection-Table Reference Comparison (Phase C.16):
================================================================================
Total reflections in table: 29
Reflections matched to ROIs: 27
ROIs without reflection match: 2

Reflection vs Stage A/Mapping/Target Ratios:
--------------------------------------------------------------------------------
  Metric                         Median       P25-P75              Min-Max             
  ------------------------------ ------------ -------------------- --------------------
  Stage A / Refl (intensity)     0.0688       0.0015 - 0.4254    0.0000 - 1225.6882
  Mapping / Refl (intensity)     0.0612       0.0143 - 0.8643    0.0001 - 233.9085 
  Target / Refl (intensity)      1.0196       0.9966 - 1.4382    0.7228 - 2.0608   

HKL Amplitude Ledger (Phase C.17):
--------------------------------------------------------------------------------
  Metric                         Median       P25-P75              Min-Max             
  ------------------------------ ------------ -------------------- --------------------
  |F|^2/pix / Refl (intensity)   1.1447       0.5188 - 11.6163   0.2893 - 6872.3114
  Stage A / |F|^2/pix            0.0043       0.0014 - 0.1669    0.0000 - 54.6442  

  HKL lookup entries: 69614
  HKL source: /home/ollie/Documents/diffbragg_example_2/diffbragg_example/sp.proc/calibration/smoke_refined_structure_factors_small.mtz
  MTZ columns: F(+),SIGF(+),F(-),SIGF(-)

Bottom 5 ROIs (worst Stage A vs reflection match):
--------------------------------------------------------------------------------
  Panel:BBox           HKL          |F|^2/pix    StgA/|F|^2   StgA/Refl    N_pix     
  -------------------- ------------ ------------ ------------ ------------ ----------
  0:[431,443,434,446]  0,2,-2       3.9097e+01   54.6442      1225.6882    144       
  0:[661,673,940,952]  1,-9,4       2.7041e+03   0.0222       19.3559      144       
  0:[739,751,610,622]  -2,-4,4      6.3761e-01   12.7588      11.9538      144       
  0:[350,362,877,889]  4,-5,-1      3.7225e+04   0.0012       8.4428       144       
  0:[939,951,65,77]    -10,1,1      5.9150e-01   0.0000       0.0000       144       

Top 5 ROIs (best Stage A vs reflection match):
--------------------------------------------------------------------------------
  Panel:BBox           HKL          |F|^2/pix    StgA/|F|^2   StgA/Refl    N_pix     
  -------------------- ------------ ------------ ------------ ------------ ----------
  0:[477,489,595,607]  1,-1,0       1.0470e-01   1.4637       0.7356       144       
  0:[606,618,805,817]  1,-6,3       3.3399e+02   0.0647       0.6651       144       
  0:[645,657,284,296]  -4,2,0       2.1568e+01   0.0605       0.4735       144       
  0:[407,419,630,642]  2,-1,-1      3.6037e+00   0.3308       0.3773       144       
  0:[708,720,688,700]  -1,-5,4      3.3674e+00   0.7093       0.3063       144       
================================================================================
