2025-11-03 17:00:25,579 - canonical_capture - INFO - === Canonical Golden Dataset Generation ===
2025-11-03 17:00:25,579 - canonical_capture - INFO - Loading refGeom experiment...
2025-11-03 17:00:25,808 - canonical_capture - INFO - Loaded 92 reflections from /home/ollie/Documents/diffbragg_example_2/diffbragg_example/refGeom.refl
2025-11-03 17:00:25,808 - canonical_capture - INFO - Starting DiffBragg refinement (GPU devId=0 per DIFFBRAGG-001)...
2025-11-03 17:00:25,844 - canonical_capture - INFO - Refinement macro cycle 1/5...
2025-11-03 17:01:04,479 - canonical_capture - INFO - Refinement macro cycle 2/5...
2025-11-03 17:01:20,351 - canonical_capture - INFO - Refinement macro cycle 3/5...
2025-11-03 17:01:36,500 - canonical_capture - INFO - Refinement macro cycle 4/5...
2025-11-03 17:01:51,039 - canonical_capture - INFO - Refinement macro cycle 5/5...
2025-11-03 17:02:06,404 - canonical_capture - INFO - Refinement converged. Generating DiffBragg baseline...
2025-11-03 17:02:06,939 - canonical_capture - INFO - DiffBragg baseline saved: max=36174.23, shape=(1, 2527, 2463)
2025-11-03 17:02:06,940 - canonical_capture - INFO - Building nanobrag_torch configs...
2025-11-03 17:02:06,978 - canonical_capture - INFO - Building structure factor grid...
2025-11-03 17:02:07,010 - canonical_capture - INFO - Structure factors (no scaling applied per SCALE-001): min=1.546e+00, max=5.183e+02, mean=4.741e+01
2025-11-03 17:02:07,010 - canonical_capture - INFO - Ignoring scale_override=3.187e+17 per SCALE-001 (DiffBragg handles scaling internally)
2025-11-03 17:02:08,119 - canonical_capture - INFO - Structure factor grid stats: min=0.000e+00, max=5.183e+02, mean=1.876e+01, nonzero=69614
2025-11-03 17:02:08,119 - canonical_capture - INFO - HKL grid: 69614/69614 reflections in range (100.0%)
2025-11-03 17:02:08,120 - canonical_capture - INFO - HKL grid nonzero: 69614
2025-11-03 17:02:08,124 - canonical_capture - INFO - Running nanobrag_torch simulator per panel...
2025-11-03 17:02:08,124 - canonical_capture - INFO - Post-simulation global scale factor: sqrt(3.187322e+17) = 5.645637e+08
2025-11-03 17:02:11,621 - canonical_capture - INFO - Panel 0 RAW torch output: device=cuda:0, dtype=torch.float32, shape=torch.Size([2527, 2463]), min=0.000000e+00, max=7.350773e-05, mean=3.684590e-10, nonzero=5624483
2025-11-03 17:02:11,622 - canonical_capture - INFO - Panel 0 SCALED torch output: min=0.000000e+00, max=4.149980e+04, mean=2.080186e-01
2025-11-03 17:02:11,642 - canonical_capture - INFO - Panel 0: torch_max=41499.80, shape=(2527, 2463)
2025-11-03 17:02:11,676 - canonical_capture - INFO - Torch baseline saved: max=41499.80, shape=(1, 2527, 2463)
2025-11-03 17:02:11,676 - canonical_capture - INFO - Computing parity metrics...
2025-11-03 17:02:11,701 - canonical_capture - INFO - Generating manifest.json with SHA256 checksums...
2025-11-03 17:02:11,784 - canonical_capture - INFO -   bragg_diffbragg.npy: 46a262548a9ddf98...
2025-11-03 17:02:11,803 - canonical_capture - INFO -   bragg_torch.npy: 015d92a4b37c43cc...
2025-11-03 17:02:11,822 - canonical_capture - INFO -   target_panel_0.npy: 3ae4d01ef0a57dd8...
2025-11-03 17:02:11,827 - canonical_capture - INFO -   loss_mask_panel_0.npy: 9301d36f09eb6a15...
2025-11-03 17:02:11,827 - canonical_capture - INFO - Manifest written to /home/ollie/Documents/diffbragg_example_2/diffbragg_example/plans/active/NANOBRAG-GOLDEN-001/reports/2025-11-04T005115Z/golden_dataset/manifest.json
2025-11-03 17:02:11,827 - canonical_capture - INFO -   manifest.json: 27b573e83a40950b... (self-checksum)
2025-11-03 17:02:11,827 - canonical_capture - INFO - Copying canonical tensors to fixtures directory: /home/ollie/Documents/diffbragg_example_2/diffbragg_example/tests/fixtures/golden_data/simple_cubic
2025-11-03 17:02:11,850 - canonical_capture - INFO -   Copied bragg_diffbragg.npy -> /home/ollie/Documents/diffbragg_example_2/diffbragg_example/tests/fixtures/golden_data/simple_cubic/bragg_diffbragg.npy
2025-11-03 17:02:11,870 - canonical_capture - INFO -   Copied bragg_torch.npy -> /home/ollie/Documents/diffbragg_example_2/diffbragg_example/tests/fixtures/golden_data/simple_cubic/bragg_torch.npy
2025-11-03 17:02:11,892 - canonical_capture - INFO -   Copied target_panel_0.npy -> /home/ollie/Documents/diffbragg_example_2/diffbragg_example/tests/fixtures/golden_data/simple_cubic/target_panel_0.npy
2025-11-03 17:02:11,897 - canonical_capture - INFO -   Copied loss_mask_panel_0.npy -> /home/ollie/Documents/diffbragg_example_2/diffbragg_example/tests/fixtures/golden_data/simple_cubic/loss_mask_panel_0.npy
2025-11-03 17:02:11,897 - canonical_capture - INFO -   Copied manifest.json -> /home/ollie/Documents/diffbragg_example_2/diffbragg_example/tests/fixtures/golden_data/simple_cubic/manifest.json
2025-11-03 17:02:11,898 - canonical_capture - INFO -   Wrote metadata.json -> /home/ollie/Documents/diffbragg_example_2/diffbragg_example/tests/fixtures/golden_data/simple_cubic/metadata.json
2025-11-03 17:02:11,898 - canonical_capture - INFO - === Canonical Capture Complete ===
2025-11-03 17:02:11,899 - canonical_capture - INFO - DiffBragg baseline: /home/ollie/Documents/diffbragg_example_2/diffbragg_example/plans/active/NANOBRAG-GOLDEN-001/reports/2025-11-04T005115Z/golden_dataset/legacy/bragg_diffbragg.npy (max=36174.23)
2025-11-03 17:02:11,901 - canonical_capture - INFO - Torch baseline: /home/ollie/Documents/diffbragg_example_2/diffbragg_example/plans/active/NANOBRAG-GOLDEN-001/reports/2025-11-04T005115Z/golden_dataset/torch/bragg_torch.npy (max=41499.80)
2025-11-03 17:02:11,901 - canonical_capture - INFO - Metrics: /home/ollie/Documents/diffbragg_example_2/diffbragg_example/plans/active/NANOBRAG-GOLDEN-001/reports/2025-11-04T005115Z/golden_dataset/metrics.json
2025-11-03 17:02:11,901 - canonical_capture - INFO - Median correlation: 0.0426
2025-11-03 17:02:11,901 - canonical_capture - INFO - Localization success: 61.1%
