2025-10-29 12:39:48,803 - canonical_capture - INFO - === Canonical Golden Dataset Generation ===
2025-10-29 12:39:48,804 - canonical_capture - INFO - Loading refGeom experiment...
2025-10-29 12:39:49,026 - canonical_capture - INFO - Loaded 92 reflections from /home/ollie/Documents/diffbragg_example_2/diffbragg_example/refGeom.refl
2025-10-29 12:39:49,026 - canonical_capture - INFO - Starting DiffBragg refinement (GPU devId=0 per DIFFBRAGG-001)...
2025-10-29 12:39:49,059 - canonical_capture - INFO - Refinement macro cycle 1/5...
2025-10-29 12:40:24,821 - canonical_capture - INFO - Refinement macro cycle 2/5...
2025-10-29 12:40:38,403 - canonical_capture - INFO - Refinement macro cycle 3/5...
2025-10-29 12:40:55,434 - canonical_capture - INFO - Refinement macro cycle 4/5...
2025-10-29 12:41:11,347 - canonical_capture - INFO - Refinement macro cycle 5/5...
2025-10-29 12:41:26,930 - canonical_capture - INFO - Refinement converged. Generating DiffBragg baseline...
2025-10-29 12:41:27,453 - canonical_capture - INFO - DiffBragg baseline saved: max=36195.17, shape=(1, 2527, 2463)
2025-10-29 12:41:27,455 - canonical_capture - INFO - Building nanobrag_torch configs...
2025-10-29 12:41:27,492 - canonical_capture - INFO - Building structure factor grid...
2025-10-29 12:41:27,522 - canonical_capture - INFO - Structure factors (no scaling applied per SCALE-001): min=1.546e+00, max=5.183e+02, mean=4.741e+01
2025-10-29 12:41:27,522 - canonical_capture - INFO - Ignoring scale_override=3.185e+17 per SCALE-001 (DiffBragg handles scaling internally)
2025-10-29 12:41:28,625 - canonical_capture - INFO - Structure factor grid stats: min=0.000e+00, max=5.183e+02, mean=1.876e+01, nonzero=69614
2025-10-29 12:41:28,626 - canonical_capture - INFO - HKL grid: 69614/69614 reflections in range (100.0%)
2025-10-29 12:41:28,626 - canonical_capture - INFO - HKL grid nonzero: 69614
2025-10-29 12:41:28,630 - canonical_capture - INFO - Running nanobrag_torch simulator per panel...
2025-10-29 12:41:28,630 - canonical_capture - INFO - Post-simulation global scale factor: sqrt(3.185182e+17) = 5.643742e+08
2025-10-29 12:41:31,999 - canonical_capture - INFO - Panel 0 RAW torch output: device=cuda:0, dtype=torch.float32, shape=torch.Size([2527, 2463]), min=0.000000e+00, max=6.903269e-05, mean=3.818995e-10, nonzero=5622336
2025-10-29 12:41:31,999 - canonical_capture - INFO - Panel 0 SCALED torch output: min=0.000000e+00, max=3.896027e+04, mean=2.155342e-01
2025-10-29 12:41:32,020 - canonical_capture - INFO - Panel 0: torch_max=38960.27, shape=(2527, 2463)
2025-10-29 12:41:32,051 - canonical_capture - INFO - Torch baseline saved: max=38960.27, shape=(1, 2527, 2463)
2025-10-29 12:41:32,051 - canonical_capture - INFO - Computing parity metrics...
2025-10-29 12:41:32,064 - canonical_capture - INFO - Generating manifest.json with SHA256 checksums...
2025-10-29 12:41:32,142 - canonical_capture - INFO -   bragg_diffbragg.npy: 06fd77004f020153...
2025-10-29 12:41:32,160 - canonical_capture - INFO -   bragg_torch.npy: 8514814947adedba...
2025-10-29 12:41:32,177 - canonical_capture - INFO -   target_panel_0.npy: 3ae4d01ef0a57dd8...
2025-10-29 12:41:32,182 - canonical_capture - INFO -   loss_mask_panel_0.npy: 9301d36f09eb6a15...
2025-10-29 12:41:32,182 - canonical_capture - INFO - Manifest written to /home/ollie/Documents/diffbragg_example_2/diffbragg_example/plans/active/NANOBRAG-GOLDEN-001/reports/2025-10-29T193557Z/golden_dataset/manifest.json
2025-10-29 12:41:32,182 - canonical_capture - INFO -   manifest.json: 1d7f1ea89b4ba86a... (self-checksum)
2025-10-29 12:41:32,182 - canonical_capture - INFO - Copying canonical tensors to fixtures directory: /home/ollie/Documents/diffbragg_example_2/diffbragg_example/tests/fixtures/golden_data/simple_cubic
2025-10-29 12:41:32,210 - canonical_capture - INFO -   Copied bragg_diffbragg.npy -> /home/ollie/Documents/diffbragg_example_2/diffbragg_example/tests/fixtures/golden_data/simple_cubic/bragg_diffbragg.npy
2025-10-29 12:41:32,230 - canonical_capture - INFO -   Copied bragg_torch.npy -> /home/ollie/Documents/diffbragg_example_2/diffbragg_example/tests/fixtures/golden_data/simple_cubic/bragg_torch.npy
2025-10-29 12:41:32,251 - canonical_capture - INFO -   Copied target_panel_0.npy -> /home/ollie/Documents/diffbragg_example_2/diffbragg_example/tests/fixtures/golden_data/simple_cubic/target_panel_0.npy
2025-10-29 12:41:32,256 - canonical_capture - INFO -   Copied loss_mask_panel_0.npy -> /home/ollie/Documents/diffbragg_example_2/diffbragg_example/tests/fixtures/golden_data/simple_cubic/loss_mask_panel_0.npy
2025-10-29 12:41:32,256 - canonical_capture - INFO -   Copied manifest.json -> /home/ollie/Documents/diffbragg_example_2/diffbragg_example/tests/fixtures/golden_data/simple_cubic/manifest.json
2025-10-29 12:41:32,256 - canonical_capture - INFO -   Wrote metadata.json -> /home/ollie/Documents/diffbragg_example_2/diffbragg_example/tests/fixtures/golden_data/simple_cubic/metadata.json
2025-10-29 12:41:32,256 - canonical_capture - INFO - === Canonical Capture Complete ===
2025-10-29 12:41:32,258 - canonical_capture - INFO - DiffBragg baseline: /home/ollie/Documents/diffbragg_example_2/diffbragg_example/plans/active/NANOBRAG-GOLDEN-001/reports/2025-10-29T193557Z/golden_dataset/legacy/bragg_diffbragg.npy (max=36195.17)
2025-10-29 12:41:32,259 - canonical_capture - INFO - Torch baseline: /home/ollie/Documents/diffbragg_example_2/diffbragg_example/plans/active/NANOBRAG-GOLDEN-001/reports/2025-10-29T193557Z/golden_dataset/torch/bragg_torch.npy (max=38960.27)
2025-10-29 12:41:32,259 - canonical_capture - INFO - Metrics: /home/ollie/Documents/diffbragg_example_2/diffbragg_example/plans/active/NANOBRAG-GOLDEN-001/reports/2025-10-29T193557Z/golden_dataset/metrics.json
2025-10-29 12:41:32,259 - canonical_capture - INFO - Median correlation: -0.0358
2025-10-29 12:41:32,259 - canonical_capture - INFO - Localization success: 5.6%
