2025-10-29 03:16:00,470 - canonical_capture - INFO - === Canonical Golden Dataset Generation ===
2025-10-29 03:16:00,470 - canonical_capture - INFO - Loading refGeom experiment...
2025-10-29 03:16:00,686 - canonical_capture - INFO - Loaded 92 reflections from /home/ollie/Documents/diffbragg_example_2/diffbragg_example/refGeom.refl
2025-10-29 03:16:00,686 - canonical_capture - INFO - Starting DiffBragg refinement (GPU devId=0 per DIFFBRAGG-001)...
2025-10-29 03:16:00,720 - canonical_capture - INFO - Refinement macro cycle 1/5...
2025-10-29 03:16:36,480 - canonical_capture - INFO - Refinement macro cycle 2/5...
2025-10-29 03:16:50,006 - canonical_capture - INFO - Refinement macro cycle 3/5...
2025-10-29 03:17:06,548 - canonical_capture - INFO - Refinement macro cycle 4/5...
2025-10-29 03:17:21,240 - canonical_capture - INFO - Refinement macro cycle 5/5...
2025-10-29 03:17:36,986 - canonical_capture - INFO - Refinement converged. Generating DiffBragg baseline...
2025-10-29 03:17:37,513 - canonical_capture - INFO - DiffBragg baseline saved: max=36178.22, shape=(1, 2527, 2463)
2025-10-29 03:17:37,514 - canonical_capture - INFO - Building nanobrag_torch configs...
2025-10-29 03:17:37,552 - canonical_capture - INFO - Building structure factor grid...
2025-10-29 03:17:37,582 - canonical_capture - INFO - BEFORE scaling: amps min=1.546e+00, max=5.183e+02, mean=4.741e+01
2025-10-29 03:17:37,582 - canonical_capture - INFO - Scaling structure factors by sqrt(scale_override)=5.644e+08
2025-10-29 03:17:37,582 - canonical_capture - INFO - AFTER scaling: amps min=8.727e+08, max=2.926e+11, mean=2.676e+10
2025-10-29 03:17:38,696 - canonical_capture - INFO - Structure factor grid stats: min=0.000e+00, max=2.926e+11, mean=1.059e+10, nonzero=69614
2025-10-29 03:17:38,696 - canonical_capture - INFO - HKL grid: 69614/69614 reflections in range (100.0%)
2025-10-29 03:17:38,696 - canonical_capture - INFO - HKL grid nonzero: 69614
2025-10-29 03:17:38,700 - canonical_capture - INFO - Running nanobrag_torch simulator per panel...
2025-10-29 03:17:42,049 - canonical_capture - INFO - Panel 0 RAW torch output: device=cuda:0, dtype=torch.float32, shape=torch.Size([2527, 2463]), min=0.000000e+00, max=2.200794e+13, mean=1.216775e+08, nonzero=5622385
2025-10-29 03:17:42,070 - canonical_capture - INFO - Panel 0: torch_max=22007938809856.00, shape=(2527, 2463)
2025-10-29 03:17:42,101 - canonical_capture - INFO - Torch baseline saved: max=22007938809856.00, shape=(1, 2527, 2463)
2025-10-29 03:17:42,101 - canonical_capture - INFO - Computing parity metrics...
2025-10-29 03:17:42,113 - canonical_capture - INFO - === Canonical Capture Complete ===
2025-10-29 03:17:42,114 - canonical_capture - INFO - DiffBragg baseline: /home/ollie/Documents/diffbragg_example_2/diffbragg_example/plans/active/NANOBRAG-GOLDEN-001/reports/2025-10-29T100617Z/golden_dataset/legacy/bragg_diffbragg.npy (max=36178.22)
2025-10-29 03:17:42,116 - canonical_capture - INFO - Torch baseline: /home/ollie/Documents/diffbragg_example_2/diffbragg_example/plans/active/NANOBRAG-GOLDEN-001/reports/2025-10-29T100617Z/golden_dataset/torch/bragg_torch.npy (max=22007938809856.00)
2025-10-29 03:17:42,116 - canonical_capture - INFO - Metrics: /home/ollie/Documents/diffbragg_example_2/diffbragg_example/plans/active/NANOBRAG-GOLDEN-001/reports/2025-10-29T100617Z/golden_dataset/metrics.json
2025-10-29 03:17:42,116 - canonical_capture - INFO - Median correlation: -0.0357
2025-10-29 03:17:42,116 - canonical_capture - INFO - Localization success: 5.6%
