2025-10-29 03:29:21,583 - canonical_capture - INFO - === Canonical Golden Dataset Generation ===
2025-10-29 03:29:21,583 - canonical_capture - INFO - Loading refGeom experiment...
2025-10-29 03:29:21,806 - canonical_capture - INFO - Loaded 92 reflections from /home/ollie/Documents/diffbragg_example_2/diffbragg_example/refGeom.refl
2025-10-29 03:29:21,806 - canonical_capture - INFO - Starting DiffBragg refinement (GPU devId=0 per DIFFBRAGG-001)...
2025-10-29 03:29:21,839 - canonical_capture - INFO - Refinement macro cycle 1/5...
2025-10-29 03:29:57,993 - canonical_capture - INFO - Refinement macro cycle 2/5...
2025-10-29 03:30:12,879 - canonical_capture - INFO - Refinement macro cycle 3/5...
2025-10-29 03:30:27,451 - canonical_capture - INFO - Refinement macro cycle 4/5...
2025-10-29 03:30:44,078 - canonical_capture - INFO - Refinement macro cycle 5/5...
2025-10-29 03:30:58,127 - canonical_capture - INFO - Refinement converged. Generating DiffBragg baseline...
2025-10-29 03:30:58,654 - canonical_capture - INFO - DiffBragg baseline saved: max=36170.64, shape=(1, 2527, 2463)
2025-10-29 03:30:58,655 - canonical_capture - INFO - Building nanobrag_torch configs...
2025-10-29 03:30:58,693 - canonical_capture - INFO - Building structure factor grid...
2025-10-29 03:30:58,723 - canonical_capture - INFO - BEFORE scaling: amps min=1.546e+00, max=5.183e+02, mean=4.741e+01
2025-10-29 03:30:58,724 - canonical_capture - INFO - Scaling structure factors by sqrt(scale_override)=5.646e+08
2025-10-29 03:30:58,724 - canonical_capture - INFO - AFTER scaling: amps min=8.730e+08, max=2.926e+11, mean=2.677e+10
2025-10-29 03:30:59,826 - canonical_capture - INFO - Structure factor grid stats: min=0.000e+00, max=2.926e+11, mean=1.059e+10, nonzero=69614
2025-10-29 03:30:59,826 - canonical_capture - INFO - HKL grid: 69614/69614 reflections in range (100.0%)
2025-10-29 03:30:59,826 - canonical_capture - INFO - HKL grid nonzero: 69614
2025-10-29 03:30:59,830 - canonical_capture - INFO - Running nanobrag_torch simulator per panel...
2025-10-29 03:31:03,165 - canonical_capture - INFO - Panel 0 RAW torch output: device=cuda:0, dtype=torch.float32, shape=torch.Size([2527, 2463]), min=0.000000e+00, max=2.179871e+13, mean=1.216892e+08, nonzero=5622379
2025-10-29 03:31:03,185 - canonical_capture - INFO - Panel 0: torch_max=21798705954816.00, shape=(2527, 2463)
2025-10-29 03:31:03,222 - canonical_capture - INFO - Torch baseline saved: max=21798705954816.00, shape=(1, 2527, 2463)
2025-10-29 03:31:03,222 - canonical_capture - INFO - Computing parity metrics...
2025-10-29 03:31:03,234 - canonical_capture - INFO - === Canonical Capture Complete ===
2025-10-29 03:31:03,235 - canonical_capture - INFO - DiffBragg baseline: /home/ollie/Documents/diffbragg_example_2/diffbragg_example/plans/active/NANOBRAG-GOLDEN-001/reports/2025-10-29T104500Z/golden_dataset/legacy/bragg_diffbragg.npy (max=36170.64)
2025-10-29 03:31:03,236 - canonical_capture - INFO - Torch baseline: /home/ollie/Documents/diffbragg_example_2/diffbragg_example/plans/active/NANOBRAG-GOLDEN-001/reports/2025-10-29T104500Z/golden_dataset/torch/bragg_torch.npy (max=21798705954816.00)
2025-10-29 03:31:03,236 - canonical_capture - INFO - Metrics: /home/ollie/Documents/diffbragg_example_2/diffbragg_example/plans/active/NANOBRAG-GOLDEN-001/reports/2025-10-29T104500Z/golden_dataset/metrics.json
2025-10-29 03:31:03,236 - canonical_capture - INFO - Median correlation: -0.0358
2025-10-29 03:31:03,236 - canonical_capture - INFO - Localization success: 5.6%
