2025-10-29 02:20:02,644 - canonical_capture - INFO - === Canonical Golden Dataset Generation ===
2025-10-29 02:20:02,644 - canonical_capture - INFO - Loading refGeom experiment...
2025-10-29 02:20:02,869 - canonical_capture - INFO - Loaded 92 reflections from /home/ollie/Documents/diffbragg_example_2/diffbragg_example/refGeom.refl
2025-10-29 02:20:02,869 - canonical_capture - INFO - Starting DiffBragg refinement (GPU devId=0 per DIFFBRAGG-001)...
2025-10-29 02:20:02,902 - canonical_capture - INFO - Refinement macro cycle 1/5...
2025-10-29 02:20:39,017 - canonical_capture - INFO - Refinement macro cycle 2/5...
2025-10-29 02:20:54,189 - canonical_capture - INFO - Refinement macro cycle 3/5...
2025-10-29 02:21:07,861 - canonical_capture - INFO - Refinement macro cycle 4/5...
2025-10-29 02:21:21,690 - canonical_capture - INFO - Refinement macro cycle 5/5...
2025-10-29 02:21:36,653 - canonical_capture - INFO - Refinement converged. Generating DiffBragg baseline...
2025-10-29 02:21:37,176 - canonical_capture - INFO - DiffBragg baseline saved: max=36169.54, shape=(1, 2527, 2463)
2025-10-29 02:21:37,178 - canonical_capture - INFO - Building nanobrag_torch configs...
2025-10-29 02:21:37,214 - canonical_capture - INFO - Building structure factor grid...
2025-10-29 02:21:37,244 - canonical_capture - INFO - BEFORE scaling: amps min=1.546e+00, max=5.183e+02, mean=4.741e+01
2025-10-29 02:21:37,244 - canonical_capture - INFO - Scaling structure factors by sqrt(scale_override)=5.645e+08
2025-10-29 02:21:37,244 - canonical_capture - INFO - AFTER scaling: amps min=8.728e+08, max=2.926e+11, mean=2.676e+10
2025-10-29 02:21:38,329 - canonical_capture - INFO - Structure factor grid stats: min=0.000e+00, max=2.926e+11, mean=1.059e+10, nonzero=69614
2025-10-29 02:21:38,329 - canonical_capture - INFO - HKL grid: 69614/69614 reflections in range (100.0%)
2025-10-29 02:21:38,329 - canonical_capture - INFO - HKL grid nonzero: 69614
2025-10-29 02:21:38,334 - canonical_capture - INFO - Running nanobrag_torch simulator per panel...
2025-10-29 02:21:40,658 - canonical_capture - INFO - Panel 0 RAW torch output: device=cuda:0, dtype=torch.float32, shape=torch.Size([2527, 2463]), min=0.000000e+00, max=0.000000e+00, mean=0.000000e+00, nonzero=0
2025-10-29 02:21:40,678 - canonical_capture - INFO - Panel 0: torch_max=0.00, shape=(2527, 2463)
2025-10-29 02:21:40,711 - canonical_capture - INFO - Torch baseline saved: max=0.00, shape=(1, 2527, 2463)
2025-10-29 02:21:40,712 - canonical_capture - INFO - Computing parity metrics...
2025-10-29 02:21:40,724 - canonical_capture - INFO - === Canonical Capture Complete ===
2025-10-29 02:21:40,725 - canonical_capture - INFO - DiffBragg baseline: /home/ollie/Documents/diffbragg_example_2/diffbragg_example/plans/active/NANOBRAG-GOLDEN-001/reports/2025-10-29T091339Z/golden_dataset/legacy/bragg_diffbragg.npy (max=36169.54)
2025-10-29 02:21:40,726 - canonical_capture - INFO - Torch baseline: /home/ollie/Documents/diffbragg_example_2/diffbragg_example/plans/active/NANOBRAG-GOLDEN-001/reports/2025-10-29T091339Z/golden_dataset/torch/bragg_torch.npy (max=0.00)
2025-10-29 02:21:40,726 - canonical_capture - INFO - Metrics: /home/ollie/Documents/diffbragg_example_2/diffbragg_example/plans/active/NANOBRAG-GOLDEN-001/reports/2025-10-29T091339Z/golden_dataset/metrics.json
2025-10-29 02:21:40,726 - canonical_capture - INFO - Median correlation: nan
2025-10-29 02:21:40,726 - canonical_capture - INFO - Localization success: 0.0%
