DIALS (2018) Acta Cryst. D74, 85-97. https://doi.org/10.1107/S2059798317017235
The following parameters have been modified:

dispatch {
  integrate = False
}
output {
  output_dir = sp.proc
}
input {
  reference_geometry = refGeom.expt
}
indexing {
  known_symmetry {
    space_group = P1
    unit_cell = "27.4135 32.1224 34.4965 88.6586 71.5464 68.1047"
  }
  stills {
    refine_all_candidates = False
    candidate_outlier_rejection = False
    rmsd_min_px = 6
    ewald_proximal_volume_max = 0.075
  }
}
indexing {
  stills {
    reflection_subsampling {
      enable = True
    }
  }
}

Loading files...
Loading lys_nitr_10_6_0001.cbf
********************************************************************************
Finding Strong Spots
********************************************************************************
Setting spotfinder.filter.min_spot_size=3
Configuring spot finder from input parameters
--------------------------------------------------------------------------------
Finding strong spots in imageset 0
--------------------------------------------------------------------------------

Finding spots in image 1 to 1...
Setting chunksize=1
Extracting strong pixels from images
 Using multiprocessing with 1 parallel job(s)

Found 2340 strong pixels on image 1

Extracted 172 spots
Removed 39 spots with size < 3 pixels
Removed 0 spots with size > 1000 pixels
Calculated 133 spot centroids
Calculated 133 spot intensities
Filtered 132 of 133 spots by peak-centroid distance

Time Taken = 0.253039 seconds
********************************************************************************
Indexing Strong Spots
********************************************************************************
Using max_cell: 44.8 Angstrom
Indexed using 100% of the reflections

Time Taken = 0.299920 seconds
Loading lys_nitr_10_6_0002.cbf
********************************************************************************
Finding Strong Spots
********************************************************************************
Configuring spot finder from input parameters
--------------------------------------------------------------------------------
Finding strong spots in imageset 0
--------------------------------------------------------------------------------

Finding spots in image 1 to 1...
Setting chunksize=1
Extracting strong pixels from images
 Using multiprocessing with 1 parallel job(s)

Found 2559 strong pixels on image 1

Extracted 180 spots
Removed 39 spots with size < 3 pixels
Removed 0 spots with size > 1000 pixels
Calculated 141 spot centroids
Calculated 141 spot intensities
Filtered 141 of 141 spots by peak-centroid distance

Time Taken = 0.241481 seconds
********************************************************************************
Indexing Strong Spots
********************************************************************************
Using max_cell: 44.8 Angstrom
Indexed using 100% of the reflections

Time Taken = 0.102105 seconds
Loading lys_nitr_10_6_0003.cbf
********************************************************************************
Finding Strong Spots
********************************************************************************
Configuring spot finder from input parameters
--------------------------------------------------------------------------------
Finding strong spots in imageset 0
--------------------------------------------------------------------------------

Finding spots in image 1 to 1...
Setting chunksize=1
Extracting strong pixels from images
 Using multiprocessing with 1 parallel job(s)

Found 2345 strong pixels on image 1

Extracted 180 spots
Removed 38 spots with size < 3 pixels
Removed 0 spots with size > 1000 pixels
Calculated 142 spot centroids
Calculated 142 spot intensities
Filtered 142 of 142 spots by peak-centroid distance

Time Taken = 0.222571 seconds
********************************************************************************
Indexing Strong Spots
********************************************************************************
Using max_cell: 44.8 Angstrom
Indexed using 100% of the reflections

Time Taken = 0.100392 seconds
Saving 282 reflections to sp.proc/idx-0000_indexed.refl
 time taken: 0.000479698

Total Time Taken = 1.262707 seconds
