============================= test session starts ==============================
platform linux -- Python 3.9.23, pytest-8.4.2, pluggy-1.6.0 -- /home/ollie/miniconda3/envs/simtbx/bin/python3.9
cachedir: .pytest_cache
rootdir: /home/ollie/Documents/diffbragg_example_2/diffbragg_example
configfile: pyproject.toml
collecting ... collected 1 item

tests/dbex/test_torch_refine_smoke.py::test_stage_b_shell_modifiers FAILED [100%]

=================================== FAILURES ===================================
_________________________ test_stage_b_shell_modifiers _________________________

refgeom_dataload = <dbex.data_load.DataLoad object at 0x72783ea1e5e0>
refinement_inputs = RefinementInputs(target=array([[[0., 0., 0., ..., 0., 0., 0.],
        [0., 0., 0., ..., 0., 0., 0.],
        [0., 0.,...     [0., 0., 0., ..., 0., 0., 0.]]], dtype=float32), target_representation='adu', global_scale_hint=62.65738056380318)
hkl_data = (tensor([[[0., 0., 0.,  ..., 0., 0., 0.],
         [0., 0., 0.,  ..., 0., 0., 0.],
         [0., 0., 0.,  ..., 0., 0.,...uda:0'), {'grid_max': 518.3336791992188, 'grid_mean': 16.896526336669922, 'grid_min': 0.0, 'grid_nonzero': 69614, ...})
smoke_detector_size = 'full'

    def test_stage_b_shell_modifiers(refgeom_dataload, refinement_inputs, hkl_data, smoke_detector_size):
        """
        Smoke test for Stage B shell-modifier LBFGS refinement (TORCH-REFINE-004).
    
        Tests exercise run_nanobrag_refinement with Stage B enabled (enable_stage_b=True)
        after Stage A, validating:
        - Canonical detector runs do not regress chi-squared by more than 1e-6 relative loss
        - Telemetry presence for shell modifiers (param_deltas with d-spacing ranges)
        - Shell modifiers stay within ±1% of identity (REFINE-008) when strict gates are active
        - Non-increasing full-loss trace across last 3 validations
        - Halo-padded HKL grid and interpolation are required (guards enforced)
    
        Per input.md:
        - docs/spec-db-workflow.md:31-34 mandates Stage B optional shell modifiers with tricubic interpolation
        - plans/nanobrag_integration_plan.md:226-244 specifies Stage B shell mode contract
        - docs/architecture/pytorch_design.md:35-40 requires ±1 halo for interpolation
        - docs/findings.md REFINE-005 confirms halo requirement for Stage B
    
        Findings applied:
        - RUNTIME-001: Run with NANOBRAGG_DISABLE_COMPILE=1 to avoid torch.compile interference
        - CONFORMANCE-001: Requires KMP_DUPLICATE_LIB_OK=TRUE
        - REFINE-005: Halo-padded HKL grid mandatory for Stage B; guard enforced in run_nanobrag_refinement
        - SCALE-001/002: Structure factors unscaled; shell modifiers applied multiplicatively
        """
        from dbex.nanobrag_refinement import run_nanobrag_refinement, RefinementConfig
    
        print(f"\n[test_stage_b_shell_modifiers] detector={smoke_detector_size}")
    
        DL = refgeom_dataload
        hkl_grid, hkl_metadata = hkl_data
        strict_gates = smoke_detector_size == "full"
    
        # Guard: Stage B requires halo-padded HKL grid (REFINE-005)
        assert hkl_metadata["has_halo"], (
            "Stage B smoke test requires halo-padded HKL grid. "
            "hkl_data fixture must be configured with halo=True per TORCH-REFINE-004."
        )
    
        # Refinement config: enable Stage B with 5 resolution shells
        # Keep Stage A and Stage C disabled to isolate Stage B behavior
        config = RefinementConfig(
            max_iter=30,
            min_loss_improvement=0.002 if strict_gates else 0.0,
            enable_hkl_interpolation=True,  # Required for Stage B (REFINE-005)
            enable_stage_b=True,  # Enable shell modifiers
            stage_b_n_shells=5,
            stage_b_min_loss_improvement=1e-8 if strict_gates else 0.0,
            stage_b_max_modifier=2.0,
            enable_stage_c=False,  # Disable Stage C for this test
            device="cuda:0",
            dtype=torch.float32
        )
    
        # Run refinement (Stage A + Stage B)
>       bragg_refined, telemetry_dict = run_nanobrag_refinement(
            inputs=refinement_inputs,
            detector=DL.detector,
            beam=DL.beam,
            crystal=DL.crystal,
            hkl_grid=hkl_grid,
            hkl_metadata=hkl_metadata,
            config=config
        )

tests/dbex/test_torch_refine_smoke.py:770: 
_ _ _ _ _ _ _ _ _ _ _ _ _ _ _ _ _ _ _ _ _ _ _ _ _ _ _ _ _ _ _ _ _ _ _ _ _ _ _ _ 
dbex/nanobrag_refinement.py:1068: in run_nanobrag_refinement
    panel_bragg = simulator.run()
../../nanoBragg/src/nanobrag_torch/simulator.py:1107: in run
    intensity, I_before_normalization_pre_polar = self._compute_physics_for_position(
../../nanoBragg/src/nanobrag_torch/simulator.py:706: in _compute_physics_for_position
    return self._compiled_compute_physics(
../../nanoBragg/src/nanobrag_torch/simulator.py:213: in compute_physics_for_position
    F_cell = crystal_get_structure_factor(h0, k0, l0)
../../nanoBragg/src/nanobrag_torch/models/crystal.py:242: in get_structure_factor
    return self._tricubic_interpolation(h, k, l)
_ _ _ _ _ _ _ _ _ _ _ _ _ _ _ _ _ _ _ _ _ _ _ _ _ _ _ _ _ _ _ _ _ _ _ _ _ _ _ _ 

self = <nanobrag_torch.models.crystal.Crystal object at 0x72777b3aec40>
h = tensor([[[[ -5.]],

         [[ -5.]],

         [[ -5.]],

         ...,

         [[ 22.]],

         [[ 22.]],

   ...6.]],

         [[-16.]],

         ...,

         [[ 11.]],

         [[ 11.]],

         [[ 11.]]]], device='cuda:0')
k = tensor([[[[ 18.]],

         [[ 18.]],

         [[ 18.]],

         ...,

         [[ 19.]],

         [[ 19.]],

   ...8.]],

         [[-18.]],

         ...,

         [[-18.]],

         [[-18.]],

         [[-18.]]]], device='cuda:0')
l = tensor([[[[14.]],

         [[14.]],

         [[14.]],

         ...,

         [[13.]],

         [[13.]],

        ... [[14.]],

         [[14.]],

         ...,

         [[13.]],

         [[13.]],

         [[13.]]]], device='cuda:0')

    def _tricubic_interpolation(
        self, h: torch.Tensor, k: torch.Tensor, l: torch.Tensor  # noqa: E741
    ) -> torch.Tensor:
        """
        Tricubic interpolation of structure factors (AT-STR-002).
    
        C-Code Implementation Reference (from nanoBragg.c, lines 3152-3209):
        ```c
        if ( ((h-h_min+3)>h_range) ||
             (h-2<h_min)           ||
             ((k-k_min+3)>k_range) ||
             (k-2<k_min)           ||
             ((l-l_min+3)>l_range) ||
             (l-2<l_min)  ) {
            if(babble){
                babble=0;
                printf ("WARNING: out of range for three point interpolation: h,k,l,h0,k0,l0: %g,%g,%g,%d,%d,%d \n", h,k,l,h0,k0,l0);
                printf("WARNING: further warnings will not be printed! ");
            }
            F_cell = default_F;
            interpolate=0;
        }
        ...
        /* integer versions of nearest HKL indicies */
        h_interp[0]=h0_flr-1;
        h_interp[1]=h0_flr;
        h_interp[2]=h0_flr+1;
        h_interp[3]=h0_flr+2;
        ...
        /* run the tricubic polynomial interpolation */
        polin3(h_interp_d,k_interp_d,l_interp_d,sub_Fhkl,h,k,l,&F_cell);
        ```
        """
        from ..utils.physics import polin3
    
        if self.hkl_metadata is None:
            return torch.full_like(h, float(self.config.default_F), device=self.device, dtype=self.dtype)
    
        h_min = self.hkl_metadata['h_min']
        h_max = self.hkl_metadata['h_max']
        k_min = self.hkl_metadata['k_min']
        k_max = self.hkl_metadata['k_max']
        l_min = self.hkl_metadata['l_min']
        l_max = self.hkl_metadata['l_max']
    
        # Get h_range, k_range, l_range for bounds checking
        h_range = h_max - h_min
        k_range = k_max - k_min
        l_range = l_max - l_min
    
        # Ensure inputs are tensors with the right properties
        h = torch.as_tensor(h, device=self.device, dtype=self.dtype)
        k = torch.as_tensor(k, device=self.device, dtype=self.dtype)
        l = torch.as_tensor(l, device=self.device, dtype=self.dtype)  # noqa: E741
    
        # Get the floor indices (h0_flr, k0_flr, l0_flr in C code)
        h_flr = torch.floor(h).long()
        k_flr = torch.floor(k).long()
        l_flr = torch.floor(l).long()
    
        # Check if 4x4x4 neighborhood would be out of bounds
        # The neighborhood needs indices [floor(x)-1, floor(x), floor(x)+1, floor(x)+2]
        # So we need to check if these would go outside [x_min, x_max]
        out_of_bounds = (
            (h_flr - 1 < h_min) | (h_flr + 2 > h_max) |
            (k_flr - 1 < k_min) | (k_flr + 2 > k_max) |
            (l_flr - 1 < l_min) | (l_flr + 2 > l_max)
        )
    
        # Handle out-of-bounds case
        if torch.any(out_of_bounds):
            # Print warning only once
            if not self._interpolation_warning_shown:
                print("WARNING: out of range for three point interpolation")
                print("WARNING: further warnings will not be printed!")
                self._interpolation_warning_shown = True
    
            # Disable interpolation permanently
            self.interpolate = False
    
            # Return default_F for this evaluation
            return torch.full_like(h, float(self.config.default_F), device=self.device, dtype=self.dtype)
    
        # Phase C1: Batched Neighborhood Gather Implementation
        # Following design_notes.md Section 2: flatten all batch dimensions, build (B,4,4,4) neighborhoods
    
        # Store original shape for final reshape
        original_shape = h.shape
    
        # Flatten all dimensions to (B,) for batched processing
        h_flat = h.reshape(-1)
        k_flat = k.reshape(-1)
        l_flat = l.reshape(-1)
        B = h_flat.shape[0]
    
        # Recompute floor indices for flattened tensors
        h_flr_flat = torch.floor(h_flat).long()
        k_flr_flat = torch.floor(k_flat).long()
        l_flr_flat = torch.floor(l_flat).long()
    
        # Build offset array [-1, 0, 1, 2] for neighborhood gathering
        offsets = torch.arange(-1, 3, device=self.device, dtype=torch.long)  # (4,)
    
        # Build coordinate grids for each query point: (B, 4)
        # h_grid[i] = [h_flr[i]-1, h_flr[i], h_flr[i]+1, h_flr[i]+2]
        h_grid_coords = h_flr_flat.unsqueeze(-1) + offsets  # (B, 4)
        k_grid_coords = k_flr_flat.unsqueeze(-1) + offsets  # (B, 4)
        l_grid_coords = l_flr_flat.unsqueeze(-1) + offsets  # (B, 4)
    
        # Build the batched 4x4x4 subcubes of structure factors
        if self.hkl_data is None:
            # If no HKL data loaded, use default_F everywhere: shape (B, 4, 4, 4)
            sub_Fhkl = torch.full((B, 4, 4, 4), self.config.default_F, dtype=self.dtype, device=self.device)
            # Coordinate arrays for polin3 (float, for interpolation): (B, 4)
            h_indices = h_grid_coords.to(dtype=self.dtype)
            k_indices = k_grid_coords.to(dtype=self.dtype)
            l_indices = l_grid_coords.to(dtype=self.dtype)
        else:
            # Convert to array indices (relative to hkl_data origin)
            h_array_grid = h_grid_coords - h_min  # (B, 4)
            k_array_grid = k_grid_coords - k_min  # (B, 4)
            l_array_grid = l_grid_coords - l_min  # (B, 4)
    
            # Advanced indexing to build (B, 4, 4, 4) neighborhoods
            # Following design_notes.md Section 2.6 broadcasting pattern:
            # h_array_grid[:, :, None, None] → (B, 4, 1, 1)
            # k_array_grid[:, None, :, None] → (B, 1, 4, 1)
            # l_array_grid[:, None, None, :] → (B, 1, 1, 4)
            # Result: (B, 4, 4, 4)
>           sub_Fhkl = self.hkl_data[
                h_array_grid[:, :, None, None],
                k_array_grid[:, None, :, None],
                l_array_grid[:, None, None, :]
            ]
E           torch.OutOfMemoryError: CUDA out of memory. Tried to allocate 2.97 GiB. GPU 0 has a total capacity of 23.56 GiB of which 130.31 MiB is free. Process 3401368 has 18.09 GiB memory in use. Including non-PyTorch memory, this process has 5.27 GiB memory in use. Of the allocated memory 2.05 GiB is allocated by PyTorch, and 2.92 GiB is reserved by PyTorch but unallocated. If reserved but unallocated memory is large try setting PYTORCH_CUDA_ALLOC_CONF=expandable_segments:True to avoid fragmentation.  See documentation for Memory Management  (https://pytorch.org/docs/stable/notes/cuda.html#environment-variables)

../../nanoBragg/src/nanobrag_torch/models/crystal.py:427: OutOfMemoryError
----------------------------- Captured stdout call -----------------------------

[test_stage_b_shell_modifiers] detector=full
auto-selected 1-fold oversampling
auto-selected 1-fold oversampling
=============================== warnings summary ===============================
tests/dbex/test_torch_refine_smoke.py::test_stage_b_shell_modifiers
  <frozen importlib._bootstrap>:228: DeprecationWarning: builtin type SwigPyPacked has no __module__ attribute

tests/dbex/test_torch_refine_smoke.py::test_stage_b_shell_modifiers
  <frozen importlib._bootstrap>:228: DeprecationWarning: builtin type SwigPyObject has no __module__ attribute

tests/dbex/test_torch_refine_smoke.py::test_stage_b_shell_modifiers
  <frozen importlib._bootstrap>:228: DeprecationWarning: builtin type swigvarlink has no __module__ attribute

tests/dbex/test_torch_refine_smoke.py::test_stage_b_shell_modifiers
  /home/ollie/miniconda3/envs/simtbx/lib/python3.9/site-packages/dials/extensions/__init__.py:3: UserWarning: pkg_resources is deprecated as an API. See https://setuptools.pypa.io/en/latest/pkg_resources.html. The pkg_resources package is slated for removal as early as 2025-11-30. Refrain from using this package or pin to Setuptools<81.
    import pkg_resources

-- Docs: https://docs.pytest.org/en/stable/how-to/capture-warnings.html
=========================== short test summary info ============================
FAILED tests/dbex/test_torch_refine_smoke.py::test_stage_b_shell_modifiers - ...
======================== 1 failed, 4 warnings in 17.10s ========================
