/home/ollie/miniconda3/envs/simtbx/lib/python3.9/site-packages/dials/extensions/__init__.py:3: UserWarning: pkg_resources is deprecated as an API. See https://setuptools.pypa.io/en/latest/pkg_resources.html. The pkg_resources package is slated for removal as early as 2025-11-30. Refrain from using this package or pin to Setuptools<81.
  import pkg_resources
[Stage A Baseline Probe] Starting probe (device=cuda:0)
[Stage A Baseline Probe] Output will be saved to: plans/active/ARCH-SIM-CONSTRUCTION-001/reports/2025-12-14T150000Z/stage_a_baseline_probe.json
[Stage A Baseline Probe] Running RefinementEngine with Stage A...
[ARCH-SIM-CONSTRUCTION-001 Phase C.7] Using recorded scale_factor from Stage A telemetry:
  scale_factor (recorded): 1.593529e+10
  log_scale_effective (recorded): 23.491802
  log_scale_baseline: 23.494835
  log_scale_delta_clamped (recorded): -0.00303287198767066
  sqrt_spot_scale: 691817229.1071362
  spot_scale_override: 4.786110784894759e+17
  bragg_panel[0] mean (raw sim output): 2.484467e-09
  bragg_panel[0] max: 1.093770e-04
  bragg_scaled[0] mean (after scale_factor): 3.959071e+01
  bragg_full mean (final output): 3.959071e+01
  bragg_full max: 1.742955e+06
[END DEBUG]
[ARCH-SIM-CONSTRUCTION-001 MASK COVERAGE] Wrote coverage stats to plans/active/ARCH-SIM-CONSTRUCTION-001/reports/2025-12-10T090000Z/mask_coverage.json
[ARCH-SIM-CONSTRUCTION-001 N_CELLS] N_cells=(41, 29, 32), status=applied (apply_calibration_n_cells=True)
[ARCH-SIM-CONSTRUCTION-001 BASELINE STATS] Wrote baseline stats to plans/active/ARCH-SIM-CONSTRUCTION-001/reports/2025-12-13T235500Z/baseline_stats.json
  Reconstructed bragg mean (masked): 1.579230e+01
  Telemetry model mean (masked): 3.770721e+00
  Ratio (bragg/telem): 4.188137
  Chi²/pixel: 1.230861e+06
[Stage A Baseline Probe] Stage A complete, extracting telemetry and artifacts...
[Stage A Baseline Probe] Warm cache path: stage_a_artifacts available, reusing cached Bragg stack
[Stage A Baseline Probe] Reconstructing bragg_before from initial telemetry with warm cache...
[ARCH-SIM-CONSTRUCTION-001 Phase C.8] Using initial (baseline) scale_factor from Stage A telemetry:
  log_scale_baseline (initial): 23.494835
  scale_factor (initial): 1.598369e+10
  sqrt_spot_scale: 691817229.1071362
  spot_scale_override: 4.786110784894759e+17
  bragg_panel[0] mean (raw sim output): 3.600340e-09
  bragg_panel[0] max: 1.760173e-04
  bragg_scaled[0] mean (after scale_factor): 5.754674e+01
  bragg_full mean (final output): 5.754673e+01
  bragg_full max: 2.813407e+06
[END DEBUG]
[ARCH-SIM-CONSTRUCTION-001 MASK COVERAGE] Wrote coverage stats to plans/active/ARCH-SIM-CONSTRUCTION-001/reports/2025-12-10T090000Z/mask_coverage.json
[ARCH-SIM-CONSTRUCTION-001 N_CELLS] N_cells=(41, 29, 32), status=applied (apply_calibration_n_cells=True)
[ARCH-SIM-CONSTRUCTION-001 BASELINE STATS] Wrote baseline stats to plans/active/ARCH-SIM-CONSTRUCTION-001/reports/2025-12-13T235500Z/baseline_stats.json
  Reconstructed bragg mean (masked): 3.816814e+00
  Telemetry model mean (masked): 3.770721e+00
  Ratio (bragg/telem): 1.012224
  Chi²/pixel: 1.870582e+06
[Stage A Baseline Probe] Results written to plans/active/ARCH-SIM-CONSTRUCTION-001/reports/2025-12-14T150000Z/stage_a_baseline_probe.json

================================================================================
Stage A Baseline Telemetry vs Reconstruction Comparison
================================================================================
Metric                                             Telemetry       Reconstructed  
--------------------------------------------------------------------------------
target_mean_masked                                 8.711842e+01    8.711842e+01   
model_mean_masked                                  3.770721e+00    3.816814e+00   
log_scale_baseline_value                           nan             N/A            
log_scale_delta_clamped                            -0.003033       N/A            
log_scale_effective_initial                        23.494835       N/A            
scale_factor                                       1.593529e+10    N/A            
chi²/pixel (initial)                               N/A             1.870582e+06   
--------------------------------------------------------------------------------
DB-AT-028 threshold (chi²/pixel ≤ 1e2)             Threshold: 1e2                
DB-AT-028 status                                   FAIL                          
================================================================================

Divergence Analysis:
--------------------------------------------------------------------------------
  target_mean_masked delta: 7.629395e-06
  model_mean_masked delta: -4.609275e-02
  model_mean_masked ratio: 0.987924
================================================================================
