/home/ollie/miniconda3/envs/simtbx/lib/python3.9/site-packages/dials/extensions/__init__.py:3: UserWarning: pkg_resources is deprecated as an API. See https://setuptools.pypa.io/en/latest/pkg_resources.html. The pkg_resources package is slated for removal as early as 2025-11-30. Refrain from using this package or pin to Setuptools<81.
  import pkg_resources
auto-selected 3-fold oversampling
[HKL stats] h=[-23,8] k=[-28,12] l=[-28,10] hit_rate=55296101/56016009 (98.71%)
/home/ollie/Documents/nanoBragg/src/nanobrag_torch/simulator.py:579: UserWarning: To copy construct from a tensor, it is recommended to use sourceTensor.clone().detach() or sourceTensor.clone().detach().requires_grad_(True), rather than torch.tensor(sourceTensor).
  self.fluence = torch.tensor(self.beam_config.fluence, device=self.device, dtype=self.dtype)
auto-selected 3-fold oversampling
[HKL stats] h=[-23,8] k=[-28,12] l=[-28,10] hit_rate=55296103/56016009 (98.71%)
auto-selected 3-fold oversampling
[HKL stats] h=[-23,8] k=[-28,12] l=[-28,10] hit_rate=55281654/56016009 (98.69%)
/home/ollie/Documents/diffbragg_example_2/diffbragg_example/plans/active/TOOLING-VIS-001/bin/stage_a_mapping_adam_debug.py:318: UserWarning: To copy construct from a tensor, it is recommended to use sourceTensor.clone().detach() or sourceTensor.clone().detach().requires_grad_(True), rather than torch.tensor(sourceTensor).
  q_initial = torch.tensor(q_initial_np, device=device, dtype=dtype)
auto-selected 3-fold oversampling
[HKL stats] h=[-23,8] k=[-28,12] l=[-28,10] hit_rate=55296103/56016009 (98.71%)
auto-selected 3-fold oversampling
[HKL stats] h=[-17,23] k=[-22,23] l=[0,14] hit_rate=54503055/56016009 (97.30%)
auto-selected 3-fold oversampling
[HKL stats] h=[-17,23] k=[-22,23] l=[0,14] hit_rate=54503055/56016009 (97.30%)
auto-selected 3-fold oversampling
[HKL stats] h=[-17,23] k=[-22,23] l=[0,14] hit_rate=54503055/56016009 (97.30%)
auto-selected 3-fold oversampling
[HKL stats] h=[-17,23] k=[-22,23] l=[0,14] hit_rate=54503055/56016009 (97.30%)
auto-selected 3-fold oversampling
[HKL stats] h=[-17,23] k=[-22,23] l=[0,14] hit_rate=54503055/56016009 (97.30%)
auto-selected 3-fold oversampling
[HKL stats] h=[-17,23] k=[-22,23] l=[0,14] hit_rate=54503055/56016009 (97.30%)
auto-selected 3-fold oversampling
[HKL stats] h=[-17,23] k=[-22,23] l=[0,14] hit_rate=54503055/56016009 (97.30%)
auto-selected 3-fold oversampling
[HKL stats] h=[-17,23] k=[-22,23] l=[0,14] hit_rate=54503055/56016009 (97.30%)
auto-selected 3-fold oversampling
[HKL stats] h=[-17,23] k=[-22,23] l=[0,14] hit_rate=54503055/56016009 (97.30%)
auto-selected 3-fold oversampling
[HKL stats] h=[-17,23] k=[-22,23] l=[0,14] hit_rate=54503055/56016009 (97.30%)
auto-selected 3-fold oversampling
[HKL stats] h=[-17,23] k=[-22,23] l=[0,14] hit_rate=54503055/56016009 (97.30%)
/home/ollie/Documents/diffbragg_example_2/diffbragg_example/tests/fixtures/parity_loader.py:442: ConstantInputWarning: An input array is constant; the correlation coefficient is not defined.
  corr, _ = scipy.stats.pearsonr(pred_flat, targ_flat)
auto-selected 3-fold oversampling
[HKL stats] h=[-23,8] k=[-28,12] l=[-28,10] hit_rate=55296103/56016009 (98.71%)
auto-selected 3-fold oversampling
[HKL stats] h=[-17,23] k=[-22,23] l=[0,14] hit_rate=54503055/56016009 (97.30%)
auto-selected 3-fold oversampling
[HKL stats] h=[-17,23] k=[-22,23] l=[0,14] hit_rate=54505288/56016009 (97.30%)
auto-selected 3-fold oversampling
[HKL stats] h=[-17,23] k=[-22,23] l=[0,14] hit_rate=54507237/56016009 (97.31%)
auto-selected 3-fold oversampling
[HKL stats] h=[-17,23] k=[-22,23] l=[0,14] hit_rate=54509121/56016009 (97.31%)
auto-selected 3-fold oversampling
[HKL stats] h=[-17,23] k=[-22,23] l=[0,14] hit_rate=54510838/56016009 (97.31%)
auto-selected 3-fold oversampling
[HKL stats] h=[-17,23] k=[-22,23] l=[0,14] hit_rate=54512573/56016009 (97.32%)
auto-selected 3-fold oversampling
[HKL stats] h=[-17,23] k=[-22,23] l=[0,14] hit_rate=54514425/56016009 (97.32%)
auto-selected 3-fold oversampling
[HKL stats] h=[-17,23] k=[-22,23] l=[0,14] hit_rate=54516330/56016009 (97.32%)
auto-selected 3-fold oversampling
[HKL stats] h=[-17,23] k=[-22,23] l=[0,14] hit_rate=54518364/56016009 (97.33%)
auto-selected 3-fold oversampling
[HKL stats] h=[-17,23] k=[-22,23] l=[0,14] hit_rate=54520324/56016009 (97.33%)
auto-selected 3-fold oversampling
[HKL stats] h=[-17,23] k=[-22,23] l=[0,14] hit_rate=54522359/56016009 (97.33%)
[stage_a_mapping_adam_debug] Completed phases ['5'] → artifacts under /home/ollie/Documents/diffbragg_example_2/diffbragg_example/plans/active/TORCH-GEOMETRY-PARITY-002/reports/2025-11-22T120500Z (timestamp=20251122T121936Z)
