/home/ollie/miniconda3/envs/simtbx/lib/python3.9/site-packages/dials/extensions/__init__.py:3: UserWarning: pkg_resources is deprecated as an API. See https://setuptools.pypa.io/en/latest/pkg_resources.html. The pkg_resources package is slated for removal as early as 2025-11-30. Refrain from using this package or pin to Setuptools<81.
  import pkg_resources
Configuration:
  smoke_sigma_source: metadata
  smoke_detector_size: small
  default_sigma_readout: 3.0
  hkl_source_path: /home/ollie/Documents/diffbragg_example_2/diffbragg_example/scaled.mtz
  dataload_mtz_path: /home/ollie/Documents/diffbragg_example_2/diffbragg_example/scaled.mtz
  out_dir: plans/active/TOOLING-VIS-001/reports/2025-11-25T080332Z/mapping_cpu_gpu

Loading data from:
  expt: /home/ollie/Documents/diffbragg_example_2/diffbragg_example/sp.proc/idx-0000_sigma_metadata.expt
  refl: /home/ollie/Documents/diffbragg_example_2/diffbragg_example/refGeom.refl
  mask: /home/ollie/Documents/diffbragg_example_2/diffbragg_example/747_mask.pkl
  mtz: /home/ollie/Documents/diffbragg_example_2/diffbragg_example/scaled.mtz

============================================================
Building CPU mapping context...
auto-selected 3-fold oversampling
CPU metrics: ROI CC median=-0.039912, scale_ratio_masked=8.3443e-01, scale_ratio_unmasked=2.3811e+00
Building CUDA mapping context...
auto-selected 3-fold oversampling
GPU metrics: ROI CC median=-0.039908, scale_ratio_masked=8.3463e-01, scale_ratio_unmasked=2.4967e+00
Computing CPU vs GPU parity metrics...
Parity metrics: mean_abs_diff=1.5386e-02, max_abs_diff=9.5230e+04, roi_cc_diff=0.000004, scale_ratio_masked_rel_diff=2.3233e-04
============================================================

Wrote JSON to plans/active/TOOLING-VIS-001/reports/2025-11-25T080332Z/mapping_cpu_gpu/mapping_forward_cpu_gpu.json

Summary:
  Sigma source: metadata
  CUDA available: True
  CPU ROI CC median: -0.039912
  CPU scale ratio (masked): 8.3443e-01
  CPU scale ratio (unmasked): 2.3811e+00
  CPU spot_scale_override: 3.1051e+17
  CPU calibration_path: /home/ollie/Documents/diffbragg_example_2/diffbragg_example/sp.proc/calibration/config_torch_smoke.json
  CPU HKL source: raw
  CPU HKL path: /home/ollie/Documents/diffbragg_example_2/diffbragg_example/scaled.mtz
  CPU HKL count: 69614
  GPU ROI CC median: -0.039908
  GPU scale ratio (masked): 8.3463e-01
  GPU scale ratio (unmasked): 2.4967e+00
  GPU spot_scale_override: 3.1051e+17
  GPU calibration_path: /home/ollie/Documents/diffbragg_example_2/diffbragg_example/sp.proc/calibration/config_torch_smoke.json
  GPU HKL source: raw
  GPU HKL path: /home/ollie/Documents/diffbragg_example_2/diffbragg_example/scaled.mtz
  GPU HKL count: 69614
  Bragg mean_abs_diff: 1.5386e-02
  Bragg max_abs_diff: 9.5230e+04
  ROI CC median diff: 0.000004
  Scale ratio (masked) rel diff: 2.3233e-04
  Scale ratio (unmasked) rel diff: 4.8552e-02

Probe complete.
