/home/ollie/miniconda3/envs/simtbx/lib/python3.9/site-packages/dials/extensions/__init__.py:3: UserWarning: pkg_resources is deprecated as an API. See https://setuptools.pypa.io/en/latest/pkg_resources.html. The pkg_resources package is slated for removal as early as 2025-11-30. Refrain from using this package or pin to Setuptools<81.
  import pkg_resources
  Variant 'metadata_calibrated_drop_ncells': removed N_cells=[41, 29, 32]
  Variant 'metadata_calibrated_drop_ncells': materialized to plans/active/ARCH-PROBE-FREEZE-001/reports/2025-12-30T010000Z/mapping_dataset_metrics/calibration_variants/metadata_calibrated_drop_ncells.json
  Variant 'metadata_calibrated_spot1': forcing spot_scale_override=1.0
  Variant 'metadata_calibrated_spot1': materialized to plans/active/ARCH-PROBE-FREEZE-001/reports/2025-12-30T010000Z/mapping_dataset_metrics/calibration_variants/metadata_calibrated_spot1.json
  Variant 'metadata_calibrated_spot1_drop_ncells': forcing spot_scale_override=1.0
  Variant 'metadata_calibrated_spot1_drop_ncells': removed N_cells=[41, 29, 32]
  Variant 'metadata_calibrated_spot1_drop_ncells': materialized to plans/active/ARCH-PROBE-FREEZE-001/reports/2025-12-30T010000Z/mapping_dataset_metrics/calibration_variants/metadata_calibrated_spot1_drop_ncells.json
Running mapping dataset metrics comparison
Cases: ['metadata_raw', 'metadata_calibrated']
Output directory: plans/active/ARCH-PROBE-FREEZE-001/reports/2025-12-30T010000Z/mapping_dataset_metrics
Device: cuda:0
Sigma source: metadata
Default sigma: 3.0 ADU

=== Building mapping context for case: metadata_raw ===
  expt: /home/ollie/Documents/diffbragg_example_2/diffbragg_example/sp.proc/refGeom_small/refGeom_small.expt
  refl: /home/ollie/Documents/diffbragg_example_2/diffbragg_example/sp.proc/refGeom_small/refGeom_small.refl
  mask: /home/ollie/Documents/diffbragg_example_2/diffbragg_example/sp.proc/refGeom_small/refGeom_small_mask.pkl
  hkls: /home/ollie/Documents/diffbragg_example_2/diffbragg_example/scaled.mtz
  calibration: None
  sigma_source: metadata
  sigma_map: /home/ollie/Documents/diffbragg_example_2/diffbragg_example/sp.proc/refGeom_small/idx-0000_sigma_metadata_small.sigma_tiles.pkl
/home/ollie/Documents/diffbragg_example_2/diffbragg_example/src/nanobrag-torch/src/nanobrag_torch/simulator.py:306: UserWarning: To copy construct from a tensor, it is recommended to use sourceTensor.clone().detach() or sourceTensor.clone().detach().requires_grad_(True), rather than torch.tensor(sourceTensor).
  Na_f64 = torch.tensor(Na, dtype=torch.float64, device=h.device)
/home/ollie/Documents/diffbragg_example_2/diffbragg_example/src/nanobrag-torch/src/nanobrag_torch/simulator.py:307: UserWarning: To copy construct from a tensor, it is recommended to use sourceTensor.clone().detach() or sourceTensor.clone().detach().requires_grad_(True), rather than torch.tensor(sourceTensor).
  Nb_f64 = torch.tensor(Nb, dtype=torch.float64, device=h.device)
/home/ollie/Documents/diffbragg_example_2/diffbragg_example/src/nanobrag-torch/src/nanobrag_torch/simulator.py:308: UserWarning: To copy construct from a tensor, it is recommended to use sourceTensor.clone().detach() or sourceTensor.clone().detach().requires_grad_(True), rather than torch.tensor(sourceTensor).
  Nc_f64 = torch.tensor(Nc, dtype=torch.float64, device=h.device)
  roi_cc_median: 0.0460
  scale_ratio_masked: 1.0000
  scale_ratio_unmasked: 132.1327
  mean_target_masked: 87.12
  mean_model_masked: 87.12
  bragg_mean: 45.45
  bragg_std: 78.92
  bragg_max: 1041.85
  hkl_source: raw
  hkl_path: /home/ollie/Documents/diffbragg_example_2/diffbragg_example/scaled.mtz
  hkl_count: 69614
  sigma_floor_value: 1.0
  sigma_readout_map_source: cli_map
  spot_scale_override: 1.0
  global_scale_hint: 1.0
  n_cells_applied: False
  n_cells_suppression_reason: N_cells not present in calibration metadata

  Emitting ROI artifacts to plans/active/ARCH-PROBE-FREEZE-001/reports/2025-12-30T010000Z/mapping_dataset_metrics/metadata_raw/roi_diagnostics...
  Emitting 16 lowest-correlation ROIs...
    [ 1/16] ROI   28: corr= -0.271 -> roi_0028_corr_-0.271.png
    [ 2/16] ROI   26: corr= -0.256 -> roi_0026_corr_-0.256.png
    [ 3/16] ROI   23: corr= -0.112 -> roi_0023_corr_-0.112.png
    [ 4/16] ROI   17: corr= -0.112 -> roi_0017_corr_-0.112.png
    [ 5/16] ROI   21: corr= -0.072 -> roi_0021_corr_-0.072.png
    [ 6/16] ROI   20: corr= -0.067 -> roi_0020_corr_-0.067.png
    [ 7/16] ROI   24: corr= -0.039 -> roi_0024_corr_-0.039.png
    [ 8/16] ROI   15: corr= -0.026 -> roi_0015_corr_-0.026.png
    [ 9/16] ROI   16: corr= -0.020 -> roi_0016_corr_-0.020.png
    [10/16] ROI   19: corr= -0.012 -> roi_0019_corr_-0.012.png
    [11/16] ROI   25: corr= -0.001 -> roi_0025_corr_-0.001.png
    [12/16] ROI   27: corr=  0.010 -> roi_0027_corr_0.010.png
    [13/16] ROI    7: corr=  0.018 -> roi_0007_corr_0.018.png
    [14/16] ROI    3: corr=  0.031 -> roi_0003_corr_0.031.png
    [15/16] ROI    2: corr=  0.046 -> roi_0002_corr_0.046.png
    [16/16] ROI    0: corr=  0.049 -> roi_0000_corr_0.049.png
  ROI artifacts emission complete.

=== Building mapping context for case: metadata_calibrated ===
  expt: /home/ollie/Documents/diffbragg_example_2/diffbragg_example/sp.proc/refGeom_small/refGeom_small.expt
  refl: /home/ollie/Documents/diffbragg_example_2/diffbragg_example/sp.proc/refGeom_small/refGeom_small.refl
  mask: /home/ollie/Documents/diffbragg_example_2/diffbragg_example/sp.proc/refGeom_small/refGeom_small_mask.pkl
  hkls: /home/ollie/Documents/diffbragg_example_2/diffbragg_example/sp.proc/calibration/smoke_refined_structure_factors_small.mtz
  calibration: /home/ollie/Documents/diffbragg_example_2/diffbragg_example/sp.proc/calibration/config_torch_smoke_small.json
  sigma_source: metadata
  sigma_map: /home/ollie/Documents/diffbragg_example_2/diffbragg_example/sp.proc/refGeom_small/idx-0000_sigma_metadata_small.sigma_tiles.pkl
  roi_cc_median: -0.0383
  scale_ratio_masked: 1.0000
  scale_ratio_unmasked: 5.6461
  mean_target_masked: 87.12
  mean_model_masked: 87.12
  bragg_mean: 1.94
  bragg_std: 208.07
  bragg_max: 116326.83
  hkl_source: refined
  hkl_path: /home/ollie/Documents/diffbragg_example_2/diffbragg_example/sp.proc/calibration/smoke_refined_structure_factors_small.mtz
  hkl_count: 69614
  sigma_floor_value: 1.0
  sigma_readout_map_source: cli_map
  spot_scale_override: 4.786110784894759e+17
  global_scale_hint: 1.0
  n_cells_applied: True
  n_cells_suppression_reason: None

  Emitting ROI artifacts to plans/active/ARCH-PROBE-FREEZE-001/reports/2025-12-30T010000Z/mapping_dataset_metrics/metadata_calibrated/roi_diagnostics...
  Emitting 16 lowest-correlation ROIs...
    [ 1/16] ROI    0: corr= -0.202 -> roi_0000_corr_-0.202.png
    [ 2/16] ROI   27: corr= -0.169 -> roi_0027_corr_-0.169.png
    [ 3/16] ROI   26: corr= -0.141 -> roi_0026_corr_-0.141.png
    [ 4/16] ROI    3: corr= -0.134 -> roi_0003_corr_-0.134.png
    [ 5/16] ROI   28: corr= -0.133 -> roi_0028_corr_-0.133.png
    [ 6/16] ROI    1: corr= -0.113 -> roi_0001_corr_-0.113.png
    [ 7/16] ROI    8: corr= -0.079 -> roi_0008_corr_-0.079.png
    [ 8/16] ROI   13: corr= -0.068 -> roi_0013_corr_-0.068.png
    [ 9/16] ROI   23: corr= -0.067 -> roi_0023_corr_-0.067.png
    [10/16] ROI   19: corr= -0.065 -> roi_0019_corr_-0.065.png
    [11/16] ROI    2: corr= -0.052 -> roi_0002_corr_-0.052.png
    [12/16] ROI    4: corr= -0.049 -> roi_0004_corr_-0.049.png
    [13/16] ROI    7: corr= -0.043 -> roi_0007_corr_-0.043.png
    [14/16] ROI   11: corr= -0.039 -> roi_0011_corr_-0.039.png
    [15/16] ROI   22: corr= -0.038 -> roi_0022_corr_-0.038.png
    [16/16] ROI   24: corr= -0.038 -> roi_0024_corr_-0.038.png
  ROI artifacts emission complete.

=== Metrics written to plans/active/ARCH-PROBE-FREEZE-001/reports/2025-12-30T010000Z/mapping_dataset_metrics/mapping_dataset_metrics.json ===
Summary:
  metadata_raw:
    roi_cc_median: 0.0460
    scale_ratio_masked: 1.0000
    bragg_mean: 45.45
  metadata_calibrated:
    roi_cc_median: -0.0383
    scale_ratio_masked: 1.0000
    bragg_mean: 1.94

Deltas vs metadata_raw:
  metadata_calibrated:
    delta_roi_cc_median: -0.0843
    delta_scale_ratio_masked: 0.0000

Done.
