/home/ollie/miniconda3/envs/simtbx/lib/python3.9/site-packages/dials/extensions/__init__.py:3: UserWarning: pkg_resources is deprecated as an API. See https://setuptools.pypa.io/en/latest/pkg_resources.html. The pkg_resources package is slated for removal as early as 2025-11-30. Refrain from using this package or pin to Setuptools<81.
  import pkg_resources
[Stage A Baseline Probe] Starting probe (device=cuda:0)
[Stage A Baseline Probe] Geometry mode: baseline
[Stage A Baseline Probe] Output will be saved to: plans/active/ARCH-SIM-CONSTRUCTION-001/reports/2025-12-17T010000Z/stage_a_baseline_probe_baseline.json
[Stage A Baseline Probe] HKL source: /home/ollie/Documents/diffbragg_example_2/diffbragg_example/sp.proc/calibration/smoke_refined_structure_factors_small.mtz
[Stage A Baseline Probe] MTZ columns: F(+),SIGF(+),F(-),SIGF(-)
[Stage A Baseline Probe] Calibration config: /home/ollie/Documents/diffbragg_example_2/diffbragg_example/sp.proc/calibration/config_torch_smoke_small.json
[Stage A Baseline Probe] Running RefinementEngine with Stage A...
[ARCH-SIM-CONSTRUCTION-001 Phase C.7] Using recorded scale_factor from Stage A telemetry:
  scale_factor (recorded): 9.362173e+08
  log_scale_effective (recorded): 20.657358
  log_scale_baseline: 20.657359
  log_scale_delta_clamped (recorded): 0.0
  sqrt_spot_scale: 691817229.1071362
  spot_scale_override: 4.786110784894759e+17
  bragg_panel[0] mean (raw sim output): 3.107312e-09
  bragg_panel[0] max: 2.760090e-04
  bragg_scaled[0] mean (after scale_factor): 2.909119e+00
  bragg_full mean (final output): 2.909119e+00
  bragg_full max: 2.584044e+05
[END DEBUG]
[ARCH-SIM-CONSTRUCTION-001 MASK COVERAGE] Wrote coverage stats to plans/active/ARCH-SIM-CONSTRUCTION-001/reports/2025-12-10T090000Z/mask_coverage.json
[ARCH-SIM-CONSTRUCTION-001 N_CELLS] N_cells=(41, 29, 32), status=applied (apply_calibration_n_cells=True)
[ARCH-SIM-CONSTRUCTION-001 BASELINE STATS] Wrote baseline stats to plans/active/ARCH-SIM-CONSTRUCTION-001/reports/2025-12-13T235500Z/baseline_stats.json
  Reconstructed bragg mean (masked): 1.277423e+02
  Telemetry model mean (masked): 8.711842e+01
  Ratio (bragg/telem): 1.466307
  Chi²/pixel: 1.859475e+06
[Stage A Baseline Probe] Stage A complete, extracting telemetry and artifacts...
[Stage A Baseline Probe] Warm cache path: stage_a_artifacts available, reusing cached Bragg stack
[Stage A Baseline Probe] Reconstructing bragg_before from initial telemetry with warm cache...
[ARCH-SIM-CONSTRUCTION-001 CACHE HIT] Returning cached zero-iteration Bragg stack for param_state='initial' (shape=(1, 1024, 1024))
[Stage A Baseline Probe] Results written to plans/active/ARCH-SIM-CONSTRUCTION-001/reports/2025-12-17T010000Z/stage_a_baseline_probe_baseline.json

================================================================================
Stage A Baseline Telemetry vs Reconstruction Comparison
================================================================================
Metric                                             Telemetry       Reconstructed  
--------------------------------------------------------------------------------
target_mean_masked                                 8.711842e+01    8.711842e+01   
model_mean_masked                                  8.711842e+01    8.711842e+01   
log_scale_baseline_value                           nan             N/A            
log_scale_delta_clamped                            0.000000        N/A            
log_scale_effective_initial                        20.657359       N/A            
scale_factor                                       9.362173e+08    N/A            
chi²/pixel (initial)                               N/A             9.803663e+05   
--------------------------------------------------------------------------------
DB-AT-028 threshold (chi²/pixel ≤ 1e2)             Threshold: 1e2                
DB-AT-028 status                                   FAIL                          
================================================================================

Divergence Analysis:
--------------------------------------------------------------------------------
  target_mean_masked delta: 7.629395e-06
  model_mean_masked delta: 7.629395e-06
  model_mean_masked ratio: 1.000000
================================================================================

Mask Provenance Comparison:
--------------------------------------------------------------------------------
  Source               Pixel Count     Checksum (SHA1)                                   
  -------------------- --------------- --------------------------------------------------
  Telemetry            4140            6305df21a223636fe1f82f9c00f9041e7def78a0          
  Reconstruction       4140            6305df21a223636fe1f82f9c00f9041e7def78a0          
  -------------------- --------------- --------------------------------------------------
  Mask Checksum Match: PASS
================================================================================

Mapping Parity Comparison (DB-AT-027):
================================================================================
Metric                                             Mapping         Stage A         Status    
--------------------------------------------------------------------------------
Mean (masked) [ADU]                                6.437607e+01    8.711842e+01              
Mean (unmasked) [ADU]                              1.796613e+00    2.431308e+00              
Chi²/pixel vs target                               1.003643e+06    9.803663e+05              
--------------------------------------------------------------------------------
Max|Δ| (masked) [ADU]                                              1.877507e+04    FAIL      
RMSE (masked) [ADU]                                                3.774912e+02              
Chi²/pixel relative diff                                           2.319216e-02    FAIL      
--------------------------------------------------------------------------------
ROI Correlations (n={len(valid_stagea_vs_mapping)})                                           
  Mapping vs Target (median)                       -0.0373                                   
  Stage A vs Target (median)                       -0.0373                                   
  Stage A vs Mapping (median)                      1.0000                          PASS      
  Stage A vs Mapping (min/max)                     1.0000  / 1.0000                            
--------------------------------------------------------------------------------
DB-AT-027 overall status                                                           FAIL      
================================================================================

DB-AT-027 Parity Warnings:
--------------------------------------------------------------------------------
  - Stage A vs mapping max|Δ| (1.878e+04 ADU) > 1.0 ADU (DB-AT-027 forward-model equality)
  - Stage A vs mapping chi²/pixel relative diff (2.319e-02) > 1e-3 (DB-AT-027 variance-weighted loss equality)
================================================================================
