/home/ollie/miniconda3/envs/simtbx/lib/python3.9/site-packages/dials/extensions/__init__.py:3: UserWarning: pkg_resources is deprecated as an API. See https://setuptools.pypa.io/en/latest/pkg_resources.html. The pkg_resources package is slated for removal as early as 2025-11-30. Refrain from using this package or pin to Setuptools<81.
  import pkg_resources
<frozen importlib._bootstrap>:228: RuntimeWarning: to-Python converter for scitbx::af::shared<scitbx::af::shared<scitbx::vec3<double> > > already registered; second conversion method ignored.
COMMANDLINE: libtbx.python /home/ollie/Documents/diffbragg_example_2/diffbragg_example/scripts/generate_simple_cubic_golden.py --canonical-out plans/active/NANOBRAG-GOLDEN-001/reports/2025-10-29T092655Z/golden_dataset
INFO: === Canonical Golden Dataset Generation ===
INFO: Loading refGeom experiment...
INFO: Loaded 92 reflections from /home/ollie/Documents/diffbragg_example_2/diffbragg_example/refGeom.refl
INFO: Starting DiffBragg refinement (GPU devId=0 per DIFFBRAGG-001)...
INFO: Refinement macro cycle 1/5...
Warning, crystal system not determined, assuming triclinic
Warning, crystal system not determined, assuming triclinic
Warning, crystal system not determined, assuming triclinic
Warning, crystal system not determined, assuming triclinic
Warning, crystal system not determined, assuming triclinic
Will optimize using 1 experiments
RANK0000 | 2025-10-29 02:36:48,799 | Loading nrefls per shot
Found 1 shots originally, but only 1 had finite number of refls to model
RANK0000 | 2025-10-29 02:36:48,800 | EVENT: begin loading inputs
RANK0000 | 2025-10-29 02:36:48,830 | Will use space group symbol P 1
RANK0000 | 2025-10-29 02:36:48,964 | EVENT: BEGIN loading experiment list
RANK0000 | 2025-10-29 02:36:48,965 | EVENT: DONE loading experiment list
Warning, crystal system not determined, assuming triclinic
RANK0000 | 2025-10-29 02:36:48,967 | EVENT: LOADING ROI DATA
RANK0000 | 2025-10-29 02:36:49,036 | Number of ROIS that will proceed to refinement: 87/92
RANK0000 | 2025-10-29 02:36:49,054 | Setting initial mosaicity from params.init.eta_abc: 0.000000 0.000000 0.000000
RANK0000 | 2025-10-29 02:36:49,054 | Number of mosaic domains from params: 1
RANK0000 | 2025-10-29 02:36:49,127 | Loaded simulator
RANK0000 | 2025-10-29 02:36:49,127 | Will not use mosaic models, as simulator.crystal.num_mosaicity_samples=1
RANK0000 | 2025-10-29 02:36:49,166 | EVENT: DONE LOADING ROI
RANK0000 | 2025-10-29 02:36:49,166 | Will simulate 1 energy channels
RANK0000 | 2025-10-29 02:36:49,166 | Process memory usage: 1.233772 GB on node ollie-System-Product-Name
RANK0000 | 2025-10-29 02:36:49,166 | Finished loading image 1 / 1 (1 / 1)
Warning, crystal system not determined, assuming triclinic
RANK0000 | 2025-10-29 02:36:49,167 | DONE LOADING DATA; ENTER BARRIER
RANK0000 | 2025-10-29 02:36:49,167 | DONE LOADING DATA; EXIT BARRIER
RANK0000 | 2025-10-29 02:36:49,167 | Mem after panel groups: 1.233772 GB on node ollie-System-Product-Name
RANK0000 | 2025-10-29 02:36:49,167 | EVENT: Gathering global HKL information
RANK0000 | 2025-10-29 02:36:49,276 | EVENT: FINISHED gather global HKL information
RANK0000 | 2025-10-29 02:36:49,276 | Mem after gather Hi info: 1.233772 GB on node ollie-System-Product-Name
RANK0000 | 2025-10-29 02:36:49,276 | BEGIN DETERMINE MAX PIX
RANK0000 | 2025-10-29 02:36:49,276 | Rank 0, max pix to be modeled: 8700
RANK0000 | 2025-10-29 02:36:49,276 | DONE DETERMINE MAX PIX
RANK0000 | 2025-10-29 02:36:49,276 | Mem after determine max num pix: 1.233772 GB on node ollie-System-Product-Name
RANK0000 | 2025-10-29 02:36:49,276 | Mem after load_inputs: 1.233772 GB on node ollie-System-Product-Name
How many pixels each rank will allocate for on its device:
(rnk0, dev0): 8700 pix
Iteration 1:
	Resid=242623.295220, sigmaZ 7.147279, t-per-iter=0.0340 sec, pred_offsets=
Iteration 2:
	Resid=281477044.323482, sigmaZ 253.604838, t-per-iter=0.0342 sec, pred_offsets=
Iteration 3:
	Resid=281476832.960654, sigmaZ 253.603633, t-per-iter=0.0343 sec, pred_offsets=
Iteration 4:
	Resid=261777.088314, sigmaZ 7.449009, t-per-iter=0.0340 sec, pred_offsets=
Iteration 5:
	Resid=241356.786137, sigmaZ 7.126871, t-per-iter=0.0338 sec, pred_offsets=
Iteration 6:
	Resid=240786.254040, sigmaZ 7.117659, t-per-iter=0.0338 sec, pred_offsets=
Iteration 7:
	Resid=239705.853976, sigmaZ 7.100181, t-per-iter=0.0337 sec, pred_offsets=
Iteration 8:
	Resid=239420.744381, sigmaZ 7.095560, t-per-iter=0.0336 sec, pred_offsets=
Iteration 9:
	Resid=239357.018135, sigmaZ 7.094529, t-per-iter=0.0336 sec, pred_offsets=
Iteration 10:
	Resid=239336.787527, sigmaZ 7.094201, t-per-iter=0.0335 sec, pred_offsets=
Iteration 11:
	Resid=239199.622647, sigmaZ 7.091978, t-per-iter=0.0335 sec, pred_offsets=
Iteration 12:
	Resid=239064.961816, sigmaZ 7.089794, t-per-iter=0.0334 sec, pred_offsets=
Iteration 13:
	Resid=238955.408809, sigmaZ 7.088016, t-per-iter=0.0334 sec, pred_offsets=
Iteration 14:
	Resid=238938.915331, sigmaZ 7.087748, t-per-iter=0.0334 sec, pred_offsets=
Iteration 15:
	Resid=238938.155211, sigmaZ 7.087735, t-per-iter=0.0334 sec, pred_offsets=
Iteration 16:
	Resid=238938.138993, sigmaZ 7.087735, t-per-iter=0.0334 sec, pred_offsets=
Iteration 17:
	Resid=238938.138808, sigmaZ 7.087735, t-per-iter=0.0333 sec, pred_offsets=
Iteration 18:
	Resid=238938.138792, sigmaZ 7.087735, t-per-iter=0.0333 sec, pred_offsets=
Final Iteration 18:
	Resid=238938.138792, sigmaZ 7.087735
Saved detector model to _geom.out/diffBragg_detector.expt
INFO: Refinement macro cycle 2/5...
INFO:canonical_capture:Refinement macro cycle 2/5...
RANK0000 | 2025-10-29 02:36:49,950 | Number of ROIS that will proceed to refinement: 87/92
RANK0000 | 2025-10-29 02:36:49,968 | Setting initial mosaicity from params.init.eta_abc: 0.000000 0.000000 0.000000
RANK0000 | 2025-10-29 02:36:49,968 | Number of mosaic domains from params: 1
RANK0000 | 2025-10-29 02:36:50,044 | Loaded simulator
RANK0000 | 2025-10-29 02:36:50,044 | Will not use mosaic models, as simulator.crystal.num_mosaicity_samples=1
Warning, crystal system not determined, assuming triclinic
RANK0000 | 2025-10-29 02:36:50,044 | Unit cell variable a_Ang (currently=27.359348) is bounded by 24.623414 and 30.095283
RANK0000 | 2025-10-29 02:36:50,044 | Unit cell variable b_Ang (currently=32.053346) is bounded by 28.848012 and 35.258681
RANK0000 | 2025-10-29 02:36:50,044 | Unit cell variable c_Ang (currently=34.447265) is bounded by 31.002539 and 37.891992
RANK0000 | 2025-10-29 02:36:50,044 | Unit cell variable alpha_rad (currently=1.548473) is bounded by 1.461207 and 1.635740
RANK0000 | 2025-10-29 02:36:50,044 | Unit cell variable beta_rad (currently=1.249642) is bounded by 1.162376 and 1.336909
RANK0000 | 2025-10-29 02:36:50,044 | Unit cell variable gamma_rad (currently=1.189223) is bounded by 1.101956 and 1.276489
Warning, crystal system not determined, assuming triclinic
RANK0000 | 2025-10-29 02:36:56,743 | Filtered 5 / 92 reflections which did not show peaks in model
RANK0000 | 2025-10-29 02:36:56,811 | Number of ROIS that will proceed to refinement: 87/92
RANK0000 | 2025-10-29 02:36:56,828 | Setting initial mosaicity from params.init.eta_abc: 0.000000 0.000000 0.000000
RANK0000 | 2025-10-29 02:36:56,829 | Number of mosaic domains from params: 1
RANK0000 | 2025-10-29 02:36:56,902 | Loaded simulator
RANK0000 | 2025-10-29 02:36:56,902 | Will not use mosaic models, as simulator.crystal.num_mosaicity_samples=1
Warning, crystal system not determined, assuming triclinic
RANK0000 | 2025-10-29 02:36:57,023 | Unit cell variable a_Ang (currently=27.360161) is bounded by 24.624145 and 30.096177
RANK0000 | 2025-10-29 02:36:57,023 | Unit cell variable b_Ang (currently=32.057000) is bounded by 28.851300 and 35.262700
RANK0000 | 2025-10-29 02:36:57,023 | Unit cell variable c_Ang (currently=34.454273) is bounded by 31.008846 and 37.899700
RANK0000 | 2025-10-29 02:36:57,023 | Unit cell variable alpha_rad (currently=1.548181) is bounded by 1.460914 and 1.635447
RANK0000 | 2025-10-29 02:36:57,023 | Unit cell variable beta_rad (currently=1.249337) is bounded by 1.162071 and 1.336604
RANK0000 | 2025-10-29 02:36:57,023 | Unit cell variable gamma_rad (currently=1.189185) is bounded by 1.101919 and 1.276452
Warning, crystal system not determined, assuming triclinic
RANK0000 | 2025-10-29 02:37:02,490 | Filtered 5 / 92 reflections which did not show peaks in model
Warning, crystal system not determined, assuming triclinic
Will optimize using 1 experiments
RANK0000 | 2025-10-29 02:37:02,620 | Loading nrefls per shot
RANK0000 | 2025-10-29 02:37:02,620 | Loading nrefls per shot
Found 1 shots originally, but only 1 had finite number of refls to model
RANK0000 | 2025-10-29 02:37:02,622 | EVENT: begin loading inputs
RANK0000 | 2025-10-29 02:37:02,622 | EVENT: begin loading inputs
RANK0000 | 2025-10-29 02:37:02,649 | Will use space group symbol P 1
RANK0000 | 2025-10-29 02:37:02,649 | Will use space group symbol P 1
RANK0000 | 2025-10-29 02:37:02,779 | EVENT: BEGIN loading experiment list
RANK0000 | 2025-10-29 02:37:02,779 | EVENT: BEGIN loading experiment list
RANK0000 | 2025-10-29 02:37:02,780 | EVENT: DONE loading experiment list
RANK0000 | 2025-10-29 02:37:02,780 | EVENT: DONE loading experiment list
Warning, crystal system not determined, assuming triclinic
RANK0000 | 2025-10-29 02:37:02,782 | EVENT: LOADING ROI DATA
RANK0000 | 2025-10-29 02:37:02,782 | EVENT: LOADING ROI DATA
RANK0000 | 2025-10-29 02:37:02,854 | Number of ROIS that will proceed to refinement: 87/92
RANK0000 | 2025-10-29 02:37:02,854 | Number of ROIS that will proceed to refinement: 87/92
RANK0000 | 2025-10-29 02:37:02,872 | Setting initial mosaicity from params.init.eta_abc: 0.000000 0.000000 0.000000
RANK0000 | 2025-10-29 02:37:02,872 | Setting initial mosaicity from params.init.eta_abc: 0.000000 0.000000 0.000000
RANK0000 | 2025-10-29 02:37:02,872 | Number of mosaic domains from params: 1
RANK0000 | 2025-10-29 02:37:02,872 | Number of mosaic domains from params: 1
RANK0000 | 2025-10-29 02:37:02,947 | Loaded simulator
RANK0000 | 2025-10-29 02:37:02,947 | Loaded simulator
RANK0000 | 2025-10-29 02:37:02,947 | Will not use mosaic models, as simulator.crystal.num_mosaicity_samples=1
RANK0000 | 2025-10-29 02:37:02,947 | Will not use mosaic models, as simulator.crystal.num_mosaicity_samples=1
RANK0000 | 2025-10-29 02:37:02,987 | EVENT: DONE LOADING ROI
RANK0000 | 2025-10-29 02:37:02,987 | EVENT: DONE LOADING ROI
RANK0000 | 2025-10-29 02:37:02,987 | Will simulate 1 energy channels
RANK0000 | 2025-10-29 02:37:02,987 | Will simulate 1 energy channels
RANK0000 | 2025-10-29 02:37:02,987 | Process memory usage: 1.409203 GB on node ollie-System-Product-Name
RANK0000 | 2025-10-29 02:37:02,987 | Process memory usage: 1.409203 GB on node ollie-System-Product-Name
RANK0000 | 2025-10-29 02:37:02,987 | Finished loading image 1 / 1 (1 / 1)
RANK0000 | 2025-10-29 02:37:02,987 | Finished loading image 1 / 1 (1 / 1)
Warning, crystal system not determined, assuming triclinic
RANK0000 | 2025-10-29 02:37:02,988 | DONE LOADING DATA; ENTER BARRIER
RANK0000 | 2025-10-29 02:37:02,988 | DONE LOADING DATA; ENTER BARRIER
RANK0000 | 2025-10-29 02:37:02,988 | DONE LOADING DATA; EXIT BARRIER
RANK0000 | 2025-10-29 02:37:02,988 | DONE LOADING DATA; EXIT BARRIER
RANK0000 | 2025-10-29 02:37:02,988 | Mem after panel groups: 1.409203 GB on node ollie-System-Product-Name
RANK0000 | 2025-10-29 02:37:02,988 | Mem after panel groups: 1.409203 GB on node ollie-System-Product-Name
RANK0000 | 2025-10-29 02:37:02,988 | EVENT: Gathering global HKL information
RANK0000 | 2025-10-29 02:37:02,988 | EVENT: Gathering global HKL information
RANK0000 | 2025-10-29 02:37:03,088 | EVENT: FINISHED gather global HKL information
RANK0000 | 2025-10-29 02:37:03,088 | EVENT: FINISHED gather global HKL information
RANK0000 | 2025-10-29 02:37:03,089 | Mem after gather Hi info: 1.409203 GB on node ollie-System-Product-Name
RANK0000 | 2025-10-29 02:37:03,089 | Mem after gather Hi info: 1.409203 GB on node ollie-System-Product-Name
RANK0000 | 2025-10-29 02:37:03,089 | BEGIN DETERMINE MAX PIX
RANK0000 | 2025-10-29 02:37:03,089 | BEGIN DETERMINE MAX PIX
RANK0000 | 2025-10-29 02:37:03,089 | Rank 0, max pix to be modeled: 8700
RANK0000 | 2025-10-29 02:37:03,089 | Rank 0, max pix to be modeled: 8700
RANK0000 | 2025-10-29 02:37:03,089 | DONE DETERMINE MAX PIX
RANK0000 | 2025-10-29 02:37:03,089 | DONE DETERMINE MAX PIX
RANK0000 | 2025-10-29 02:37:03,089 | Mem after determine max num pix: 1.409203 GB on node ollie-System-Product-Name
RANK0000 | 2025-10-29 02:37:03,089 | Mem after determine max num pix: 1.409203 GB on node ollie-System-Product-Name
RANK0000 | 2025-10-29 02:37:03,089 | Mem after load_inputs: 1.409203 GB on node ollie-System-Product-Name
RANK0000 | 2025-10-29 02:37:03,089 | Mem after load_inputs: 1.409203 GB on node ollie-System-Product-Name
How many pixels each rank will allocate for on its device:
(rnk0, dev0): 8700 pix
Iteration 1:
	Resid=196896.917373, sigmaZ 6.355073, t-per-iter=0.0340 sec, pred_offsets=
Iteration 2:
	Resid=276457596.562458, sigmaZ 251.362443, t-per-iter=0.0340 sec, pred_offsets=
Iteration 3:
	Resid=4131517.668948, sigmaZ 30.708839, t-per-iter=0.0339 sec, pred_offsets=
Iteration 4:
	Resid=241530.110587, sigmaZ 7.118698, t-per-iter=0.0338 sec, pred_offsets=
Iteration 5:
	Resid=196554.125234, sigmaZ 6.348789, t-per-iter=0.0337 sec, pred_offsets=
Iteration 6:
	Resid=197024.415463, sigmaZ 6.357312, t-per-iter=0.0337 sec, pred_offsets=
Iteration 7:
	Resid=196478.639487, sigmaZ 6.347412, t-per-iter=0.0337 sec, pred_offsets=
Iteration 8:
	Resid=196459.245431, sigmaZ 6.347066, t-per-iter=0.0337 sec, pred_offsets=
Iteration 9:
	Resid=196435.945157, sigmaZ 6.346662, t-per-iter=0.0337 sec, pred_offsets=
Iteration 10:
	Resid=196435.923634, sigmaZ 6.346661, t-per-iter=0.0336 sec, pred_offsets=
Iteration 11:
	Resid=196435.851453, sigmaZ 6.346660, t-per-iter=0.0336 sec, pred_offsets=
Iteration 12:
	Resid=196435.679362, sigmaZ 6.346657, t-per-iter=0.0336 sec, pred_offsets=
Iteration 13:
	Resid=196435.665514, sigmaZ 6.346656, t-per-iter=0.0336 sec, pred_offsets=
Iteration 14:
	Resid=196435.665504, sigmaZ 6.346656, t-per-iter=0.0336 sec, pred_offsets=
Final Iteration 14:
	Resid=196435.665504, sigmaZ 6.346656
Saved detector model to _geom.out/diffBragg_detector.expt
INFO: Refinement macro cycle 3/5...
INFO:canonical_capture:Refinement macro cycle 3/5...
RANK0000 | 2025-10-29 02:37:03,625 | Number of ROIS that will proceed to refinement: 87/92
RANK0000 | 2025-10-29 02:37:03,625 | Number of ROIS that will proceed to refinement: 87/92
RANK0000 | 2025-10-29 02:37:03,642 | Setting initial mosaicity from params.init.eta_abc: 0.000000 0.000000 0.000000
RANK0000 | 2025-10-29 02:37:03,642 | Setting initial mosaicity from params.init.eta_abc: 0.000000 0.000000 0.000000
RANK0000 | 2025-10-29 02:37:03,642 | Number of mosaic domains from params: 1
RANK0000 | 2025-10-29 02:37:03,642 | Number of mosaic domains from params: 1
RANK0000 | 2025-10-29 02:37:03,713 | Loaded simulator
RANK0000 | 2025-10-29 02:37:03,713 | Loaded simulator
RANK0000 | 2025-10-29 02:37:03,713 | Will not use mosaic models, as simulator.crystal.num_mosaicity_samples=1
RANK0000 | 2025-10-29 02:37:03,713 | Will not use mosaic models, as simulator.crystal.num_mosaicity_samples=1
Warning, crystal system not determined, assuming triclinic
RANK0000 | 2025-10-29 02:37:03,714 | Unit cell variable a_Ang (currently=27.360161) is bounded by 24.624145 and 30.096177
RANK0000 | 2025-10-29 02:37:03,714 | Unit cell variable a_Ang (currently=27.360161) is bounded by 24.624145 and 30.096177
RANK0000 | 2025-10-29 02:37:03,714 | Unit cell variable b_Ang (currently=32.057000) is bounded by 28.851300 and 35.262700
RANK0000 | 2025-10-29 02:37:03,714 | Unit cell variable b_Ang (currently=32.057000) is bounded by 28.851300 and 35.262700
RANK0000 | 2025-10-29 02:37:03,714 | Unit cell variable c_Ang (currently=34.454273) is bounded by 31.008846 and 37.899700
RANK0000 | 2025-10-29 02:37:03,714 | Unit cell variable c_Ang (currently=34.454273) is bounded by 31.008846 and 37.899700
RANK0000 | 2025-10-29 02:37:03,714 | Unit cell variable alpha_rad (currently=1.548181) is bounded by 1.460914 and 1.635447
RANK0000 | 2025-10-29 02:37:03,714 | Unit cell variable alpha_rad (currently=1.548181) is bounded by 1.460914 and 1.635447
RANK0000 | 2025-10-29 02:37:03,714 | Unit cell variable beta_rad (currently=1.249337) is bounded by 1.162071 and 1.336604
RANK0000 | 2025-10-29 02:37:03,714 | Unit cell variable beta_rad (currently=1.249337) is bounded by 1.162071 and 1.336604
RANK0000 | 2025-10-29 02:37:03,714 | Unit cell variable gamma_rad (currently=1.189185) is bounded by 1.101919 and 1.276452
RANK0000 | 2025-10-29 02:37:03,714 | Unit cell variable gamma_rad (currently=1.189185) is bounded by 1.101919 and 1.276452
Warning, crystal system not determined, assuming triclinic
RANK0000 | 2025-10-29 02:37:13,257 | Filtered 5 / 92 reflections which did not show peaks in model
RANK0000 | 2025-10-29 02:37:13,257 | Filtered 5 / 92 reflections which did not show peaks in model
RANK0000 | 2025-10-29 02:37:13,326 | Number of ROIS that will proceed to refinement: 87/92
RANK0000 | 2025-10-29 02:37:13,326 | Number of ROIS that will proceed to refinement: 87/92
RANK0000 | 2025-10-29 02:37:13,342 | Setting initial mosaicity from params.init.eta_abc: 0.000000 0.000000 0.000000
RANK0000 | 2025-10-29 02:37:13,342 | Setting initial mosaicity from params.init.eta_abc: 0.000000 0.000000 0.000000
RANK0000 | 2025-10-29 02:37:13,342 | Number of mosaic domains from params: 1
RANK0000 | 2025-10-29 02:37:13,342 | Number of mosaic domains from params: 1
RANK0000 | 2025-10-29 02:37:13,414 | Loaded simulator
RANK0000 | 2025-10-29 02:37:13,414 | Loaded simulator
RANK0000 | 2025-10-29 02:37:13,414 | Will not use mosaic models, as simulator.crystal.num_mosaicity_samples=1
RANK0000 | 2025-10-29 02:37:13,414 | Will not use mosaic models, as simulator.crystal.num_mosaicity_samples=1
Warning, crystal system not determined, assuming triclinic
RANK0000 | 2025-10-29 02:37:13,525 | Unit cell variable a_Ang (currently=27.361518) is bounded by 24.625367 and 30.097670
RANK0000 | 2025-10-29 02:37:13,525 | Unit cell variable a_Ang (currently=27.361518) is bounded by 24.625367 and 30.097670
RANK0000 | 2025-10-29 02:37:13,525 | Unit cell variable b_Ang (currently=32.057596) is bounded by 28.851836 and 35.263355
RANK0000 | 2025-10-29 02:37:13,525 | Unit cell variable b_Ang (currently=32.057596) is bounded by 28.851836 and 35.263355
RANK0000 | 2025-10-29 02:37:13,525 | Unit cell variable c_Ang (currently=34.460339) is bounded by 31.014305 and 37.906373
RANK0000 | 2025-10-29 02:37:13,525 | Unit cell variable c_Ang (currently=34.460339) is bounded by 31.014305 and 37.906373
RANK0000 | 2025-10-29 02:37:13,525 | Unit cell variable alpha_rad (currently=1.547950) is bounded by 1.460684 and 1.635217
RANK0000 | 2025-10-29 02:37:13,525 | Unit cell variable alpha_rad (currently=1.547950) is bounded by 1.460684 and 1.635217
RANK0000 | 2025-10-29 02:37:13,525 | Unit cell variable beta_rad (currently=1.249119) is bounded by 1.161852 and 1.336385
RANK0000 | 2025-10-29 02:37:13,525 | Unit cell variable beta_rad (currently=1.249119) is bounded by 1.161852 and 1.336385
RANK0000 | 2025-10-29 02:37:13,525 | Unit cell variable gamma_rad (currently=1.189095) is bounded by 1.101829 and 1.276362
RANK0000 | 2025-10-29 02:37:13,525 | Unit cell variable gamma_rad (currently=1.189095) is bounded by 1.101829 and 1.276362
Warning, crystal system not determined, assuming triclinic
RANK0000 | 2025-10-29 02:37:18,942 | Filtered 5 / 92 reflections which did not show peaks in model
RANK0000 | 2025-10-29 02:37:18,942 | Filtered 5 / 92 reflections which did not show peaks in model
Warning, crystal system not determined, assuming triclinic
Will optimize using 1 experiments
RANK0000 | 2025-10-29 02:37:19,070 | Loading nrefls per shot
RANK0000 | 2025-10-29 02:37:19,070 | Loading nrefls per shot
RANK0000 | 2025-10-29 02:37:19,070 | Loading nrefls per shot
Found 1 shots originally, but only 1 had finite number of refls to model
RANK0000 | 2025-10-29 02:37:19,071 | EVENT: begin loading inputs
RANK0000 | 2025-10-29 02:37:19,071 | EVENT: begin loading inputs
RANK0000 | 2025-10-29 02:37:19,071 | EVENT: begin loading inputs
RANK0000 | 2025-10-29 02:37:19,099 | Will use space group symbol P 1
RANK0000 | 2025-10-29 02:37:19,099 | Will use space group symbol P 1
RANK0000 | 2025-10-29 02:37:19,099 | Will use space group symbol P 1
RANK0000 | 2025-10-29 02:37:19,229 | EVENT: BEGIN loading experiment list
RANK0000 | 2025-10-29 02:37:19,229 | EVENT: BEGIN loading experiment list
RANK0000 | 2025-10-29 02:37:19,229 | EVENT: BEGIN loading experiment list
RANK0000 | 2025-10-29 02:37:19,230 | EVENT: DONE loading experiment list
RANK0000 | 2025-10-29 02:37:19,230 | EVENT: DONE loading experiment list
RANK0000 | 2025-10-29 02:37:19,230 | EVENT: DONE loading experiment list
Warning, crystal system not determined, assuming triclinic
RANK0000 | 2025-10-29 02:37:19,232 | EVENT: LOADING ROI DATA
RANK0000 | 2025-10-29 02:37:19,232 | EVENT: LOADING ROI DATA
RANK0000 | 2025-10-29 02:37:19,232 | EVENT: LOADING ROI DATA
RANK0000 | 2025-10-29 02:37:19,293 | Number of ROIS that will proceed to refinement: 87/92
RANK0000 | 2025-10-29 02:37:19,293 | Number of ROIS that will proceed to refinement: 87/92
RANK0000 | 2025-10-29 02:37:19,293 | Number of ROIS that will proceed to refinement: 87/92
RANK0000 | 2025-10-29 02:37:19,310 | Setting initial mosaicity from params.init.eta_abc: 0.000000 0.000000 0.000000
RANK0000 | 2025-10-29 02:37:19,310 | Setting initial mosaicity from params.init.eta_abc: 0.000000 0.000000 0.000000
RANK0000 | 2025-10-29 02:37:19,310 | Setting initial mosaicity from params.init.eta_abc: 0.000000 0.000000 0.000000
RANK0000 | 2025-10-29 02:37:19,310 | Number of mosaic domains from params: 1
RANK0000 | 2025-10-29 02:37:19,310 | Number of mosaic domains from params: 1
RANK0000 | 2025-10-29 02:37:19,310 | Number of mosaic domains from params: 1
RANK0000 | 2025-10-29 02:37:19,386 | Loaded simulator
RANK0000 | 2025-10-29 02:37:19,386 | Loaded simulator
RANK0000 | 2025-10-29 02:37:19,386 | Loaded simulator
RANK0000 | 2025-10-29 02:37:19,386 | Will not use mosaic models, as simulator.crystal.num_mosaicity_samples=1
RANK0000 | 2025-10-29 02:37:19,386 | Will not use mosaic models, as simulator.crystal.num_mosaicity_samples=1
RANK0000 | 2025-10-29 02:37:19,386 | Will not use mosaic models, as simulator.crystal.num_mosaicity_samples=1
RANK0000 | 2025-10-29 02:37:19,427 | EVENT: DONE LOADING ROI
RANK0000 | 2025-10-29 02:37:19,427 | EVENT: DONE LOADING ROI
RANK0000 | 2025-10-29 02:37:19,427 | EVENT: DONE LOADING ROI
RANK0000 | 2025-10-29 02:37:19,427 | Will simulate 1 energy channels
RANK0000 | 2025-10-29 02:37:19,427 | Will simulate 1 energy channels
RANK0000 | 2025-10-29 02:37:19,427 | Will simulate 1 energy channels
RANK0000 | 2025-10-29 02:37:19,427 | Process memory usage: 1.490932 GB on node ollie-System-Product-Name
RANK0000 | 2025-10-29 02:37:19,427 | Process memory usage: 1.490932 GB on node ollie-System-Product-Name
RANK0000 | 2025-10-29 02:37:19,427 | Process memory usage: 1.490932 GB on node ollie-System-Product-Name
RANK0000 | 2025-10-29 02:37:19,427 | Finished loading image 1 / 1 (1 / 1)
RANK0000 | 2025-10-29 02:37:19,427 | Finished loading image 1 / 1 (1 / 1)
RANK0000 | 2025-10-29 02:37:19,427 | Finished loading image 1 / 1 (1 / 1)
Warning, crystal system not determined, assuming triclinic
RANK0000 | 2025-10-29 02:37:19,428 | DONE LOADING DATA; ENTER BARRIER
RANK0000 | 2025-10-29 02:37:19,428 | DONE LOADING DATA; ENTER BARRIER
RANK0000 | 2025-10-29 02:37:19,428 | DONE LOADING DATA; ENTER BARRIER
RANK0000 | 2025-10-29 02:37:19,428 | DONE LOADING DATA; EXIT BARRIER
RANK0000 | 2025-10-29 02:37:19,428 | DONE LOADING DATA; EXIT BARRIER
RANK0000 | 2025-10-29 02:37:19,428 | DONE LOADING DATA; EXIT BARRIER
RANK0000 | 2025-10-29 02:37:19,428 | Mem after panel groups: 1.490932 GB on node ollie-System-Product-Name
RANK0000 | 2025-10-29 02:37:19,428 | Mem after panel groups: 1.490932 GB on node ollie-System-Product-Name
RANK0000 | 2025-10-29 02:37:19,428 | Mem after panel groups: 1.490932 GB on node ollie-System-Product-Name
RANK0000 | 2025-10-29 02:37:19,428 | EVENT: Gathering global HKL information
RANK0000 | 2025-10-29 02:37:19,428 | EVENT: Gathering global HKL information
RANK0000 | 2025-10-29 02:37:19,428 | EVENT: Gathering global HKL information
RANK0000 | 2025-10-29 02:37:19,530 | EVENT: FINISHED gather global HKL information
RANK0000 | 2025-10-29 02:37:19,530 | EVENT: FINISHED gather global HKL information
RANK0000 | 2025-10-29 02:37:19,530 | EVENT: FINISHED gather global HKL information
RANK0000 | 2025-10-29 02:37:19,530 | Mem after gather Hi info: 1.490932 GB on node ollie-System-Product-Name
RANK0000 | 2025-10-29 02:37:19,530 | Mem after gather Hi info: 1.490932 GB on node ollie-System-Product-Name
RANK0000 | 2025-10-29 02:37:19,530 | Mem after gather Hi info: 1.490932 GB on node ollie-System-Product-Name
RANK0000 | 2025-10-29 02:37:19,530 | BEGIN DETERMINE MAX PIX
RANK0000 | 2025-10-29 02:37:19,530 | BEGIN DETERMINE MAX PIX
RANK0000 | 2025-10-29 02:37:19,530 | BEGIN DETERMINE MAX PIX
RANK0000 | 2025-10-29 02:37:19,530 | Rank 0, max pix to be modeled: 8700
RANK0000 | 2025-10-29 02:37:19,530 | Rank 0, max pix to be modeled: 8700
RANK0000 | 2025-10-29 02:37:19,530 | Rank 0, max pix to be modeled: 8700
RANK0000 | 2025-10-29 02:37:19,530 | DONE DETERMINE MAX PIX
RANK0000 | 2025-10-29 02:37:19,530 | DONE DETERMINE MAX PIX
RANK0000 | 2025-10-29 02:37:19,530 | DONE DETERMINE MAX PIX
RANK0000 | 2025-10-29 02:37:19,530 | Mem after determine max num pix: 1.490932 GB on node ollie-System-Product-Name
RANK0000 | 2025-10-29 02:37:19,530 | Mem after determine max num pix: 1.490932 GB on node ollie-System-Product-Name
RANK0000 | 2025-10-29 02:37:19,530 | Mem after determine max num pix: 1.490932 GB on node ollie-System-Product-Name
RANK0000 | 2025-10-29 02:37:19,530 | Mem after load_inputs: 1.490932 GB on node ollie-System-Product-Name
RANK0000 | 2025-10-29 02:37:19,530 | Mem after load_inputs: 1.490932 GB on node ollie-System-Product-Name
RANK0000 | 2025-10-29 02:37:19,530 | Mem after load_inputs: 1.490932 GB on node ollie-System-Product-Name
How many pixels each rank will allocate for on its device:
(rnk0, dev0): 8700 pix
Iteration 1:
	Resid=195044.568181, sigmaZ 6.319621, t-per-iter=0.0341 sec, pred_offsets=
Iteration 2:
	Resid=281476941.994997, sigmaZ 253.604273, t-per-iter=0.0337 sec, pred_offsets=
Iteration 3:
	Resid=281635788.365960, sigmaZ 253.737285, t-per-iter=0.0335 sec, pred_offsets=
Iteration 4:
	Resid=195034.819313, sigmaZ 6.319441, t-per-iter=0.0335 sec, pred_offsets=
Iteration 5:
	Resid=194901.500257, sigmaZ 6.316955, t-per-iter=0.0334 sec, pred_offsets=
Iteration 6:
	Resid=194844.758730, sigmaZ 6.315886, t-per-iter=0.0334 sec, pred_offsets=
Iteration 7:
	Resid=194792.539352, sigmaZ 6.314949, t-per-iter=0.0334 sec, pred_offsets=
Iteration 8:
	Resid=194765.849230, sigmaZ 6.314475, t-per-iter=0.0334 sec, pred_offsets=
Iteration 9:
	Resid=194751.366805, sigmaZ 6.314219, t-per-iter=0.0334 sec, pred_offsets=
Iteration 10:
	Resid=194749.511923, sigmaZ 6.314185, t-per-iter=0.0333 sec, pred_offsets=
Iteration 11:
	Resid=194748.729055, sigmaZ 6.314170, t-per-iter=0.0333 sec, pred_offsets=
Iteration 12:
	Resid=194747.113180, sigmaZ 6.314140, t-per-iter=0.0333 sec, pred_offsets=
Iteration 13:
	Resid=194744.790801, sigmaZ 6.314097, t-per-iter=0.0333 sec, pred_offsets=
Iteration 14:
	Resid=194742.990903, sigmaZ 6.314065, t-per-iter=0.0333 sec, pred_offsets=
Iteration 15:
	Resid=194742.844939, sigmaZ 6.314061, t-per-iter=0.0333 sec, pred_offsets=
Iteration 16:
	Resid=194742.840742, sigmaZ 6.314061, t-per-iter=0.0333 sec, pred_offsets=
Iteration 17:
	Resid=194742.840711, sigmaZ 6.314061, t-per-iter=0.0333 sec, pred_offsets=
Iteration 18:
	Resid=194742.840703, sigmaZ 6.314061, t-per-iter=0.0333 sec, pred_offsets=
Final Iteration 18:
	Resid=194742.840703, sigmaZ 6.314061
Saved detector model to _geom.out/diffBragg_detector.expt
INFO: Refinement macro cycle 4/5...
INFO:canonical_capture:Refinement macro cycle 4/5...
RANK0000 | 2025-10-29 02:37:20,198 | Number of ROIS that will proceed to refinement: 87/92
RANK0000 | 2025-10-29 02:37:20,198 | Number of ROIS that will proceed to refinement: 87/92
RANK0000 | 2025-10-29 02:37:20,198 | Number of ROIS that will proceed to refinement: 87/92
RANK0000 | 2025-10-29 02:37:20,215 | Setting initial mosaicity from params.init.eta_abc: 0.000000 0.000000 0.000000
RANK0000 | 2025-10-29 02:37:20,215 | Setting initial mosaicity from params.init.eta_abc: 0.000000 0.000000 0.000000
RANK0000 | 2025-10-29 02:37:20,215 | Setting initial mosaicity from params.init.eta_abc: 0.000000 0.000000 0.000000
RANK0000 | 2025-10-29 02:37:20,215 | Number of mosaic domains from params: 1
RANK0000 | 2025-10-29 02:37:20,215 | Number of mosaic domains from params: 1
RANK0000 | 2025-10-29 02:37:20,215 | Number of mosaic domains from params: 1
RANK0000 | 2025-10-29 02:37:20,285 | Loaded simulator
RANK0000 | 2025-10-29 02:37:20,285 | Loaded simulator
RANK0000 | 2025-10-29 02:37:20,285 | Loaded simulator
RANK0000 | 2025-10-29 02:37:20,285 | Will not use mosaic models, as simulator.crystal.num_mosaicity_samples=1
RANK0000 | 2025-10-29 02:37:20,285 | Will not use mosaic models, as simulator.crystal.num_mosaicity_samples=1
RANK0000 | 2025-10-29 02:37:20,285 | Will not use mosaic models, as simulator.crystal.num_mosaicity_samples=1
Warning, crystal system not determined, assuming triclinic
RANK0000 | 2025-10-29 02:37:20,285 | Unit cell variable a_Ang (currently=27.361518) is bounded by 24.625367 and 30.097670
RANK0000 | 2025-10-29 02:37:20,285 | Unit cell variable a_Ang (currently=27.361518) is bounded by 24.625367 and 30.097670
RANK0000 | 2025-10-29 02:37:20,285 | Unit cell variable a_Ang (currently=27.361518) is bounded by 24.625367 and 30.097670
RANK0000 | 2025-10-29 02:37:20,285 | Unit cell variable b_Ang (currently=32.057596) is bounded by 28.851836 and 35.263355
RANK0000 | 2025-10-29 02:37:20,285 | Unit cell variable b_Ang (currently=32.057596) is bounded by 28.851836 and 35.263355
RANK0000 | 2025-10-29 02:37:20,285 | Unit cell variable b_Ang (currently=32.057596) is bounded by 28.851836 and 35.263355
RANK0000 | 2025-10-29 02:37:20,285 | Unit cell variable c_Ang (currently=34.460339) is bounded by 31.014305 and 37.906373
RANK0000 | 2025-10-29 02:37:20,285 | Unit cell variable c_Ang (currently=34.460339) is bounded by 31.014305 and 37.906373
RANK0000 | 2025-10-29 02:37:20,285 | Unit cell variable c_Ang (currently=34.460339) is bounded by 31.014305 and 37.906373
RANK0000 | 2025-10-29 02:37:20,285 | Unit cell variable alpha_rad (currently=1.547950) is bounded by 1.460684 and 1.635217
RANK0000 | 2025-10-29 02:37:20,285 | Unit cell variable alpha_rad (currently=1.547950) is bounded by 1.460684 and 1.635217
RANK0000 | 2025-10-29 02:37:20,285 | Unit cell variable alpha_rad (currently=1.547950) is bounded by 1.460684 and 1.635217
RANK0000 | 2025-10-29 02:37:20,286 | Unit cell variable beta_rad (currently=1.249119) is bounded by 1.161852 and 1.336385
RANK0000 | 2025-10-29 02:37:20,286 | Unit cell variable beta_rad (currently=1.249119) is bounded by 1.161852 and 1.336385
RANK0000 | 2025-10-29 02:37:20,286 | Unit cell variable beta_rad (currently=1.249119) is bounded by 1.161852 and 1.336385
RANK0000 | 2025-10-29 02:37:20,286 | Unit cell variable gamma_rad (currently=1.189095) is bounded by 1.101829 and 1.276362
RANK0000 | 2025-10-29 02:37:20,286 | Unit cell variable gamma_rad (currently=1.189095) is bounded by 1.101829 and 1.276362
RANK0000 | 2025-10-29 02:37:20,286 | Unit cell variable gamma_rad (currently=1.189095) is bounded by 1.101829 and 1.276362
Warning, crystal system not determined, assuming triclinic
RANK0000 | 2025-10-29 02:37:27,948 | Filtered 5 / 92 reflections which did not show peaks in model
RANK0000 | 2025-10-29 02:37:27,948 | Filtered 5 / 92 reflections which did not show peaks in model
RANK0000 | 2025-10-29 02:37:27,948 | Filtered 5 / 92 reflections which did not show peaks in model
RANK0000 | 2025-10-29 02:37:28,018 | Number of ROIS that will proceed to refinement: 87/92
RANK0000 | 2025-10-29 02:37:28,018 | Number of ROIS that will proceed to refinement: 87/92
RANK0000 | 2025-10-29 02:37:28,018 | Number of ROIS that will proceed to refinement: 87/92
RANK0000 | 2025-10-29 02:37:28,035 | Setting initial mosaicity from params.init.eta_abc: 0.000000 0.000000 0.000000
RANK0000 | 2025-10-29 02:37:28,035 | Setting initial mosaicity from params.init.eta_abc: 0.000000 0.000000 0.000000
RANK0000 | 2025-10-29 02:37:28,035 | Setting initial mosaicity from params.init.eta_abc: 0.000000 0.000000 0.000000
RANK0000 | 2025-10-29 02:37:28,035 | Number of mosaic domains from params: 1
RANK0000 | 2025-10-29 02:37:28,035 | Number of mosaic domains from params: 1
RANK0000 | 2025-10-29 02:37:28,035 | Number of mosaic domains from params: 1
RANK0000 | 2025-10-29 02:37:28,104 | Loaded simulator
RANK0000 | 2025-10-29 02:37:28,104 | Loaded simulator
RANK0000 | 2025-10-29 02:37:28,104 | Loaded simulator
RANK0000 | 2025-10-29 02:37:28,104 | Will not use mosaic models, as simulator.crystal.num_mosaicity_samples=1
RANK0000 | 2025-10-29 02:37:28,104 | Will not use mosaic models, as simulator.crystal.num_mosaicity_samples=1
RANK0000 | 2025-10-29 02:37:28,104 | Will not use mosaic models, as simulator.crystal.num_mosaicity_samples=1
Warning, crystal system not determined, assuming triclinic
RANK0000 | 2025-10-29 02:37:28,224 | Unit cell variable a_Ang (currently=27.362695) is bounded by 24.626426 and 30.098965
RANK0000 | 2025-10-29 02:37:28,224 | Unit cell variable a_Ang (currently=27.362695) is bounded by 24.626426 and 30.098965
RANK0000 | 2025-10-29 02:37:28,224 | Unit cell variable a_Ang (currently=27.362695) is bounded by 24.626426 and 30.098965
RANK0000 | 2025-10-29 02:37:28,224 | Unit cell variable b_Ang (currently=32.058020) is bounded by 28.852218 and 35.263822
RANK0000 | 2025-10-29 02:37:28,224 | Unit cell variable b_Ang (currently=32.058020) is bounded by 28.852218 and 35.263822
RANK0000 | 2025-10-29 02:37:28,224 | Unit cell variable b_Ang (currently=32.058020) is bounded by 28.852218 and 35.263822
RANK0000 | 2025-10-29 02:37:28,224 | Unit cell variable c_Ang (currently=34.465098) is bounded by 31.018589 and 37.911608
RANK0000 | 2025-10-29 02:37:28,224 | Unit cell variable c_Ang (currently=34.465098) is bounded by 31.018589 and 37.911608
RANK0000 | 2025-10-29 02:37:28,224 | Unit cell variable c_Ang (currently=34.465098) is bounded by 31.018589 and 37.911608
RANK0000 | 2025-10-29 02:37:28,224 | Unit cell variable alpha_rad (currently=1.547763) is bounded by 1.460497 and 1.635030
RANK0000 | 2025-10-29 02:37:28,224 | Unit cell variable alpha_rad (currently=1.547763) is bounded by 1.460497 and 1.635030
RANK0000 | 2025-10-29 02:37:28,224 | Unit cell variable alpha_rad (currently=1.547763) is bounded by 1.460497 and 1.635030
RANK0000 | 2025-10-29 02:37:28,225 | Unit cell variable beta_rad (currently=1.248939) is bounded by 1.161673 and 1.336206
RANK0000 | 2025-10-29 02:37:28,225 | Unit cell variable beta_rad (currently=1.248939) is bounded by 1.161673 and 1.336206
RANK0000 | 2025-10-29 02:37:28,225 | Unit cell variable beta_rad (currently=1.248939) is bounded by 1.161673 and 1.336206
RANK0000 | 2025-10-29 02:37:28,225 | Unit cell variable gamma_rad (currently=1.189019) is bounded by 1.101753 and 1.276286
RANK0000 | 2025-10-29 02:37:28,225 | Unit cell variable gamma_rad (currently=1.189019) is bounded by 1.101753 and 1.276286
RANK0000 | 2025-10-29 02:37:28,225 | Unit cell variable gamma_rad (currently=1.189019) is bounded by 1.101753 and 1.276286
Warning, crystal system not determined, assuming triclinic
RANK0000 | 2025-10-29 02:37:33,656 | Filtered 5 / 92 reflections which did not show peaks in model
RANK0000 | 2025-10-29 02:37:33,656 | Filtered 5 / 92 reflections which did not show peaks in model
RANK0000 | 2025-10-29 02:37:33,656 | Filtered 5 / 92 reflections which did not show peaks in model
Warning, crystal system not determined, assuming triclinic
Will optimize using 1 experiments
RANK0000 | 2025-10-29 02:37:33,791 | Loading nrefls per shot
RANK0000 | 2025-10-29 02:37:33,791 | Loading nrefls per shot
RANK0000 | 2025-10-29 02:37:33,791 | Loading nrefls per shot
RANK0000 | 2025-10-29 02:37:33,791 | Loading nrefls per shot
Found 1 shots originally, but only 1 had finite number of refls to model
RANK0000 | 2025-10-29 02:37:33,793 | EVENT: begin loading inputs
RANK0000 | 2025-10-29 02:37:33,793 | EVENT: begin loading inputs
RANK0000 | 2025-10-29 02:37:33,793 | EVENT: begin loading inputs
RANK0000 | 2025-10-29 02:37:33,793 | EVENT: begin loading inputs
RANK0000 | 2025-10-29 02:37:33,820 | Will use space group symbol P 1
RANK0000 | 2025-10-29 02:37:33,820 | Will use space group symbol P 1
RANK0000 | 2025-10-29 02:37:33,820 | Will use space group symbol P 1
RANK0000 | 2025-10-29 02:37:33,820 | Will use space group symbol P 1
RANK0000 | 2025-10-29 02:37:33,950 | EVENT: BEGIN loading experiment list
RANK0000 | 2025-10-29 02:37:33,950 | EVENT: BEGIN loading experiment list
RANK0000 | 2025-10-29 02:37:33,950 | EVENT: BEGIN loading experiment list
RANK0000 | 2025-10-29 02:37:33,950 | EVENT: BEGIN loading experiment list
RANK0000 | 2025-10-29 02:37:33,951 | EVENT: DONE loading experiment list
RANK0000 | 2025-10-29 02:37:33,951 | EVENT: DONE loading experiment list
RANK0000 | 2025-10-29 02:37:33,951 | EVENT: DONE loading experiment list
RANK0000 | 2025-10-29 02:37:33,951 | EVENT: DONE loading experiment list
Warning, crystal system not determined, assuming triclinic
RANK0000 | 2025-10-29 02:37:33,953 | EVENT: LOADING ROI DATA
RANK0000 | 2025-10-29 02:37:33,953 | EVENT: LOADING ROI DATA
RANK0000 | 2025-10-29 02:37:33,953 | EVENT: LOADING ROI DATA
RANK0000 | 2025-10-29 02:37:33,953 | EVENT: LOADING ROI DATA
RANK0000 | 2025-10-29 02:37:34,024 | Number of ROIS that will proceed to refinement: 87/92
RANK0000 | 2025-10-29 02:37:34,024 | Number of ROIS that will proceed to refinement: 87/92
RANK0000 | 2025-10-29 02:37:34,024 | Number of ROIS that will proceed to refinement: 87/92
RANK0000 | 2025-10-29 02:37:34,024 | Number of ROIS that will proceed to refinement: 87/92
RANK0000 | 2025-10-29 02:37:34,041 | Setting initial mosaicity from params.init.eta_abc: 0.000000 0.000000 0.000000
RANK0000 | 2025-10-29 02:37:34,041 | Setting initial mosaicity from params.init.eta_abc: 0.000000 0.000000 0.000000
RANK0000 | 2025-10-29 02:37:34,041 | Setting initial mosaicity from params.init.eta_abc: 0.000000 0.000000 0.000000
RANK0000 | 2025-10-29 02:37:34,041 | Setting initial mosaicity from params.init.eta_abc: 0.000000 0.000000 0.000000
RANK0000 | 2025-10-29 02:37:34,041 | Number of mosaic domains from params: 1
RANK0000 | 2025-10-29 02:37:34,041 | Number of mosaic domains from params: 1
RANK0000 | 2025-10-29 02:37:34,041 | Number of mosaic domains from params: 1
RANK0000 | 2025-10-29 02:37:34,041 | Number of mosaic domains from params: 1
RANK0000 | 2025-10-29 02:37:34,116 | Loaded simulator
RANK0000 | 2025-10-29 02:37:34,116 | Loaded simulator
RANK0000 | 2025-10-29 02:37:34,116 | Loaded simulator
RANK0000 | 2025-10-29 02:37:34,116 | Loaded simulator
RANK0000 | 2025-10-29 02:37:34,117 | Will not use mosaic models, as simulator.crystal.num_mosaicity_samples=1
RANK0000 | 2025-10-29 02:37:34,117 | Will not use mosaic models, as simulator.crystal.num_mosaicity_samples=1
RANK0000 | 2025-10-29 02:37:34,117 | Will not use mosaic models, as simulator.crystal.num_mosaicity_samples=1
RANK0000 | 2025-10-29 02:37:34,117 | Will not use mosaic models, as simulator.crystal.num_mosaicity_samples=1
RANK0000 | 2025-10-29 02:37:34,157 | EVENT: DONE LOADING ROI
RANK0000 | 2025-10-29 02:37:34,157 | EVENT: DONE LOADING ROI
RANK0000 | 2025-10-29 02:37:34,157 | EVENT: DONE LOADING ROI
RANK0000 | 2025-10-29 02:37:34,157 | EVENT: DONE LOADING ROI
RANK0000 | 2025-10-29 02:37:34,157 | Will simulate 1 energy channels
RANK0000 | 2025-10-29 02:37:34,157 | Will simulate 1 energy channels
RANK0000 | 2025-10-29 02:37:34,157 | Will simulate 1 energy channels
RANK0000 | 2025-10-29 02:37:34,157 | Will simulate 1 energy channels
RANK0000 | 2025-10-29 02:37:34,157 | Process memory usage: 1.620728 GB on node ollie-System-Product-Name
RANK0000 | 2025-10-29 02:37:34,157 | Process memory usage: 1.620728 GB on node ollie-System-Product-Name
RANK0000 | 2025-10-29 02:37:34,157 | Process memory usage: 1.620728 GB on node ollie-System-Product-Name
RANK0000 | 2025-10-29 02:37:34,157 | Process memory usage: 1.620728 GB on node ollie-System-Product-Name
RANK0000 | 2025-10-29 02:37:34,157 | Finished loading image 1 / 1 (1 / 1)
RANK0000 | 2025-10-29 02:37:34,157 | Finished loading image 1 / 1 (1 / 1)
RANK0000 | 2025-10-29 02:37:34,157 | Finished loading image 1 / 1 (1 / 1)
RANK0000 | 2025-10-29 02:37:34,157 | Finished loading image 1 / 1 (1 / 1)
Warning, crystal system not determined, assuming triclinic
RANK0000 | 2025-10-29 02:37:34,158 | DONE LOADING DATA; ENTER BARRIER
RANK0000 | 2025-10-29 02:37:34,158 | DONE LOADING DATA; ENTER BARRIER
RANK0000 | 2025-10-29 02:37:34,158 | DONE LOADING DATA; ENTER BARRIER
RANK0000 | 2025-10-29 02:37:34,158 | DONE LOADING DATA; ENTER BARRIER
RANK0000 | 2025-10-29 02:37:34,158 | DONE LOADING DATA; EXIT BARRIER
RANK0000 | 2025-10-29 02:37:34,158 | DONE LOADING DATA; EXIT BARRIER
RANK0000 | 2025-10-29 02:37:34,158 | DONE LOADING DATA; EXIT BARRIER
RANK0000 | 2025-10-29 02:37:34,158 | DONE LOADING DATA; EXIT BARRIER
RANK0000 | 2025-10-29 02:37:34,158 | Mem after panel groups: 1.620728 GB on node ollie-System-Product-Name
RANK0000 | 2025-10-29 02:37:34,158 | Mem after panel groups: 1.620728 GB on node ollie-System-Product-Name
RANK0000 | 2025-10-29 02:37:34,158 | Mem after panel groups: 1.620728 GB on node ollie-System-Product-Name
RANK0000 | 2025-10-29 02:37:34,158 | Mem after panel groups: 1.620728 GB on node ollie-System-Product-Name
RANK0000 | 2025-10-29 02:37:34,158 | EVENT: Gathering global HKL information
RANK0000 | 2025-10-29 02:37:34,158 | EVENT: Gathering global HKL information
RANK0000 | 2025-10-29 02:37:34,158 | EVENT: Gathering global HKL information
RANK0000 | 2025-10-29 02:37:34,158 | EVENT: Gathering global HKL information
RANK0000 | 2025-10-29 02:37:34,259 | EVENT: FINISHED gather global HKL information
RANK0000 | 2025-10-29 02:37:34,259 | EVENT: FINISHED gather global HKL information
RANK0000 | 2025-10-29 02:37:34,259 | EVENT: FINISHED gather global HKL information
RANK0000 | 2025-10-29 02:37:34,259 | EVENT: FINISHED gather global HKL information
RANK0000 | 2025-10-29 02:37:34,259 | Mem after gather Hi info: 1.620728 GB on node ollie-System-Product-Name
RANK0000 | 2025-10-29 02:37:34,259 | Mem after gather Hi info: 1.620728 GB on node ollie-System-Product-Name
RANK0000 | 2025-10-29 02:37:34,259 | Mem after gather Hi info: 1.620728 GB on node ollie-System-Product-Name
RANK0000 | 2025-10-29 02:37:34,259 | Mem after gather Hi info: 1.620728 GB on node ollie-System-Product-Name
RANK0000 | 2025-10-29 02:37:34,259 | BEGIN DETERMINE MAX PIX
RANK0000 | 2025-10-29 02:37:34,259 | BEGIN DETERMINE MAX PIX
RANK0000 | 2025-10-29 02:37:34,259 | BEGIN DETERMINE MAX PIX
RANK0000 | 2025-10-29 02:37:34,259 | BEGIN DETERMINE MAX PIX
RANK0000 | 2025-10-29 02:37:34,260 | Rank 0, max pix to be modeled: 8700
RANK0000 | 2025-10-29 02:37:34,260 | Rank 0, max pix to be modeled: 8700
RANK0000 | 2025-10-29 02:37:34,260 | Rank 0, max pix to be modeled: 8700
RANK0000 | 2025-10-29 02:37:34,260 | Rank 0, max pix to be modeled: 8700
RANK0000 | 2025-10-29 02:37:34,260 | DONE DETERMINE MAX PIX
RANK0000 | 2025-10-29 02:37:34,260 | DONE DETERMINE MAX PIX
RANK0000 | 2025-10-29 02:37:34,260 | DONE DETERMINE MAX PIX
RANK0000 | 2025-10-29 02:37:34,260 | DONE DETERMINE MAX PIX
RANK0000 | 2025-10-29 02:37:34,260 | Mem after determine max num pix: 1.620728 GB on node ollie-System-Product-Name
RANK0000 | 2025-10-29 02:37:34,260 | Mem after determine max num pix: 1.620728 GB on node ollie-System-Product-Name
RANK0000 | 2025-10-29 02:37:34,260 | Mem after determine max num pix: 1.620728 GB on node ollie-System-Product-Name
RANK0000 | 2025-10-29 02:37:34,260 | Mem after determine max num pix: 1.620728 GB on node ollie-System-Product-Name
RANK0000 | 2025-10-29 02:37:34,260 | Mem after load_inputs: 1.620728 GB on node ollie-System-Product-Name
RANK0000 | 2025-10-29 02:37:34,260 | Mem after load_inputs: 1.620728 GB on node ollie-System-Product-Name
RANK0000 | 2025-10-29 02:37:34,260 | Mem after load_inputs: 1.620728 GB on node ollie-System-Product-Name
RANK0000 | 2025-10-29 02:37:34,260 | Mem after load_inputs: 1.620728 GB on node ollie-System-Product-Name
How many pixels each rank will allocate for on its device:
(rnk0, dev0): 8700 pix
Iteration 1:
	Resid=193933.498714, sigmaZ 6.299426, t-per-iter=0.0394 sec, pred_offsets=
Iteration 2:
	Resid=280691167.451947, sigmaZ 253.278741, t-per-iter=0.0392 sec, pred_offsets=
Iteration 3:
	Resid=281586184.956990, sigmaZ 253.683931, t-per-iter=0.0390 sec, pred_offsets=
Iteration 4:
	Resid=193764.927662, sigmaZ 6.296295, t-per-iter=0.0389 sec, pred_offsets=
Iteration 5:
	Resid=193918.306801, sigmaZ 6.299120, t-per-iter=0.0388 sec, pred_offsets=
Iteration 6:
	Resid=193741.795410, sigmaZ 6.295875, t-per-iter=0.0388 sec, pred_offsets=
Iteration 7:
	Resid=193713.137916, sigmaZ 6.295329, t-per-iter=0.0387 sec, pred_offsets=
Iteration 8:
	Resid=193711.636214, sigmaZ 6.295301, t-per-iter=0.0387 sec, pred_offsets=
Iteration 9:
	Resid=193711.346036, sigmaZ 6.295296, t-per-iter=0.0387 sec, pred_offsets=
Iteration 10:
	Resid=193709.388701, sigmaZ 6.295258, t-per-iter=0.0387 sec, pred_offsets=
Iteration 11:
	Resid=193707.094092, sigmaZ 6.295214, t-per-iter=0.0387 sec, pred_offsets=
Iteration 12:
	Resid=193704.656228, sigmaZ 6.295168, t-per-iter=0.0386 sec, pred_offsets=
Iteration 13:
	Resid=193704.104167, sigmaZ 6.295154, t-per-iter=0.0386 sec, pred_offsets=
Iteration 14:
	Resid=193703.892714, sigmaZ 6.295153, t-per-iter=0.0386 sec, pred_offsets=
Iteration 15:
	Resid=193703.866966, sigmaZ 6.295152, t-per-iter=0.0386 sec, pred_offsets=
Iteration 16:
	Resid=193703.772770, sigmaZ 6.295151, t-per-iter=0.0386 sec, pred_offsets=
Iteration 17:
	Resid=193703.558118, sigmaZ 6.295146, t-per-iter=0.0386 sec, pred_offsets=
Iteration 18:
	Resid=193703.750647, sigmaZ 6.295148, t-per-iter=0.0386 sec, pred_offsets=
Iteration 19:
	Resid=193703.507557, sigmaZ 6.295145, t-per-iter=0.0386 sec, pred_offsets=
Iteration 20:
	Resid=193703.365341, sigmaZ 6.295141, t-per-iter=0.0386 sec, pred_offsets=
Iteration 21:
	Resid=193703.310562, sigmaZ 6.295139, t-per-iter=0.0386 sec, pred_offsets=
Iteration 22:
	Resid=193703.305880, sigmaZ 6.295139, t-per-iter=0.0386 sec, pred_offsets=
Iteration 23:
	Resid=193703.305815, sigmaZ 6.295139, t-per-iter=0.0386 sec, pred_offsets=
Iteration 24:
	Resid=193703.305815, sigmaZ 6.295139, t-per-iter=0.0386 sec, pred_offsets=
Iteration 25:
	Resid=193703.305815, sigmaZ 6.295139, t-per-iter=0.0386 sec, pred_offsets=
Final Iteration 25:
	Resid=193703.305815, sigmaZ 6.295139
Saved detector model to _geom.out/diffBragg_detector.expt
INFO: Refinement macro cycle 5/5...
INFO:canonical_capture:Refinement macro cycle 5/5...
RANK0000 | 2025-10-29 02:37:35,292 | Number of ROIS that will proceed to refinement: 87/92
RANK0000 | 2025-10-29 02:37:35,292 | Number of ROIS that will proceed to refinement: 87/92
RANK0000 | 2025-10-29 02:37:35,292 | Number of ROIS that will proceed to refinement: 87/92
RANK0000 | 2025-10-29 02:37:35,292 | Number of ROIS that will proceed to refinement: 87/92
RANK0000 | 2025-10-29 02:37:35,309 | Setting initial mosaicity from params.init.eta_abc: 0.000000 0.000000 0.000000
RANK0000 | 2025-10-29 02:37:35,309 | Setting initial mosaicity from params.init.eta_abc: 0.000000 0.000000 0.000000
RANK0000 | 2025-10-29 02:37:35,309 | Setting initial mosaicity from params.init.eta_abc: 0.000000 0.000000 0.000000
RANK0000 | 2025-10-29 02:37:35,309 | Setting initial mosaicity from params.init.eta_abc: 0.000000 0.000000 0.000000
RANK0000 | 2025-10-29 02:37:35,309 | Number of mosaic domains from params: 1
RANK0000 | 2025-10-29 02:37:35,309 | Number of mosaic domains from params: 1
RANK0000 | 2025-10-29 02:37:35,309 | Number of mosaic domains from params: 1
RANK0000 | 2025-10-29 02:37:35,309 | Number of mosaic domains from params: 1
RANK0000 | 2025-10-29 02:37:35,378 | Loaded simulator
RANK0000 | 2025-10-29 02:37:35,378 | Loaded simulator
RANK0000 | 2025-10-29 02:37:35,378 | Loaded simulator
RANK0000 | 2025-10-29 02:37:35,378 | Loaded simulator
RANK0000 | 2025-10-29 02:37:35,378 | Will not use mosaic models, as simulator.crystal.num_mosaicity_samples=1
RANK0000 | 2025-10-29 02:37:35,378 | Will not use mosaic models, as simulator.crystal.num_mosaicity_samples=1
RANK0000 | 2025-10-29 02:37:35,378 | Will not use mosaic models, as simulator.crystal.num_mosaicity_samples=1
RANK0000 | 2025-10-29 02:37:35,378 | Will not use mosaic models, as simulator.crystal.num_mosaicity_samples=1
Warning, crystal system not determined, assuming triclinic
RANK0000 | 2025-10-29 02:37:35,379 | Unit cell variable a_Ang (currently=27.362695) is bounded by 24.626426 and 30.098965
RANK0000 | 2025-10-29 02:37:35,379 | Unit cell variable a_Ang (currently=27.362695) is bounded by 24.626426 and 30.098965
RANK0000 | 2025-10-29 02:37:35,379 | Unit cell variable a_Ang (currently=27.362695) is bounded by 24.626426 and 30.098965
RANK0000 | 2025-10-29 02:37:35,379 | Unit cell variable a_Ang (currently=27.362695) is bounded by 24.626426 and 30.098965
RANK0000 | 2025-10-29 02:37:35,379 | Unit cell variable b_Ang (currently=32.058020) is bounded by 28.852218 and 35.263822
RANK0000 | 2025-10-29 02:37:35,379 | Unit cell variable b_Ang (currently=32.058020) is bounded by 28.852218 and 35.263822
RANK0000 | 2025-10-29 02:37:35,379 | Unit cell variable b_Ang (currently=32.058020) is bounded by 28.852218 and 35.263822
RANK0000 | 2025-10-29 02:37:35,379 | Unit cell variable b_Ang (currently=32.058020) is bounded by 28.852218 and 35.263822
RANK0000 | 2025-10-29 02:37:35,379 | Unit cell variable c_Ang (currently=34.465098) is bounded by 31.018589 and 37.911608
RANK0000 | 2025-10-29 02:37:35,379 | Unit cell variable c_Ang (currently=34.465098) is bounded by 31.018589 and 37.911608
RANK0000 | 2025-10-29 02:37:35,379 | Unit cell variable c_Ang (currently=34.465098) is bounded by 31.018589 and 37.911608
RANK0000 | 2025-10-29 02:37:35,379 | Unit cell variable c_Ang (currently=34.465098) is bounded by 31.018589 and 37.911608
RANK0000 | 2025-10-29 02:37:35,379 | Unit cell variable alpha_rad (currently=1.547763) is bounded by 1.460497 and 1.635030
RANK0000 | 2025-10-29 02:37:35,379 | Unit cell variable alpha_rad (currently=1.547763) is bounded by 1.460497 and 1.635030
RANK0000 | 2025-10-29 02:37:35,379 | Unit cell variable alpha_rad (currently=1.547763) is bounded by 1.460497 and 1.635030
RANK0000 | 2025-10-29 02:37:35,379 | Unit cell variable alpha_rad (currently=1.547763) is bounded by 1.460497 and 1.635030
RANK0000 | 2025-10-29 02:37:35,379 | Unit cell variable beta_rad (currently=1.248939) is bounded by 1.161673 and 1.336206
RANK0000 | 2025-10-29 02:37:35,379 | Unit cell variable beta_rad (currently=1.248939) is bounded by 1.161673 and 1.336206
RANK0000 | 2025-10-29 02:37:35,379 | Unit cell variable beta_rad (currently=1.248939) is bounded by 1.161673 and 1.336206
RANK0000 | 2025-10-29 02:37:35,379 | Unit cell variable beta_rad (currently=1.248939) is bounded by 1.161673 and 1.336206
RANK0000 | 2025-10-29 02:37:35,379 | Unit cell variable gamma_rad (currently=1.189019) is bounded by 1.101753 and 1.276286
RANK0000 | 2025-10-29 02:37:35,379 | Unit cell variable gamma_rad (currently=1.189019) is bounded by 1.101753 and 1.276286
RANK0000 | 2025-10-29 02:37:35,379 | Unit cell variable gamma_rad (currently=1.189019) is bounded by 1.101753 and 1.276286
RANK0000 | 2025-10-29 02:37:35,379 | Unit cell variable gamma_rad (currently=1.189019) is bounded by 1.101753 and 1.276286
Warning, crystal system not determined, assuming triclinic
RANK0000 | 2025-10-29 02:37:42,694 | Filtered 5 / 92 reflections which did not show peaks in model
RANK0000 | 2025-10-29 02:37:42,694 | Filtered 5 / 92 reflections which did not show peaks in model
RANK0000 | 2025-10-29 02:37:42,694 | Filtered 5 / 92 reflections which did not show peaks in model
RANK0000 | 2025-10-29 02:37:42,694 | Filtered 5 / 92 reflections which did not show peaks in model
RANK0000 | 2025-10-29 02:37:42,762 | Number of ROIS that will proceed to refinement: 87/92
RANK0000 | 2025-10-29 02:37:42,762 | Number of ROIS that will proceed to refinement: 87/92
RANK0000 | 2025-10-29 02:37:42,762 | Number of ROIS that will proceed to refinement: 87/92
RANK0000 | 2025-10-29 02:37:42,762 | Number of ROIS that will proceed to refinement: 87/92
RANK0000 | 2025-10-29 02:37:42,780 | Setting initial mosaicity from params.init.eta_abc: 0.000000 0.000000 0.000000
RANK0000 | 2025-10-29 02:37:42,780 | Setting initial mosaicity from params.init.eta_abc: 0.000000 0.000000 0.000000
RANK0000 | 2025-10-29 02:37:42,780 | Setting initial mosaicity from params.init.eta_abc: 0.000000 0.000000 0.000000
RANK0000 | 2025-10-29 02:37:42,780 | Setting initial mosaicity from params.init.eta_abc: 0.000000 0.000000 0.000000
RANK0000 | 2025-10-29 02:37:42,780 | Number of mosaic domains from params: 1
RANK0000 | 2025-10-29 02:37:42,780 | Number of mosaic domains from params: 1
RANK0000 | 2025-10-29 02:37:42,780 | Number of mosaic domains from params: 1
RANK0000 | 2025-10-29 02:37:42,780 | Number of mosaic domains from params: 1
RANK0000 | 2025-10-29 02:37:42,849 | Loaded simulator
RANK0000 | 2025-10-29 02:37:42,849 | Loaded simulator
RANK0000 | 2025-10-29 02:37:42,849 | Loaded simulator
RANK0000 | 2025-10-29 02:37:42,849 | Loaded simulator
RANK0000 | 2025-10-29 02:37:42,850 | Will not use mosaic models, as simulator.crystal.num_mosaicity_samples=1
RANK0000 | 2025-10-29 02:37:42,850 | Will not use mosaic models, as simulator.crystal.num_mosaicity_samples=1
RANK0000 | 2025-10-29 02:37:42,850 | Will not use mosaic models, as simulator.crystal.num_mosaicity_samples=1
RANK0000 | 2025-10-29 02:37:42,850 | Will not use mosaic models, as simulator.crystal.num_mosaicity_samples=1
Warning, crystal system not determined, assuming triclinic
RANK0000 | 2025-10-29 02:37:42,967 | Unit cell variable a_Ang (currently=27.363816) is bounded by 24.627434 and 30.100197
RANK0000 | 2025-10-29 02:37:42,967 | Unit cell variable a_Ang (currently=27.363816) is bounded by 24.627434 and 30.100197
RANK0000 | 2025-10-29 02:37:42,967 | Unit cell variable a_Ang (currently=27.363816) is bounded by 24.627434 and 30.100197
RANK0000 | 2025-10-29 02:37:42,967 | Unit cell variable a_Ang (currently=27.363816) is bounded by 24.627434 and 30.100197
RANK0000 | 2025-10-29 02:37:42,967 | Unit cell variable b_Ang (currently=32.058192) is bounded by 28.852373 and 35.264011
RANK0000 | 2025-10-29 02:37:42,967 | Unit cell variable b_Ang (currently=32.058192) is bounded by 28.852373 and 35.264011
RANK0000 | 2025-10-29 02:37:42,967 | Unit cell variable b_Ang (currently=32.058192) is bounded by 28.852373 and 35.264011
RANK0000 | 2025-10-29 02:37:42,967 | Unit cell variable b_Ang (currently=32.058192) is bounded by 28.852373 and 35.264011
RANK0000 | 2025-10-29 02:37:42,967 | Unit cell variable c_Ang (currently=34.469099) is bounded by 31.022189 and 37.916008
RANK0000 | 2025-10-29 02:37:42,967 | Unit cell variable c_Ang (currently=34.469099) is bounded by 31.022189 and 37.916008
RANK0000 | 2025-10-29 02:37:42,967 | Unit cell variable c_Ang (currently=34.469099) is bounded by 31.022189 and 37.916008
RANK0000 | 2025-10-29 02:37:42,967 | Unit cell variable c_Ang (currently=34.469099) is bounded by 31.022189 and 37.916008
RANK0000 | 2025-10-29 02:37:42,967 | Unit cell variable alpha_rad (currently=1.547611) is bounded by 1.460344 and 1.634877
RANK0000 | 2025-10-29 02:37:42,967 | Unit cell variable alpha_rad (currently=1.547611) is bounded by 1.460344 and 1.634877
RANK0000 | 2025-10-29 02:37:42,967 | Unit cell variable alpha_rad (currently=1.547611) is bounded by 1.460344 and 1.634877
RANK0000 | 2025-10-29 02:37:42,967 | Unit cell variable alpha_rad (currently=1.547611) is bounded by 1.460344 and 1.634877
RANK0000 | 2025-10-29 02:37:42,967 | Unit cell variable beta_rad (currently=1.248785) is bounded by 1.161518 and 1.336051
RANK0000 | 2025-10-29 02:37:42,967 | Unit cell variable beta_rad (currently=1.248785) is bounded by 1.161518 and 1.336051
RANK0000 | 2025-10-29 02:37:42,967 | Unit cell variable beta_rad (currently=1.248785) is bounded by 1.161518 and 1.336051
RANK0000 | 2025-10-29 02:37:42,967 | Unit cell variable beta_rad (currently=1.248785) is bounded by 1.161518 and 1.336051
RANK0000 | 2025-10-29 02:37:42,967 | Unit cell variable gamma_rad (currently=1.188958) is bounded by 1.101692 and 1.276225
RANK0000 | 2025-10-29 02:37:42,967 | Unit cell variable gamma_rad (currently=1.188958) is bounded by 1.101692 and 1.276225
RANK0000 | 2025-10-29 02:37:42,967 | Unit cell variable gamma_rad (currently=1.188958) is bounded by 1.101692 and 1.276225
RANK0000 | 2025-10-29 02:37:42,967 | Unit cell variable gamma_rad (currently=1.188958) is bounded by 1.101692 and 1.276225
Warning, crystal system not determined, assuming triclinic
RANK0000 | 2025-10-29 02:37:48,509 | Filtered 5 / 92 reflections which did not show peaks in model
RANK0000 | 2025-10-29 02:37:48,509 | Filtered 5 / 92 reflections which did not show peaks in model
RANK0000 | 2025-10-29 02:37:48,509 | Filtered 5 / 92 reflections which did not show peaks in model
RANK0000 | 2025-10-29 02:37:48,509 | Filtered 5 / 92 reflections which did not show peaks in model
Warning, crystal system not determined, assuming triclinic
Will optimize using 1 experiments
RANK0000 | 2025-10-29 02:37:48,636 | Loading nrefls per shot
RANK0000 | 2025-10-29 02:37:48,636 | Loading nrefls per shot
RANK0000 | 2025-10-29 02:37:48,636 | Loading nrefls per shot
RANK0000 | 2025-10-29 02:37:48,636 | Loading nrefls per shot
RANK0000 | 2025-10-29 02:37:48,636 | Loading nrefls per shot
Found 1 shots originally, but only 1 had finite number of refls to model
RANK0000 | 2025-10-29 02:37:48,637 | EVENT: begin loading inputs
RANK0000 | 2025-10-29 02:37:48,637 | EVENT: begin loading inputs
RANK0000 | 2025-10-29 02:37:48,637 | EVENT: begin loading inputs
RANK0000 | 2025-10-29 02:37:48,637 | EVENT: begin loading inputs
RANK0000 | 2025-10-29 02:37:48,637 | EVENT: begin loading inputs
RANK0000 | 2025-10-29 02:37:48,666 | Will use space group symbol P 1
RANK0000 | 2025-10-29 02:37:48,666 | Will use space group symbol P 1
RANK0000 | 2025-10-29 02:37:48,666 | Will use space group symbol P 1
RANK0000 | 2025-10-29 02:37:48,666 | Will use space group symbol P 1
RANK0000 | 2025-10-29 02:37:48,666 | Will use space group symbol P 1
RANK0000 | 2025-10-29 02:37:48,796 | EVENT: BEGIN loading experiment list
RANK0000 | 2025-10-29 02:37:48,796 | EVENT: BEGIN loading experiment list
RANK0000 | 2025-10-29 02:37:48,796 | EVENT: BEGIN loading experiment list
RANK0000 | 2025-10-29 02:37:48,796 | EVENT: BEGIN loading experiment list
RANK0000 | 2025-10-29 02:37:48,796 | EVENT: BEGIN loading experiment list
RANK0000 | 2025-10-29 02:37:48,797 | EVENT: DONE loading experiment list
RANK0000 | 2025-10-29 02:37:48,797 | EVENT: DONE loading experiment list
RANK0000 | 2025-10-29 02:37:48,797 | EVENT: DONE loading experiment list
RANK0000 | 2025-10-29 02:37:48,797 | EVENT: DONE loading experiment list
RANK0000 | 2025-10-29 02:37:48,797 | EVENT: DONE loading experiment list
Warning, crystal system not determined, assuming triclinic
RANK0000 | 2025-10-29 02:37:48,799 | EVENT: LOADING ROI DATA
RANK0000 | 2025-10-29 02:37:48,799 | EVENT: LOADING ROI DATA
RANK0000 | 2025-10-29 02:37:48,799 | EVENT: LOADING ROI DATA
RANK0000 | 2025-10-29 02:37:48,799 | EVENT: LOADING ROI DATA
RANK0000 | 2025-10-29 02:37:48,799 | EVENT: LOADING ROI DATA
RANK0000 | 2025-10-29 02:37:48,871 | Number of ROIS that will proceed to refinement: 87/92
RANK0000 | 2025-10-29 02:37:48,871 | Number of ROIS that will proceed to refinement: 87/92
RANK0000 | 2025-10-29 02:37:48,871 | Number of ROIS that will proceed to refinement: 87/92
RANK0000 | 2025-10-29 02:37:48,871 | Number of ROIS that will proceed to refinement: 87/92
RANK0000 | 2025-10-29 02:37:48,871 | Number of ROIS that will proceed to refinement: 87/92
RANK0000 | 2025-10-29 02:37:48,888 | Setting initial mosaicity from params.init.eta_abc: 0.000000 0.000000 0.000000
RANK0000 | 2025-10-29 02:37:48,888 | Setting initial mosaicity from params.init.eta_abc: 0.000000 0.000000 0.000000
RANK0000 | 2025-10-29 02:37:48,888 | Setting initial mosaicity from params.init.eta_abc: 0.000000 0.000000 0.000000
RANK0000 | 2025-10-29 02:37:48,888 | Setting initial mosaicity from params.init.eta_abc: 0.000000 0.000000 0.000000
RANK0000 | 2025-10-29 02:37:48,888 | Setting initial mosaicity from params.init.eta_abc: 0.000000 0.000000 0.000000
RANK0000 | 2025-10-29 02:37:48,888 | Number of mosaic domains from params: 1
RANK0000 | 2025-10-29 02:37:48,888 | Number of mosaic domains from params: 1
RANK0000 | 2025-10-29 02:37:48,888 | Number of mosaic domains from params: 1
RANK0000 | 2025-10-29 02:37:48,888 | Number of mosaic domains from params: 1
RANK0000 | 2025-10-29 02:37:48,888 | Number of mosaic domains from params: 1
RANK0000 | 2025-10-29 02:37:48,965 | Loaded simulator
RANK0000 | 2025-10-29 02:37:48,965 | Loaded simulator
RANK0000 | 2025-10-29 02:37:48,965 | Loaded simulator
RANK0000 | 2025-10-29 02:37:48,965 | Loaded simulator
RANK0000 | 2025-10-29 02:37:48,965 | Loaded simulator
RANK0000 | 2025-10-29 02:37:48,965 | Will not use mosaic models, as simulator.crystal.num_mosaicity_samples=1
RANK0000 | 2025-10-29 02:37:48,965 | Will not use mosaic models, as simulator.crystal.num_mosaicity_samples=1
RANK0000 | 2025-10-29 02:37:48,965 | Will not use mosaic models, as simulator.crystal.num_mosaicity_samples=1
RANK0000 | 2025-10-29 02:37:48,965 | Will not use mosaic models, as simulator.crystal.num_mosaicity_samples=1
RANK0000 | 2025-10-29 02:37:48,965 | Will not use mosaic models, as simulator.crystal.num_mosaicity_samples=1
RANK0000 | 2025-10-29 02:37:49,004 | EVENT: DONE LOADING ROI
RANK0000 | 2025-10-29 02:37:49,004 | EVENT: DONE LOADING ROI
RANK0000 | 2025-10-29 02:37:49,004 | EVENT: DONE LOADING ROI
RANK0000 | 2025-10-29 02:37:49,004 | EVENT: DONE LOADING ROI
RANK0000 | 2025-10-29 02:37:49,004 | EVENT: DONE LOADING ROI
RANK0000 | 2025-10-29 02:37:49,004 | Will simulate 1 energy channels
RANK0000 | 2025-10-29 02:37:49,004 | Will simulate 1 energy channels
RANK0000 | 2025-10-29 02:37:49,004 | Will simulate 1 energy channels
RANK0000 | 2025-10-29 02:37:49,004 | Will simulate 1 energy channels
RANK0000 | 2025-10-29 02:37:49,004 | Will simulate 1 energy channels
RANK0000 | 2025-10-29 02:37:49,004 | Process memory usage: 1.747410 GB on node ollie-System-Product-Name
RANK0000 | 2025-10-29 02:37:49,004 | Process memory usage: 1.747410 GB on node ollie-System-Product-Name
RANK0000 | 2025-10-29 02:37:49,004 | Process memory usage: 1.747410 GB on node ollie-System-Product-Name
RANK0000 | 2025-10-29 02:37:49,004 | Process memory usage: 1.747410 GB on node ollie-System-Product-Name
RANK0000 | 2025-10-29 02:37:49,004 | Process memory usage: 1.747410 GB on node ollie-System-Product-Name
RANK0000 | 2025-10-29 02:37:49,004 | Finished loading image 1 / 1 (1 / 1)
RANK0000 | 2025-10-29 02:37:49,004 | Finished loading image 1 / 1 (1 / 1)
RANK0000 | 2025-10-29 02:37:49,004 | Finished loading image 1 / 1 (1 / 1)
RANK0000 | 2025-10-29 02:37:49,004 | Finished loading image 1 / 1 (1 / 1)
RANK0000 | 2025-10-29 02:37:49,004 | Finished loading image 1 / 1 (1 / 1)
Warning, crystal system not determined, assuming triclinic
RANK0000 | 2025-10-29 02:37:49,005 | DONE LOADING DATA; ENTER BARRIER
RANK0000 | 2025-10-29 02:37:49,005 | DONE LOADING DATA; ENTER BARRIER
RANK0000 | 2025-10-29 02:37:49,005 | DONE LOADING DATA; ENTER BARRIER
RANK0000 | 2025-10-29 02:37:49,005 | DONE LOADING DATA; ENTER BARRIER
RANK0000 | 2025-10-29 02:37:49,005 | DONE LOADING DATA; ENTER BARRIER
RANK0000 | 2025-10-29 02:37:49,005 | DONE LOADING DATA; EXIT BARRIER
RANK0000 | 2025-10-29 02:37:49,005 | DONE LOADING DATA; EXIT BARRIER
RANK0000 | 2025-10-29 02:37:49,005 | DONE LOADING DATA; EXIT BARRIER
RANK0000 | 2025-10-29 02:37:49,005 | DONE LOADING DATA; EXIT BARRIER
RANK0000 | 2025-10-29 02:37:49,005 | DONE LOADING DATA; EXIT BARRIER
RANK0000 | 2025-10-29 02:37:49,005 | Mem after panel groups: 1.747410 GB on node ollie-System-Product-Name
RANK0000 | 2025-10-29 02:37:49,005 | Mem after panel groups: 1.747410 GB on node ollie-System-Product-Name
RANK0000 | 2025-10-29 02:37:49,005 | Mem after panel groups: 1.747410 GB on node ollie-System-Product-Name
RANK0000 | 2025-10-29 02:37:49,005 | Mem after panel groups: 1.747410 GB on node ollie-System-Product-Name
RANK0000 | 2025-10-29 02:37:49,005 | Mem after panel groups: 1.747410 GB on node ollie-System-Product-Name
RANK0000 | 2025-10-29 02:37:49,005 | EVENT: Gathering global HKL information
RANK0000 | 2025-10-29 02:37:49,005 | EVENT: Gathering global HKL information
RANK0000 | 2025-10-29 02:37:49,005 | EVENT: Gathering global HKL information
RANK0000 | 2025-10-29 02:37:49,005 | EVENT: Gathering global HKL information
RANK0000 | 2025-10-29 02:37:49,005 | EVENT: Gathering global HKL information
RANK0000 | 2025-10-29 02:37:49,106 | EVENT: FINISHED gather global HKL information
RANK0000 | 2025-10-29 02:37:49,106 | EVENT: FINISHED gather global HKL information
RANK0000 | 2025-10-29 02:37:49,106 | EVENT: FINISHED gather global HKL information
RANK0000 | 2025-10-29 02:37:49,106 | EVENT: FINISHED gather global HKL information
RANK0000 | 2025-10-29 02:37:49,106 | EVENT: FINISHED gather global HKL information
RANK0000 | 2025-10-29 02:37:49,106 | Mem after gather Hi info: 1.747410 GB on node ollie-System-Product-Name
RANK0000 | 2025-10-29 02:37:49,106 | Mem after gather Hi info: 1.747410 GB on node ollie-System-Product-Name
RANK0000 | 2025-10-29 02:37:49,106 | Mem after gather Hi info: 1.747410 GB on node ollie-System-Product-Name
RANK0000 | 2025-10-29 02:37:49,106 | Mem after gather Hi info: 1.747410 GB on node ollie-System-Product-Name
RANK0000 | 2025-10-29 02:37:49,106 | Mem after gather Hi info: 1.747410 GB on node ollie-System-Product-Name
RANK0000 | 2025-10-29 02:37:49,107 | BEGIN DETERMINE MAX PIX
RANK0000 | 2025-10-29 02:37:49,107 | BEGIN DETERMINE MAX PIX
RANK0000 | 2025-10-29 02:37:49,107 | BEGIN DETERMINE MAX PIX
RANK0000 | 2025-10-29 02:37:49,107 | BEGIN DETERMINE MAX PIX
RANK0000 | 2025-10-29 02:37:49,107 | BEGIN DETERMINE MAX PIX
RANK0000 | 2025-10-29 02:37:49,107 | Rank 0, max pix to be modeled: 8700
RANK0000 | 2025-10-29 02:37:49,107 | Rank 0, max pix to be modeled: 8700
RANK0000 | 2025-10-29 02:37:49,107 | Rank 0, max pix to be modeled: 8700
RANK0000 | 2025-10-29 02:37:49,107 | Rank 0, max pix to be modeled: 8700
RANK0000 | 2025-10-29 02:37:49,107 | Rank 0, max pix to be modeled: 8700
RANK0000 | 2025-10-29 02:37:49,107 | DONE DETERMINE MAX PIX
RANK0000 | 2025-10-29 02:37:49,107 | DONE DETERMINE MAX PIX
RANK0000 | 2025-10-29 02:37:49,107 | DONE DETERMINE MAX PIX
RANK0000 | 2025-10-29 02:37:49,107 | DONE DETERMINE MAX PIX
RANK0000 | 2025-10-29 02:37:49,107 | DONE DETERMINE MAX PIX
RANK0000 | 2025-10-29 02:37:49,107 | Mem after determine max num pix: 1.747410 GB on node ollie-System-Product-Name
RANK0000 | 2025-10-29 02:37:49,107 | Mem after determine max num pix: 1.747410 GB on node ollie-System-Product-Name
RANK0000 | 2025-10-29 02:37:49,107 | Mem after determine max num pix: 1.747410 GB on node ollie-System-Product-Name
RANK0000 | 2025-10-29 02:37:49,107 | Mem after determine max num pix: 1.747410 GB on node ollie-System-Product-Name
RANK0000 | 2025-10-29 02:37:49,107 | Mem after determine max num pix: 1.747410 GB on node ollie-System-Product-Name
RANK0000 | 2025-10-29 02:37:49,107 | Mem after load_inputs: 1.747410 GB on node ollie-System-Product-Name
RANK0000 | 2025-10-29 02:37:49,107 | Mem after load_inputs: 1.747410 GB on node ollie-System-Product-Name
RANK0000 | 2025-10-29 02:37:49,107 | Mem after load_inputs: 1.747410 GB on node ollie-System-Product-Name
RANK0000 | 2025-10-29 02:37:49,107 | Mem after load_inputs: 1.747410 GB on node ollie-System-Product-Name
RANK0000 | 2025-10-29 02:37:49,107 | Mem after load_inputs: 1.747410 GB on node ollie-System-Product-Name
How many pixels each rank will allocate for on its device:
(rnk0, dev0): 8700 pix
Iteration 1:
	Resid=193107.977956, sigmaZ 6.284504, t-per-iter=0.0344 sec, pred_offsets=
Iteration 2:
	Resid=250726892.747189, sigmaZ 239.401576, t-per-iter=0.0342 sec, pred_offsets=
Iteration 3:
	Resid=265610195.221326, sigmaZ 246.507451, t-per-iter=0.0339 sec, pred_offsets=
Iteration 4:
	Resid=193106.687615, sigmaZ 6.284480, t-per-iter=0.0338 sec, pred_offsets=
Iteration 5:
	Resid=193064.961223, sigmaZ 6.283693, t-per-iter=0.0337 sec, pred_offsets=
Iteration 6:
	Resid=193011.275489, sigmaZ 6.282690, t-per-iter=0.0337 sec, pred_offsets=
Iteration 7:
	Resid=192986.217614, sigmaZ 6.282225, t-per-iter=0.0337 sec, pred_offsets=
Iteration 8:
	Resid=192981.474667, sigmaZ 6.282145, t-per-iter=0.0337 sec, pred_offsets=
Iteration 9:
	Resid=192981.049346, sigmaZ 6.282140, t-per-iter=0.0336 sec, pred_offsets=
Iteration 10:
	Resid=192980.907291, sigmaZ 6.282139, t-per-iter=0.0336 sec, pred_offsets=
Iteration 11:
	Resid=192980.429413, sigmaZ 6.282131, t-per-iter=0.0336 sec, pred_offsets=
Iteration 12:
	Resid=192979.920802, sigmaZ 6.282121, t-per-iter=0.0336 sec, pred_offsets=
Iteration 13:
	Resid=192979.607115, sigmaZ 6.282112, t-per-iter=0.0335 sec, pred_offsets=
Iteration 14:
	Resid=192979.600855, sigmaZ 6.282112, t-per-iter=0.0335 sec, pred_offsets=
Iteration 15:
	Resid=192979.600845, sigmaZ 6.282112, t-per-iter=0.0335 sec, pred_offsets=
Final Iteration 15:
	Resid=192979.600845, sigmaZ 6.282112
Saved detector model to _geom.out/diffBragg_detector.expt
INFO: Refinement converged. Generating DiffBragg baseline...
INFO:canonical_capture:Refinement converged. Generating DiffBragg baseline...
Spot scale=318581295843454784.000000
INFO: DiffBragg baseline saved: max=36182.91, shape=(1, 2527, 2463)
INFO:canonical_capture:DiffBragg baseline saved: max=36182.91, shape=(1, 2527, 2463)
INFO: Building nanobrag_torch configs...
INFO:canonical_capture:Building nanobrag_torch configs...
INFO: Building structure factor grid...
INFO:canonical_capture:Building structure factor grid...
INFO: BEFORE scaling: amps min=1.546e+00, max=5.183e+02, mean=4.741e+01
INFO:canonical_capture:BEFORE scaling: amps min=1.546e+00, max=5.183e+02, mean=4.741e+01
INFO: Scaling structure factors by sqrt(scale_override)=5.644e+08
INFO:canonical_capture:Scaling structure factors by sqrt(scale_override)=5.644e+08
INFO: AFTER scaling: amps min=8.728e+08, max=2.926e+11, mean=2.676e+10
INFO:canonical_capture:AFTER scaling: amps min=8.728e+08, max=2.926e+11, mean=2.676e+10
INFO: Structure factor grid stats: min=0.000e+00, max=2.926e+11, mean=1.059e+10, nonzero=69614
INFO:canonical_capture:Structure factor grid stats: min=0.000e+00, max=2.926e+11, mean=1.059e+10, nonzero=69614
INFO: HKL grid: 69614/69614 reflections in range (100.0%)
INFO:canonical_capture:HKL grid: 69614/69614 reflections in range (100.0%)
INFO: HKL grid nonzero: 69614
INFO:canonical_capture:HKL grid nonzero: 69614
INFO: Running nanobrag_torch simulator per panel...
INFO:canonical_capture:Running nanobrag_torch simulator per panel...
W1029 02:37:51.547643 134581611542016 torch/_dynamo/variables/tensor.py:715] [0/0] Graph break from `Tensor.item()`, consider setting:
W1029 02:37:51.547643 134581611542016 torch/_dynamo/variables/tensor.py:715] [0/0]     torch._dynamo.config.capture_scalar_outputs = True
W1029 02:37:51.547643 134581611542016 torch/_dynamo/variables/tensor.py:715] [0/0] or:
W1029 02:37:51.547643 134581611542016 torch/_dynamo/variables/tensor.py:715] [0/0]     env TORCHDYNAMO_CAPTURE_SCALAR_OUTPUTS=1
W1029 02:37:51.547643 134581611542016 torch/_dynamo/variables/tensor.py:715] [0/0] to include these operations in the captured graph.
W1029 02:37:51.547643 134581611542016 torch/_dynamo/variables/tensor.py:715] [0/0] 
nanoBragg nanocrystal diffraction simulator - James Holton and Ken Frankel 8-1-17
  69614 initialized hkls (all others =0)
  gaussian xtal: 36.5x28.0x26.5 cells
Unit Cell: 27.3638 32.0582 34.4691 88.6789 71.6455 68.1145
Recp Cell: 0.041746 0.0338293 0.0307605 83.8486 109.29 112.667
volume = 26462.9 A^3
  amorphous part of sample is 0 m thick x 0.0001 m high x 0.0001 m wide, 1 g/cm^3 and 18 g/mol (0 molecules)
missets:  0.00000000  0.00000000  0.00000000
real-space cell vectors (Angstrom):
     a           b           c         
X: 23.96770414 -0.00000000  0.00000000
Y: 10.00395356 32.04967091 -0.00000000
Z:  8.61675555  0.73909979 34.46909854
reciprocal-space cell vectors (Angstrom^-1):
     a_star      b_star      c_star    
X:  0.04174605 -0.01303057 -0.01015648
Y:  0.00000000  0.03121895 -0.00066941
Z:  0.00000000  0.00000000  0.02902765
  wave=9.768e-11 meters +/- 0% in 1 steps
  Kahn polarization factor: 1.000000
  incident fluence: 1e+18 photons/m^2
  distance=0.23129 detsize=0.423636x0.434644  pixel=0.000172 meters (2463x2527 pixels)
  Xbeam=0.217729 Ybeam=0.213894
  Fbeam=0.217729 Sbeam=0.213894
  Xclose=0.217515 Yclose=0.21279
  Fclose=0.217515 Sclose=0.21279
  DIRECTION_OF_DETECTOR_X-AXIS= 0.999998 0.00168636 -0.000924929
  DIRECTION_OF_DETECTOR_Y-AXIS= 0.00168193 -0.999987 -0.00477137
  DIRECTION_OF_DETECTOR_Z-AXIS= -0.000932963 0.00476981 -0.999988
  INCIDENT_BEAM_DIRECTION= 0 0 1
  spindle ROTATION_AXIS= 0.999998 0.00168636 -0.000924929
  POLARIZATION_PLANE_NORMAL= 0 -1 0
  dials origin= -217.515 213.891 -230.269
  roi: 0 < x < 2463 && 0 < y < 2527
  hdivrange=0 hdivstep=0  radians
  vdivrange=0 vdivstep=0  radians
  1 divergence steps
  1 sources
  1 mosaic domains over mosaic spread of 0 degrees
  1 phi steps from 0 to 0 degrees
  1x1 pixel oversample steps
[HKL hit rate] 0/6224001 pixels with structure factors (0.00%)
INFO: Panel 0 RAW torch output: device=cuda:0, dtype=torch.float32, shape=torch.Size([2527, 2463]), min=0.000000e+00, max=0.000000e+00, mean=0.000000e+00, nonzero=0
INFO:canonical_capture:Panel 0 RAW torch output: device=cuda:0, dtype=torch.float32, shape=torch.Size([2527, 2463]), min=0.000000e+00, max=0.000000e+00, mean=0.000000e+00, nonzero=0
INFO: Panel 0: torch_max=0.00, shape=(2527, 2463)
INFO:canonical_capture:Panel 0: torch_max=0.00, shape=(2527, 2463)
INFO: Torch baseline saved: max=0.00, shape=(1, 2527, 2463)
INFO:canonical_capture:Torch baseline saved: max=0.00, shape=(1, 2527, 2463)
INFO: Computing parity metrics...
INFO:canonical_capture:Computing parity metrics...
INFO: === Canonical Capture Complete ===
INFO:canonical_capture:=== Canonical Capture Complete ===
INFO: DiffBragg baseline: plans/active/NANOBRAG-GOLDEN-001/reports/2025-10-29T092655Z/golden_dataset/legacy/bragg_diffbragg.npy (max=36182.91)
INFO:canonical_capture:DiffBragg baseline: plans/active/NANOBRAG-GOLDEN-001/reports/2025-10-29T092655Z/golden_dataset/legacy/bragg_diffbragg.npy (max=36182.91)
INFO: Torch baseline: plans/active/NANOBRAG-GOLDEN-001/reports/2025-10-29T092655Z/golden_dataset/torch/bragg_torch.npy (max=0.00)
INFO:canonical_capture:Torch baseline: plans/active/NANOBRAG-GOLDEN-001/reports/2025-10-29T092655Z/golden_dataset/torch/bragg_torch.npy (max=0.00)
INFO: Metrics: plans/active/NANOBRAG-GOLDEN-001/reports/2025-10-29T092655Z/golden_dataset/metrics.json
INFO:canonical_capture:Metrics: plans/active/NANOBRAG-GOLDEN-001/reports/2025-10-29T092655Z/golden_dataset/metrics.json
INFO: Median correlation: nan
INFO:canonical_capture:Median correlation: nan
INFO: Localization success: 0.0%
INFO:canonical_capture:Localization success: 0.0%

Canonical dataset written to: plans/active/NANOBRAG-GOLDEN-001/reports/2025-10-29T092655Z/golden_dataset
Next steps:
  1. Inspect metrics: jq '.torch_max' plans/active/NANOBRAG-GOLDEN-001/reports/2025-10-29T092655Z/golden_dataset/torch/panel_metrics.json
  2. Check HKL stats: jq '.in_range_fraction' plans/active/NANOBRAG-GOLDEN-001/reports/2025-10-29T092655Z/torch_hkl_debug.json
  3. Run parity tests: KMP_DUPLICATE_LIB_OK=TRUE pytest -v tests/dbex/test_db_at_001_parity.py -k DB_AT_001
