2025-11-03 16:44:39,028 - canonical_capture - INFO - === Canonical Golden Dataset Generation ===
2025-11-03 16:44:39,028 - canonical_capture - INFO - Loading refGeom experiment...
2025-11-03 16:44:39,242 - canonical_capture - INFO - Loaded 92 reflections from /home/ollie/Documents/diffbragg_example_2/diffbragg_example/refGeom.refl
2025-11-03 16:44:39,243 - canonical_capture - INFO - Starting DiffBragg refinement (GPU devId=0 per DIFFBRAGG-001)...
2025-11-03 16:44:39,276 - canonical_capture - INFO - Refinement macro cycle 1/5...
2025-11-03 16:45:15,242 - canonical_capture - INFO - Refinement macro cycle 2/5...
2025-11-03 16:45:29,119 - canonical_capture - INFO - Refinement macro cycle 3/5...
2025-11-03 16:45:41,318 - canonical_capture - INFO - Refinement macro cycle 4/5...
2025-11-03 16:45:55,457 - canonical_capture - INFO - Refinement macro cycle 5/5...
2025-11-03 16:46:08,669 - canonical_capture - INFO - Refinement converged. Generating DiffBragg baseline...
2025-11-03 16:46:09,184 - canonical_capture - INFO - DiffBragg baseline saved: max=36177.70, shape=(1, 2527, 2463)
2025-11-03 16:46:09,185 - canonical_capture - INFO - Building nanobrag_torch configs...
2025-11-03 16:46:09,222 - canonical_capture - INFO - Building structure factor grid...
2025-11-03 16:46:09,252 - canonical_capture - INFO - Structure factors (no scaling applied per SCALE-001): min=1.546e+00, max=5.183e+02, mean=4.741e+01
2025-11-03 16:46:09,253 - canonical_capture - INFO - Ignoring scale_override=3.187e+17 per SCALE-001 (DiffBragg handles scaling internally)
2025-11-03 16:46:10,355 - canonical_capture - INFO - Structure factor grid stats: min=0.000e+00, max=5.183e+02, mean=1.876e+01, nonzero=69614
2025-11-03 16:46:10,355 - canonical_capture - INFO - HKL grid: 69614/69614 reflections in range (100.0%)
2025-11-03 16:46:10,355 - canonical_capture - INFO - HKL grid nonzero: 69614
2025-11-03 16:46:10,360 - canonical_capture - INFO - Running nanobrag_torch simulator per panel...
2025-11-03 16:46:10,360 - canonical_capture - INFO - Post-simulation global scale factor: sqrt(3.186741e+17) = 5.645123e+08
2025-11-03 16:47:08,348 - canonical_capture - INFO - === Canonical Golden Dataset Generation ===
2025-11-03 16:47:08,349 - canonical_capture - INFO - Loading refGeom experiment...
2025-11-03 16:47:08,573 - canonical_capture - INFO - Loaded 92 reflections from /home/ollie/Documents/diffbragg_example_2/diffbragg_example/refGeom.refl
2025-11-03 16:47:08,573 - canonical_capture - INFO - Starting DiffBragg refinement (GPU devId=0 per DIFFBRAGG-001)...
2025-11-03 16:47:08,606 - canonical_capture - INFO - Refinement macro cycle 1/5...
2025-11-03 16:47:44,411 - canonical_capture - INFO - Refinement macro cycle 2/5...
2025-11-03 16:47:58,275 - canonical_capture - INFO - Refinement macro cycle 3/5...
2025-11-03 16:48:10,630 - canonical_capture - INFO - Refinement macro cycle 4/5...
2025-11-03 16:48:24,535 - canonical_capture - INFO - Refinement macro cycle 5/5...
2025-11-03 16:48:38,037 - canonical_capture - INFO - Refinement converged. Generating DiffBragg baseline...
2025-11-03 16:48:38,567 - canonical_capture - INFO - DiffBragg baseline saved: max=36164.90, shape=(1, 2527, 2463)
2025-11-03 16:48:38,569 - canonical_capture - INFO - Building nanobrag_torch configs...
2025-11-03 16:48:38,605 - canonical_capture - INFO - Building structure factor grid...
2025-11-03 16:48:38,635 - canonical_capture - INFO - Structure factors (no scaling applied per SCALE-001): min=1.546e+00, max=5.183e+02, mean=4.741e+01
2025-11-03 16:48:38,635 - canonical_capture - INFO - Ignoring scale_override=3.185e+17 per SCALE-001 (DiffBragg handles scaling internally)
2025-11-03 16:48:39,716 - canonical_capture - INFO - Structure factor grid stats: min=0.000e+00, max=5.183e+02, mean=1.876e+01, nonzero=69614
2025-11-03 16:48:39,717 - canonical_capture - INFO - HKL grid: 69614/69614 reflections in range (100.0%)
2025-11-03 16:48:39,717 - canonical_capture - INFO - HKL grid nonzero: 69614
2025-11-03 16:48:39,721 - canonical_capture - INFO - Running nanobrag_torch simulator per panel...
2025-11-03 16:48:39,721 - canonical_capture - INFO - Post-simulation global scale factor: sqrt(3.185181e+17) = 5.643740e+08
2025-11-03 16:48:42,038 - canonical_capture - INFO - Panel 0 RAW torch output: device=cuda:0, dtype=torch.float32, shape=torch.Size([2527, 2463]), min=0.000000e+00, max=9.470871e-05, mean=5.732250e-10, nonzero=5632616
2025-11-03 16:48:42,038 - canonical_capture - INFO - Panel 0 SCALED torch output: min=0.000000e+00, max=5.345114e+04, mean=3.235133e-01
2025-11-03 16:48:42,059 - canonical_capture - INFO - Panel 0: torch_max=53451.14, shape=(2527, 2463)
2025-11-03 16:48:42,091 - canonical_capture - INFO - Torch baseline saved: max=53451.14, shape=(1, 2527, 2463)
2025-11-03 16:48:42,091 - canonical_capture - INFO - Computing parity metrics...
2025-11-03 16:48:42,113 - canonical_capture - INFO - Generating manifest.json with SHA256 checksums...
2025-11-03 16:48:42,190 - canonical_capture - INFO -   bragg_diffbragg.npy: 036dac3d3d2d8892...
2025-11-03 16:48:42,208 - canonical_capture - INFO -   bragg_torch.npy: 190358e0c69105b5...
2025-11-03 16:48:42,226 - canonical_capture - INFO -   target_panel_0.npy: 3ae4d01ef0a57dd8...
2025-11-03 16:48:42,231 - canonical_capture - INFO -   loss_mask_panel_0.npy: 9301d36f09eb6a15...
2025-11-03 16:48:42,231 - canonical_capture - INFO - Manifest written to /home/ollie/Documents/diffbragg_example_2/diffbragg_example/plans/active/NANOBRAG-GOLDEN-001/reports/2025-11-04T011500Z/golden_dataset/manifest.json
2025-11-03 16:48:42,231 - canonical_capture - INFO -   manifest.json: 6c5edfc89f6b5010... (self-checksum)
2025-11-03 16:48:42,231 - canonical_capture - INFO - Copying canonical tensors to fixtures directory: /home/ollie/Documents/diffbragg_example_2/diffbragg_example/tests/fixtures/golden_data/simple_cubic
2025-11-03 16:48:42,260 - canonical_capture - INFO -   Copied bragg_diffbragg.npy -> /home/ollie/Documents/diffbragg_example_2/diffbragg_example/tests/fixtures/golden_data/simple_cubic/bragg_diffbragg.npy
2025-11-03 16:48:42,280 - canonical_capture - INFO -   Copied bragg_torch.npy -> /home/ollie/Documents/diffbragg_example_2/diffbragg_example/tests/fixtures/golden_data/simple_cubic/bragg_torch.npy
2025-11-03 16:48:42,300 - canonical_capture - INFO -   Copied target_panel_0.npy -> /home/ollie/Documents/diffbragg_example_2/diffbragg_example/tests/fixtures/golden_data/simple_cubic/target_panel_0.npy
2025-11-03 16:48:42,306 - canonical_capture - INFO -   Copied loss_mask_panel_0.npy -> /home/ollie/Documents/diffbragg_example_2/diffbragg_example/tests/fixtures/golden_data/simple_cubic/loss_mask_panel_0.npy
2025-11-03 16:48:42,306 - canonical_capture - INFO -   Copied manifest.json -> /home/ollie/Documents/diffbragg_example_2/diffbragg_example/tests/fixtures/golden_data/simple_cubic/manifest.json
2025-11-03 16:48:42,306 - canonical_capture - INFO -   Wrote metadata.json -> /home/ollie/Documents/diffbragg_example_2/diffbragg_example/tests/fixtures/golden_data/simple_cubic/metadata.json
2025-11-03 16:48:42,306 - canonical_capture - INFO - === Canonical Capture Complete ===
2025-11-03 16:48:42,308 - canonical_capture - INFO - DiffBragg baseline: /home/ollie/Documents/diffbragg_example_2/diffbragg_example/plans/active/NANOBRAG-GOLDEN-001/reports/2025-11-04T011500Z/golden_dataset/legacy/bragg_diffbragg.npy (max=36164.90)
2025-11-03 16:48:42,309 - canonical_capture - INFO - Torch baseline: /home/ollie/Documents/diffbragg_example_2/diffbragg_example/plans/active/NANOBRAG-GOLDEN-001/reports/2025-11-04T011500Z/golden_dataset/torch/bragg_torch.npy (max=53451.14)
2025-11-03 16:48:42,309 - canonical_capture - INFO - Metrics: /home/ollie/Documents/diffbragg_example_2/diffbragg_example/plans/active/NANOBRAG-GOLDEN-001/reports/2025-11-04T011500Z/golden_dataset/metrics.json
2025-11-03 16:48:42,309 - canonical_capture - INFO - Median correlation: -0.0457
2025-11-03 16:48:42,309 - canonical_capture - INFO - Localization success: 5.6%
