Square lattice scaling probe
============================================================
N_cells target: (41, 29, 32)
Expected ratio: 1,447,650,304.0
Oversample: 5
Detector: 1×1 pixels
Phi steps: 1, Mosaic domains: 1
Device: cpu

Running base case: N_cells=(1,1,1)
TRACE_PY: pix0_vector_meters 0.100000001490116 4.99999987368938e-05 -4.99999987368938e-05
TRACE_PY: fdet_vec 0 0 1
TRACE_PY: sdet_vec 0 -1 0
TRACE_PY: pixel_pos_meters 0.100000001490116 0 0
TRACE_PY: R_distance_meters 0.100000001490116
TRACE_PY: omega_pixel_sr 9.99999997475243e-07
TRACE_PY: close_distance_meters 0.100000001490116
TRACE_PY: obliquity_factor 1
TRACE_PY: diffracted_vec 1 0 0
TRACE_PY: incident_vec -1 -0 -0
TRACE_PY: lambda_meters 1e-10
TRACE_PY: lambda_angstroms 1
TRACE_PY: scattering_vec_A_inv 20000000000 0 0
TRACE_PY: rot_a_angstroms 1.00000017155821e-08 -4.37113946468983e-16 -4.37113972938762e-16
TRACE_PY: rot_b_angstroms 0 1.00000017155821e-08 -4.37113946468983e-16
TRACE_PY: rot_c_angstroms 0 0 1.00000008274037e-08
TRACE_PY: spindle_axis_raw 0 0 1
TRACE_PY: spindle_axis_normalized 0 0 1
TRACE_PY: spindle_magnitude 1
TRACE_PY: rot_a_star_A_inv 0.00999999884516001 -0 0
TRACE_PY: rot_b_star_A_inv 4.37113789608645e-10 0.00999999884516001 -0
TRACE_PY: rot_c_star_A_inv 4.37113928386523e-10 4.37113872875372e-10 0.00999999977648258
TRACE_PY: hkl_frac 2.00000034311643e-08 0 0
TRACE_PY: hkl_rounded 0 0 0
TRACE_PY: F_latt_a 1
TRACE_PY: F_latt_b 1
TRACE_PY: F_latt_c 1
TRACE_PY: F_latt 1
TRACE_PY: F_cell_interpolated 100
TRACE_PY: F_cell_nearest 100
TRACE_PY: I_before_scaling_pre_polar 175622288
TRACE_PY: I_before_scaling_post_polar 175622272
TRACE_PY: r_e_meters 2.81794118441937e-15
TRACE_PY: r_e_sqr 7.9407927259064e-30
TRACE_PY: fluence_photons_per_m2 1.25932017574725e+29
TRACE_PY: steps 1
TRACE_PY: oversample_thick 0
TRACE_PY: oversample_polar 0
TRACE_PY: oversample_omega 0
TRACE_PY: capture_fraction 1
TRACE_PY: polar 1
TRACE_PY: omega_pixel 9.99999997475243e-07
TRACE_PY: cos_2theta -1
TRACE_PY: I_pixel_final 175.622192382812
TRACE_PY: floatimage_accumulated 175.622192382812

Final intensity = 1.756222e+02
Normalized intensity = 1.756222e+02
Position (meters): (1.000000e-01, 0.000000e+00, 0.000000e+00)
Airpath (meters): 1.000000e-01
TRACE: r_e^2 = 7.940792725906e-30
TRACE: Fluence = 1.259320175747e+29
TRACE: Oversample = 5

TRACE: Intensity calculation chain:
  normalized * r_e^2 * fluence
  = 1.756221771240e+02 * 7.940792725906e-30 * 1.259320175747e+29
  = 1.756221923828e+02
  Base intensity: 1.756222e+02
  Base payload: F_cell=1.000000e+02, F_latt=1.000000e+00, F_total²=N/A, I_pre_polar=7.024892e+06

Running scaled case: N_cells=(41,29,32)
TRACE_PY: pix0_vector_meters 0.100000001490116 4.99999987368938e-05 -4.99999987368938e-05
TRACE_PY: fdet_vec 0 0 1
TRACE_PY: sdet_vec 0 -1 0
TRACE_PY: pixel_pos_meters 0.100000001490116 0 0
TRACE_PY: R_distance_meters 0.100000001490116
TRACE_PY: omega_pixel_sr 9.99999997475243e-07
TRACE_PY: close_distance_meters 0.100000001490116
TRACE_PY: obliquity_factor 1
TRACE_PY: diffracted_vec 1 0 0
TRACE_PY: incident_vec -1 -0 -0
TRACE_PY: lambda_meters 1e-10
TRACE_PY: lambda_angstroms 1
TRACE_PY: scattering_vec_A_inv 20000000000 0 0
TRACE_PY: rot_a_angstroms 1.00000017155821e-08 -4.37113946468983e-16 -4.37113972938762e-16
TRACE_PY: rot_b_angstroms 0 1.00000017155821e-08 -4.37113946468983e-16
TRACE_PY: rot_c_angstroms 0 0 1.00000008274037e-08
TRACE_PY: spindle_axis_raw 0 0 1
TRACE_PY: spindle_axis_normalized 0 0 1
TRACE_PY: spindle_magnitude 1
TRACE_PY: rot_a_star_A_inv 0.00999999884516001 -0 0
TRACE_PY: rot_b_star_A_inv 4.37113789608645e-10 0.00999999884516001 -0
TRACE_PY: rot_c_star_A_inv 4.37113928386523e-10 4.37113872875372e-10 0.00999999977648258
TRACE_PY: hkl_frac 2.00000034311643e-08 0 0
TRACE_PY: hkl_rounded 0 0 0
TRACE_PY: F_latt_a 41
TRACE_PY: F_latt_b 29
TRACE_PY: F_latt_c 32
TRACE_PY: F_latt 38048
TRACE_PY: F_cell_interpolated 100
TRACE_PY: F_cell_nearest 100
TRACE_PY: I_before_scaling_pre_polar 2.40867907762913e+16
TRACE_PY: I_before_scaling_post_polar 2.40867907762913e+16
TRACE_PY: r_e_meters 2.81794118441937e-15
TRACE_PY: r_e_sqr 7.9407927259064e-30
TRACE_PY: fluence_photons_per_m2 1.25932017574725e+29
TRACE_PY: steps 1
TRACE_PY: oversample_thick 0
TRACE_PY: oversample_polar 0
TRACE_PY: oversample_omega 0
TRACE_PY: capture_fraction 1
TRACE_PY: polar 1
TRACE_PY: omega_pixel 9.99999997475243e-07
TRACE_PY: cos_2theta -1
TRACE_PY: I_pixel_final 24086777856
TRACE_PY: floatimage_accumulated 24086777856

Final intensity = 2.408678e+10
Normalized intensity = 2.408678e+10
Position (meters): (1.000000e-01, 0.000000e+00, 0.000000e+00)
Airpath (meters): 1.000000e-01
TRACE: r_e^2 = 7.940792725906e-30
TRACE: Fluence = 1.259320175747e+29
TRACE: Oversample = 5

TRACE: Intensity calculation chain:
  normalized * r_e^2 * fluence
  = 2.408677785600e+10 * 7.940792725906e-30 * 1.259320175747e+29
  = 2.408677785600e+10
  Scaled intensity: 2.408678e+10
  Scaled payload: F_cell=1.000000e+02, F_latt=4.151231e+03, F_total²=N/A, I_pre_polar=9.634716e+14
  Min |Δ| stats (C.33 oversample centering):
    min_abs_delta_h: 1.525879e-05
    min_abs_delta_k: 0.000000e+00
    min_abs_delta_l: 0.000000e+00
  Subpixel offset stats (C.36 detector-plane sampling):
    Slow: min=-0.400000, median=0.000000, max=0.400000 | straddles_zero=YES
    Fast: min=-0.400000, median=0.000000, max=0.400000 | straddles_zero=YES
  Traced pixel HKL tensor stats (C.35):
    h: min=200.000015, median=200.000031, max=200.000031
    k: min=-0.040000, median=0.000000, max=0.040000
    l: min=-0.040000, median=0.000000, max=0.040000
    h0: min=200, median=200, max=200
    k0: min=-0, median=0, max=-0
    l0: min=0, median=0, max=0
  HKL projection audit (C.37 dual-basis solve):
    Deltas: production_HKL - dual_basis_HKL (signed offsets)
    Δh: min=0.000000e+00, median=0.000000e+00, max=0.000000e+00
    Δk: min=-3.725290e-09, median=0.000000e+00, max=3.725290e-09
    Δl: min=-3.725290e-09, median=0.000000e+00, max=3.725290e-09

Results
============================================================
Expected ratio: 1,447,650,304.0
Observed ratio: 137,151,105.6
Relative error: 90.53%
Ratio deviation: 0.094740x expected

Phase C.31 Derived Ratios:
  F_latt_ratio: 4.151231e+03
  F_latt_ratio_expected: 3.804800e+04
  I_pre_polar_ratio: 1.371511e+08
  I_pre_polar_ratio_expected: 1.447650e+09
  base_I_pre_polar_over_F_total_sq: 7.024891e+02
  scaled_I_pre_polar_over_F_total_sq: 5.590943e+03

Phase C.34 Subpixel Coverage Analysis:
  Total subpixels: 25
  Subpixels in central lobe: 9 (36.00%)
  Thresholds: |Δh| < 0.024390, |Δk| < 0.034483, |Δl| < 0.031250
  Intensity share from central lobe: 92.93%
  Implied (Na·Nb·Nc)² ratio from coverage: 1.345232e+09

Wrote JSON: /tmp/galph_probe_os5/square_lattice_scaling.json
Wrote Markdown: /tmp/galph_probe_os5/square_lattice_scaling.md

Probe complete.
