/home/ollie/miniconda3/envs/simtbx/lib/python3.9/site-packages/dials/extensions/__init__.py:3: UserWarning: pkg_resources is deprecated as an API. See https://setuptools.pypa.io/en/latest/pkg_resources.html. The pkg_resources package is slated for removal as early as 2025-11-30. Refrain from using this package or pin to Setuptools<81.
  import pkg_resources
<frozen importlib._bootstrap>:228: RuntimeWarning: to-Python converter for scitbx::af::shared<scitbx::af::shared<scitbx::vec3<double> > > already registered; second conversion method ignored.
COMMANDLINE: libtbx.python /home/ollie/Documents/diffbragg_example_2/diffbragg_example/scripts/generate_simple_cubic_golden.py --canonical-out /home/ollie/Documents/diffbragg_example_2/diffbragg_example/plans/active/NANOBRAG-GOLDEN-001/reports/2025-10-29T084244Z/golden_dataset --hkldebug plans/active/NANOBRAG-GOLDEN-001/reports/2025-10-29T084244Z/torch_hkl_debug.json
INFO: === Canonical Golden Dataset Generation ===
INFO: Loading refGeom experiment...
INFO: Loaded 92 reflections from /home/ollie/Documents/diffbragg_example_2/diffbragg_example/refGeom.refl
INFO: Starting DiffBragg refinement (GPU devId=0 per DIFFBRAGG-001)...
INFO: Refinement macro cycle 1/5...
Warning, crystal system not determined, assuming triclinic
Warning, crystal system not determined, assuming triclinic
Warning, crystal system not determined, assuming triclinic
Warning, crystal system not determined, assuming triclinic
Warning, crystal system not determined, assuming triclinic
Will optimize using 1 experiments
RANK0000 | 2025-10-29 02:02:00,735 | Loading nrefls per shot
Found 1 shots originally, but only 1 had finite number of refls to model
RANK0000 | 2025-10-29 02:02:00,736 | EVENT: begin loading inputs
RANK0000 | 2025-10-29 02:02:00,766 | Will use space group symbol P 1
RANK0000 | 2025-10-29 02:02:00,902 | EVENT: BEGIN loading experiment list
RANK0000 | 2025-10-29 02:02:00,904 | EVENT: DONE loading experiment list
Warning, crystal system not determined, assuming triclinic
RANK0000 | 2025-10-29 02:02:00,905 | EVENT: LOADING ROI DATA
RANK0000 | 2025-10-29 02:02:00,975 | Number of ROIS that will proceed to refinement: 87/92
RANK0000 | 2025-10-29 02:02:00,993 | Setting initial mosaicity from params.init.eta_abc: 0.000000 0.000000 0.000000
RANK0000 | 2025-10-29 02:02:00,993 | Number of mosaic domains from params: 1
RANK0000 | 2025-10-29 02:02:01,066 | Loaded simulator
RANK0000 | 2025-10-29 02:02:01,066 | Will not use mosaic models, as simulator.crystal.num_mosaicity_samples=1
RANK0000 | 2025-10-29 02:02:01,102 | EVENT: DONE LOADING ROI
RANK0000 | 2025-10-29 02:02:01,103 | Will simulate 1 energy channels
RANK0000 | 2025-10-29 02:02:01,103 | Process memory usage: 1.234325 GB on node ollie-System-Product-Name
RANK0000 | 2025-10-29 02:02:01,103 | Finished loading image 1 / 1 (1 / 1)
Warning, crystal system not determined, assuming triclinic
RANK0000 | 2025-10-29 02:02:01,103 | DONE LOADING DATA; ENTER BARRIER
RANK0000 | 2025-10-29 02:02:01,103 | DONE LOADING DATA; EXIT BARRIER
RANK0000 | 2025-10-29 02:02:01,103 | Mem after panel groups: 1.234325 GB on node ollie-System-Product-Name
RANK0000 | 2025-10-29 02:02:01,103 | EVENT: Gathering global HKL information
RANK0000 | 2025-10-29 02:02:01,210 | EVENT: FINISHED gather global HKL information
RANK0000 | 2025-10-29 02:02:01,210 | Mem after gather Hi info: 1.234325 GB on node ollie-System-Product-Name
RANK0000 | 2025-10-29 02:02:01,210 | BEGIN DETERMINE MAX PIX
RANK0000 | 2025-10-29 02:02:01,210 | Rank 0, max pix to be modeled: 8700
RANK0000 | 2025-10-29 02:02:01,210 | DONE DETERMINE MAX PIX
RANK0000 | 2025-10-29 02:02:01,210 | Mem after determine max num pix: 1.234325 GB on node ollie-System-Product-Name
RANK0000 | 2025-10-29 02:02:01,210 | Mem after load_inputs: 1.234325 GB on node ollie-System-Product-Name
How many pixels each rank will allocate for on its device:
(rnk0, dev0): 8700 pix
Iteration 1:
	Resid=242623.295220, sigmaZ 7.147279, t-per-iter=0.0348 sec, pred_offsets=
Iteration 2:
	Resid=281477044.323482, sigmaZ 253.604838, t-per-iter=0.0347 sec, pred_offsets=
Iteration 3:
	Resid=281476832.960654, sigmaZ 253.603633, t-per-iter=0.0348 sec, pred_offsets=
Iteration 4:
	Resid=261777.088314, sigmaZ 7.449009, t-per-iter=0.0345 sec, pred_offsets=
Iteration 5:
	Resid=241356.786137, sigmaZ 7.126871, t-per-iter=0.0343 sec, pred_offsets=
Iteration 6:
	Resid=240786.254040, sigmaZ 7.117659, t-per-iter=0.0341 sec, pred_offsets=
Iteration 7:
	Resid=239705.853976, sigmaZ 7.100181, t-per-iter=0.0341 sec, pred_offsets=
Iteration 8:
	Resid=239420.744381, sigmaZ 7.095560, t-per-iter=0.0340 sec, pred_offsets=
Iteration 9:
	Resid=239357.018135, sigmaZ 7.094529, t-per-iter=0.0340 sec, pred_offsets=
Iteration 10:
	Resid=239336.787527, sigmaZ 7.094201, t-per-iter=0.0339 sec, pred_offsets=
Iteration 11:
	Resid=239199.622647, sigmaZ 7.091978, t-per-iter=0.0339 sec, pred_offsets=
Iteration 12:
	Resid=239064.961816, sigmaZ 7.089794, t-per-iter=0.0339 sec, pred_offsets=
Iteration 13:
	Resid=238955.408809, sigmaZ 7.088016, t-per-iter=0.0339 sec, pred_offsets=
Iteration 14:
	Resid=238938.915331, sigmaZ 7.087748, t-per-iter=0.0339 sec, pred_offsets=
Iteration 15:
	Resid=238938.155211, sigmaZ 7.087735, t-per-iter=0.0339 sec, pred_offsets=
Iteration 16:
	Resid=238938.138993, sigmaZ 7.087735, t-per-iter=0.0338 sec, pred_offsets=
Iteration 17:
	Resid=238938.138808, sigmaZ 7.087735, t-per-iter=0.0338 sec, pred_offsets=
Iteration 18:
	Resid=238938.138792, sigmaZ 7.087735, t-per-iter=0.0338 sec, pred_offsets=
Final Iteration 18:
	Resid=238938.138792, sigmaZ 7.087735
Saved detector model to _geom.out/diffBragg_detector.expt
INFO: Refinement macro cycle 2/5...
INFO:canonical_capture:Refinement macro cycle 2/5...
RANK0000 | 2025-10-29 02:02:01,893 | Number of ROIS that will proceed to refinement: 87/92
RANK0000 | 2025-10-29 02:02:01,910 | Setting initial mosaicity from params.init.eta_abc: 0.000000 0.000000 0.000000
RANK0000 | 2025-10-29 02:02:01,910 | Number of mosaic domains from params: 1
RANK0000 | 2025-10-29 02:02:01,984 | Loaded simulator
RANK0000 | 2025-10-29 02:02:01,984 | Will not use mosaic models, as simulator.crystal.num_mosaicity_samples=1
Warning, crystal system not determined, assuming triclinic
RANK0000 | 2025-10-29 02:02:01,984 | Unit cell variable a_Ang (currently=27.359348) is bounded by 24.623414 and 30.095283
RANK0000 | 2025-10-29 02:02:01,984 | Unit cell variable b_Ang (currently=32.053346) is bounded by 28.848012 and 35.258681
RANK0000 | 2025-10-29 02:02:01,984 | Unit cell variable c_Ang (currently=34.447265) is bounded by 31.002539 and 37.891992
RANK0000 | 2025-10-29 02:02:01,984 | Unit cell variable alpha_rad (currently=1.548473) is bounded by 1.461207 and 1.635740
RANK0000 | 2025-10-29 02:02:01,984 | Unit cell variable beta_rad (currently=1.249642) is bounded by 1.162376 and 1.336909
RANK0000 | 2025-10-29 02:02:01,984 | Unit cell variable gamma_rad (currently=1.189223) is bounded by 1.101956 and 1.276489
Warning, crystal system not determined, assuming triclinic
RANK0000 | 2025-10-29 02:02:08,734 | Filtered 5 / 92 reflections which did not show peaks in model
RANK0000 | 2025-10-29 02:02:08,804 | Number of ROIS that will proceed to refinement: 87/92
RANK0000 | 2025-10-29 02:02:08,822 | Setting initial mosaicity from params.init.eta_abc: 0.000000 0.000000 0.000000
RANK0000 | 2025-10-29 02:02:08,822 | Number of mosaic domains from params: 1
RANK0000 | 2025-10-29 02:02:08,897 | Loaded simulator
RANK0000 | 2025-10-29 02:02:08,897 | Will not use mosaic models, as simulator.crystal.num_mosaicity_samples=1
Warning, crystal system not determined, assuming triclinic
RANK0000 | 2025-10-29 02:02:09,016 | Unit cell variable a_Ang (currently=27.360161) is bounded by 24.624145 and 30.096177
RANK0000 | 2025-10-29 02:02:09,016 | Unit cell variable b_Ang (currently=32.057000) is bounded by 28.851300 and 35.262700
RANK0000 | 2025-10-29 02:02:09,016 | Unit cell variable c_Ang (currently=34.454273) is bounded by 31.008846 and 37.899700
RANK0000 | 2025-10-29 02:02:09,016 | Unit cell variable alpha_rad (currently=1.548181) is bounded by 1.460914 and 1.635447
RANK0000 | 2025-10-29 02:02:09,016 | Unit cell variable beta_rad (currently=1.249337) is bounded by 1.162071 and 1.336604
RANK0000 | 2025-10-29 02:02:09,016 | Unit cell variable gamma_rad (currently=1.189185) is bounded by 1.101919 and 1.276452
Warning, crystal system not determined, assuming triclinic
RANK0000 | 2025-10-29 02:02:14,499 | Filtered 5 / 92 reflections which did not show peaks in model
Warning, crystal system not determined, assuming triclinic
Will optimize using 1 experiments
RANK0000 | 2025-10-29 02:02:14,629 | Loading nrefls per shot
RANK0000 | 2025-10-29 02:02:14,629 | Loading nrefls per shot
Found 1 shots originally, but only 1 had finite number of refls to model
RANK0000 | 2025-10-29 02:02:14,631 | EVENT: begin loading inputs
RANK0000 | 2025-10-29 02:02:14,631 | EVENT: begin loading inputs
RANK0000 | 2025-10-29 02:02:14,658 | Will use space group symbol P 1
RANK0000 | 2025-10-29 02:02:14,658 | Will use space group symbol P 1
RANK0000 | 2025-10-29 02:02:14,789 | EVENT: BEGIN loading experiment list
RANK0000 | 2025-10-29 02:02:14,789 | EVENT: BEGIN loading experiment list
RANK0000 | 2025-10-29 02:02:14,791 | EVENT: DONE loading experiment list
RANK0000 | 2025-10-29 02:02:14,791 | EVENT: DONE loading experiment list
Warning, crystal system not determined, assuming triclinic
RANK0000 | 2025-10-29 02:02:14,792 | EVENT: LOADING ROI DATA
RANK0000 | 2025-10-29 02:02:14,792 | EVENT: LOADING ROI DATA
RANK0000 | 2025-10-29 02:02:14,865 | Number of ROIS that will proceed to refinement: 87/92
RANK0000 | 2025-10-29 02:02:14,865 | Number of ROIS that will proceed to refinement: 87/92
RANK0000 | 2025-10-29 02:02:14,882 | Setting initial mosaicity from params.init.eta_abc: 0.000000 0.000000 0.000000
RANK0000 | 2025-10-29 02:02:14,882 | Setting initial mosaicity from params.init.eta_abc: 0.000000 0.000000 0.000000
RANK0000 | 2025-10-29 02:02:14,882 | Number of mosaic domains from params: 1
RANK0000 | 2025-10-29 02:02:14,882 | Number of mosaic domains from params: 1
RANK0000 | 2025-10-29 02:02:14,960 | Loaded simulator
RANK0000 | 2025-10-29 02:02:14,960 | Loaded simulator
RANK0000 | 2025-10-29 02:02:14,960 | Will not use mosaic models, as simulator.crystal.num_mosaicity_samples=1
RANK0000 | 2025-10-29 02:02:14,960 | Will not use mosaic models, as simulator.crystal.num_mosaicity_samples=1
RANK0000 | 2025-10-29 02:02:14,999 | EVENT: DONE LOADING ROI
RANK0000 | 2025-10-29 02:02:14,999 | EVENT: DONE LOADING ROI
RANK0000 | 2025-10-29 02:02:14,999 | Will simulate 1 energy channels
RANK0000 | 2025-10-29 02:02:14,999 | Will simulate 1 energy channels
RANK0000 | 2025-10-29 02:02:14,999 | Process memory usage: 1.407356 GB on node ollie-System-Product-Name
RANK0000 | 2025-10-29 02:02:14,999 | Process memory usage: 1.407356 GB on node ollie-System-Product-Name
RANK0000 | 2025-10-29 02:02:14,999 | Finished loading image 1 / 1 (1 / 1)
RANK0000 | 2025-10-29 02:02:14,999 | Finished loading image 1 / 1 (1 / 1)
Warning, crystal system not determined, assuming triclinic
RANK0000 | 2025-10-29 02:02:15,000 | DONE LOADING DATA; ENTER BARRIER
RANK0000 | 2025-10-29 02:02:15,000 | DONE LOADING DATA; ENTER BARRIER
RANK0000 | 2025-10-29 02:02:15,000 | DONE LOADING DATA; EXIT BARRIER
RANK0000 | 2025-10-29 02:02:15,000 | DONE LOADING DATA; EXIT BARRIER
RANK0000 | 2025-10-29 02:02:15,000 | Mem after panel groups: 1.407356 GB on node ollie-System-Product-Name
RANK0000 | 2025-10-29 02:02:15,000 | Mem after panel groups: 1.407356 GB on node ollie-System-Product-Name
RANK0000 | 2025-10-29 02:02:15,000 | EVENT: Gathering global HKL information
RANK0000 | 2025-10-29 02:02:15,000 | EVENT: Gathering global HKL information
RANK0000 | 2025-10-29 02:02:15,101 | EVENT: FINISHED gather global HKL information
RANK0000 | 2025-10-29 02:02:15,101 | EVENT: FINISHED gather global HKL information
RANK0000 | 2025-10-29 02:02:15,101 | Mem after gather Hi info: 1.407356 GB on node ollie-System-Product-Name
RANK0000 | 2025-10-29 02:02:15,101 | Mem after gather Hi info: 1.407356 GB on node ollie-System-Product-Name
RANK0000 | 2025-10-29 02:02:15,101 | BEGIN DETERMINE MAX PIX
RANK0000 | 2025-10-29 02:02:15,101 | BEGIN DETERMINE MAX PIX
RANK0000 | 2025-10-29 02:02:15,101 | Rank 0, max pix to be modeled: 8700
RANK0000 | 2025-10-29 02:02:15,101 | Rank 0, max pix to be modeled: 8700
RANK0000 | 2025-10-29 02:02:15,101 | DONE DETERMINE MAX PIX
RANK0000 | 2025-10-29 02:02:15,101 | DONE DETERMINE MAX PIX
RANK0000 | 2025-10-29 02:02:15,101 | Mem after determine max num pix: 1.407356 GB on node ollie-System-Product-Name
RANK0000 | 2025-10-29 02:02:15,101 | Mem after determine max num pix: 1.407356 GB on node ollie-System-Product-Name
RANK0000 | 2025-10-29 02:02:15,101 | Mem after load_inputs: 1.407356 GB on node ollie-System-Product-Name
RANK0000 | 2025-10-29 02:02:15,101 | Mem after load_inputs: 1.407356 GB on node ollie-System-Product-Name
How many pixels each rank will allocate for on its device:
(rnk0, dev0): 8700 pix
Iteration 1:
	Resid=196896.917373, sigmaZ 6.355073, t-per-iter=0.0401 sec, pred_offsets=
Iteration 2:
	Resid=281495620.208125, sigmaZ 253.616354, t-per-iter=0.0396 sec, pred_offsets=
Iteration 3:
	Resid=279872524.648461, sigmaZ 252.980854, t-per-iter=0.0393 sec, pred_offsets=
Iteration 4:
	Resid=196810.513006, sigmaZ 6.353498, t-per-iter=0.0392 sec, pred_offsets=
Iteration 5:
	Resid=196385.340663, sigmaZ 6.345704, t-per-iter=0.0391 sec, pred_offsets=
Iteration 6:
	Resid=197952.944469, sigmaZ 6.374170, t-per-iter=0.0390 sec, pred_offsets=
Iteration 7:
	Resid=196373.849629, sigmaZ 6.345497, t-per-iter=0.0390 sec, pred_offsets=
Iteration 8:
	Resid=196371.743623, sigmaZ 6.345461, t-per-iter=0.0391 sec, pred_offsets=
Iteration 9:
	Resid=196368.656111, sigmaZ 6.345412, t-per-iter=0.0390 sec, pred_offsets=
Iteration 10:
	Resid=196368.387272, sigmaZ 6.345407, t-per-iter=0.0390 sec, pred_offsets=
Iteration 11:
	Resid=196367.471347, sigmaZ 6.345391, t-per-iter=0.0390 sec, pred_offsets=
Iteration 12:
	Resid=196363.360730, sigmaZ 6.345315, t-per-iter=0.0390 sec, pred_offsets=
Iteration 13:
	Resid=196360.685034, sigmaZ 6.345261, t-per-iter=0.0389 sec, pred_offsets=
Iteration 14:
	Resid=196359.939109, sigmaZ 6.345243, t-per-iter=0.0389 sec, pred_offsets=
Iteration 15:
	Resid=196359.863278, sigmaZ 6.345241, t-per-iter=0.0389 sec, pred_offsets=
Iteration 16:
	Resid=196359.849867, sigmaZ 6.345241, t-per-iter=0.0389 sec, pred_offsets=
Iteration 17:
	Resid=196359.825822, sigmaZ 6.345240, t-per-iter=0.0389 sec, pred_offsets=
Iteration 18:
	Resid=196359.816067, sigmaZ 6.345240, t-per-iter=0.0389 sec, pred_offsets=
Iteration 19:
	Resid=196359.816066, sigmaZ 6.345240, t-per-iter=0.0389 sec, pred_offsets=
Final Iteration 19:
	Resid=196359.816066, sigmaZ 6.345240
Saved detector model to _geom.out/diffBragg_detector.expt
INFO: Refinement macro cycle 3/5...
INFO:canonical_capture:Refinement macro cycle 3/5...
RANK0000 | 2025-10-29 02:02:15,908 | Number of ROIS that will proceed to refinement: 87/92
RANK0000 | 2025-10-29 02:02:15,908 | Number of ROIS that will proceed to refinement: 87/92
RANK0000 | 2025-10-29 02:02:15,926 | Setting initial mosaicity from params.init.eta_abc: 0.000000 0.000000 0.000000
RANK0000 | 2025-10-29 02:02:15,926 | Setting initial mosaicity from params.init.eta_abc: 0.000000 0.000000 0.000000
RANK0000 | 2025-10-29 02:02:15,926 | Number of mosaic domains from params: 1
RANK0000 | 2025-10-29 02:02:15,926 | Number of mosaic domains from params: 1
RANK0000 | 2025-10-29 02:02:15,998 | Loaded simulator
RANK0000 | 2025-10-29 02:02:15,998 | Loaded simulator
RANK0000 | 2025-10-29 02:02:15,999 | Will not use mosaic models, as simulator.crystal.num_mosaicity_samples=1
RANK0000 | 2025-10-29 02:02:15,999 | Will not use mosaic models, as simulator.crystal.num_mosaicity_samples=1
Warning, crystal system not determined, assuming triclinic
RANK0000 | 2025-10-29 02:02:15,999 | Unit cell variable a_Ang (currently=27.360161) is bounded by 24.624145 and 30.096177
RANK0000 | 2025-10-29 02:02:15,999 | Unit cell variable a_Ang (currently=27.360161) is bounded by 24.624145 and 30.096177
RANK0000 | 2025-10-29 02:02:15,999 | Unit cell variable b_Ang (currently=32.057000) is bounded by 28.851300 and 35.262700
RANK0000 | 2025-10-29 02:02:15,999 | Unit cell variable b_Ang (currently=32.057000) is bounded by 28.851300 and 35.262700
RANK0000 | 2025-10-29 02:02:15,999 | Unit cell variable c_Ang (currently=34.454273) is bounded by 31.008846 and 37.899700
RANK0000 | 2025-10-29 02:02:15,999 | Unit cell variable c_Ang (currently=34.454273) is bounded by 31.008846 and 37.899700
RANK0000 | 2025-10-29 02:02:15,999 | Unit cell variable alpha_rad (currently=1.548181) is bounded by 1.460914 and 1.635447
RANK0000 | 2025-10-29 02:02:15,999 | Unit cell variable alpha_rad (currently=1.548181) is bounded by 1.460914 and 1.635447
RANK0000 | 2025-10-29 02:02:15,999 | Unit cell variable beta_rad (currently=1.249337) is bounded by 1.162071 and 1.336604
RANK0000 | 2025-10-29 02:02:15,999 | Unit cell variable beta_rad (currently=1.249337) is bounded by 1.162071 and 1.336604
RANK0000 | 2025-10-29 02:02:15,999 | Unit cell variable gamma_rad (currently=1.189185) is bounded by 1.101919 and 1.276452
RANK0000 | 2025-10-29 02:02:15,999 | Unit cell variable gamma_rad (currently=1.189185) is bounded by 1.101919 and 1.276452
Warning, crystal system not determined, assuming triclinic
RANK0000 | 2025-10-29 02:02:21,369 | Filtered 5 / 92 reflections which did not show peaks in model
RANK0000 | 2025-10-29 02:02:21,369 | Filtered 5 / 92 reflections which did not show peaks in model
RANK0000 | 2025-10-29 02:02:21,438 | Number of ROIS that will proceed to refinement: 87/92
RANK0000 | 2025-10-29 02:02:21,438 | Number of ROIS that will proceed to refinement: 87/92
RANK0000 | 2025-10-29 02:02:21,455 | Setting initial mosaicity from params.init.eta_abc: 0.000000 0.000000 0.000000
RANK0000 | 2025-10-29 02:02:21,455 | Setting initial mosaicity from params.init.eta_abc: 0.000000 0.000000 0.000000
RANK0000 | 2025-10-29 02:02:21,455 | Number of mosaic domains from params: 1
RANK0000 | 2025-10-29 02:02:21,455 | Number of mosaic domains from params: 1
RANK0000 | 2025-10-29 02:02:21,527 | Loaded simulator
RANK0000 | 2025-10-29 02:02:21,527 | Loaded simulator
RANK0000 | 2025-10-29 02:02:21,528 | Will not use mosaic models, as simulator.crystal.num_mosaicity_samples=1
RANK0000 | 2025-10-29 02:02:21,528 | Will not use mosaic models, as simulator.crystal.num_mosaicity_samples=1
Warning, crystal system not determined, assuming triclinic
RANK0000 | 2025-10-29 02:02:21,637 | Unit cell variable a_Ang (currently=27.361748) is bounded by 24.625573 and 30.097922
RANK0000 | 2025-10-29 02:02:21,637 | Unit cell variable a_Ang (currently=27.361748) is bounded by 24.625573 and 30.097922
RANK0000 | 2025-10-29 02:02:21,637 | Unit cell variable b_Ang (currently=32.057299) is bounded by 28.851569 and 35.263029
RANK0000 | 2025-10-29 02:02:21,637 | Unit cell variable b_Ang (currently=32.057299) is bounded by 28.851569 and 35.263029
RANK0000 | 2025-10-29 02:02:21,637 | Unit cell variable c_Ang (currently=34.460533) is bounded by 31.014479 and 37.906586
RANK0000 | 2025-10-29 02:02:21,637 | Unit cell variable c_Ang (currently=34.460533) is bounded by 31.014479 and 37.906586
RANK0000 | 2025-10-29 02:02:21,637 | Unit cell variable alpha_rad (currently=1.547954) is bounded by 1.460688 and 1.635221
RANK0000 | 2025-10-29 02:02:21,637 | Unit cell variable alpha_rad (currently=1.547954) is bounded by 1.460688 and 1.635221
RANK0000 | 2025-10-29 02:02:21,637 | Unit cell variable beta_rad (currently=1.249110) is bounded by 1.161844 and 1.336377
RANK0000 | 2025-10-29 02:02:21,637 | Unit cell variable beta_rad (currently=1.249110) is bounded by 1.161844 and 1.336377
RANK0000 | 2025-10-29 02:02:21,637 | Unit cell variable gamma_rad (currently=1.189099) is bounded by 1.101833 and 1.276366
RANK0000 | 2025-10-29 02:02:21,637 | Unit cell variable gamma_rad (currently=1.189099) is bounded by 1.101833 and 1.276366
Warning, crystal system not determined, assuming triclinic
RANK0000 | 2025-10-29 02:02:26,990 | Filtered 5 / 92 reflections which did not show peaks in model
RANK0000 | 2025-10-29 02:02:26,990 | Filtered 5 / 92 reflections which did not show peaks in model
Warning, crystal system not determined, assuming triclinic
Will optimize using 1 experiments
RANK0000 | 2025-10-29 02:02:27,124 | Loading nrefls per shot
RANK0000 | 2025-10-29 02:02:27,124 | Loading nrefls per shot
RANK0000 | 2025-10-29 02:02:27,124 | Loading nrefls per shot
Found 1 shots originally, but only 1 had finite number of refls to model
RANK0000 | 2025-10-29 02:02:27,125 | EVENT: begin loading inputs
RANK0000 | 2025-10-29 02:02:27,125 | EVENT: begin loading inputs
RANK0000 | 2025-10-29 02:02:27,125 | EVENT: begin loading inputs
RANK0000 | 2025-10-29 02:02:27,153 | Will use space group symbol P 1
RANK0000 | 2025-10-29 02:02:27,153 | Will use space group symbol P 1
RANK0000 | 2025-10-29 02:02:27,153 | Will use space group symbol P 1
RANK0000 | 2025-10-29 02:02:27,284 | EVENT: BEGIN loading experiment list
RANK0000 | 2025-10-29 02:02:27,284 | EVENT: BEGIN loading experiment list
RANK0000 | 2025-10-29 02:02:27,284 | EVENT: BEGIN loading experiment list
RANK0000 | 2025-10-29 02:02:27,285 | EVENT: DONE loading experiment list
RANK0000 | 2025-10-29 02:02:27,285 | EVENT: DONE loading experiment list
RANK0000 | 2025-10-29 02:02:27,285 | EVENT: DONE loading experiment list
Warning, crystal system not determined, assuming triclinic
RANK0000 | 2025-10-29 02:02:27,287 | EVENT: LOADING ROI DATA
RANK0000 | 2025-10-29 02:02:27,287 | EVENT: LOADING ROI DATA
RANK0000 | 2025-10-29 02:02:27,287 | EVENT: LOADING ROI DATA
RANK0000 | 2025-10-29 02:02:27,348 | Number of ROIS that will proceed to refinement: 87/92
RANK0000 | 2025-10-29 02:02:27,348 | Number of ROIS that will proceed to refinement: 87/92
RANK0000 | 2025-10-29 02:02:27,348 | Number of ROIS that will proceed to refinement: 87/92
RANK0000 | 2025-10-29 02:02:27,365 | Setting initial mosaicity from params.init.eta_abc: 0.000000 0.000000 0.000000
RANK0000 | 2025-10-29 02:02:27,365 | Setting initial mosaicity from params.init.eta_abc: 0.000000 0.000000 0.000000
RANK0000 | 2025-10-29 02:02:27,365 | Setting initial mosaicity from params.init.eta_abc: 0.000000 0.000000 0.000000
RANK0000 | 2025-10-29 02:02:27,366 | Number of mosaic domains from params: 1
RANK0000 | 2025-10-29 02:02:27,366 | Number of mosaic domains from params: 1
RANK0000 | 2025-10-29 02:02:27,366 | Number of mosaic domains from params: 1
RANK0000 | 2025-10-29 02:02:27,442 | Loaded simulator
RANK0000 | 2025-10-29 02:02:27,442 | Loaded simulator
RANK0000 | 2025-10-29 02:02:27,442 | Loaded simulator
RANK0000 | 2025-10-29 02:02:27,442 | Will not use mosaic models, as simulator.crystal.num_mosaicity_samples=1
RANK0000 | 2025-10-29 02:02:27,442 | Will not use mosaic models, as simulator.crystal.num_mosaicity_samples=1
RANK0000 | 2025-10-29 02:02:27,442 | Will not use mosaic models, as simulator.crystal.num_mosaicity_samples=1
RANK0000 | 2025-10-29 02:02:27,481 | EVENT: DONE LOADING ROI
RANK0000 | 2025-10-29 02:02:27,481 | EVENT: DONE LOADING ROI
RANK0000 | 2025-10-29 02:02:27,481 | EVENT: DONE LOADING ROI
RANK0000 | 2025-10-29 02:02:27,481 | Will simulate 1 energy channels
RANK0000 | 2025-10-29 02:02:27,481 | Will simulate 1 energy channels
RANK0000 | 2025-10-29 02:02:27,481 | Will simulate 1 energy channels
RANK0000 | 2025-10-29 02:02:27,481 | Process memory usage: 1.492962 GB on node ollie-System-Product-Name
RANK0000 | 2025-10-29 02:02:27,481 | Process memory usage: 1.492962 GB on node ollie-System-Product-Name
RANK0000 | 2025-10-29 02:02:27,481 | Process memory usage: 1.492962 GB on node ollie-System-Product-Name
RANK0000 | 2025-10-29 02:02:27,481 | Finished loading image 1 / 1 (1 / 1)
RANK0000 | 2025-10-29 02:02:27,481 | Finished loading image 1 / 1 (1 / 1)
RANK0000 | 2025-10-29 02:02:27,481 | Finished loading image 1 / 1 (1 / 1)
Warning, crystal system not determined, assuming triclinic
RANK0000 | 2025-10-29 02:02:27,482 | DONE LOADING DATA; ENTER BARRIER
RANK0000 | 2025-10-29 02:02:27,482 | DONE LOADING DATA; ENTER BARRIER
RANK0000 | 2025-10-29 02:02:27,482 | DONE LOADING DATA; ENTER BARRIER
RANK0000 | 2025-10-29 02:02:27,482 | DONE LOADING DATA; EXIT BARRIER
RANK0000 | 2025-10-29 02:02:27,482 | DONE LOADING DATA; EXIT BARRIER
RANK0000 | 2025-10-29 02:02:27,482 | DONE LOADING DATA; EXIT BARRIER
RANK0000 | 2025-10-29 02:02:27,482 | Mem after panel groups: 1.492962 GB on node ollie-System-Product-Name
RANK0000 | 2025-10-29 02:02:27,482 | Mem after panel groups: 1.492962 GB on node ollie-System-Product-Name
RANK0000 | 2025-10-29 02:02:27,482 | Mem after panel groups: 1.492962 GB on node ollie-System-Product-Name
RANK0000 | 2025-10-29 02:02:27,482 | EVENT: Gathering global HKL information
RANK0000 | 2025-10-29 02:02:27,482 | EVENT: Gathering global HKL information
RANK0000 | 2025-10-29 02:02:27,482 | EVENT: Gathering global HKL information
RANK0000 | 2025-10-29 02:02:27,583 | EVENT: FINISHED gather global HKL information
RANK0000 | 2025-10-29 02:02:27,583 | EVENT: FINISHED gather global HKL information
RANK0000 | 2025-10-29 02:02:27,583 | EVENT: FINISHED gather global HKL information
RANK0000 | 2025-10-29 02:02:27,584 | Mem after gather Hi info: 1.492962 GB on node ollie-System-Product-Name
RANK0000 | 2025-10-29 02:02:27,584 | Mem after gather Hi info: 1.492962 GB on node ollie-System-Product-Name
RANK0000 | 2025-10-29 02:02:27,584 | Mem after gather Hi info: 1.492962 GB on node ollie-System-Product-Name
RANK0000 | 2025-10-29 02:02:27,584 | BEGIN DETERMINE MAX PIX
RANK0000 | 2025-10-29 02:02:27,584 | BEGIN DETERMINE MAX PIX
RANK0000 | 2025-10-29 02:02:27,584 | BEGIN DETERMINE MAX PIX
RANK0000 | 2025-10-29 02:02:27,584 | Rank 0, max pix to be modeled: 8700
RANK0000 | 2025-10-29 02:02:27,584 | Rank 0, max pix to be modeled: 8700
RANK0000 | 2025-10-29 02:02:27,584 | Rank 0, max pix to be modeled: 8700
RANK0000 | 2025-10-29 02:02:27,584 | DONE DETERMINE MAX PIX
RANK0000 | 2025-10-29 02:02:27,584 | DONE DETERMINE MAX PIX
RANK0000 | 2025-10-29 02:02:27,584 | DONE DETERMINE MAX PIX
RANK0000 | 2025-10-29 02:02:27,584 | Mem after determine max num pix: 1.492962 GB on node ollie-System-Product-Name
RANK0000 | 2025-10-29 02:02:27,584 | Mem after determine max num pix: 1.492962 GB on node ollie-System-Product-Name
RANK0000 | 2025-10-29 02:02:27,584 | Mem after determine max num pix: 1.492962 GB on node ollie-System-Product-Name
RANK0000 | 2025-10-29 02:02:27,584 | Mem after load_inputs: 1.492962 GB on node ollie-System-Product-Name
RANK0000 | 2025-10-29 02:02:27,584 | Mem after load_inputs: 1.492962 GB on node ollie-System-Product-Name
RANK0000 | 2025-10-29 02:02:27,584 | Mem after load_inputs: 1.492962 GB on node ollie-System-Product-Name
How many pixels each rank will allocate for on its device:
(rnk0, dev0): 8700 pix
Iteration 1:
	Resid=194938.276663, sigmaZ 6.317737, t-per-iter=0.0349 sec, pred_offsets=
Iteration 2:
	Resid=281476832.960654, sigmaZ 253.603633, t-per-iter=0.0348 sec, pred_offsets=
Iteration 3:
	Resid=281514469.270665, sigmaZ 253.635923, t-per-iter=0.0344 sec, pred_offsets=
Iteration 4:
	Resid=194928.157949, sigmaZ 6.317550, t-per-iter=0.0342 sec, pred_offsets=
Iteration 5:
	Resid=194864.665080, sigmaZ 6.316363, t-per-iter=0.0340 sec, pred_offsets=
Iteration 6:
	Resid=194773.393255, sigmaZ 6.314673, t-per-iter=0.0340 sec, pred_offsets=
Iteration 7:
	Resid=194698.361532, sigmaZ 6.313288, t-per-iter=0.0339 sec, pred_offsets=
Iteration 8:
	Resid=194665.188677, sigmaZ 6.312691, t-per-iter=0.0338 sec, pred_offsets=
Iteration 9:
	Resid=194660.518245, sigmaZ 6.312616, t-per-iter=0.0339 sec, pred_offsets=
Iteration 10:
	Resid=194660.224849, sigmaZ 6.312611, t-per-iter=0.0338 sec, pred_offsets=
Iteration 11:
	Resid=194657.450386, sigmaZ 6.312560, t-per-iter=0.0338 sec, pred_offsets=
Iteration 12:
	Resid=194656.315094, sigmaZ 6.312538, t-per-iter=0.0338 sec, pred_offsets=
Iteration 13:
	Resid=194656.179787, sigmaZ 6.312534, t-per-iter=0.0338 sec, pred_offsets=
Iteration 14:
	Resid=194656.176652, sigmaZ 6.312534, t-per-iter=0.0338 sec, pred_offsets=
Iteration 15:
	Resid=194656.176600, sigmaZ 6.312534, t-per-iter=0.0338 sec, pred_offsets=
Iteration 16:
	Resid=194656.176600, sigmaZ 6.312534, t-per-iter=0.0337 sec, pred_offsets=
Iteration 17:
	Resid=194656.176600, sigmaZ 6.312534, t-per-iter=0.0337 sec, pred_offsets=
Final Iteration 17:
	Resid=194656.176600, sigmaZ 6.312534
Saved detector model to _geom.out/diffBragg_detector.expt
INFO: Refinement macro cycle 4/5...
INFO:canonical_capture:Refinement macro cycle 4/5...
RANK0000 | 2025-10-29 02:02:28,227 | Number of ROIS that will proceed to refinement: 87/92
RANK0000 | 2025-10-29 02:02:28,227 | Number of ROIS that will proceed to refinement: 87/92
RANK0000 | 2025-10-29 02:02:28,227 | Number of ROIS that will proceed to refinement: 87/92
RANK0000 | 2025-10-29 02:02:28,244 | Setting initial mosaicity from params.init.eta_abc: 0.000000 0.000000 0.000000
RANK0000 | 2025-10-29 02:02:28,244 | Setting initial mosaicity from params.init.eta_abc: 0.000000 0.000000 0.000000
RANK0000 | 2025-10-29 02:02:28,244 | Setting initial mosaicity from params.init.eta_abc: 0.000000 0.000000 0.000000
RANK0000 | 2025-10-29 02:02:28,245 | Number of mosaic domains from params: 1
RANK0000 | 2025-10-29 02:02:28,245 | Number of mosaic domains from params: 1
RANK0000 | 2025-10-29 02:02:28,245 | Number of mosaic domains from params: 1
RANK0000 | 2025-10-29 02:02:28,316 | Loaded simulator
RANK0000 | 2025-10-29 02:02:28,316 | Loaded simulator
RANK0000 | 2025-10-29 02:02:28,316 | Loaded simulator
RANK0000 | 2025-10-29 02:02:28,317 | Will not use mosaic models, as simulator.crystal.num_mosaicity_samples=1
RANK0000 | 2025-10-29 02:02:28,317 | Will not use mosaic models, as simulator.crystal.num_mosaicity_samples=1
RANK0000 | 2025-10-29 02:02:28,317 | Will not use mosaic models, as simulator.crystal.num_mosaicity_samples=1
Warning, crystal system not determined, assuming triclinic
RANK0000 | 2025-10-29 02:02:28,317 | Unit cell variable a_Ang (currently=27.361748) is bounded by 24.625573 and 30.097922
RANK0000 | 2025-10-29 02:02:28,317 | Unit cell variable a_Ang (currently=27.361748) is bounded by 24.625573 and 30.097922
RANK0000 | 2025-10-29 02:02:28,317 | Unit cell variable a_Ang (currently=27.361748) is bounded by 24.625573 and 30.097922
RANK0000 | 2025-10-29 02:02:28,317 | Unit cell variable b_Ang (currently=32.057299) is bounded by 28.851569 and 35.263029
RANK0000 | 2025-10-29 02:02:28,317 | Unit cell variable b_Ang (currently=32.057299) is bounded by 28.851569 and 35.263029
RANK0000 | 2025-10-29 02:02:28,317 | Unit cell variable b_Ang (currently=32.057299) is bounded by 28.851569 and 35.263029
RANK0000 | 2025-10-29 02:02:28,317 | Unit cell variable c_Ang (currently=34.460533) is bounded by 31.014479 and 37.906586
RANK0000 | 2025-10-29 02:02:28,317 | Unit cell variable c_Ang (currently=34.460533) is bounded by 31.014479 and 37.906586
RANK0000 | 2025-10-29 02:02:28,317 | Unit cell variable c_Ang (currently=34.460533) is bounded by 31.014479 and 37.906586
RANK0000 | 2025-10-29 02:02:28,317 | Unit cell variable alpha_rad (currently=1.547954) is bounded by 1.460688 and 1.635221
RANK0000 | 2025-10-29 02:02:28,317 | Unit cell variable alpha_rad (currently=1.547954) is bounded by 1.460688 and 1.635221
RANK0000 | 2025-10-29 02:02:28,317 | Unit cell variable alpha_rad (currently=1.547954) is bounded by 1.460688 and 1.635221
RANK0000 | 2025-10-29 02:02:28,317 | Unit cell variable beta_rad (currently=1.249110) is bounded by 1.161844 and 1.336377
RANK0000 | 2025-10-29 02:02:28,317 | Unit cell variable beta_rad (currently=1.249110) is bounded by 1.161844 and 1.336377
RANK0000 | 2025-10-29 02:02:28,317 | Unit cell variable beta_rad (currently=1.249110) is bounded by 1.161844 and 1.336377
RANK0000 | 2025-10-29 02:02:28,317 | Unit cell variable gamma_rad (currently=1.189099) is bounded by 1.101833 and 1.276366
RANK0000 | 2025-10-29 02:02:28,317 | Unit cell variable gamma_rad (currently=1.189099) is bounded by 1.101833 and 1.276366
RANK0000 | 2025-10-29 02:02:28,317 | Unit cell variable gamma_rad (currently=1.189099) is bounded by 1.101833 and 1.276366
Warning, crystal system not determined, assuming triclinic
RANK0000 | 2025-10-29 02:02:35,487 | Filtered 5 / 92 reflections which did not show peaks in model
RANK0000 | 2025-10-29 02:02:35,487 | Filtered 5 / 92 reflections which did not show peaks in model
RANK0000 | 2025-10-29 02:02:35,487 | Filtered 5 / 92 reflections which did not show peaks in model
RANK0000 | 2025-10-29 02:02:35,558 | Number of ROIS that will proceed to refinement: 87/92
RANK0000 | 2025-10-29 02:02:35,558 | Number of ROIS that will proceed to refinement: 87/92
RANK0000 | 2025-10-29 02:02:35,558 | Number of ROIS that will proceed to refinement: 87/92
RANK0000 | 2025-10-29 02:02:35,575 | Setting initial mosaicity from params.init.eta_abc: 0.000000 0.000000 0.000000
RANK0000 | 2025-10-29 02:02:35,575 | Setting initial mosaicity from params.init.eta_abc: 0.000000 0.000000 0.000000
RANK0000 | 2025-10-29 02:02:35,575 | Setting initial mosaicity from params.init.eta_abc: 0.000000 0.000000 0.000000
RANK0000 | 2025-10-29 02:02:35,575 | Number of mosaic domains from params: 1
RANK0000 | 2025-10-29 02:02:35,575 | Number of mosaic domains from params: 1
RANK0000 | 2025-10-29 02:02:35,575 | Number of mosaic domains from params: 1
RANK0000 | 2025-10-29 02:02:35,645 | Loaded simulator
RANK0000 | 2025-10-29 02:02:35,645 | Loaded simulator
RANK0000 | 2025-10-29 02:02:35,645 | Loaded simulator
RANK0000 | 2025-10-29 02:02:35,645 | Will not use mosaic models, as simulator.crystal.num_mosaicity_samples=1
RANK0000 | 2025-10-29 02:02:35,645 | Will not use mosaic models, as simulator.crystal.num_mosaicity_samples=1
RANK0000 | 2025-10-29 02:02:35,645 | Will not use mosaic models, as simulator.crystal.num_mosaicity_samples=1
Warning, crystal system not determined, assuming triclinic
RANK0000 | 2025-10-29 02:02:35,762 | Unit cell variable a_Ang (currently=27.362906) is bounded by 24.626616 and 30.099197
RANK0000 | 2025-10-29 02:02:35,762 | Unit cell variable a_Ang (currently=27.362906) is bounded by 24.626616 and 30.099197
RANK0000 | 2025-10-29 02:02:35,762 | Unit cell variable a_Ang (currently=27.362906) is bounded by 24.626616 and 30.099197
RANK0000 | 2025-10-29 02:02:35,762 | Unit cell variable b_Ang (currently=32.057805) is bounded by 28.852024 and 35.263585
RANK0000 | 2025-10-29 02:02:35,762 | Unit cell variable b_Ang (currently=32.057805) is bounded by 28.852024 and 35.263585
RANK0000 | 2025-10-29 02:02:35,762 | Unit cell variable b_Ang (currently=32.057805) is bounded by 28.852024 and 35.263585
RANK0000 | 2025-10-29 02:02:35,762 | Unit cell variable c_Ang (currently=34.465289) is bounded by 31.018760 and 37.911818
RANK0000 | 2025-10-29 02:02:35,762 | Unit cell variable c_Ang (currently=34.465289) is bounded by 31.018760 and 37.911818
RANK0000 | 2025-10-29 02:02:35,762 | Unit cell variable c_Ang (currently=34.465289) is bounded by 31.018760 and 37.911818
RANK0000 | 2025-10-29 02:02:35,762 | Unit cell variable alpha_rad (currently=1.547765) is bounded by 1.460498 and 1.635031
RANK0000 | 2025-10-29 02:02:35,762 | Unit cell variable alpha_rad (currently=1.547765) is bounded by 1.460498 and 1.635031
RANK0000 | 2025-10-29 02:02:35,762 | Unit cell variable alpha_rad (currently=1.547765) is bounded by 1.460498 and 1.635031
RANK0000 | 2025-10-29 02:02:35,762 | Unit cell variable beta_rad (currently=1.248930) is bounded by 1.161663 and 1.336196
RANK0000 | 2025-10-29 02:02:35,762 | Unit cell variable beta_rad (currently=1.248930) is bounded by 1.161663 and 1.336196
RANK0000 | 2025-10-29 02:02:35,762 | Unit cell variable beta_rad (currently=1.248930) is bounded by 1.161663 and 1.336196
RANK0000 | 2025-10-29 02:02:35,762 | Unit cell variable gamma_rad (currently=1.189021) is bounded by 1.101754 and 1.276287
RANK0000 | 2025-10-29 02:02:35,762 | Unit cell variable gamma_rad (currently=1.189021) is bounded by 1.101754 and 1.276287
RANK0000 | 2025-10-29 02:02:35,762 | Unit cell variable gamma_rad (currently=1.189021) is bounded by 1.101754 and 1.276287
Warning, crystal system not determined, assuming triclinic
RANK0000 | 2025-10-29 02:02:41,066 | Filtered 5 / 92 reflections which did not show peaks in model
RANK0000 | 2025-10-29 02:02:41,066 | Filtered 5 / 92 reflections which did not show peaks in model
RANK0000 | 2025-10-29 02:02:41,066 | Filtered 5 / 92 reflections which did not show peaks in model
Warning, crystal system not determined, assuming triclinic
Will optimize using 1 experiments
RANK0000 | 2025-10-29 02:02:41,199 | Loading nrefls per shot
RANK0000 | 2025-10-29 02:02:41,199 | Loading nrefls per shot
RANK0000 | 2025-10-29 02:02:41,199 | Loading nrefls per shot
RANK0000 | 2025-10-29 02:02:41,199 | Loading nrefls per shot
Found 1 shots originally, but only 1 had finite number of refls to model
RANK0000 | 2025-10-29 02:02:41,200 | EVENT: begin loading inputs
RANK0000 | 2025-10-29 02:02:41,200 | EVENT: begin loading inputs
RANK0000 | 2025-10-29 02:02:41,200 | EVENT: begin loading inputs
RANK0000 | 2025-10-29 02:02:41,200 | EVENT: begin loading inputs
RANK0000 | 2025-10-29 02:02:41,228 | Will use space group symbol P 1
RANK0000 | 2025-10-29 02:02:41,228 | Will use space group symbol P 1
RANK0000 | 2025-10-29 02:02:41,228 | Will use space group symbol P 1
RANK0000 | 2025-10-29 02:02:41,228 | Will use space group symbol P 1
RANK0000 | 2025-10-29 02:02:41,360 | EVENT: BEGIN loading experiment list
RANK0000 | 2025-10-29 02:02:41,360 | EVENT: BEGIN loading experiment list
RANK0000 | 2025-10-29 02:02:41,360 | EVENT: BEGIN loading experiment list
RANK0000 | 2025-10-29 02:02:41,360 | EVENT: BEGIN loading experiment list
RANK0000 | 2025-10-29 02:02:41,362 | EVENT: DONE loading experiment list
RANK0000 | 2025-10-29 02:02:41,362 | EVENT: DONE loading experiment list
RANK0000 | 2025-10-29 02:02:41,362 | EVENT: DONE loading experiment list
RANK0000 | 2025-10-29 02:02:41,362 | EVENT: DONE loading experiment list
Warning, crystal system not determined, assuming triclinic
RANK0000 | 2025-10-29 02:02:41,363 | EVENT: LOADING ROI DATA
RANK0000 | 2025-10-29 02:02:41,363 | EVENT: LOADING ROI DATA
RANK0000 | 2025-10-29 02:02:41,363 | EVENT: LOADING ROI DATA
RANK0000 | 2025-10-29 02:02:41,363 | EVENT: LOADING ROI DATA
RANK0000 | 2025-10-29 02:02:41,435 | Number of ROIS that will proceed to refinement: 87/92
RANK0000 | 2025-10-29 02:02:41,435 | Number of ROIS that will proceed to refinement: 87/92
RANK0000 | 2025-10-29 02:02:41,435 | Number of ROIS that will proceed to refinement: 87/92
RANK0000 | 2025-10-29 02:02:41,435 | Number of ROIS that will proceed to refinement: 87/92
RANK0000 | 2025-10-29 02:02:41,453 | Setting initial mosaicity from params.init.eta_abc: 0.000000 0.000000 0.000000
RANK0000 | 2025-10-29 02:02:41,453 | Setting initial mosaicity from params.init.eta_abc: 0.000000 0.000000 0.000000
RANK0000 | 2025-10-29 02:02:41,453 | Setting initial mosaicity from params.init.eta_abc: 0.000000 0.000000 0.000000
RANK0000 | 2025-10-29 02:02:41,453 | Setting initial mosaicity from params.init.eta_abc: 0.000000 0.000000 0.000000
RANK0000 | 2025-10-29 02:02:41,453 | Number of mosaic domains from params: 1
RANK0000 | 2025-10-29 02:02:41,453 | Number of mosaic domains from params: 1
RANK0000 | 2025-10-29 02:02:41,453 | Number of mosaic domains from params: 1
RANK0000 | 2025-10-29 02:02:41,453 | Number of mosaic domains from params: 1
RANK0000 | 2025-10-29 02:02:41,530 | Loaded simulator
RANK0000 | 2025-10-29 02:02:41,530 | Loaded simulator
RANK0000 | 2025-10-29 02:02:41,530 | Loaded simulator
RANK0000 | 2025-10-29 02:02:41,530 | Loaded simulator
RANK0000 | 2025-10-29 02:02:41,530 | Will not use mosaic models, as simulator.crystal.num_mosaicity_samples=1
RANK0000 | 2025-10-29 02:02:41,530 | Will not use mosaic models, as simulator.crystal.num_mosaicity_samples=1
RANK0000 | 2025-10-29 02:02:41,530 | Will not use mosaic models, as simulator.crystal.num_mosaicity_samples=1
RANK0000 | 2025-10-29 02:02:41,530 | Will not use mosaic models, as simulator.crystal.num_mosaicity_samples=1
RANK0000 | 2025-10-29 02:02:41,567 | EVENT: DONE LOADING ROI
RANK0000 | 2025-10-29 02:02:41,567 | EVENT: DONE LOADING ROI
RANK0000 | 2025-10-29 02:02:41,567 | EVENT: DONE LOADING ROI
RANK0000 | 2025-10-29 02:02:41,567 | EVENT: DONE LOADING ROI
RANK0000 | 2025-10-29 02:02:41,567 | Will simulate 1 energy channels
RANK0000 | 2025-10-29 02:02:41,567 | Will simulate 1 energy channels
RANK0000 | 2025-10-29 02:02:41,567 | Will simulate 1 energy channels
RANK0000 | 2025-10-29 02:02:41,567 | Will simulate 1 energy channels
RANK0000 | 2025-10-29 02:02:41,568 | Process memory usage: 1.616756 GB on node ollie-System-Product-Name
RANK0000 | 2025-10-29 02:02:41,568 | Process memory usage: 1.616756 GB on node ollie-System-Product-Name
RANK0000 | 2025-10-29 02:02:41,568 | Process memory usage: 1.616756 GB on node ollie-System-Product-Name
RANK0000 | 2025-10-29 02:02:41,568 | Process memory usage: 1.616756 GB on node ollie-System-Product-Name
RANK0000 | 2025-10-29 02:02:41,568 | Finished loading image 1 / 1 (1 / 1)
RANK0000 | 2025-10-29 02:02:41,568 | Finished loading image 1 / 1 (1 / 1)
RANK0000 | 2025-10-29 02:02:41,568 | Finished loading image 1 / 1 (1 / 1)
RANK0000 | 2025-10-29 02:02:41,568 | Finished loading image 1 / 1 (1 / 1)
Warning, crystal system not determined, assuming triclinic
RANK0000 | 2025-10-29 02:02:41,568 | DONE LOADING DATA; ENTER BARRIER
RANK0000 | 2025-10-29 02:02:41,568 | DONE LOADING DATA; ENTER BARRIER
RANK0000 | 2025-10-29 02:02:41,568 | DONE LOADING DATA; ENTER BARRIER
RANK0000 | 2025-10-29 02:02:41,568 | DONE LOADING DATA; ENTER BARRIER
RANK0000 | 2025-10-29 02:02:41,568 | DONE LOADING DATA; EXIT BARRIER
RANK0000 | 2025-10-29 02:02:41,568 | DONE LOADING DATA; EXIT BARRIER
RANK0000 | 2025-10-29 02:02:41,568 | DONE LOADING DATA; EXIT BARRIER
RANK0000 | 2025-10-29 02:02:41,568 | DONE LOADING DATA; EXIT BARRIER
RANK0000 | 2025-10-29 02:02:41,568 | Mem after panel groups: 1.616756 GB on node ollie-System-Product-Name
RANK0000 | 2025-10-29 02:02:41,568 | Mem after panel groups: 1.616756 GB on node ollie-System-Product-Name
RANK0000 | 2025-10-29 02:02:41,568 | Mem after panel groups: 1.616756 GB on node ollie-System-Product-Name
RANK0000 | 2025-10-29 02:02:41,568 | Mem after panel groups: 1.616756 GB on node ollie-System-Product-Name
RANK0000 | 2025-10-29 02:02:41,568 | EVENT: Gathering global HKL information
RANK0000 | 2025-10-29 02:02:41,568 | EVENT: Gathering global HKL information
RANK0000 | 2025-10-29 02:02:41,568 | EVENT: Gathering global HKL information
RANK0000 | 2025-10-29 02:02:41,568 | EVENT: Gathering global HKL information
RANK0000 | 2025-10-29 02:02:41,671 | EVENT: FINISHED gather global HKL information
RANK0000 | 2025-10-29 02:02:41,671 | EVENT: FINISHED gather global HKL information
RANK0000 | 2025-10-29 02:02:41,671 | EVENT: FINISHED gather global HKL information
RANK0000 | 2025-10-29 02:02:41,671 | EVENT: FINISHED gather global HKL information
RANK0000 | 2025-10-29 02:02:41,671 | Mem after gather Hi info: 1.616756 GB on node ollie-System-Product-Name
RANK0000 | 2025-10-29 02:02:41,671 | Mem after gather Hi info: 1.616756 GB on node ollie-System-Product-Name
RANK0000 | 2025-10-29 02:02:41,671 | Mem after gather Hi info: 1.616756 GB on node ollie-System-Product-Name
RANK0000 | 2025-10-29 02:02:41,671 | Mem after gather Hi info: 1.616756 GB on node ollie-System-Product-Name
RANK0000 | 2025-10-29 02:02:41,671 | BEGIN DETERMINE MAX PIX
RANK0000 | 2025-10-29 02:02:41,671 | BEGIN DETERMINE MAX PIX
RANK0000 | 2025-10-29 02:02:41,671 | BEGIN DETERMINE MAX PIX
RANK0000 | 2025-10-29 02:02:41,671 | BEGIN DETERMINE MAX PIX
RANK0000 | 2025-10-29 02:02:41,671 | Rank 0, max pix to be modeled: 8700
RANK0000 | 2025-10-29 02:02:41,671 | Rank 0, max pix to be modeled: 8700
RANK0000 | 2025-10-29 02:02:41,671 | Rank 0, max pix to be modeled: 8700
RANK0000 | 2025-10-29 02:02:41,671 | Rank 0, max pix to be modeled: 8700
RANK0000 | 2025-10-29 02:02:41,671 | DONE DETERMINE MAX PIX
RANK0000 | 2025-10-29 02:02:41,671 | DONE DETERMINE MAX PIX
RANK0000 | 2025-10-29 02:02:41,671 | DONE DETERMINE MAX PIX
RANK0000 | 2025-10-29 02:02:41,671 | DONE DETERMINE MAX PIX
RANK0000 | 2025-10-29 02:02:41,671 | Mem after determine max num pix: 1.616756 GB on node ollie-System-Product-Name
RANK0000 | 2025-10-29 02:02:41,671 | Mem after determine max num pix: 1.616756 GB on node ollie-System-Product-Name
RANK0000 | 2025-10-29 02:02:41,671 | Mem after determine max num pix: 1.616756 GB on node ollie-System-Product-Name
RANK0000 | 2025-10-29 02:02:41,671 | Mem after determine max num pix: 1.616756 GB on node ollie-System-Product-Name
RANK0000 | 2025-10-29 02:02:41,671 | Mem after load_inputs: 1.616756 GB on node ollie-System-Product-Name
RANK0000 | 2025-10-29 02:02:41,671 | Mem after load_inputs: 1.616756 GB on node ollie-System-Product-Name
RANK0000 | 2025-10-29 02:02:41,671 | Mem after load_inputs: 1.616756 GB on node ollie-System-Product-Name
RANK0000 | 2025-10-29 02:02:41,671 | Mem after load_inputs: 1.616756 GB on node ollie-System-Product-Name
How many pixels each rank will allocate for on its device:
(rnk0, dev0): 8700 pix
Iteration 1:
	Resid=193856.679637, sigmaZ 6.298019, t-per-iter=0.0403 sec, pred_offsets=
Iteration 2:
	Resid=271755721.966007, sigmaZ 249.242311, t-per-iter=0.0398 sec, pred_offsets=
Iteration 3:
	Resid=281585793.132914, sigmaZ 253.735914, t-per-iter=0.0395 sec, pred_offsets=
Iteration 4:
	Resid=193842.411350, sigmaZ 6.297755, t-per-iter=0.0393 sec, pred_offsets=
Iteration 5:
	Resid=193684.652345, sigmaZ 6.294801, t-per-iter=0.0392 sec, pred_offsets=
Iteration 6:
	Resid=193970.260681, sigmaZ 6.300006, t-per-iter=0.0392 sec, pred_offsets=
Iteration 7:
	Resid=193657.848926, sigmaZ 6.294303, t-per-iter=0.0391 sec, pred_offsets=
Iteration 8:
	Resid=193654.047956, sigmaZ 6.294236, t-per-iter=0.0391 sec, pred_offsets=
Iteration 9:
	Resid=193648.331002, sigmaZ 6.294142, t-per-iter=0.0391 sec, pred_offsets=
Iteration 10:
	Resid=193647.848556, sigmaZ 6.294134, t-per-iter=0.0390 sec, pred_offsets=
Iteration 11:
	Resid=193646.333593, sigmaZ 6.294107, t-per-iter=0.0390 sec, pred_offsets=
Iteration 12:
	Resid=193642.929716, sigmaZ 6.294042, t-per-iter=0.0390 sec, pred_offsets=
Iteration 13:
	Resid=193641.783163, sigmaZ 6.294016, t-per-iter=0.0390 sec, pred_offsets=
Iteration 14:
	Resid=193641.701952, sigmaZ 6.294013, t-per-iter=0.0390 sec, pred_offsets=
Iteration 15:
	Resid=193641.648976, sigmaZ 6.294012, t-per-iter=0.0390 sec, pred_offsets=
Iteration 16:
	Resid=193641.563020, sigmaZ 6.294009, t-per-iter=0.0390 sec, pred_offsets=
Iteration 17:
	Resid=193641.526137, sigmaZ 6.294009, t-per-iter=0.0389 sec, pred_offsets=
Iteration 18:
	Resid=193641.525663, sigmaZ 6.294009, t-per-iter=0.0390 sec, pred_offsets=
Iteration 19:
	Resid=193641.525663, sigmaZ 6.294009, t-per-iter=0.0389 sec, pred_offsets=
Iteration 20:
	Resid=193641.525659, sigmaZ 6.294009, t-per-iter=0.0389 sec, pred_offsets=
Final Iteration 20:
	Resid=193641.525659, sigmaZ 6.294009
Saved detector model to _geom.out/diffBragg_detector.expt
INFO: Refinement macro cycle 5/5...
INFO:canonical_capture:Refinement macro cycle 5/5...
RANK0000 | 2025-10-29 02:02:42,520 | Number of ROIS that will proceed to refinement: 87/92
RANK0000 | 2025-10-29 02:02:42,520 | Number of ROIS that will proceed to refinement: 87/92
RANK0000 | 2025-10-29 02:02:42,520 | Number of ROIS that will proceed to refinement: 87/92
RANK0000 | 2025-10-29 02:02:42,520 | Number of ROIS that will proceed to refinement: 87/92
RANK0000 | 2025-10-29 02:02:42,538 | Setting initial mosaicity from params.init.eta_abc: 0.000000 0.000000 0.000000
RANK0000 | 2025-10-29 02:02:42,538 | Setting initial mosaicity from params.init.eta_abc: 0.000000 0.000000 0.000000
RANK0000 | 2025-10-29 02:02:42,538 | Setting initial mosaicity from params.init.eta_abc: 0.000000 0.000000 0.000000
RANK0000 | 2025-10-29 02:02:42,538 | Setting initial mosaicity from params.init.eta_abc: 0.000000 0.000000 0.000000
RANK0000 | 2025-10-29 02:02:42,538 | Number of mosaic domains from params: 1
RANK0000 | 2025-10-29 02:02:42,538 | Number of mosaic domains from params: 1
RANK0000 | 2025-10-29 02:02:42,538 | Number of mosaic domains from params: 1
RANK0000 | 2025-10-29 02:02:42,538 | Number of mosaic domains from params: 1
RANK0000 | 2025-10-29 02:02:42,608 | Loaded simulator
RANK0000 | 2025-10-29 02:02:42,608 | Loaded simulator
RANK0000 | 2025-10-29 02:02:42,608 | Loaded simulator
RANK0000 | 2025-10-29 02:02:42,608 | Loaded simulator
RANK0000 | 2025-10-29 02:02:42,608 | Will not use mosaic models, as simulator.crystal.num_mosaicity_samples=1
RANK0000 | 2025-10-29 02:02:42,608 | Will not use mosaic models, as simulator.crystal.num_mosaicity_samples=1
RANK0000 | 2025-10-29 02:02:42,608 | Will not use mosaic models, as simulator.crystal.num_mosaicity_samples=1
RANK0000 | 2025-10-29 02:02:42,608 | Will not use mosaic models, as simulator.crystal.num_mosaicity_samples=1
Warning, crystal system not determined, assuming triclinic
RANK0000 | 2025-10-29 02:02:42,609 | Unit cell variable a_Ang (currently=27.362906) is bounded by 24.626616 and 30.099197
RANK0000 | 2025-10-29 02:02:42,609 | Unit cell variable a_Ang (currently=27.362906) is bounded by 24.626616 and 30.099197
RANK0000 | 2025-10-29 02:02:42,609 | Unit cell variable a_Ang (currently=27.362906) is bounded by 24.626616 and 30.099197
RANK0000 | 2025-10-29 02:02:42,609 | Unit cell variable a_Ang (currently=27.362906) is bounded by 24.626616 and 30.099197
RANK0000 | 2025-10-29 02:02:42,609 | Unit cell variable b_Ang (currently=32.057805) is bounded by 28.852024 and 35.263585
RANK0000 | 2025-10-29 02:02:42,609 | Unit cell variable b_Ang (currently=32.057805) is bounded by 28.852024 and 35.263585
RANK0000 | 2025-10-29 02:02:42,609 | Unit cell variable b_Ang (currently=32.057805) is bounded by 28.852024 and 35.263585
RANK0000 | 2025-10-29 02:02:42,609 | Unit cell variable b_Ang (currently=32.057805) is bounded by 28.852024 and 35.263585
RANK0000 | 2025-10-29 02:02:42,609 | Unit cell variable c_Ang (currently=34.465289) is bounded by 31.018760 and 37.911818
RANK0000 | 2025-10-29 02:02:42,609 | Unit cell variable c_Ang (currently=34.465289) is bounded by 31.018760 and 37.911818
RANK0000 | 2025-10-29 02:02:42,609 | Unit cell variable c_Ang (currently=34.465289) is bounded by 31.018760 and 37.911818
RANK0000 | 2025-10-29 02:02:42,609 | Unit cell variable c_Ang (currently=34.465289) is bounded by 31.018760 and 37.911818
RANK0000 | 2025-10-29 02:02:42,609 | Unit cell variable alpha_rad (currently=1.547765) is bounded by 1.460498 and 1.635031
RANK0000 | 2025-10-29 02:02:42,609 | Unit cell variable alpha_rad (currently=1.547765) is bounded by 1.460498 and 1.635031
RANK0000 | 2025-10-29 02:02:42,609 | Unit cell variable alpha_rad (currently=1.547765) is bounded by 1.460498 and 1.635031
RANK0000 | 2025-10-29 02:02:42,609 | Unit cell variable alpha_rad (currently=1.547765) is bounded by 1.460498 and 1.635031
RANK0000 | 2025-10-29 02:02:42,609 | Unit cell variable beta_rad (currently=1.248930) is bounded by 1.161663 and 1.336196
RANK0000 | 2025-10-29 02:02:42,609 | Unit cell variable beta_rad (currently=1.248930) is bounded by 1.161663 and 1.336196
RANK0000 | 2025-10-29 02:02:42,609 | Unit cell variable beta_rad (currently=1.248930) is bounded by 1.161663 and 1.336196
RANK0000 | 2025-10-29 02:02:42,609 | Unit cell variable beta_rad (currently=1.248930) is bounded by 1.161663 and 1.336196
RANK0000 | 2025-10-29 02:02:42,609 | Unit cell variable gamma_rad (currently=1.189021) is bounded by 1.101754 and 1.276287
RANK0000 | 2025-10-29 02:02:42,609 | Unit cell variable gamma_rad (currently=1.189021) is bounded by 1.101754 and 1.276287
RANK0000 | 2025-10-29 02:02:42,609 | Unit cell variable gamma_rad (currently=1.189021) is bounded by 1.101754 and 1.276287
RANK0000 | 2025-10-29 02:02:42,609 | Unit cell variable gamma_rad (currently=1.189021) is bounded by 1.101754 and 1.276287
Warning, crystal system not determined, assuming triclinic
RANK0000 | 2025-10-29 02:02:48,817 | Filtered 5 / 92 reflections which did not show peaks in model
RANK0000 | 2025-10-29 02:02:48,817 | Filtered 5 / 92 reflections which did not show peaks in model
RANK0000 | 2025-10-29 02:02:48,817 | Filtered 5 / 92 reflections which did not show peaks in model
RANK0000 | 2025-10-29 02:02:48,817 | Filtered 5 / 92 reflections which did not show peaks in model
RANK0000 | 2025-10-29 02:02:48,891 | Number of ROIS that will proceed to refinement: 87/92
RANK0000 | 2025-10-29 02:02:48,891 | Number of ROIS that will proceed to refinement: 87/92
RANK0000 | 2025-10-29 02:02:48,891 | Number of ROIS that will proceed to refinement: 87/92
RANK0000 | 2025-10-29 02:02:48,891 | Number of ROIS that will proceed to refinement: 87/92
RANK0000 | 2025-10-29 02:02:48,908 | Setting initial mosaicity from params.init.eta_abc: 0.000000 0.000000 0.000000
RANK0000 | 2025-10-29 02:02:48,908 | Setting initial mosaicity from params.init.eta_abc: 0.000000 0.000000 0.000000
RANK0000 | 2025-10-29 02:02:48,908 | Setting initial mosaicity from params.init.eta_abc: 0.000000 0.000000 0.000000
RANK0000 | 2025-10-29 02:02:48,908 | Setting initial mosaicity from params.init.eta_abc: 0.000000 0.000000 0.000000
RANK0000 | 2025-10-29 02:02:48,908 | Number of mosaic domains from params: 1
RANK0000 | 2025-10-29 02:02:48,908 | Number of mosaic domains from params: 1
RANK0000 | 2025-10-29 02:02:48,908 | Number of mosaic domains from params: 1
RANK0000 | 2025-10-29 02:02:48,908 | Number of mosaic domains from params: 1
RANK0000 | 2025-10-29 02:02:48,979 | Loaded simulator
RANK0000 | 2025-10-29 02:02:48,979 | Loaded simulator
RANK0000 | 2025-10-29 02:02:48,979 | Loaded simulator
RANK0000 | 2025-10-29 02:02:48,979 | Loaded simulator
RANK0000 | 2025-10-29 02:02:48,979 | Will not use mosaic models, as simulator.crystal.num_mosaicity_samples=1
RANK0000 | 2025-10-29 02:02:48,979 | Will not use mosaic models, as simulator.crystal.num_mosaicity_samples=1
RANK0000 | 2025-10-29 02:02:48,979 | Will not use mosaic models, as simulator.crystal.num_mosaicity_samples=1
RANK0000 | 2025-10-29 02:02:48,979 | Will not use mosaic models, as simulator.crystal.num_mosaicity_samples=1
Warning, crystal system not determined, assuming triclinic
RANK0000 | 2025-10-29 02:02:49,097 | Unit cell variable a_Ang (currently=27.363964) is bounded by 24.627568 and 30.100361
RANK0000 | 2025-10-29 02:02:49,097 | Unit cell variable a_Ang (currently=27.363964) is bounded by 24.627568 and 30.100361
RANK0000 | 2025-10-29 02:02:49,097 | Unit cell variable a_Ang (currently=27.363964) is bounded by 24.627568 and 30.100361
RANK0000 | 2025-10-29 02:02:49,097 | Unit cell variable a_Ang (currently=27.363964) is bounded by 24.627568 and 30.100361
RANK0000 | 2025-10-29 02:02:49,097 | Unit cell variable b_Ang (currently=32.058017) is bounded by 28.852215 and 35.263818
RANK0000 | 2025-10-29 02:02:49,097 | Unit cell variable b_Ang (currently=32.058017) is bounded by 28.852215 and 35.263818
RANK0000 | 2025-10-29 02:02:49,097 | Unit cell variable b_Ang (currently=32.058017) is bounded by 28.852215 and 35.263818
RANK0000 | 2025-10-29 02:02:49,097 | Unit cell variable b_Ang (currently=32.058017) is bounded by 28.852215 and 35.263818
RANK0000 | 2025-10-29 02:02:49,097 | Unit cell variable c_Ang (currently=34.469215) is bounded by 31.022293 and 37.916136
RANK0000 | 2025-10-29 02:02:49,097 | Unit cell variable c_Ang (currently=34.469215) is bounded by 31.022293 and 37.916136
RANK0000 | 2025-10-29 02:02:49,097 | Unit cell variable c_Ang (currently=34.469215) is bounded by 31.022293 and 37.916136
RANK0000 | 2025-10-29 02:02:49,097 | Unit cell variable c_Ang (currently=34.469215) is bounded by 31.022293 and 37.916136
RANK0000 | 2025-10-29 02:02:49,097 | Unit cell variable alpha_rad (currently=1.547614) is bounded by 1.460348 and 1.634881
RANK0000 | 2025-10-29 02:02:49,097 | Unit cell variable alpha_rad (currently=1.547614) is bounded by 1.460348 and 1.634881
RANK0000 | 2025-10-29 02:02:49,097 | Unit cell variable alpha_rad (currently=1.547614) is bounded by 1.460348 and 1.634881
RANK0000 | 2025-10-29 02:02:49,097 | Unit cell variable alpha_rad (currently=1.547614) is bounded by 1.460348 and 1.634881
RANK0000 | 2025-10-29 02:02:49,097 | Unit cell variable beta_rad (currently=1.248779) is bounded by 1.161512 and 1.336045
RANK0000 | 2025-10-29 02:02:49,097 | Unit cell variable beta_rad (currently=1.248779) is bounded by 1.161512 and 1.336045
RANK0000 | 2025-10-29 02:02:49,097 | Unit cell variable beta_rad (currently=1.248779) is bounded by 1.161512 and 1.336045
RANK0000 | 2025-10-29 02:02:49,097 | Unit cell variable beta_rad (currently=1.248779) is bounded by 1.161512 and 1.336045
RANK0000 | 2025-10-29 02:02:49,097 | Unit cell variable gamma_rad (currently=1.188961) is bounded by 1.101694 and 1.276227
RANK0000 | 2025-10-29 02:02:49,097 | Unit cell variable gamma_rad (currently=1.188961) is bounded by 1.101694 and 1.276227
RANK0000 | 2025-10-29 02:02:49,097 | Unit cell variable gamma_rad (currently=1.188961) is bounded by 1.101694 and 1.276227
RANK0000 | 2025-10-29 02:02:49,097 | Unit cell variable gamma_rad (currently=1.188961) is bounded by 1.101694 and 1.276227
Warning, crystal system not determined, assuming triclinic
RANK0000 | 2025-10-29 02:02:54,709 | Filtered 5 / 92 reflections which did not show peaks in model
RANK0000 | 2025-10-29 02:02:54,709 | Filtered 5 / 92 reflections which did not show peaks in model
RANK0000 | 2025-10-29 02:02:54,709 | Filtered 5 / 92 reflections which did not show peaks in model
RANK0000 | 2025-10-29 02:02:54,709 | Filtered 5 / 92 reflections which did not show peaks in model
Warning, crystal system not determined, assuming triclinic
Will optimize using 1 experiments
RANK0000 | 2025-10-29 02:02:54,842 | Loading nrefls per shot
RANK0000 | 2025-10-29 02:02:54,842 | Loading nrefls per shot
RANK0000 | 2025-10-29 02:02:54,842 | Loading nrefls per shot
RANK0000 | 2025-10-29 02:02:54,842 | Loading nrefls per shot
RANK0000 | 2025-10-29 02:02:54,842 | Loading nrefls per shot
Found 1 shots originally, but only 1 had finite number of refls to model
RANK0000 | 2025-10-29 02:02:54,844 | EVENT: begin loading inputs
RANK0000 | 2025-10-29 02:02:54,844 | EVENT: begin loading inputs
RANK0000 | 2025-10-29 02:02:54,844 | EVENT: begin loading inputs
RANK0000 | 2025-10-29 02:02:54,844 | EVENT: begin loading inputs
RANK0000 | 2025-10-29 02:02:54,844 | EVENT: begin loading inputs
RANK0000 | 2025-10-29 02:02:54,872 | Will use space group symbol P 1
RANK0000 | 2025-10-29 02:02:54,872 | Will use space group symbol P 1
RANK0000 | 2025-10-29 02:02:54,872 | Will use space group symbol P 1
RANK0000 | 2025-10-29 02:02:54,872 | Will use space group symbol P 1
RANK0000 | 2025-10-29 02:02:54,872 | Will use space group symbol P 1
RANK0000 | 2025-10-29 02:02:55,004 | EVENT: BEGIN loading experiment list
RANK0000 | 2025-10-29 02:02:55,004 | EVENT: BEGIN loading experiment list
RANK0000 | 2025-10-29 02:02:55,004 | EVENT: BEGIN loading experiment list
RANK0000 | 2025-10-29 02:02:55,004 | EVENT: BEGIN loading experiment list
RANK0000 | 2025-10-29 02:02:55,004 | EVENT: BEGIN loading experiment list
RANK0000 | 2025-10-29 02:02:55,006 | EVENT: DONE loading experiment list
RANK0000 | 2025-10-29 02:02:55,006 | EVENT: DONE loading experiment list
RANK0000 | 2025-10-29 02:02:55,006 | EVENT: DONE loading experiment list
RANK0000 | 2025-10-29 02:02:55,006 | EVENT: DONE loading experiment list
RANK0000 | 2025-10-29 02:02:55,006 | EVENT: DONE loading experiment list
Warning, crystal system not determined, assuming triclinic
RANK0000 | 2025-10-29 02:02:55,008 | EVENT: LOADING ROI DATA
RANK0000 | 2025-10-29 02:02:55,008 | EVENT: LOADING ROI DATA
RANK0000 | 2025-10-29 02:02:55,008 | EVENT: LOADING ROI DATA
RANK0000 | 2025-10-29 02:02:55,008 | EVENT: LOADING ROI DATA
RANK0000 | 2025-10-29 02:02:55,008 | EVENT: LOADING ROI DATA
RANK0000 | 2025-10-29 02:02:55,077 | Number of ROIS that will proceed to refinement: 87/92
RANK0000 | 2025-10-29 02:02:55,077 | Number of ROIS that will proceed to refinement: 87/92
RANK0000 | 2025-10-29 02:02:55,077 | Number of ROIS that will proceed to refinement: 87/92
RANK0000 | 2025-10-29 02:02:55,077 | Number of ROIS that will proceed to refinement: 87/92
RANK0000 | 2025-10-29 02:02:55,077 | Number of ROIS that will proceed to refinement: 87/92
RANK0000 | 2025-10-29 02:02:55,095 | Setting initial mosaicity from params.init.eta_abc: 0.000000 0.000000 0.000000
RANK0000 | 2025-10-29 02:02:55,095 | Setting initial mosaicity from params.init.eta_abc: 0.000000 0.000000 0.000000
RANK0000 | 2025-10-29 02:02:55,095 | Setting initial mosaicity from params.init.eta_abc: 0.000000 0.000000 0.000000
RANK0000 | 2025-10-29 02:02:55,095 | Setting initial mosaicity from params.init.eta_abc: 0.000000 0.000000 0.000000
RANK0000 | 2025-10-29 02:02:55,095 | Setting initial mosaicity from params.init.eta_abc: 0.000000 0.000000 0.000000
RANK0000 | 2025-10-29 02:02:55,095 | Number of mosaic domains from params: 1
RANK0000 | 2025-10-29 02:02:55,095 | Number of mosaic domains from params: 1
RANK0000 | 2025-10-29 02:02:55,095 | Number of mosaic domains from params: 1
RANK0000 | 2025-10-29 02:02:55,095 | Number of mosaic domains from params: 1
RANK0000 | 2025-10-29 02:02:55,095 | Number of mosaic domains from params: 1
RANK0000 | 2025-10-29 02:02:55,167 | Loaded simulator
RANK0000 | 2025-10-29 02:02:55,167 | Loaded simulator
RANK0000 | 2025-10-29 02:02:55,167 | Loaded simulator
RANK0000 | 2025-10-29 02:02:55,167 | Loaded simulator
RANK0000 | 2025-10-29 02:02:55,167 | Loaded simulator
RANK0000 | 2025-10-29 02:02:55,167 | Will not use mosaic models, as simulator.crystal.num_mosaicity_samples=1
RANK0000 | 2025-10-29 02:02:55,167 | Will not use mosaic models, as simulator.crystal.num_mosaicity_samples=1
RANK0000 | 2025-10-29 02:02:55,167 | Will not use mosaic models, as simulator.crystal.num_mosaicity_samples=1
RANK0000 | 2025-10-29 02:02:55,167 | Will not use mosaic models, as simulator.crystal.num_mosaicity_samples=1
RANK0000 | 2025-10-29 02:02:55,167 | Will not use mosaic models, as simulator.crystal.num_mosaicity_samples=1
RANK0000 | 2025-10-29 02:02:55,207 | EVENT: DONE LOADING ROI
RANK0000 | 2025-10-29 02:02:55,207 | EVENT: DONE LOADING ROI
RANK0000 | 2025-10-29 02:02:55,207 | EVENT: DONE LOADING ROI
RANK0000 | 2025-10-29 02:02:55,207 | EVENT: DONE LOADING ROI
RANK0000 | 2025-10-29 02:02:55,207 | EVENT: DONE LOADING ROI
RANK0000 | 2025-10-29 02:02:55,207 | Will simulate 1 energy channels
RANK0000 | 2025-10-29 02:02:55,207 | Will simulate 1 energy channels
RANK0000 | 2025-10-29 02:02:55,207 | Will simulate 1 energy channels
RANK0000 | 2025-10-29 02:02:55,207 | Will simulate 1 energy channels
RANK0000 | 2025-10-29 02:02:55,207 | Will simulate 1 energy channels
RANK0000 | 2025-10-29 02:02:55,207 | Process memory usage: 1.714581 GB on node ollie-System-Product-Name
RANK0000 | 2025-10-29 02:02:55,207 | Process memory usage: 1.714581 GB on node ollie-System-Product-Name
RANK0000 | 2025-10-29 02:02:55,207 | Process memory usage: 1.714581 GB on node ollie-System-Product-Name
RANK0000 | 2025-10-29 02:02:55,207 | Process memory usage: 1.714581 GB on node ollie-System-Product-Name
RANK0000 | 2025-10-29 02:02:55,207 | Process memory usage: 1.714581 GB on node ollie-System-Product-Name
RANK0000 | 2025-10-29 02:02:55,207 | Finished loading image 1 / 1 (1 / 1)
RANK0000 | 2025-10-29 02:02:55,207 | Finished loading image 1 / 1 (1 / 1)
RANK0000 | 2025-10-29 02:02:55,207 | Finished loading image 1 / 1 (1 / 1)
RANK0000 | 2025-10-29 02:02:55,207 | Finished loading image 1 / 1 (1 / 1)
RANK0000 | 2025-10-29 02:02:55,207 | Finished loading image 1 / 1 (1 / 1)
Warning, crystal system not determined, assuming triclinic
RANK0000 | 2025-10-29 02:02:55,208 | DONE LOADING DATA; ENTER BARRIER
RANK0000 | 2025-10-29 02:02:55,208 | DONE LOADING DATA; ENTER BARRIER
RANK0000 | 2025-10-29 02:02:55,208 | DONE LOADING DATA; ENTER BARRIER
RANK0000 | 2025-10-29 02:02:55,208 | DONE LOADING DATA; ENTER BARRIER
RANK0000 | 2025-10-29 02:02:55,208 | DONE LOADING DATA; ENTER BARRIER
RANK0000 | 2025-10-29 02:02:55,208 | DONE LOADING DATA; EXIT BARRIER
RANK0000 | 2025-10-29 02:02:55,208 | DONE LOADING DATA; EXIT BARRIER
RANK0000 | 2025-10-29 02:02:55,208 | DONE LOADING DATA; EXIT BARRIER
RANK0000 | 2025-10-29 02:02:55,208 | DONE LOADING DATA; EXIT BARRIER
RANK0000 | 2025-10-29 02:02:55,208 | DONE LOADING DATA; EXIT BARRIER
RANK0000 | 2025-10-29 02:02:55,208 | Mem after panel groups: 1.714581 GB on node ollie-System-Product-Name
RANK0000 | 2025-10-29 02:02:55,208 | Mem after panel groups: 1.714581 GB on node ollie-System-Product-Name
RANK0000 | 2025-10-29 02:02:55,208 | Mem after panel groups: 1.714581 GB on node ollie-System-Product-Name
RANK0000 | 2025-10-29 02:02:55,208 | Mem after panel groups: 1.714581 GB on node ollie-System-Product-Name
RANK0000 | 2025-10-29 02:02:55,208 | Mem after panel groups: 1.714581 GB on node ollie-System-Product-Name
RANK0000 | 2025-10-29 02:02:55,208 | EVENT: Gathering global HKL information
RANK0000 | 2025-10-29 02:02:55,208 | EVENT: Gathering global HKL information
RANK0000 | 2025-10-29 02:02:55,208 | EVENT: Gathering global HKL information
RANK0000 | 2025-10-29 02:02:55,208 | EVENT: Gathering global HKL information
RANK0000 | 2025-10-29 02:02:55,208 | EVENT: Gathering global HKL information
RANK0000 | 2025-10-29 02:02:55,310 | EVENT: FINISHED gather global HKL information
RANK0000 | 2025-10-29 02:02:55,310 | EVENT: FINISHED gather global HKL information
RANK0000 | 2025-10-29 02:02:55,310 | EVENT: FINISHED gather global HKL information
RANK0000 | 2025-10-29 02:02:55,310 | EVENT: FINISHED gather global HKL information
RANK0000 | 2025-10-29 02:02:55,310 | EVENT: FINISHED gather global HKL information
RANK0000 | 2025-10-29 02:02:55,310 | Mem after gather Hi info: 1.714581 GB on node ollie-System-Product-Name
RANK0000 | 2025-10-29 02:02:55,310 | Mem after gather Hi info: 1.714581 GB on node ollie-System-Product-Name
RANK0000 | 2025-10-29 02:02:55,310 | Mem after gather Hi info: 1.714581 GB on node ollie-System-Product-Name
RANK0000 | 2025-10-29 02:02:55,310 | Mem after gather Hi info: 1.714581 GB on node ollie-System-Product-Name
RANK0000 | 2025-10-29 02:02:55,310 | Mem after gather Hi info: 1.714581 GB on node ollie-System-Product-Name
RANK0000 | 2025-10-29 02:02:55,310 | BEGIN DETERMINE MAX PIX
RANK0000 | 2025-10-29 02:02:55,310 | BEGIN DETERMINE MAX PIX
RANK0000 | 2025-10-29 02:02:55,310 | BEGIN DETERMINE MAX PIX
RANK0000 | 2025-10-29 02:02:55,310 | BEGIN DETERMINE MAX PIX
RANK0000 | 2025-10-29 02:02:55,310 | BEGIN DETERMINE MAX PIX
RANK0000 | 2025-10-29 02:02:55,310 | Rank 0, max pix to be modeled: 8700
RANK0000 | 2025-10-29 02:02:55,310 | Rank 0, max pix to be modeled: 8700
RANK0000 | 2025-10-29 02:02:55,310 | Rank 0, max pix to be modeled: 8700
RANK0000 | 2025-10-29 02:02:55,310 | Rank 0, max pix to be modeled: 8700
RANK0000 | 2025-10-29 02:02:55,310 | Rank 0, max pix to be modeled: 8700
RANK0000 | 2025-10-29 02:02:55,310 | DONE DETERMINE MAX PIX
RANK0000 | 2025-10-29 02:02:55,310 | DONE DETERMINE MAX PIX
RANK0000 | 2025-10-29 02:02:55,310 | DONE DETERMINE MAX PIX
RANK0000 | 2025-10-29 02:02:55,310 | DONE DETERMINE MAX PIX
RANK0000 | 2025-10-29 02:02:55,310 | DONE DETERMINE MAX PIX
RANK0000 | 2025-10-29 02:02:55,310 | Mem after determine max num pix: 1.714581 GB on node ollie-System-Product-Name
RANK0000 | 2025-10-29 02:02:55,310 | Mem after determine max num pix: 1.714581 GB on node ollie-System-Product-Name
RANK0000 | 2025-10-29 02:02:55,310 | Mem after determine max num pix: 1.714581 GB on node ollie-System-Product-Name
RANK0000 | 2025-10-29 02:02:55,310 | Mem after determine max num pix: 1.714581 GB on node ollie-System-Product-Name
RANK0000 | 2025-10-29 02:02:55,310 | Mem after determine max num pix: 1.714581 GB on node ollie-System-Product-Name
RANK0000 | 2025-10-29 02:02:55,310 | Mem after load_inputs: 1.714581 GB on node ollie-System-Product-Name
RANK0000 | 2025-10-29 02:02:55,310 | Mem after load_inputs: 1.714581 GB on node ollie-System-Product-Name
RANK0000 | 2025-10-29 02:02:55,310 | Mem after load_inputs: 1.714581 GB on node ollie-System-Product-Name
RANK0000 | 2025-10-29 02:02:55,310 | Mem after load_inputs: 1.714581 GB on node ollie-System-Product-Name
RANK0000 | 2025-10-29 02:02:55,310 | Mem after load_inputs: 1.714581 GB on node ollie-System-Product-Name
How many pixels each rank will allocate for on its device:
(rnk0, dev0): 8700 pix
Iteration 1:
	Resid=193063.977081, sigmaZ 6.283722, t-per-iter=0.0403 sec, pred_offsets=
Iteration 2:
	Resid=281476863.201026, sigmaZ 253.603838, t-per-iter=0.0402 sec, pred_offsets=
Iteration 3:
	Resid=281700168.173313, sigmaZ 253.774555, t-per-iter=0.0398 sec, pred_offsets=
Iteration 4:
	Resid=193057.944126, sigmaZ 6.283610, t-per-iter=0.0396 sec, pred_offsets=
Iteration 5:
	Resid=192981.276267, sigmaZ 6.282167, t-per-iter=0.0395 sec, pred_offsets=
Iteration 6:
	Resid=192940.445475, sigmaZ 6.281388, t-per-iter=0.0394 sec, pred_offsets=
Iteration 7:
	Resid=192930.853841, sigmaZ 6.281223, t-per-iter=0.0393 sec, pred_offsets=
Iteration 8:
	Resid=192929.882124, sigmaZ 6.281208, t-per-iter=0.0393 sec, pred_offsets=
Iteration 9:
	Resid=192929.087134, sigmaZ 6.281197, t-per-iter=0.0392 sec, pred_offsets=
Iteration 10:
	Resid=192928.901002, sigmaZ 6.281194, t-per-iter=0.0392 sec, pred_offsets=
Iteration 11:
	Resid=192927.459102, sigmaZ 6.281166, t-per-iter=0.0392 sec, pred_offsets=
Iteration 12:
	Resid=192926.890163, sigmaZ 6.281154, t-per-iter=0.0392 sec, pred_offsets=
Iteration 13:
	Resid=192926.713336, sigmaZ 6.281148, t-per-iter=0.0391 sec, pred_offsets=
Iteration 14:
	Resid=192926.677841, sigmaZ 6.281147, t-per-iter=0.0391 sec, pred_offsets=
Iteration 15:
	Resid=192926.645637, sigmaZ 6.281146, t-per-iter=0.0391 sec, pred_offsets=
Iteration 16:
	Resid=192926.584776, sigmaZ 6.281145, t-per-iter=0.0391 sec, pred_offsets=
Iteration 17:
	Resid=192926.509943, sigmaZ 6.281143, t-per-iter=0.0391 sec, pred_offsets=
Iteration 18:
	Resid=192926.913217, sigmaZ 6.281150, t-per-iter=0.0391 sec, pred_offsets=
Iteration 19:
	Resid=192926.506336, sigmaZ 6.281143, t-per-iter=0.0391 sec, pred_offsets=
Iteration 20:
	Resid=192926.472738, sigmaZ 6.281142, t-per-iter=0.0390 sec, pred_offsets=
Iteration 21:
	Resid=192926.467921, sigmaZ 6.281142, t-per-iter=0.0390 sec, pred_offsets=
Iteration 22:
	Resid=192926.467588, sigmaZ 6.281142, t-per-iter=0.0390 sec, pred_offsets=
Iteration 23:
	Resid=192926.467573, sigmaZ 6.281142, t-per-iter=0.0390 sec, pred_offsets=
Final Iteration 23:
	Resid=192926.467573, sigmaZ 6.281142
Saved detector model to _geom.out/diffBragg_detector.expt
INFO: Refinement converged. Generating DiffBragg baseline...
INFO:canonical_capture:Refinement converged. Generating DiffBragg baseline...
Spot scale=318674087507831872.000000
INFO: DiffBragg baseline saved: max=36165.40, shape=(1, 2527, 2463)
INFO:canonical_capture:DiffBragg baseline saved: max=36165.40, shape=(1, 2527, 2463)
INFO: Building nanobrag_torch configs...
INFO:canonical_capture:Building nanobrag_torch configs...
INFO: Building structure factor grid...
INFO:canonical_capture:Building structure factor grid...
INFO: HKL grid: 69614/69614 reflections in range (100.0%)
INFO:canonical_capture:HKL grid: 69614/69614 reflections in range (100.0%)
INFO: HKL grid nonzero: 69614
INFO:canonical_capture:HKL grid nonzero: 69614
INFO: Running nanobrag_torch simulator per panel...
INFO:canonical_capture:Running nanobrag_torch simulator per panel...
nanoBragg nanocrystal diffraction simulator - James Holton and Ken Frankel 8-1-17
  69614 initialized hkls (all others =0)
  gaussian xtal: 36.5x28.0x26.5 cells
Unit Cell: 27.364 32.058 34.4692 88.6791 71.6451 68.1146
Recp Cell: 0.0417459 0.0338294 0.0307604 83.8482 109.29 112.667
volume = 26463 A^3
  amorphous part of sample is 0 m thick x 0.0001 m high x 0.0001 m wide, 1 g/cm^3 and 18 g/mol (0 molecules)
missets:  0.00000000  0.00000000  0.00000000
real-space cell vectors (Angstrom):
     a           b           c         
X: 23.96779825 -0.00000000  0.00000000
Y: 10.00396138 32.04949803 -0.00000000
Z:  8.61695710  0.73898542 34.46921495
reciprocal-space cell vectors (Angstrom^-1):
     a_star      b_star      c_star    
X:  0.04174589 -0.01303060 -0.01015669
Y:  0.00000000  0.03121912 -0.00066931
Z:  0.00000000  0.00000000  0.02902755
  wave=9.768e-11 meters +/- 0% in 1 steps
  Kahn polarization factor: 1.000000
  incident fluence: 1e+18 photons/m^2
  distance=0.23129 detsize=0.423636x0.434644  pixel=0.000172 meters (2463x2527 pixels)
  Xbeam=0.217729 Ybeam=0.213893
  Fbeam=0.217729 Sbeam=0.213893
  Xclose=0.217515 Yclose=0.212789
  Fclose=0.217515 Sclose=0.212789
  DIRECTION_OF_DETECTOR_X-AXIS= 0.999998 0.00171122 -0.000924528
  DIRECTION_OF_DETECTOR_Y-AXIS= 0.00170678 -0.999987 -0.00477244
  DIRECTION_OF_DETECTOR_Z-AXIS= -0.000932683 0.00477085 -0.999988
  INCIDENT_BEAM_DIRECTION= 0 0 1
  spindle ROTATION_AXIS= 0.999998 0.00171122 -0.000924528
  POLARIZATION_PLANE_NORMAL= 0 -1 0
  dials origin= -217.515 213.891 -230.269
  roi: 0 < x < 2463 && 0 < y < 2527
  hdivrange=0 hdivstep=0  radians
  vdivrange=0 vdivstep=0  radians
  1 divergence steps
  1 sources
  1 mosaic domains over mosaic spread of 0 degrees
  1 phi steps from 0 to 0 degrees
  1x1 pixel oversample steps
INFO: Panel 0: torch_max=0.00, shape=(2527, 2463)
INFO:canonical_capture:Panel 0: torch_max=0.00, shape=(2527, 2463)
INFO: Torch baseline saved: max=0.00, shape=(1, 2527, 2463)
INFO:canonical_capture:Torch baseline saved: max=0.00, shape=(1, 2527, 2463)
INFO: Computing parity metrics...
INFO:canonical_capture:Computing parity metrics...
INFO: === Canonical Capture Complete ===
INFO:canonical_capture:=== Canonical Capture Complete ===
INFO: DiffBragg baseline: /home/ollie/Documents/diffbragg_example_2/diffbragg_example/plans/active/NANOBRAG-GOLDEN-001/reports/2025-10-29T084244Z/golden_dataset/legacy/bragg_diffbragg.npy (max=36165.40)
INFO:canonical_capture:DiffBragg baseline: /home/ollie/Documents/diffbragg_example_2/diffbragg_example/plans/active/NANOBRAG-GOLDEN-001/reports/2025-10-29T084244Z/golden_dataset/legacy/bragg_diffbragg.npy (max=36165.40)
INFO: Torch baseline: /home/ollie/Documents/diffbragg_example_2/diffbragg_example/plans/active/NANOBRAG-GOLDEN-001/reports/2025-10-29T084244Z/golden_dataset/torch/bragg_torch.npy (max=0.00)
INFO:canonical_capture:Torch baseline: /home/ollie/Documents/diffbragg_example_2/diffbragg_example/plans/active/NANOBRAG-GOLDEN-001/reports/2025-10-29T084244Z/golden_dataset/torch/bragg_torch.npy (max=0.00)
INFO: Metrics: /home/ollie/Documents/diffbragg_example_2/diffbragg_example/plans/active/NANOBRAG-GOLDEN-001/reports/2025-10-29T084244Z/golden_dataset/metrics.json
INFO:canonical_capture:Metrics: /home/ollie/Documents/diffbragg_example_2/diffbragg_example/plans/active/NANOBRAG-GOLDEN-001/reports/2025-10-29T084244Z/golden_dataset/metrics.json
INFO: Median correlation: nan
INFO:canonical_capture:Median correlation: nan
INFO: Localization success: 0.0%
INFO:canonical_capture:Localization success: 0.0%

Canonical dataset written to: /home/ollie/Documents/diffbragg_example_2/diffbragg_example/plans/active/NANOBRAG-GOLDEN-001/reports/2025-10-29T084244Z/golden_dataset
Next steps:
  1. Inspect metrics: jq '.torch_max' /home/ollie/Documents/diffbragg_example_2/diffbragg_example/plans/active/NANOBRAG-GOLDEN-001/reports/2025-10-29T084244Z/golden_dataset/torch/panel_metrics.json
  2. Check HKL stats: jq '.in_range_fraction' /home/ollie/Documents/diffbragg_example_2/diffbragg_example/plans/active/NANOBRAG-GOLDEN-001/reports/2025-10-29T084244Z/torch_hkl_debug.json
  3. Run parity tests: KMP_DUPLICATE_LIB_OK=TRUE pytest -v tests/dbex/test_db_at_001_parity.py -k DB_AT_001
