diff --git a/docs/TESTING_GUIDE.md b/docs/TESTING_GUIDE.md
index 5054a2a..e1f60f5 100644
--- a/docs/TESTING_GUIDE.md
+++ b/docs/TESTING_GUIDE.md
@@ -58,8 +58,8 @@ CUDA_VISIBLE_DEVICES='' TORCHDYNAMO_DISABLE=1 NANOBRAGG_DISABLE_COMPILE=1 \
 | Scope | Selector | Purpose | Status | Notes |
 | --- | --- | --- | --- | --- |
 | Smoke | `python -m dbex.refine_one --help` | Verifies legacy CLI loads after environment changes. | Active | Run before/after backend refactors. |
-| Torch parity | `pytest -v tests -k DB_AT_001` | Validates simple cubic parity (`docs/spec-db-conformance.md:24`). | Planned | Requires golden data; correlation ≥0.99. |
-| Determinism | `pytest -v tests -k DB_AT_002` | Bitwise/tolerance equality with locked RNG seeds. | Planned | See `docs/development/testing_strategy.md` §2.7 for environment. |
+| Torch parity | `KMP_DUPLICATE_LIB_OK=TRUE pytest -v tests -k DB_AT_001` | Validates simple cubic parity against golden reference data (`docs/spec-db-conformance.md:24`). | Planned | Harness spec: `docs/parity_harness_spec.md` §2. Golden data: `nanoBragg2/tests/golden_data/simple_cubic/` or local mirror. Metrics: correlation ≥0.99, MSE, RMSE, max\|Δ\|, sum_ratio. Artifacts: `plans/active/<initiative>/reports/<timestamp>/parity/` (metrics.json, traces, heatmaps). Trace workflow per `docs/spec-db-tracing.md:10-26`. |
+| Determinism | `CUDA_VISIBLE_DEVICES='' TORCHDYNAMO_DISABLE=1 NANOBRAGG_DISABLE_COMPILE=1 KMP_DUPLICATE_LIB_OK=TRUE pytest -v tests -k DB_AT_002` | Bitwise reproducibility (same seed) and statistical independence (different seeds) validation. | Planned | Harness spec: `docs/parity_harness_spec.md` §3. Environment: CPU-only (CUDA_VISIBLE_DEVICES=''), torch.compile disabled. Same-seed: bitwise_equal=True, correlation ≥0.9999999, max_abs_diff ≤1e-10. Diff-seed: bitwise_equal=False, correlation ≤0.7, ≥50% pixels differ. Artifacts: `plans/active/<initiative>/reports/<timestamp>/determinism/` (metrics_same_seed.json, metrics_diff_seed.json, env.json). |
 | Reflection ingestion | `pytest -v tests -k DB_AT_020` | DIALS reflection ingestion + bbox semantics (`docs/spec-db-conformance.md:30`). | Planned | Blocks CLI parity work. |
 | Mask semantics | `pytest -v tests -k DB_AT_021` | Trusted-mask polarity per `docs/spec-db-core.md:51`. | Planned | Author targeted fixtures when masks land. |
 | Background semantics | `pytest -v tests -k DB_AT_022` | Validates −1 sentinel handling around ROIs. | Planned | Per `docs/spec-db-conformance.md:38`. |
diff --git a/docs/development/TEST_SUITE_INDEX.md b/docs/development/TEST_SUITE_INDEX.md
index ad3818e..60f99cf 100644
--- a/docs/development/TEST_SUITE_INDEX.md
+++ b/docs/development/TEST_SUITE_INDEX.md
@@ -14,8 +14,8 @@ Footnote: DB_AT acceptance remains the canonical parity profile; until marks/sel
 
 | Module / Area | Selector | Status | Spec Reference | Notes |
 | --- | --- | --- | --- | --- |
-| Torch parity | `pytest -v tests -k DB_AT_001` | planned | `docs/spec-db-conformance.md:24` | Uses golden data under `nanoBragg2/tests/golden_data`; validates simple cubic correlation ≥0.99. |
-| Determinism | `pytest -v tests -k DB_AT_002` | planned | `docs/development/testing_strategy.md:2.7` | Requires fixtures that lock RNG seeds and check bitwise/tolerance equality. Environment: CPU-only, CUDA_VISIBLE_DEVICES=''. |
+| Torch parity | `KMP_DUPLICATE_LIB_OK=TRUE pytest -v tests -k DB_AT_001` | planned | `docs/parity_harness_spec.md:17`, `docs/spec-db-conformance.md:24` | Harness: §2 of parity_harness_spec. Golden data: `nanoBragg2/tests/golden_data/simple_cubic/` or DBEX-local mirror. Metrics: correlation ≥0.99, MSE, RMSE, max\|Δ\|, sum_ratio. Artifacts: parity/ subdirectory with metrics.json, golden/py traces, diff heatmaps. Trace workflow: `docs/spec-db-tracing.md:10-26`. |
+| Determinism | `CUDA_VISIBLE_DEVICES='' TORCHDYNAMO_DISABLE=1 NANOBRAGG_DISABLE_COMPILE=1 KMP_DUPLICATE_LIB_OK=TRUE pytest -v tests -k DB_AT_002` | planned | `docs/parity_harness_spec.md:252`, `docs/development/testing_strategy.md:2.7` | Harness: §3 of parity_harness_spec. CPU-only (CUDA_VISIBLE_DEVICES=''), torch.compile disabled. Same-seed: bitwise_equal=True, correlation ≥0.9999999, max_abs_diff ≤1e-10. Diff-seed: bitwise_equal=False, correlation ≤0.7, ≥50% pixels differ. Artifacts: determinism/ subdirectory with metrics_same_seed.json, metrics_diff_seed.json, env.json. |
 | Reflection ingestion | `pytest -v tests -k DB_AT_020` | planned | `docs/spec-db-conformance.md:30` | Exercises bbox exclusivity and panel ordering via DIALS samples. Blocks CLI parity work. |
 | Mask semantics | `pytest -v tests -k DB_AT_021` | planned | `docs/spec-db-core.md:51` | Confirms trusted mask polarity (True=include) and simulator masking rules. |
 | Background semantics | `pytest -v tests -k DB_AT_022` | planned | `docs/spec-db-conformance.md:38` | Validates −1 sentinel handling around ROIs. |
diff --git a/docs/index.md b/docs/index.md
index b5486e3..09e4e63 100644
--- a/docs/index.md
+++ b/docs/index.md
@@ -133,13 +133,18 @@ Use this when: Executing integration work or reviewing scope/timeline.
 ## Testing & Validation
 
 ### [Testing Guide](TESTING_GUIDE.md)
-Description: Canonical environment flags, smoke/acceptance selectors, and artifact policy for pytest runs.  
-Keywords: testing, pytest, selectors  
+Description: Canonical environment flags, smoke/acceptance selectors, and artifact policy for pytest runs.
+Keywords: testing, pytest, selectors
 Use this when: Running or authoring tests for parity, ingestion, or runtime guardrails.
 
+### [Parity Harness Specification](parity_harness_spec.md)
+Description: Normative requirements for DB-AT-001 (simple cubic parity) and DB-AT-002 (determinism) test harnesses, including golden data, metrics computation, trace capture workflow, and artifact layouts.
+Keywords: parity, harness, DB-AT-001, DB-AT-002, golden-data, metrics, traces
+Use this when: Implementing or running parity tests, authoring test fixtures with standardized metrics, or debugging first-divergence issues via trace comparison.
+
 ### [Test Suite Index](development/TEST_SUITE_INDEX.md)
-Description: Status table for DB-AT selectors and runtime regression tests.  
-Keywords: test-index, parity, runtime  
+Description: Status table for DB-AT selectors and runtime regression tests.
+Keywords: test-index, parity, runtime
 Use this when: Checking which selectors exist and which remain to be authored.
 
 ## PyTorch Development
diff --git a/docs/prompt_sources_map.json b/docs/prompt_sources_map.json
index 201e09d..b5b8085 100644
--- a/docs/prompt_sources_map.json
+++ b/docs/prompt_sources_map.json
@@ -7,6 +7,7 @@
     "docs/spec-db-interfaces.md",
     "docs/spec-db-conformance.md",
     "docs/spec-db-tracing.md",
+    "docs/parity_harness_spec.md",
     "docs/spec_authoring_guide.md",
     "docs/config_crosswalk.md",
     "docs/dials_api.md",
