/home/ollie/miniconda3/envs/simtbx/lib/python3.9/site-packages/dials/extensions/__init__.py:3: UserWarning: pkg_resources is deprecated as an API. See https://setuptools.pypa.io/en/latest/pkg_resources.html. The pkg_resources package is slated for removal as early as 2025-11-30. Refrain from using this package or pin to Setuptools<81.
  import pkg_resources
[Stage A Baseline Probe] Starting probe (device=cuda:0)
[Stage A Baseline Probe] Geometry mode: baseline
[Stage A Baseline Probe] Output will be saved to: plans/active/ARCH-SIM-CONSTRUCTION-001/reports/2025-12-21T180000Z/stage_a_baseline_probe_baseline.json
[Stage A Baseline Probe] HKL source: /home/ollie/Documents/diffbragg_example_2/diffbragg_example/sp.proc/calibration/smoke_refined_structure_factors_small.mtz
[Stage A Baseline Probe] MTZ columns: F(+),SIGF(+),F(-),SIGF(-)
[Stage A Baseline Probe] Calibration config: /home/ollie/Documents/diffbragg_example_2/diffbragg_example/sp.proc/calibration/config_torch_smoke_small.json
[Stage A Baseline Probe] Running RefinementEngine with Stage A...
[ARCH-SIM-CONSTRUCTION-001 Phase C.7] Using recorded scale_factor from Stage A telemetry:
  scale_factor (recorded): 6.918168e+08
  log_scale_effective (recorded): 20.354832
  log_scale_baseline: 20.354832
  log_scale_delta_clamped (recorded): 0.0
  sqrt_spot_scale: 691817229.1071362
  spot_scale_override: 4.786110784894759e+17
Traceback (most recent call last):
  File "/home/ollie/Documents/diffbragg_example_2/diffbragg_example/plans/active/ARCH-SIM-CONSTRUCTION-001/bin/compare_stage_a_baseline.py", line 1333, in <module>
    sys.exit(main())
  File "/home/ollie/Documents/diffbragg_example_2/diffbragg_example/plans/active/ARCH-SIM-CONSTRUCTION-001/bin/compare_stage_a_baseline.py", line 439, in main
    telemetry_dict = engine.run({"context": refinement_context})
  File "/home/ollie/Documents/diffbragg_example_2/diffbragg_example/dbex/refinement/engine.py", line 147, in run
    stage_output = stage.run(enriched_inputs, telemetry_sink)
  File "/home/ollie/Documents/diffbragg_example_2/diffbragg_example/dbex/refinement/stage_a.py", line 2141, in run
    bragg_full_artifact = build_final_bragg_from_stage_a_telemetry(
  File "/home/ollie/Documents/diffbragg_example_2/diffbragg_example/dbex/refinement/reconstruction.py", line 479, in build_final_bragg_from_stage_a_telemetry
    bragg_panel = sim.run()
  File "/home/ollie/Documents/diffbragg_example_2/diffbragg_example/src/nanobrag-torch/src/nanobrag_torch/simulator.py", line 1049, in run
    physics_intensity_flat, physics_intensity_pre_polar_flat = self._compute_physics_for_position(
  File "/home/ollie/Documents/diffbragg_example_2/diffbragg_example/src/nanobrag-torch/src/nanobrag_torch/simulator.py", line 736, in _compute_physics_for_position
    return self._compiled_compute_physics(
  File "/home/ollie/Documents/diffbragg_example_2/diffbragg_example/src/nanobrag-torch/src/nanobrag_torch/simulator.py", line 247, in compute_physics_for_position
    F_cell = crystal_get_structure_factor(h0, k0, l0)
  File "/home/ollie/Documents/diffbragg_example_2/diffbragg_example/src/nanobrag-torch/src/nanobrag_torch/models/crystal.py", line 245, in get_structure_factor
    return self._nearest_neighbor_lookup(h, k, l)
  File "/home/ollie/Documents/diffbragg_example_2/diffbragg_example/src/nanobrag-torch/src/nanobrag_torch/models/crystal.py", line 276, in _nearest_neighbor_lookup
    l_idx = l_int - l_min
torch.OutOfMemoryError: CUDA out of memory. Tried to allocate 2.25 GiB. GPU 0 has a total capacity of 23.56 GiB of which 1.26 GiB is free. Including non-PyTorch memory, this process has 22.22 GiB memory in use. Of the allocated memory 18.82 GiB is allocated by PyTorch, and 3.09 GiB is reserved by PyTorch but unallocated. If reserved but unallocated memory is large try setting PYTORCH_CUDA_ALLOC_CONF=expandable_segments:True to avoid fragmentation.  See documentation for Memory Management  (https://pytorch.org/docs/stable/notes/cuda.html#environment-variables)
