2025-11-04 01:30:57,661 - canonical_capture - INFO - === Canonical Golden Dataset Generation ===
2025-11-04 01:30:57,661 - canonical_capture - INFO - Loading refGeom experiment...
2025-11-04 01:30:58,566 - canonical_capture - INFO - Loaded 92 reflections from /home/ollie/Documents/diffbragg_example_2/diffbragg_example/refGeom.refl
2025-11-04 01:30:58,567 - canonical_capture - INFO - Starting DiffBragg refinement (GPU devId=0 per DIFFBRAGG-001)...
2025-11-04 01:30:58,599 - canonical_capture - INFO - Refinement macro cycle 1/5...
2025-11-04 01:31:34,301 - canonical_capture - INFO - Refinement macro cycle 2/5...
2025-11-04 01:31:47,902 - canonical_capture - INFO - Refinement macro cycle 3/5...
2025-11-04 01:32:04,758 - canonical_capture - INFO - Refinement macro cycle 4/5...
2025-11-04 01:32:20,606 - canonical_capture - INFO - Refinement macro cycle 5/5...
2025-11-04 01:32:36,305 - canonical_capture - INFO - Refinement converged. Generating DiffBragg baseline...
2025-11-04 01:32:36,838 - canonical_capture - INFO - DiffBragg baseline saved: max=36195.17, shape=(1, 2527, 2463)
2025-11-04 01:32:36,840 - canonical_capture - INFO - Building nanobrag_torch configs...
2025-11-04 01:32:36,915 - canonical_capture - INFO - Building structure factor grid...
2025-11-04 01:32:36,945 - canonical_capture - INFO - Structure factors (no scaling applied per SCALE-001): min=1.546e+00, max=5.183e+02, mean=4.741e+01
2025-11-04 01:32:36,945 - canonical_capture - INFO - Ignoring scale_override=3.185e+17 per SCALE-001 (DiffBragg handles scaling internally)
2025-11-04 01:32:38,031 - canonical_capture - INFO - Structure factor grid stats: min=0.000e+00, max=5.183e+02, mean=1.876e+01, nonzero=69614
2025-11-04 01:32:38,031 - canonical_capture - INFO - HKL grid: 69614/69614 reflections in range (100.0%)
2025-11-04 01:32:38,031 - canonical_capture - INFO - HKL grid nonzero: 69614
2025-11-04 01:32:38,036 - canonical_capture - INFO - Running nanobrag_torch simulator per panel...
2025-11-04 01:32:38,036 - canonical_capture - INFO - Post-simulation global scale factor: sqrt(3.185182e+17) = 5.643742e+08
2025-11-04 01:32:41,464 - canonical_capture - INFO - Panel 0 RAW torch output: device=cuda:0, dtype=torch.float32, shape=torch.Size([2527, 2463]), min=0.000000e+00, max=8.144369e-05, mean=3.737499e-10, nonzero=5620743
2025-11-04 01:32:41,464 - canonical_capture - INFO - Panel 0 SCALED torch output: min=0.000000e+00, max=4.596471e+04, mean=2.109348e-01
2025-11-04 01:32:41,484 - canonical_capture - INFO - Panel 0: torch_max=45964.71, shape=(2527, 2463)
2025-11-04 01:32:41,521 - canonical_capture - INFO - Torch baseline saved: max=45964.71, shape=(1, 2527, 2463)
2025-11-04 01:32:41,521 - canonical_capture - INFO - Computing parity metrics...
2025-11-04 01:32:41,536 - canonical_capture - INFO - Persisting refined structure factors for parity testing (MAP-SCALE-001)...
2025-11-04 01:32:41,536 - canonical_capture - INFO - Refined MTZ saved to /home/ollie/Documents/diffbragg_example_2/diffbragg_example/plans/active/MAP-SCALE-001/reports/2025-11-04T120500Z/refined_capture/torch/refined_structure_factors.mtz
2025-11-04 01:32:41,537 - canonical_capture - INFO - Refined MTZ copied to fixtures: /home/ollie/Documents/diffbragg_example_2/diffbragg_example/tests/fixtures/golden_data/simple_cubic/refined_structure_factors.mtz
2025-11-04 01:32:41,537 - canonical_capture - INFO - Generating manifest.json with SHA256 checksums...
2025-11-04 01:32:41,625 - canonical_capture - INFO -   bragg_diffbragg.npy: 06fd77004f020153...
2025-11-04 01:32:41,644 - canonical_capture - INFO -   bragg_torch.npy: 650fbd4ec82d1cc1...
2025-11-04 01:32:41,662 - canonical_capture - INFO -   target_panel_0.npy: 3ae4d01ef0a57dd8...
2025-11-04 01:32:41,667 - canonical_capture - INFO -   loss_mask_panel_0.npy: 9301d36f09eb6a15...
2025-11-04 01:32:41,668 - canonical_capture - INFO -   refined_structure_factors.mtz: 830199fb10aa448a...
2025-11-04 01:32:41,668 - canonical_capture - INFO - Manifest written to /home/ollie/Documents/diffbragg_example_2/diffbragg_example/plans/active/MAP-SCALE-001/reports/2025-11-04T120500Z/refined_capture/manifest.json
2025-11-04 01:32:41,668 - canonical_capture - INFO -   manifest.json: 851b2381bb4f0da1... (self-checksum)
2025-11-04 01:32:41,668 - canonical_capture - INFO - Copying canonical tensors to fixtures directory: /home/ollie/Documents/diffbragg_example_2/diffbragg_example/tests/fixtures/golden_data/simple_cubic
2025-11-04 01:32:41,689 - canonical_capture - INFO -   Copied bragg_diffbragg.npy -> /home/ollie/Documents/diffbragg_example_2/diffbragg_example/tests/fixtures/golden_data/simple_cubic/bragg_diffbragg.npy
2025-11-04 01:32:41,710 - canonical_capture - INFO -   Copied bragg_torch.npy -> /home/ollie/Documents/diffbragg_example_2/diffbragg_example/tests/fixtures/golden_data/simple_cubic/bragg_torch.npy
2025-11-04 01:32:41,731 - canonical_capture - INFO -   Copied target_panel_0.npy -> /home/ollie/Documents/diffbragg_example_2/diffbragg_example/tests/fixtures/golden_data/simple_cubic/target_panel_0.npy
2025-11-04 01:32:41,736 - canonical_capture - INFO -   Copied loss_mask_panel_0.npy -> /home/ollie/Documents/diffbragg_example_2/diffbragg_example/tests/fixtures/golden_data/simple_cubic/loss_mask_panel_0.npy
2025-11-04 01:32:41,737 - canonical_capture - INFO -   Copied refined_structure_factors.mtz -> /home/ollie/Documents/diffbragg_example_2/diffbragg_example/tests/fixtures/golden_data/simple_cubic/refined_structure_factors.mtz
2025-11-04 01:32:41,737 - canonical_capture - INFO -   Copied manifest.json -> /home/ollie/Documents/diffbragg_example_2/diffbragg_example/tests/fixtures/golden_data/simple_cubic/manifest.json
2025-11-04 01:32:41,738 - canonical_capture - INFO -   Wrote metadata.json -> /home/ollie/Documents/diffbragg_example_2/diffbragg_example/tests/fixtures/golden_data/simple_cubic/metadata.json
2025-11-04 01:32:41,738 - canonical_capture - INFO - === Canonical Capture Complete ===
2025-11-04 01:32:41,739 - canonical_capture - INFO - DiffBragg baseline: /home/ollie/Documents/diffbragg_example_2/diffbragg_example/plans/active/MAP-SCALE-001/reports/2025-11-04T120500Z/refined_capture/legacy/bragg_diffbragg.npy (max=36195.17)
2025-11-04 01:32:41,740 - canonical_capture - INFO - Torch baseline: /home/ollie/Documents/diffbragg_example_2/diffbragg_example/plans/active/MAP-SCALE-001/reports/2025-11-04T120500Z/refined_capture/torch/bragg_torch.npy (max=45964.71)
2025-11-04 01:32:41,740 - canonical_capture - INFO - Metrics: /home/ollie/Documents/diffbragg_example_2/diffbragg_example/plans/active/MAP-SCALE-001/reports/2025-11-04T120500Z/refined_capture/metrics.json
2025-11-04 01:32:41,740 - canonical_capture - INFO - Median correlation: 0.8125
2025-11-04 01:32:41,740 - canonical_capture - INFO - Localization success: 100.0%
