2025-10-29 02:14:33,179 - canonical_capture - INFO - === Canonical Golden Dataset Generation ===
2025-10-29 02:14:33,179 - canonical_capture - INFO - Loading refGeom experiment...
2025-10-29 02:14:33,404 - canonical_capture - INFO - Loaded 92 reflections from /home/ollie/Documents/diffbragg_example_2/diffbragg_example/refGeom.refl
2025-10-29 02:14:33,404 - canonical_capture - INFO - Starting DiffBragg refinement (GPU devId=0 per DIFFBRAGG-001)...
2025-10-29 02:14:33,438 - canonical_capture - INFO - Refinement macro cycle 1/5...
2025-10-29 02:15:09,656 - canonical_capture - INFO - Refinement macro cycle 2/5...
2025-10-29 02:15:23,620 - canonical_capture - INFO - Refinement macro cycle 3/5...
2025-10-29 02:15:35,969 - canonical_capture - INFO - Refinement macro cycle 4/5...
2025-10-29 02:15:50,926 - canonical_capture - INFO - Refinement macro cycle 5/5...
2025-10-29 02:16:05,397 - canonical_capture - INFO - Refinement converged. Generating DiffBragg baseline...
2025-10-29 02:16:05,931 - canonical_capture - INFO - DiffBragg baseline saved: max=36164.45, shape=(1, 2527, 2463)
2025-10-29 02:16:05,933 - canonical_capture - INFO - Building nanobrag_torch configs...
2025-10-29 02:16:05,970 - canonical_capture - INFO - Building structure factor grid...
2025-10-29 02:16:06,001 - canonical_capture - INFO - Scaling structure factors by sqrt(scale_override)=5.644e+08
2025-10-29 02:16:07,091 - canonical_capture - INFO - HKL grid: 69614/69614 reflections in range (100.0%)
2025-10-29 02:16:07,091 - canonical_capture - INFO - HKL grid nonzero: 69614
2025-10-29 02:16:07,096 - canonical_capture - INFO - Running nanobrag_torch simulator per panel...
2025-10-29 02:16:09,434 - canonical_capture - INFO - Panel 0: torch_max=0.00, shape=(2527, 2463)
2025-10-29 02:16:09,466 - canonical_capture - INFO - Torch baseline saved: max=0.00, shape=(1, 2527, 2463)
2025-10-29 02:16:09,466 - canonical_capture - INFO - Computing parity metrics...
2025-10-29 02:16:09,478 - canonical_capture - INFO - === Canonical Capture Complete ===
2025-10-29 02:16:09,479 - canonical_capture - INFO - DiffBragg baseline: plans/active/NANOBRAG-GOLDEN-001/reports/2025-10-29T084500Z/golden_dataset/legacy/bragg_diffbragg.npy (max=36164.45)
2025-10-29 02:16:09,480 - canonical_capture - INFO - Torch baseline: plans/active/NANOBRAG-GOLDEN-001/reports/2025-10-29T084500Z/golden_dataset/torch/bragg_torch.npy (max=0.00)
2025-10-29 02:16:09,480 - canonical_capture - INFO - Metrics: plans/active/NANOBRAG-GOLDEN-001/reports/2025-10-29T084500Z/golden_dataset/metrics.json
2025-10-29 02:16:09,480 - canonical_capture - INFO - Median correlation: nan
2025-10-29 02:16:09,480 - canonical_capture - INFO - Localization success: 0.0%
