/home/ollie/miniconda3/envs/simtbx/lib/python3.9/site-packages/dials/extensions/__init__.py:3: UserWarning: pkg_resources is deprecated as an API. See https://setuptools.pypa.io/en/latest/pkg_resources.html. The pkg_resources package is slated for removal as early as 2025-11-30. Refrain from using this package or pin to Setuptools<81.
  import pkg_resources
<frozen importlib._bootstrap>:228: RuntimeWarning: to-Python converter for scitbx::af::shared<scitbx::af::shared<scitbx::vec3<double> > > already registered; second conversion method ignored.
COMMANDLINE: libtbx.python /home/ollie/Documents/diffbragg_example_2/diffbragg_example/plans/active/NANOBRAG-GOLDEN-001/reports/2025-10-29T074423Z/capture_forward.py
Warning, crystal system not determined, assuming triclinic
Warning, crystal system not determined, assuming triclinic
Warning, crystal system not determined, assuming triclinic
Warning, crystal system not determined, assuming triclinic
Warning, crystal system not determined, assuming triclinic
Will optimize using 1 experiments
RANK0000 | 2025-10-29 00:54:28,463 | Loading nrefls per shot
Found 1 shots originally, but only 1 had finite number of refls to model
RANK0000 | 2025-10-29 00:54:28,464 | EVENT: begin loading inputs
RANK0000 | 2025-10-29 00:54:28,492 | Will use space group symbol P 1
RANK0000 | 2025-10-29 00:54:28,639 | EVENT: BEGIN loading experiment list
RANK0000 | 2025-10-29 00:54:28,640 | EVENT: DONE loading experiment list
Warning, crystal system not determined, assuming triclinic
RANK0000 | 2025-10-29 00:54:28,642 | EVENT: LOADING ROI DATA
RANK0000 | 2025-10-29 00:54:28,710 | Number of ROIS that will proceed to refinement: 87/92
RANK0000 | 2025-10-29 00:54:28,729 | Setting initial mosaicity from params.init.eta_abc: 0.000000 0.000000 0.000000
RANK0000 | 2025-10-29 00:54:28,729 | Number of mosaic domains from params: 1
RANK0000 | 2025-10-29 00:54:28,802 | Loaded simulator
RANK0000 | 2025-10-29 00:54:28,802 | Will not use mosaic models, as simulator.crystal.num_mosaicity_samples=1
RANK0000 | 2025-10-29 00:54:28,839 | EVENT: DONE LOADING ROI
RANK0000 | 2025-10-29 00:54:28,839 | Will simulate 1 energy channels
RANK0000 | 2025-10-29 00:54:28,839 | Process memory usage: 1.233013 GB on node ollie-System-Product-Name
RANK0000 | 2025-10-29 00:54:28,839 | Finished loading image 1 / 1 (1 / 1)
Warning, crystal system not determined, assuming triclinic
RANK0000 | 2025-10-29 00:54:28,840 | DONE LOADING DATA; ENTER BARRIER
RANK0000 | 2025-10-29 00:54:28,840 | DONE LOADING DATA; EXIT BARRIER
RANK0000 | 2025-10-29 00:54:28,840 | Mem after panel groups: 1.233013 GB on node ollie-System-Product-Name
RANK0000 | 2025-10-29 00:54:28,840 | EVENT: Gathering global HKL information
RANK0000 | 2025-10-29 00:54:28,946 | EVENT: FINISHED gather global HKL information
RANK0000 | 2025-10-29 00:54:28,947 | Mem after gather Hi info: 1.233013 GB on node ollie-System-Product-Name
RANK0000 | 2025-10-29 00:54:28,947 | BEGIN DETERMINE MAX PIX
RANK0000 | 2025-10-29 00:54:28,947 | Rank 0, max pix to be modeled: 8700
RANK0000 | 2025-10-29 00:54:28,947 | DONE DETERMINE MAX PIX
RANK0000 | 2025-10-29 00:54:28,947 | Mem after determine max num pix: 1.233013 GB on node ollie-System-Product-Name
RANK0000 | 2025-10-29 00:54:28,947 | Mem after load_inputs: 1.233013 GB on node ollie-System-Product-Name
How many pixels each rank will allocate for on its device:
(rnk0, dev0): 8700 pix
Iteration 1:
	Resid=242623.295220, sigmaZ 7.147279, t-per-iter=0.0393 sec, pred_offsets=
Iteration 2:
	Resid=279875394.433124, sigmaZ 252.944982, t-per-iter=0.0390 sec, pred_offsets=
Iteration 3:
	Resid=281179094.763760, sigmaZ 253.486427, t-per-iter=0.0390 sec, pred_offsets=
Iteration 4:
	Resid=281512089.502743, sigmaZ 253.628952, t-per-iter=0.0389 sec, pred_offsets=
Iteration 5:
	Resid=241784.059434, sigmaZ 7.133763, t-per-iter=0.0389 sec, pred_offsets=
Iteration 6:
	Resid=240258.169055, sigmaZ 7.109117, t-per-iter=0.0388 sec, pred_offsets=
Iteration 7:
	Resid=240280.433320, sigmaZ 7.109478, t-per-iter=0.0388 sec, pred_offsets=
Iteration 8:
	Resid=239763.182758, sigmaZ 7.101107, t-per-iter=0.0388 sec, pred_offsets=
Iteration 9:
	Resid=239550.996415, sigmaZ 7.097670, t-per-iter=0.0388 sec, pred_offsets=
Iteration 10:
	Resid=239260.347337, sigmaZ 7.092958, t-per-iter=0.0388 sec, pred_offsets=
Iteration 11:
	Resid=239169.792506, sigmaZ 7.091490, t-per-iter=0.0388 sec, pred_offsets=
Iteration 12:
	Resid=238764.668270, sigmaZ 7.084916, t-per-iter=0.0387 sec, pred_offsets=
Iteration 13:
	Resid=238592.166888, sigmaZ 7.082115, t-per-iter=0.0387 sec, pred_offsets=
Iteration 14:
	Resid=238568.375630, sigmaZ 7.081729, t-per-iter=0.0387 sec, pred_offsets=
Iteration 15:
	Resid=238565.341113, sigmaZ 7.081680, t-per-iter=0.0387 sec, pred_offsets=
Iteration 16:
	Resid=238561.015742, sigmaZ 7.081609, t-per-iter=0.0387 sec, pred_offsets=
Iteration 17:
	Resid=238552.743816, sigmaZ 7.081475, t-per-iter=0.0387 sec, pred_offsets=
Iteration 18:
	Resid=238541.066393, sigmaZ 7.081285, t-per-iter=0.0387 sec, pred_offsets=
Iteration 19:
	Resid=238788.236622, sigmaZ 7.085294, t-per-iter=0.0387 sec, pred_offsets=
Iteration 20:
	Resid=238540.751747, sigmaZ 7.081279, t-per-iter=0.0387 sec, pred_offsets=
Iteration 21:
	Resid=238534.505292, sigmaZ 7.081178, t-per-iter=0.0387 sec, pred_offsets=
Iteration 22:
	Resid=238533.297193, sigmaZ 7.081158, t-per-iter=0.0387 sec, pred_offsets=
Iteration 23:
	Resid=238533.232017, sigmaZ 7.081157, t-per-iter=0.0387 sec, pred_offsets=
Iteration 24:
	Resid=238533.231176, sigmaZ 7.081157, t-per-iter=0.0387 sec, pred_offsets=
Iteration 25:
	Resid=238533.231163, sigmaZ 7.081157, t-per-iter=0.0387 sec, pred_offsets=
Iteration 26:
	Resid=238533.231157, sigmaZ 7.081157, t-per-iter=0.0387 sec, pred_offsets=
Final Iteration 26:
	Resid=238533.231157, sigmaZ 7.081157
Saved detector model to _geom.out/diffBragg_detector.expt
RANK0000 | 2025-10-29 00:54:30,027 | Number of ROIS that will proceed to refinement: 87/92
RANK0000 | 2025-10-29 00:54:30,045 | Setting initial mosaicity from params.init.eta_abc: 0.000000 0.000000 0.000000
RANK0000 | 2025-10-29 00:54:30,045 | Number of mosaic domains from params: 1
RANK0000 | 2025-10-29 00:54:30,120 | Loaded simulator
RANK0000 | 2025-10-29 00:54:30,120 | Will not use mosaic models, as simulator.crystal.num_mosaicity_samples=1
Warning, crystal system not determined, assuming triclinic
RANK0000 | 2025-10-29 00:54:30,120 | Unit cell variable a_Ang (currently=27.359348) is bounded by 24.623414 and 30.095283
RANK0000 | 2025-10-29 00:54:30,120 | Unit cell variable b_Ang (currently=32.053346) is bounded by 28.848012 and 35.258681
RANK0000 | 2025-10-29 00:54:30,120 | Unit cell variable c_Ang (currently=34.447265) is bounded by 31.002539 and 37.891992
RANK0000 | 2025-10-29 00:54:30,120 | Unit cell variable alpha_rad (currently=1.548473) is bounded by 1.461207 and 1.635740
RANK0000 | 2025-10-29 00:54:30,120 | Unit cell variable beta_rad (currently=1.249642) is bounded by 1.162376 and 1.336909
RANK0000 | 2025-10-29 00:54:30,120 | Unit cell variable gamma_rad (currently=1.189223) is bounded by 1.101956 and 1.276489
Warning, crystal system not determined, assuming triclinic
RANK0000 | 2025-10-29 00:54:38,165 | Filtered 5 / 92 reflections which did not show peaks in model
RANK0000 | 2025-10-29 00:54:38,237 | Number of ROIS that will proceed to refinement: 87/92
RANK0000 | 2025-10-29 00:54:38,254 | Setting initial mosaicity from params.init.eta_abc: 0.000000 0.000000 0.000000
RANK0000 | 2025-10-29 00:54:38,254 | Number of mosaic domains from params: 1
RANK0000 | 2025-10-29 00:54:38,329 | Loaded simulator
RANK0000 | 2025-10-29 00:54:38,329 | Will not use mosaic models, as simulator.crystal.num_mosaicity_samples=1
Warning, crystal system not determined, assuming triclinic
RANK0000 | 2025-10-29 00:54:38,447 | Unit cell variable a_Ang (currently=27.360630) is bounded by 24.624567 and 30.096693
RANK0000 | 2025-10-29 00:54:38,447 | Unit cell variable b_Ang (currently=32.056401) is bounded by 28.850761 and 35.262041
RANK0000 | 2025-10-29 00:54:38,447 | Unit cell variable c_Ang (currently=34.454631) is bounded by 31.009168 and 37.900094
RANK0000 | 2025-10-29 00:54:38,447 | Unit cell variable alpha_rad (currently=1.548190) is bounded by 1.460924 and 1.635457
RANK0000 | 2025-10-29 00:54:38,447 | Unit cell variable beta_rad (currently=1.249321) is bounded by 1.162055 and 1.336588
RANK0000 | 2025-10-29 00:54:38,447 | Unit cell variable gamma_rad (currently=1.189194) is bounded by 1.101928 and 1.276461
Warning, crystal system not determined, assuming triclinic
RANK0000 | 2025-10-29 00:54:43,811 | Filtered 5 / 92 reflections which did not show peaks in model
Warning, crystal system not determined, assuming triclinic
Will optimize using 1 experiments
RANK0000 | 2025-10-29 00:54:43,936 | Loading nrefls per shot
RANK0000 | 2025-10-29 00:54:43,936 | Loading nrefls per shot
Found 1 shots originally, but only 1 had finite number of refls to model
RANK0000 | 2025-10-29 00:54:43,937 | EVENT: begin loading inputs
RANK0000 | 2025-10-29 00:54:43,937 | EVENT: begin loading inputs
RANK0000 | 2025-10-29 00:54:43,965 | Will use space group symbol P 1
RANK0000 | 2025-10-29 00:54:43,965 | Will use space group symbol P 1
RANK0000 | 2025-10-29 00:54:44,104 | EVENT: BEGIN loading experiment list
RANK0000 | 2025-10-29 00:54:44,104 | EVENT: BEGIN loading experiment list
RANK0000 | 2025-10-29 00:54:44,106 | EVENT: DONE loading experiment list
RANK0000 | 2025-10-29 00:54:44,106 | EVENT: DONE loading experiment list
Warning, crystal system not determined, assuming triclinic
RANK0000 | 2025-10-29 00:54:44,107 | EVENT: LOADING ROI DATA
RANK0000 | 2025-10-29 00:54:44,107 | EVENT: LOADING ROI DATA
RANK0000 | 2025-10-29 00:54:44,180 | Number of ROIS that will proceed to refinement: 87/92
RANK0000 | 2025-10-29 00:54:44,180 | Number of ROIS that will proceed to refinement: 87/92
RANK0000 | 2025-10-29 00:54:44,198 | Setting initial mosaicity from params.init.eta_abc: 0.000000 0.000000 0.000000
RANK0000 | 2025-10-29 00:54:44,198 | Setting initial mosaicity from params.init.eta_abc: 0.000000 0.000000 0.000000
RANK0000 | 2025-10-29 00:54:44,199 | Number of mosaic domains from params: 1
RANK0000 | 2025-10-29 00:54:44,199 | Number of mosaic domains from params: 1
RANK0000 | 2025-10-29 00:54:44,275 | Loaded simulator
RANK0000 | 2025-10-29 00:54:44,275 | Loaded simulator
RANK0000 | 2025-10-29 00:54:44,275 | Will not use mosaic models, as simulator.crystal.num_mosaicity_samples=1
RANK0000 | 2025-10-29 00:54:44,275 | Will not use mosaic models, as simulator.crystal.num_mosaicity_samples=1
RANK0000 | 2025-10-29 00:54:44,313 | EVENT: DONE LOADING ROI
RANK0000 | 2025-10-29 00:54:44,313 | EVENT: DONE LOADING ROI
RANK0000 | 2025-10-29 00:54:44,313 | Will simulate 1 energy channels
RANK0000 | 2025-10-29 00:54:44,313 | Will simulate 1 energy channels
RANK0000 | 2025-10-29 00:54:44,313 | Process memory usage: 1.403698 GB on node ollie-System-Product-Name
RANK0000 | 2025-10-29 00:54:44,313 | Process memory usage: 1.403698 GB on node ollie-System-Product-Name
RANK0000 | 2025-10-29 00:54:44,313 | Finished loading image 1 / 1 (1 / 1)
RANK0000 | 2025-10-29 00:54:44,313 | Finished loading image 1 / 1 (1 / 1)
Warning, crystal system not determined, assuming triclinic
RANK0000 | 2025-10-29 00:54:44,314 | DONE LOADING DATA; ENTER BARRIER
RANK0000 | 2025-10-29 00:54:44,314 | DONE LOADING DATA; ENTER BARRIER
RANK0000 | 2025-10-29 00:54:44,314 | DONE LOADING DATA; EXIT BARRIER
RANK0000 | 2025-10-29 00:54:44,314 | DONE LOADING DATA; EXIT BARRIER
RANK0000 | 2025-10-29 00:54:44,314 | Mem after panel groups: 1.403698 GB on node ollie-System-Product-Name
RANK0000 | 2025-10-29 00:54:44,314 | Mem after panel groups: 1.403698 GB on node ollie-System-Product-Name
RANK0000 | 2025-10-29 00:54:44,314 | EVENT: Gathering global HKL information
RANK0000 | 2025-10-29 00:54:44,314 | EVENT: Gathering global HKL information
RANK0000 | 2025-10-29 00:54:44,415 | EVENT: FINISHED gather global HKL information
RANK0000 | 2025-10-29 00:54:44,415 | EVENT: FINISHED gather global HKL information
RANK0000 | 2025-10-29 00:54:44,415 | Mem after gather Hi info: 1.403698 GB on node ollie-System-Product-Name
RANK0000 | 2025-10-29 00:54:44,415 | Mem after gather Hi info: 1.403698 GB on node ollie-System-Product-Name
RANK0000 | 2025-10-29 00:54:44,415 | BEGIN DETERMINE MAX PIX
RANK0000 | 2025-10-29 00:54:44,415 | BEGIN DETERMINE MAX PIX
RANK0000 | 2025-10-29 00:54:44,415 | Rank 0, max pix to be modeled: 8700
RANK0000 | 2025-10-29 00:54:44,415 | Rank 0, max pix to be modeled: 8700
RANK0000 | 2025-10-29 00:54:44,415 | DONE DETERMINE MAX PIX
RANK0000 | 2025-10-29 00:54:44,415 | DONE DETERMINE MAX PIX
RANK0000 | 2025-10-29 00:54:44,415 | Mem after determine max num pix: 1.403698 GB on node ollie-System-Product-Name
RANK0000 | 2025-10-29 00:54:44,415 | Mem after determine max num pix: 1.403698 GB on node ollie-System-Product-Name
RANK0000 | 2025-10-29 00:54:44,415 | Mem after load_inputs: 1.403698 GB on node ollie-System-Product-Name
RANK0000 | 2025-10-29 00:54:44,415 | Mem after load_inputs: 1.403698 GB on node ollie-System-Product-Name
How many pixels each rank will allocate for on its device:
(rnk0, dev0): 8700 pix
Iteration 1:
	Resid=196671.570325, sigmaZ 6.350951, t-per-iter=0.0393 sec, pred_offsets=
Iteration 2:
	Resid=248046356.084085, sigmaZ 238.154989, t-per-iter=0.0390 sec, pred_offsets=
Iteration 3:
	Resid=183141908.303583, sigmaZ 204.750419, t-per-iter=0.0389 sec, pred_offsets=
Iteration 4:
	Resid=215803.307229, sigmaZ 6.689130, t-per-iter=0.0388 sec, pred_offsets=
Iteration 5:
	Resid=196332.306827, sigmaZ 6.344729, t-per-iter=0.0388 sec, pred_offsets=
Iteration 6:
	Resid=196320.862184, sigmaZ 6.344476, t-per-iter=0.0388 sec, pred_offsets=
Iteration 7:
	Resid=196193.227625, sigmaZ 6.342177, t-per-iter=0.0388 sec, pred_offsets=
Iteration 8:
	Resid=196186.954389, sigmaZ 6.342067, t-per-iter=0.0388 sec, pred_offsets=
Iteration 9:
	Resid=196180.318559, sigmaZ 6.341956, t-per-iter=0.0388 sec, pred_offsets=
Iteration 10:
	Resid=196180.045358, sigmaZ 6.341951, t-per-iter=0.0388 sec, pred_offsets=
Iteration 11:
	Resid=196179.077825, sigmaZ 6.341934, t-per-iter=0.0388 sec, pred_offsets=
Iteration 12:
	Resid=196174.782490, sigmaZ 6.341854, t-per-iter=0.0388 sec, pred_offsets=
Iteration 13:
	Resid=196173.425277, sigmaZ 6.341825, t-per-iter=0.0388 sec, pred_offsets=
Iteration 14:
	Resid=196173.045274, sigmaZ 6.341815, t-per-iter=0.0387 sec, pred_offsets=
Iteration 15:
	Resid=196172.989959, sigmaZ 6.341814, t-per-iter=0.0387 sec, pred_offsets=
Iteration 16:
	Resid=196172.943781, sigmaZ 6.341813, t-per-iter=0.0387 sec, pred_offsets=
Iteration 17:
	Resid=196172.939274, sigmaZ 6.341813, t-per-iter=0.0387 sec, pred_offsets=
Iteration 18:
	Resid=196172.939146, sigmaZ 6.341813, t-per-iter=0.0387 sec, pred_offsets=
Iteration 19:
	Resid=196172.939146, sigmaZ 6.341813, t-per-iter=0.0387 sec, pred_offsets=
Iteration 20:
	Resid=196172.939146, sigmaZ 6.341813, t-per-iter=0.0387 sec, pred_offsets=
Final Iteration 20:
	Resid=196172.939146, sigmaZ 6.341813
Saved detector model to _geom.out/diffBragg_detector.expt
RANK0000 | 2025-10-29 00:54:45,258 | Number of ROIS that will proceed to refinement: 87/92
RANK0000 | 2025-10-29 00:54:45,258 | Number of ROIS that will proceed to refinement: 87/92
RANK0000 | 2025-10-29 00:54:45,275 | Setting initial mosaicity from params.init.eta_abc: 0.000000 0.000000 0.000000
RANK0000 | 2025-10-29 00:54:45,275 | Setting initial mosaicity from params.init.eta_abc: 0.000000 0.000000 0.000000
RANK0000 | 2025-10-29 00:54:45,275 | Number of mosaic domains from params: 1
RANK0000 | 2025-10-29 00:54:45,275 | Number of mosaic domains from params: 1
RANK0000 | 2025-10-29 00:54:45,348 | Loaded simulator
RANK0000 | 2025-10-29 00:54:45,348 | Loaded simulator
RANK0000 | 2025-10-29 00:54:45,348 | Will not use mosaic models, as simulator.crystal.num_mosaicity_samples=1
RANK0000 | 2025-10-29 00:54:45,348 | Will not use mosaic models, as simulator.crystal.num_mosaicity_samples=1
Warning, crystal system not determined, assuming triclinic
RANK0000 | 2025-10-29 00:54:45,348 | Unit cell variable a_Ang (currently=27.360630) is bounded by 24.624567 and 30.096693
RANK0000 | 2025-10-29 00:54:45,348 | Unit cell variable a_Ang (currently=27.360630) is bounded by 24.624567 and 30.096693
RANK0000 | 2025-10-29 00:54:45,349 | Unit cell variable b_Ang (currently=32.056401) is bounded by 28.850761 and 35.262041
RANK0000 | 2025-10-29 00:54:45,349 | Unit cell variable b_Ang (currently=32.056401) is bounded by 28.850761 and 35.262041
RANK0000 | 2025-10-29 00:54:45,349 | Unit cell variable c_Ang (currently=34.454631) is bounded by 31.009168 and 37.900094
RANK0000 | 2025-10-29 00:54:45,349 | Unit cell variable c_Ang (currently=34.454631) is bounded by 31.009168 and 37.900094
RANK0000 | 2025-10-29 00:54:45,349 | Unit cell variable alpha_rad (currently=1.548190) is bounded by 1.460924 and 1.635457
RANK0000 | 2025-10-29 00:54:45,349 | Unit cell variable alpha_rad (currently=1.548190) is bounded by 1.460924 and 1.635457
RANK0000 | 2025-10-29 00:54:45,349 | Unit cell variable beta_rad (currently=1.249321) is bounded by 1.162055 and 1.336588
RANK0000 | 2025-10-29 00:54:45,349 | Unit cell variable beta_rad (currently=1.249321) is bounded by 1.162055 and 1.336588
RANK0000 | 2025-10-29 00:54:45,349 | Unit cell variable gamma_rad (currently=1.189194) is bounded by 1.101928 and 1.276461
RANK0000 | 2025-10-29 00:54:45,349 | Unit cell variable gamma_rad (currently=1.189194) is bounded by 1.101928 and 1.276461
Warning, crystal system not determined, assuming triclinic
RANK0000 | 2025-10-29 00:54:51,897 | Filtered 5 / 92 reflections which did not show peaks in model
RANK0000 | 2025-10-29 00:54:51,897 | Filtered 5 / 92 reflections which did not show peaks in model
RANK0000 | 2025-10-29 00:54:51,966 | Number of ROIS that will proceed to refinement: 87/92
RANK0000 | 2025-10-29 00:54:51,966 | Number of ROIS that will proceed to refinement: 87/92
RANK0000 | 2025-10-29 00:54:51,983 | Setting initial mosaicity from params.init.eta_abc: 0.000000 0.000000 0.000000
RANK0000 | 2025-10-29 00:54:51,983 | Setting initial mosaicity from params.init.eta_abc: 0.000000 0.000000 0.000000
RANK0000 | 2025-10-29 00:54:51,983 | Number of mosaic domains from params: 1
RANK0000 | 2025-10-29 00:54:51,983 | Number of mosaic domains from params: 1
RANK0000 | 2025-10-29 00:54:52,055 | Loaded simulator
RANK0000 | 2025-10-29 00:54:52,055 | Loaded simulator
RANK0000 | 2025-10-29 00:54:52,055 | Will not use mosaic models, as simulator.crystal.num_mosaicity_samples=1
RANK0000 | 2025-10-29 00:54:52,055 | Will not use mosaic models, as simulator.crystal.num_mosaicity_samples=1
Warning, crystal system not determined, assuming triclinic
RANK0000 | 2025-10-29 00:54:52,162 | Unit cell variable a_Ang (currently=27.362127) is bounded by 24.625914 and 30.098340
RANK0000 | 2025-10-29 00:54:52,162 | Unit cell variable a_Ang (currently=27.362127) is bounded by 24.625914 and 30.098340
RANK0000 | 2025-10-29 00:54:52,162 | Unit cell variable b_Ang (currently=32.056843) is bounded by 28.851158 and 35.262527
RANK0000 | 2025-10-29 00:54:52,162 | Unit cell variable b_Ang (currently=32.056843) is bounded by 28.851158 and 35.262527
RANK0000 | 2025-10-29 00:54:52,163 | Unit cell variable c_Ang (currently=34.460784) is bounded by 31.014706 and 37.906862
RANK0000 | 2025-10-29 00:54:52,163 | Unit cell variable c_Ang (currently=34.460784) is bounded by 31.014706 and 37.906862
RANK0000 | 2025-10-29 00:54:52,163 | Unit cell variable alpha_rad (currently=1.547964) is bounded by 1.460698 and 1.635231
RANK0000 | 2025-10-29 00:54:52,163 | Unit cell variable alpha_rad (currently=1.547964) is bounded by 1.460698 and 1.635231
RANK0000 | 2025-10-29 00:54:52,163 | Unit cell variable beta_rad (currently=1.249096) is bounded by 1.161830 and 1.336363
RANK0000 | 2025-10-29 00:54:52,163 | Unit cell variable beta_rad (currently=1.249096) is bounded by 1.161830 and 1.336363
RANK0000 | 2025-10-29 00:54:52,163 | Unit cell variable gamma_rad (currently=1.189106) is bounded by 1.101840 and 1.276373
RANK0000 | 2025-10-29 00:54:52,163 | Unit cell variable gamma_rad (currently=1.189106) is bounded by 1.101840 and 1.276373
Warning, crystal system not determined, assuming triclinic
RANK0000 | 2025-10-29 00:54:57,430 | Filtered 5 / 92 reflections which did not show peaks in model
RANK0000 | 2025-10-29 00:54:57,430 | Filtered 5 / 92 reflections which did not show peaks in model
Warning, crystal system not determined, assuming triclinic
Will optimize using 1 experiments
RANK0000 | 2025-10-29 00:54:57,564 | Loading nrefls per shot
RANK0000 | 2025-10-29 00:54:57,564 | Loading nrefls per shot
RANK0000 | 2025-10-29 00:54:57,564 | Loading nrefls per shot
Found 1 shots originally, but only 1 had finite number of refls to model
RANK0000 | 2025-10-29 00:54:57,565 | EVENT: begin loading inputs
RANK0000 | 2025-10-29 00:54:57,565 | EVENT: begin loading inputs
RANK0000 | 2025-10-29 00:54:57,565 | EVENT: begin loading inputs
RANK0000 | 2025-10-29 00:54:57,593 | Will use space group symbol P 1
RANK0000 | 2025-10-29 00:54:57,593 | Will use space group symbol P 1
RANK0000 | 2025-10-29 00:54:57,593 | Will use space group symbol P 1
RANK0000 | 2025-10-29 00:54:57,732 | EVENT: BEGIN loading experiment list
RANK0000 | 2025-10-29 00:54:57,732 | EVENT: BEGIN loading experiment list
RANK0000 | 2025-10-29 00:54:57,732 | EVENT: BEGIN loading experiment list
RANK0000 | 2025-10-29 00:54:57,733 | EVENT: DONE loading experiment list
RANK0000 | 2025-10-29 00:54:57,733 | EVENT: DONE loading experiment list
RANK0000 | 2025-10-29 00:54:57,733 | EVENT: DONE loading experiment list
Warning, crystal system not determined, assuming triclinic
RANK0000 | 2025-10-29 00:54:57,735 | EVENT: LOADING ROI DATA
RANK0000 | 2025-10-29 00:54:57,735 | EVENT: LOADING ROI DATA
RANK0000 | 2025-10-29 00:54:57,735 | EVENT: LOADING ROI DATA
RANK0000 | 2025-10-29 00:54:57,796 | Number of ROIS that will proceed to refinement: 87/92
RANK0000 | 2025-10-29 00:54:57,796 | Number of ROIS that will proceed to refinement: 87/92
RANK0000 | 2025-10-29 00:54:57,796 | Number of ROIS that will proceed to refinement: 87/92
RANK0000 | 2025-10-29 00:54:57,813 | Setting initial mosaicity from params.init.eta_abc: 0.000000 0.000000 0.000000
RANK0000 | 2025-10-29 00:54:57,813 | Setting initial mosaicity from params.init.eta_abc: 0.000000 0.000000 0.000000
RANK0000 | 2025-10-29 00:54:57,813 | Setting initial mosaicity from params.init.eta_abc: 0.000000 0.000000 0.000000
RANK0000 | 2025-10-29 00:54:57,813 | Number of mosaic domains from params: 1
RANK0000 | 2025-10-29 00:54:57,813 | Number of mosaic domains from params: 1
RANK0000 | 2025-10-29 00:54:57,813 | Number of mosaic domains from params: 1
RANK0000 | 2025-10-29 00:54:57,887 | Loaded simulator
RANK0000 | 2025-10-29 00:54:57,887 | Loaded simulator
RANK0000 | 2025-10-29 00:54:57,887 | Loaded simulator
RANK0000 | 2025-10-29 00:54:57,887 | Will not use mosaic models, as simulator.crystal.num_mosaicity_samples=1
RANK0000 | 2025-10-29 00:54:57,887 | Will not use mosaic models, as simulator.crystal.num_mosaicity_samples=1
RANK0000 | 2025-10-29 00:54:57,887 | Will not use mosaic models, as simulator.crystal.num_mosaicity_samples=1
RANK0000 | 2025-10-29 00:54:57,925 | EVENT: DONE LOADING ROI
RANK0000 | 2025-10-29 00:54:57,925 | EVENT: DONE LOADING ROI
RANK0000 | 2025-10-29 00:54:57,925 | EVENT: DONE LOADING ROI
RANK0000 | 2025-10-29 00:54:57,925 | Will simulate 1 energy channels
RANK0000 | 2025-10-29 00:54:57,925 | Will simulate 1 energy channels
RANK0000 | 2025-10-29 00:54:57,925 | Will simulate 1 energy channels
RANK0000 | 2025-10-29 00:54:57,925 | Process memory usage: 1.488163 GB on node ollie-System-Product-Name
RANK0000 | 2025-10-29 00:54:57,925 | Process memory usage: 1.488163 GB on node ollie-System-Product-Name
RANK0000 | 2025-10-29 00:54:57,925 | Process memory usage: 1.488163 GB on node ollie-System-Product-Name
RANK0000 | 2025-10-29 00:54:57,925 | Finished loading image 1 / 1 (1 / 1)
RANK0000 | 2025-10-29 00:54:57,925 | Finished loading image 1 / 1 (1 / 1)
RANK0000 | 2025-10-29 00:54:57,925 | Finished loading image 1 / 1 (1 / 1)
Warning, crystal system not determined, assuming triclinic
RANK0000 | 2025-10-29 00:54:57,926 | DONE LOADING DATA; ENTER BARRIER
RANK0000 | 2025-10-29 00:54:57,926 | DONE LOADING DATA; ENTER BARRIER
RANK0000 | 2025-10-29 00:54:57,926 | DONE LOADING DATA; ENTER BARRIER
RANK0000 | 2025-10-29 00:54:57,926 | DONE LOADING DATA; EXIT BARRIER
RANK0000 | 2025-10-29 00:54:57,926 | DONE LOADING DATA; EXIT BARRIER
RANK0000 | 2025-10-29 00:54:57,926 | DONE LOADING DATA; EXIT BARRIER
RANK0000 | 2025-10-29 00:54:57,926 | Mem after panel groups: 1.488163 GB on node ollie-System-Product-Name
RANK0000 | 2025-10-29 00:54:57,926 | Mem after panel groups: 1.488163 GB on node ollie-System-Product-Name
RANK0000 | 2025-10-29 00:54:57,926 | Mem after panel groups: 1.488163 GB on node ollie-System-Product-Name
RANK0000 | 2025-10-29 00:54:57,926 | EVENT: Gathering global HKL information
RANK0000 | 2025-10-29 00:54:57,926 | EVENT: Gathering global HKL information
RANK0000 | 2025-10-29 00:54:57,926 | EVENT: Gathering global HKL information
RANK0000 | 2025-10-29 00:54:58,028 | EVENT: FINISHED gather global HKL information
RANK0000 | 2025-10-29 00:54:58,028 | EVENT: FINISHED gather global HKL information
RANK0000 | 2025-10-29 00:54:58,028 | EVENT: FINISHED gather global HKL information
RANK0000 | 2025-10-29 00:54:58,029 | Mem after gather Hi info: 1.488163 GB on node ollie-System-Product-Name
RANK0000 | 2025-10-29 00:54:58,029 | Mem after gather Hi info: 1.488163 GB on node ollie-System-Product-Name
RANK0000 | 2025-10-29 00:54:58,029 | Mem after gather Hi info: 1.488163 GB on node ollie-System-Product-Name
RANK0000 | 2025-10-29 00:54:58,029 | BEGIN DETERMINE MAX PIX
RANK0000 | 2025-10-29 00:54:58,029 | BEGIN DETERMINE MAX PIX
RANK0000 | 2025-10-29 00:54:58,029 | BEGIN DETERMINE MAX PIX
RANK0000 | 2025-10-29 00:54:58,029 | Rank 0, max pix to be modeled: 8700
RANK0000 | 2025-10-29 00:54:58,029 | Rank 0, max pix to be modeled: 8700
RANK0000 | 2025-10-29 00:54:58,029 | Rank 0, max pix to be modeled: 8700
RANK0000 | 2025-10-29 00:54:58,029 | DONE DETERMINE MAX PIX
RANK0000 | 2025-10-29 00:54:58,029 | DONE DETERMINE MAX PIX
RANK0000 | 2025-10-29 00:54:58,029 | DONE DETERMINE MAX PIX
RANK0000 | 2025-10-29 00:54:58,029 | Mem after determine max num pix: 1.488163 GB on node ollie-System-Product-Name
RANK0000 | 2025-10-29 00:54:58,029 | Mem after determine max num pix: 1.488163 GB on node ollie-System-Product-Name
RANK0000 | 2025-10-29 00:54:58,029 | Mem after determine max num pix: 1.488163 GB on node ollie-System-Product-Name
RANK0000 | 2025-10-29 00:54:58,029 | Mem after load_inputs: 1.488163 GB on node ollie-System-Product-Name
RANK0000 | 2025-10-29 00:54:58,029 | Mem after load_inputs: 1.488163 GB on node ollie-System-Product-Name
RANK0000 | 2025-10-29 00:54:58,029 | Mem after load_inputs: 1.488163 GB on node ollie-System-Product-Name
How many pixels each rank will allocate for on its device:
(rnk0, dev0): 8700 pix
Iteration 1:
	Resid=194793.871040, sigmaZ 6.315154, t-per-iter=0.0341 sec, pred_offsets=
Iteration 2:
	Resid=281476832.960654, sigmaZ 253.603633, t-per-iter=0.0343 sec, pred_offsets=
Iteration 3:
	Resid=281477116.315740, sigmaZ 253.604744, t-per-iter=0.0340 sec, pred_offsets=
Iteration 4:
	Resid=194783.156208, sigmaZ 6.314956, t-per-iter=0.0339 sec, pred_offsets=
Iteration 5:
	Resid=194698.459904, sigmaZ 6.313381, t-per-iter=0.0338 sec, pred_offsets=
Iteration 6:
	Resid=194624.939695, sigmaZ 6.312013, t-per-iter=0.0337 sec, pred_offsets=
Iteration 7:
	Resid=194567.874290, sigmaZ 6.310987, t-per-iter=0.0337 sec, pred_offsets=
Iteration 8:
	Resid=194549.260674, sigmaZ 6.310632, t-per-iter=0.0336 sec, pred_offsets=
Iteration 9:
	Resid=194540.658469, sigmaZ 6.310480, t-per-iter=0.0336 sec, pred_offsets=
Iteration 10:
	Resid=194540.595011, sigmaZ 6.310479, t-per-iter=0.0336 sec, pred_offsets=
Iteration 11:
	Resid=194540.403167, sigmaZ 6.310475, t-per-iter=0.0335 sec, pred_offsets=
Iteration 12:
	Resid=194539.660344, sigmaZ 6.310461, t-per-iter=0.0335 sec, pred_offsets=
Iteration 13:
	Resid=194538.071301, sigmaZ 6.310430, t-per-iter=0.0335 sec, pred_offsets=
Iteration 14:
	Resid=194537.528446, sigmaZ 6.310421, t-per-iter=0.0335 sec, pred_offsets=
Iteration 15:
	Resid=194537.503828, sigmaZ 6.310421, t-per-iter=0.0335 sec, pred_offsets=
Iteration 16:
	Resid=194537.503540, sigmaZ 6.310421, t-per-iter=0.0335 sec, pred_offsets=
Iteration 17:
	Resid=194537.503538, sigmaZ 6.310421, t-per-iter=0.0335 sec, pred_offsets=
Final Iteration 17:
	Resid=194537.503538, sigmaZ 6.310421
Saved detector model to _geom.out/diffBragg_detector.expt
RANK0000 | 2025-10-29 00:54:58,665 | Number of ROIS that will proceed to refinement: 87/92
RANK0000 | 2025-10-29 00:54:58,665 | Number of ROIS that will proceed to refinement: 87/92
RANK0000 | 2025-10-29 00:54:58,665 | Number of ROIS that will proceed to refinement: 87/92
RANK0000 | 2025-10-29 00:54:58,682 | Setting initial mosaicity from params.init.eta_abc: 0.000000 0.000000 0.000000
RANK0000 | 2025-10-29 00:54:58,682 | Setting initial mosaicity from params.init.eta_abc: 0.000000 0.000000 0.000000
RANK0000 | 2025-10-29 00:54:58,682 | Setting initial mosaicity from params.init.eta_abc: 0.000000 0.000000 0.000000
RANK0000 | 2025-10-29 00:54:58,683 | Number of mosaic domains from params: 1
RANK0000 | 2025-10-29 00:54:58,683 | Number of mosaic domains from params: 1
RANK0000 | 2025-10-29 00:54:58,683 | Number of mosaic domains from params: 1
RANK0000 | 2025-10-29 00:54:58,751 | Loaded simulator
RANK0000 | 2025-10-29 00:54:58,751 | Loaded simulator
RANK0000 | 2025-10-29 00:54:58,751 | Loaded simulator
RANK0000 | 2025-10-29 00:54:58,751 | Will not use mosaic models, as simulator.crystal.num_mosaicity_samples=1
RANK0000 | 2025-10-29 00:54:58,751 | Will not use mosaic models, as simulator.crystal.num_mosaicity_samples=1
RANK0000 | 2025-10-29 00:54:58,751 | Will not use mosaic models, as simulator.crystal.num_mosaicity_samples=1
Warning, crystal system not determined, assuming triclinic
RANK0000 | 2025-10-29 00:54:58,752 | Unit cell variable a_Ang (currently=27.362127) is bounded by 24.625914 and 30.098340
RANK0000 | 2025-10-29 00:54:58,752 | Unit cell variable a_Ang (currently=27.362127) is bounded by 24.625914 and 30.098340
RANK0000 | 2025-10-29 00:54:58,752 | Unit cell variable a_Ang (currently=27.362127) is bounded by 24.625914 and 30.098340
RANK0000 | 2025-10-29 00:54:58,752 | Unit cell variable b_Ang (currently=32.056843) is bounded by 28.851158 and 35.262527
RANK0000 | 2025-10-29 00:54:58,752 | Unit cell variable b_Ang (currently=32.056843) is bounded by 28.851158 and 35.262527
RANK0000 | 2025-10-29 00:54:58,752 | Unit cell variable b_Ang (currently=32.056843) is bounded by 28.851158 and 35.262527
RANK0000 | 2025-10-29 00:54:58,752 | Unit cell variable c_Ang (currently=34.460784) is bounded by 31.014706 and 37.906862
RANK0000 | 2025-10-29 00:54:58,752 | Unit cell variable c_Ang (currently=34.460784) is bounded by 31.014706 and 37.906862
RANK0000 | 2025-10-29 00:54:58,752 | Unit cell variable c_Ang (currently=34.460784) is bounded by 31.014706 and 37.906862
RANK0000 | 2025-10-29 00:54:58,752 | Unit cell variable alpha_rad (currently=1.547964) is bounded by 1.460698 and 1.635231
RANK0000 | 2025-10-29 00:54:58,752 | Unit cell variable alpha_rad (currently=1.547964) is bounded by 1.460698 and 1.635231
RANK0000 | 2025-10-29 00:54:58,752 | Unit cell variable alpha_rad (currently=1.547964) is bounded by 1.460698 and 1.635231
RANK0000 | 2025-10-29 00:54:58,752 | Unit cell variable beta_rad (currently=1.249096) is bounded by 1.161830 and 1.336363
RANK0000 | 2025-10-29 00:54:58,752 | Unit cell variable beta_rad (currently=1.249096) is bounded by 1.161830 and 1.336363
RANK0000 | 2025-10-29 00:54:58,752 | Unit cell variable beta_rad (currently=1.249096) is bounded by 1.161830 and 1.336363
RANK0000 | 2025-10-29 00:54:58,752 | Unit cell variable gamma_rad (currently=1.189106) is bounded by 1.101840 and 1.276373
RANK0000 | 2025-10-29 00:54:58,752 | Unit cell variable gamma_rad (currently=1.189106) is bounded by 1.101840 and 1.276373
RANK0000 | 2025-10-29 00:54:58,752 | Unit cell variable gamma_rad (currently=1.189106) is bounded by 1.101840 and 1.276373
Warning, crystal system not determined, assuming triclinic
RANK0000 | 2025-10-29 00:55:05,670 | Filtered 5 / 92 reflections which did not show peaks in model
RANK0000 | 2025-10-29 00:55:05,670 | Filtered 5 / 92 reflections which did not show peaks in model
RANK0000 | 2025-10-29 00:55:05,670 | Filtered 5 / 92 reflections which did not show peaks in model
RANK0000 | 2025-10-29 00:55:05,743 | Number of ROIS that will proceed to refinement: 87/92
RANK0000 | 2025-10-29 00:55:05,743 | Number of ROIS that will proceed to refinement: 87/92
RANK0000 | 2025-10-29 00:55:05,743 | Number of ROIS that will proceed to refinement: 87/92
RANK0000 | 2025-10-29 00:55:05,760 | Setting initial mosaicity from params.init.eta_abc: 0.000000 0.000000 0.000000
RANK0000 | 2025-10-29 00:55:05,760 | Setting initial mosaicity from params.init.eta_abc: 0.000000 0.000000 0.000000
RANK0000 | 2025-10-29 00:55:05,760 | Setting initial mosaicity from params.init.eta_abc: 0.000000 0.000000 0.000000
RANK0000 | 2025-10-29 00:55:05,760 | Number of mosaic domains from params: 1
RANK0000 | 2025-10-29 00:55:05,760 | Number of mosaic domains from params: 1
RANK0000 | 2025-10-29 00:55:05,760 | Number of mosaic domains from params: 1
RANK0000 | 2025-10-29 00:55:05,832 | Loaded simulator
RANK0000 | 2025-10-29 00:55:05,832 | Loaded simulator
RANK0000 | 2025-10-29 00:55:05,832 | Loaded simulator
RANK0000 | 2025-10-29 00:55:05,832 | Will not use mosaic models, as simulator.crystal.num_mosaicity_samples=1
RANK0000 | 2025-10-29 00:55:05,832 | Will not use mosaic models, as simulator.crystal.num_mosaicity_samples=1
RANK0000 | 2025-10-29 00:55:05,832 | Will not use mosaic models, as simulator.crystal.num_mosaicity_samples=1
Warning, crystal system not determined, assuming triclinic
RANK0000 | 2025-10-29 00:55:05,940 | Unit cell variable a_Ang (currently=27.363198) is bounded by 24.626878 and 30.099518
RANK0000 | 2025-10-29 00:55:05,940 | Unit cell variable a_Ang (currently=27.363198) is bounded by 24.626878 and 30.099518
RANK0000 | 2025-10-29 00:55:05,940 | Unit cell variable a_Ang (currently=27.363198) is bounded by 24.626878 and 30.099518
RANK0000 | 2025-10-29 00:55:05,940 | Unit cell variable b_Ang (currently=32.057405) is bounded by 28.851665 and 35.263146
RANK0000 | 2025-10-29 00:55:05,940 | Unit cell variable b_Ang (currently=32.057405) is bounded by 28.851665 and 35.263146
RANK0000 | 2025-10-29 00:55:05,940 | Unit cell variable b_Ang (currently=32.057405) is bounded by 28.851665 and 35.263146
RANK0000 | 2025-10-29 00:55:05,940 | Unit cell variable c_Ang (currently=34.465448) is bounded by 31.018903 and 37.911993
RANK0000 | 2025-10-29 00:55:05,940 | Unit cell variable c_Ang (currently=34.465448) is bounded by 31.018903 and 37.911993
RANK0000 | 2025-10-29 00:55:05,940 | Unit cell variable c_Ang (currently=34.465448) is bounded by 31.018903 and 37.911993
RANK0000 | 2025-10-29 00:55:05,940 | Unit cell variable alpha_rad (currently=1.547777) is bounded by 1.460511 and 1.635044
RANK0000 | 2025-10-29 00:55:05,940 | Unit cell variable alpha_rad (currently=1.547777) is bounded by 1.460511 and 1.635044
RANK0000 | 2025-10-29 00:55:05,940 | Unit cell variable alpha_rad (currently=1.547777) is bounded by 1.460511 and 1.635044
RANK0000 | 2025-10-29 00:55:05,940 | Unit cell variable beta_rad (currently=1.248920) is bounded by 1.161654 and 1.336187
RANK0000 | 2025-10-29 00:55:05,940 | Unit cell variable beta_rad (currently=1.248920) is bounded by 1.161654 and 1.336187
RANK0000 | 2025-10-29 00:55:05,940 | Unit cell variable beta_rad (currently=1.248920) is bounded by 1.161654 and 1.336187
RANK0000 | 2025-10-29 00:55:05,940 | Unit cell variable gamma_rad (currently=1.189029) is bounded by 1.101763 and 1.276296
RANK0000 | 2025-10-29 00:55:05,940 | Unit cell variable gamma_rad (currently=1.189029) is bounded by 1.101763 and 1.276296
RANK0000 | 2025-10-29 00:55:05,940 | Unit cell variable gamma_rad (currently=1.189029) is bounded by 1.101763 and 1.276296
Warning, crystal system not determined, assuming triclinic
RANK0000 | 2025-10-29 00:55:11,267 | Filtered 5 / 92 reflections which did not show peaks in model
RANK0000 | 2025-10-29 00:55:11,267 | Filtered 5 / 92 reflections which did not show peaks in model
RANK0000 | 2025-10-29 00:55:11,267 | Filtered 5 / 92 reflections which did not show peaks in model
Warning, crystal system not determined, assuming triclinic
Will optimize using 1 experiments
RANK0000 | 2025-10-29 00:55:11,404 | Loading nrefls per shot
RANK0000 | 2025-10-29 00:55:11,404 | Loading nrefls per shot
RANK0000 | 2025-10-29 00:55:11,404 | Loading nrefls per shot
RANK0000 | 2025-10-29 00:55:11,404 | Loading nrefls per shot
Found 1 shots originally, but only 1 had finite number of refls to model
RANK0000 | 2025-10-29 00:55:11,405 | EVENT: begin loading inputs
RANK0000 | 2025-10-29 00:55:11,405 | EVENT: begin loading inputs
RANK0000 | 2025-10-29 00:55:11,405 | EVENT: begin loading inputs
RANK0000 | 2025-10-29 00:55:11,405 | EVENT: begin loading inputs
RANK0000 | 2025-10-29 00:55:11,433 | Will use space group symbol P 1
RANK0000 | 2025-10-29 00:55:11,433 | Will use space group symbol P 1
RANK0000 | 2025-10-29 00:55:11,433 | Will use space group symbol P 1
RANK0000 | 2025-10-29 00:55:11,433 | Will use space group symbol P 1
RANK0000 | 2025-10-29 00:55:11,571 | EVENT: BEGIN loading experiment list
RANK0000 | 2025-10-29 00:55:11,571 | EVENT: BEGIN loading experiment list
RANK0000 | 2025-10-29 00:55:11,571 | EVENT: BEGIN loading experiment list
RANK0000 | 2025-10-29 00:55:11,571 | EVENT: BEGIN loading experiment list
RANK0000 | 2025-10-29 00:55:11,573 | EVENT: DONE loading experiment list
RANK0000 | 2025-10-29 00:55:11,573 | EVENT: DONE loading experiment list
RANK0000 | 2025-10-29 00:55:11,573 | EVENT: DONE loading experiment list
RANK0000 | 2025-10-29 00:55:11,573 | EVENT: DONE loading experiment list
Warning, crystal system not determined, assuming triclinic
RANK0000 | 2025-10-29 00:55:11,574 | EVENT: LOADING ROI DATA
RANK0000 | 2025-10-29 00:55:11,574 | EVENT: LOADING ROI DATA
RANK0000 | 2025-10-29 00:55:11,574 | EVENT: LOADING ROI DATA
RANK0000 | 2025-10-29 00:55:11,574 | EVENT: LOADING ROI DATA
RANK0000 | 2025-10-29 00:55:11,639 | Number of ROIS that will proceed to refinement: 87/92
RANK0000 | 2025-10-29 00:55:11,639 | Number of ROIS that will proceed to refinement: 87/92
RANK0000 | 2025-10-29 00:55:11,639 | Number of ROIS that will proceed to refinement: 87/92
RANK0000 | 2025-10-29 00:55:11,639 | Number of ROIS that will proceed to refinement: 87/92
RANK0000 | 2025-10-29 00:55:11,656 | Setting initial mosaicity from params.init.eta_abc: 0.000000 0.000000 0.000000
RANK0000 | 2025-10-29 00:55:11,656 | Setting initial mosaicity from params.init.eta_abc: 0.000000 0.000000 0.000000
RANK0000 | 2025-10-29 00:55:11,656 | Setting initial mosaicity from params.init.eta_abc: 0.000000 0.000000 0.000000
RANK0000 | 2025-10-29 00:55:11,656 | Setting initial mosaicity from params.init.eta_abc: 0.000000 0.000000 0.000000
RANK0000 | 2025-10-29 00:55:11,657 | Number of mosaic domains from params: 1
RANK0000 | 2025-10-29 00:55:11,657 | Number of mosaic domains from params: 1
RANK0000 | 2025-10-29 00:55:11,657 | Number of mosaic domains from params: 1
RANK0000 | 2025-10-29 00:55:11,657 | Number of mosaic domains from params: 1
RANK0000 | 2025-10-29 00:55:11,727 | Loaded simulator
RANK0000 | 2025-10-29 00:55:11,727 | Loaded simulator
RANK0000 | 2025-10-29 00:55:11,727 | Loaded simulator
RANK0000 | 2025-10-29 00:55:11,727 | Loaded simulator
RANK0000 | 2025-10-29 00:55:11,727 | Will not use mosaic models, as simulator.crystal.num_mosaicity_samples=1
RANK0000 | 2025-10-29 00:55:11,727 | Will not use mosaic models, as simulator.crystal.num_mosaicity_samples=1
RANK0000 | 2025-10-29 00:55:11,727 | Will not use mosaic models, as simulator.crystal.num_mosaicity_samples=1
RANK0000 | 2025-10-29 00:55:11,727 | Will not use mosaic models, as simulator.crystal.num_mosaicity_samples=1
RANK0000 | 2025-10-29 00:55:11,764 | EVENT: DONE LOADING ROI
RANK0000 | 2025-10-29 00:55:11,764 | EVENT: DONE LOADING ROI
RANK0000 | 2025-10-29 00:55:11,764 | EVENT: DONE LOADING ROI
RANK0000 | 2025-10-29 00:55:11,764 | EVENT: DONE LOADING ROI
RANK0000 | 2025-10-29 00:55:11,765 | Will simulate 1 energy channels
RANK0000 | 2025-10-29 00:55:11,765 | Will simulate 1 energy channels
RANK0000 | 2025-10-29 00:55:11,765 | Will simulate 1 energy channels
RANK0000 | 2025-10-29 00:55:11,765 | Will simulate 1 energy channels
RANK0000 | 2025-10-29 00:55:11,765 | Process memory usage: 1.628780 GB on node ollie-System-Product-Name
RANK0000 | 2025-10-29 00:55:11,765 | Process memory usage: 1.628780 GB on node ollie-System-Product-Name
RANK0000 | 2025-10-29 00:55:11,765 | Process memory usage: 1.628780 GB on node ollie-System-Product-Name
RANK0000 | 2025-10-29 00:55:11,765 | Process memory usage: 1.628780 GB on node ollie-System-Product-Name
RANK0000 | 2025-10-29 00:55:11,765 | Finished loading image 1 / 1 (1 / 1)
RANK0000 | 2025-10-29 00:55:11,765 | Finished loading image 1 / 1 (1 / 1)
RANK0000 | 2025-10-29 00:55:11,765 | Finished loading image 1 / 1 (1 / 1)
RANK0000 | 2025-10-29 00:55:11,765 | Finished loading image 1 / 1 (1 / 1)
Warning, crystal system not determined, assuming triclinic
RANK0000 | 2025-10-29 00:55:11,765 | DONE LOADING DATA; ENTER BARRIER
RANK0000 | 2025-10-29 00:55:11,765 | DONE LOADING DATA; ENTER BARRIER
RANK0000 | 2025-10-29 00:55:11,765 | DONE LOADING DATA; ENTER BARRIER
RANK0000 | 2025-10-29 00:55:11,765 | DONE LOADING DATA; ENTER BARRIER
RANK0000 | 2025-10-29 00:55:11,765 | DONE LOADING DATA; EXIT BARRIER
RANK0000 | 2025-10-29 00:55:11,765 | DONE LOADING DATA; EXIT BARRIER
RANK0000 | 2025-10-29 00:55:11,765 | DONE LOADING DATA; EXIT BARRIER
RANK0000 | 2025-10-29 00:55:11,765 | DONE LOADING DATA; EXIT BARRIER
RANK0000 | 2025-10-29 00:55:11,765 | Mem after panel groups: 1.628780 GB on node ollie-System-Product-Name
RANK0000 | 2025-10-29 00:55:11,765 | Mem after panel groups: 1.628780 GB on node ollie-System-Product-Name
RANK0000 | 2025-10-29 00:55:11,765 | Mem after panel groups: 1.628780 GB on node ollie-System-Product-Name
RANK0000 | 2025-10-29 00:55:11,765 | Mem after panel groups: 1.628780 GB on node ollie-System-Product-Name
RANK0000 | 2025-10-29 00:55:11,766 | EVENT: Gathering global HKL information
RANK0000 | 2025-10-29 00:55:11,766 | EVENT: Gathering global HKL information
RANK0000 | 2025-10-29 00:55:11,766 | EVENT: Gathering global HKL information
RANK0000 | 2025-10-29 00:55:11,766 | EVENT: Gathering global HKL information
RANK0000 | 2025-10-29 00:55:11,867 | EVENT: FINISHED gather global HKL information
RANK0000 | 2025-10-29 00:55:11,867 | EVENT: FINISHED gather global HKL information
RANK0000 | 2025-10-29 00:55:11,867 | EVENT: FINISHED gather global HKL information
RANK0000 | 2025-10-29 00:55:11,867 | EVENT: FINISHED gather global HKL information
RANK0000 | 2025-10-29 00:55:11,867 | Mem after gather Hi info: 1.628780 GB on node ollie-System-Product-Name
RANK0000 | 2025-10-29 00:55:11,867 | Mem after gather Hi info: 1.628780 GB on node ollie-System-Product-Name
RANK0000 | 2025-10-29 00:55:11,867 | Mem after gather Hi info: 1.628780 GB on node ollie-System-Product-Name
RANK0000 | 2025-10-29 00:55:11,867 | Mem after gather Hi info: 1.628780 GB on node ollie-System-Product-Name
RANK0000 | 2025-10-29 00:55:11,867 | BEGIN DETERMINE MAX PIX
RANK0000 | 2025-10-29 00:55:11,867 | BEGIN DETERMINE MAX PIX
RANK0000 | 2025-10-29 00:55:11,867 | BEGIN DETERMINE MAX PIX
RANK0000 | 2025-10-29 00:55:11,867 | BEGIN DETERMINE MAX PIX
RANK0000 | 2025-10-29 00:55:11,867 | Rank 0, max pix to be modeled: 8700
RANK0000 | 2025-10-29 00:55:11,867 | Rank 0, max pix to be modeled: 8700
RANK0000 | 2025-10-29 00:55:11,867 | Rank 0, max pix to be modeled: 8700
RANK0000 | 2025-10-29 00:55:11,867 | Rank 0, max pix to be modeled: 8700
RANK0000 | 2025-10-29 00:55:11,867 | DONE DETERMINE MAX PIX
RANK0000 | 2025-10-29 00:55:11,867 | DONE DETERMINE MAX PIX
RANK0000 | 2025-10-29 00:55:11,867 | DONE DETERMINE MAX PIX
RANK0000 | 2025-10-29 00:55:11,867 | DONE DETERMINE MAX PIX
RANK0000 | 2025-10-29 00:55:11,867 | Mem after determine max num pix: 1.628780 GB on node ollie-System-Product-Name
RANK0000 | 2025-10-29 00:55:11,867 | Mem after determine max num pix: 1.628780 GB on node ollie-System-Product-Name
RANK0000 | 2025-10-29 00:55:11,867 | Mem after determine max num pix: 1.628780 GB on node ollie-System-Product-Name
RANK0000 | 2025-10-29 00:55:11,867 | Mem after determine max num pix: 1.628780 GB on node ollie-System-Product-Name
RANK0000 | 2025-10-29 00:55:11,867 | Mem after load_inputs: 1.628780 GB on node ollie-System-Product-Name
RANK0000 | 2025-10-29 00:55:11,867 | Mem after load_inputs: 1.628780 GB on node ollie-System-Product-Name
RANK0000 | 2025-10-29 00:55:11,867 | Mem after load_inputs: 1.628780 GB on node ollie-System-Product-Name
RANK0000 | 2025-10-29 00:55:11,867 | Mem after load_inputs: 1.628780 GB on node ollie-System-Product-Name
How many pixels each rank will allocate for on its device:
(rnk0, dev0): 8700 pix
Iteration 1:
	Resid=193764.796244, sigmaZ 6.296367, t-per-iter=0.0395 sec, pred_offsets=
Iteration 2:
	Resid=281476833.343002, sigmaZ 253.603642, t-per-iter=0.0394 sec, pred_offsets=
Iteration 3:
	Resid=281553265.351062, sigmaZ 253.665356, t-per-iter=0.0392 sec, pred_offsets=
Iteration 4:
	Resid=193752.246831, sigmaZ 6.296135, t-per-iter=0.0391 sec, pred_offsets=
Iteration 5:
	Resid=193658.531515, sigmaZ 6.294377, t-per-iter=0.0390 sec, pred_offsets=
Iteration 6:
	Resid=193585.411473, sigmaZ 6.293002, t-per-iter=0.0390 sec, pred_offsets=
Iteration 7:
	Resid=193577.136804, sigmaZ 6.292859, t-per-iter=0.0389 sec, pred_offsets=
Iteration 8:
	Resid=193572.207231, sigmaZ 6.292778, t-per-iter=0.0389 sec, pred_offsets=
Iteration 9:
	Resid=193571.461542, sigmaZ 6.292766, t-per-iter=0.0389 sec, pred_offsets=
Iteration 10:
	Resid=193570.944857, sigmaZ 6.292756, t-per-iter=0.0388 sec, pred_offsets=
Iteration 11:
	Resid=193569.387056, sigmaZ 6.292727, t-per-iter=0.0388 sec, pred_offsets=
Iteration 12:
	Resid=193567.639334, sigmaZ 6.292693, t-per-iter=0.0388 sec, pred_offsets=
Iteration 13:
	Resid=193566.241967, sigmaZ 6.292666, t-per-iter=0.0388 sec, pred_offsets=
Iteration 14:
	Resid=193566.105965, sigmaZ 6.292661, t-per-iter=0.0388 sec, pred_offsets=
Iteration 15:
	Resid=193566.084871, sigmaZ 6.292660, t-per-iter=0.0388 sec, pred_offsets=
Iteration 16:
	Resid=193566.018907, sigmaZ 6.292658, t-per-iter=0.0388 sec, pred_offsets=
Iteration 17:
	Resid=193565.932160, sigmaZ 6.292656, t-per-iter=0.0388 sec, pred_offsets=
Iteration 18:
	Resid=193566.067704, sigmaZ 6.292656, t-per-iter=0.0388 sec, pred_offsets=
Iteration 19:
	Resid=193565.906107, sigmaZ 6.292655, t-per-iter=0.0388 sec, pred_offsets=
Iteration 20:
	Resid=193565.849803, sigmaZ 6.292654, t-per-iter=0.0388 sec, pred_offsets=
Iteration 21:
	Resid=193565.836481, sigmaZ 6.292654, t-per-iter=0.0387 sec, pred_offsets=
Iteration 22:
	Resid=193565.835583, sigmaZ 6.292654, t-per-iter=0.0387 sec, pred_offsets=
Iteration 23:
	Resid=193565.835570, sigmaZ 6.292654, t-per-iter=0.0387 sec, pred_offsets=
Final Iteration 23:
	Resid=193565.835570, sigmaZ 6.292654
Saved detector model to _geom.out/diffBragg_detector.expt
RANK0000 | 2025-10-29 00:55:12,825 | Number of ROIS that will proceed to refinement: 87/92
RANK0000 | 2025-10-29 00:55:12,825 | Number of ROIS that will proceed to refinement: 87/92
RANK0000 | 2025-10-29 00:55:12,825 | Number of ROIS that will proceed to refinement: 87/92
RANK0000 | 2025-10-29 00:55:12,825 | Number of ROIS that will proceed to refinement: 87/92
RANK0000 | 2025-10-29 00:55:12,842 | Setting initial mosaicity from params.init.eta_abc: 0.000000 0.000000 0.000000
RANK0000 | 2025-10-29 00:55:12,842 | Setting initial mosaicity from params.init.eta_abc: 0.000000 0.000000 0.000000
RANK0000 | 2025-10-29 00:55:12,842 | Setting initial mosaicity from params.init.eta_abc: 0.000000 0.000000 0.000000
RANK0000 | 2025-10-29 00:55:12,842 | Setting initial mosaicity from params.init.eta_abc: 0.000000 0.000000 0.000000
RANK0000 | 2025-10-29 00:55:12,843 | Number of mosaic domains from params: 1
RANK0000 | 2025-10-29 00:55:12,843 | Number of mosaic domains from params: 1
RANK0000 | 2025-10-29 00:55:12,843 | Number of mosaic domains from params: 1
RANK0000 | 2025-10-29 00:55:12,843 | Number of mosaic domains from params: 1
RANK0000 | 2025-10-29 00:55:12,914 | Loaded simulator
RANK0000 | 2025-10-29 00:55:12,914 | Loaded simulator
RANK0000 | 2025-10-29 00:55:12,914 | Loaded simulator
RANK0000 | 2025-10-29 00:55:12,914 | Loaded simulator
RANK0000 | 2025-10-29 00:55:12,914 | Will not use mosaic models, as simulator.crystal.num_mosaicity_samples=1
RANK0000 | 2025-10-29 00:55:12,914 | Will not use mosaic models, as simulator.crystal.num_mosaicity_samples=1
RANK0000 | 2025-10-29 00:55:12,914 | Will not use mosaic models, as simulator.crystal.num_mosaicity_samples=1
RANK0000 | 2025-10-29 00:55:12,914 | Will not use mosaic models, as simulator.crystal.num_mosaicity_samples=1
Warning, crystal system not determined, assuming triclinic
RANK0000 | 2025-10-29 00:55:12,915 | Unit cell variable a_Ang (currently=27.363198) is bounded by 24.626878 and 30.099518
RANK0000 | 2025-10-29 00:55:12,915 | Unit cell variable a_Ang (currently=27.363198) is bounded by 24.626878 and 30.099518
RANK0000 | 2025-10-29 00:55:12,915 | Unit cell variable a_Ang (currently=27.363198) is bounded by 24.626878 and 30.099518
RANK0000 | 2025-10-29 00:55:12,915 | Unit cell variable a_Ang (currently=27.363198) is bounded by 24.626878 and 30.099518
RANK0000 | 2025-10-29 00:55:12,915 | Unit cell variable b_Ang (currently=32.057405) is bounded by 28.851665 and 35.263146
RANK0000 | 2025-10-29 00:55:12,915 | Unit cell variable b_Ang (currently=32.057405) is bounded by 28.851665 and 35.263146
RANK0000 | 2025-10-29 00:55:12,915 | Unit cell variable b_Ang (currently=32.057405) is bounded by 28.851665 and 35.263146
RANK0000 | 2025-10-29 00:55:12,915 | Unit cell variable b_Ang (currently=32.057405) is bounded by 28.851665 and 35.263146
RANK0000 | 2025-10-29 00:55:12,915 | Unit cell variable c_Ang (currently=34.465448) is bounded by 31.018903 and 37.911993
RANK0000 | 2025-10-29 00:55:12,915 | Unit cell variable c_Ang (currently=34.465448) is bounded by 31.018903 and 37.911993
RANK0000 | 2025-10-29 00:55:12,915 | Unit cell variable c_Ang (currently=34.465448) is bounded by 31.018903 and 37.911993
RANK0000 | 2025-10-29 00:55:12,915 | Unit cell variable c_Ang (currently=34.465448) is bounded by 31.018903 and 37.911993
RANK0000 | 2025-10-29 00:55:12,915 | Unit cell variable alpha_rad (currently=1.547777) is bounded by 1.460511 and 1.635044
RANK0000 | 2025-10-29 00:55:12,915 | Unit cell variable alpha_rad (currently=1.547777) is bounded by 1.460511 and 1.635044
RANK0000 | 2025-10-29 00:55:12,915 | Unit cell variable alpha_rad (currently=1.547777) is bounded by 1.460511 and 1.635044
RANK0000 | 2025-10-29 00:55:12,915 | Unit cell variable alpha_rad (currently=1.547777) is bounded by 1.460511 and 1.635044
RANK0000 | 2025-10-29 00:55:12,915 | Unit cell variable beta_rad (currently=1.248920) is bounded by 1.161654 and 1.336187
RANK0000 | 2025-10-29 00:55:12,915 | Unit cell variable beta_rad (currently=1.248920) is bounded by 1.161654 and 1.336187
RANK0000 | 2025-10-29 00:55:12,915 | Unit cell variable beta_rad (currently=1.248920) is bounded by 1.161654 and 1.336187
RANK0000 | 2025-10-29 00:55:12,915 | Unit cell variable beta_rad (currently=1.248920) is bounded by 1.161654 and 1.336187
RANK0000 | 2025-10-29 00:55:12,915 | Unit cell variable gamma_rad (currently=1.189029) is bounded by 1.101763 and 1.276296
RANK0000 | 2025-10-29 00:55:12,915 | Unit cell variable gamma_rad (currently=1.189029) is bounded by 1.101763 and 1.276296
RANK0000 | 2025-10-29 00:55:12,915 | Unit cell variable gamma_rad (currently=1.189029) is bounded by 1.101763 and 1.276296
RANK0000 | 2025-10-29 00:55:12,915 | Unit cell variable gamma_rad (currently=1.189029) is bounded by 1.101763 and 1.276296
Warning, crystal system not determined, assuming triclinic
RANK0000 | 2025-10-29 00:55:20,250 | Filtered 5 / 92 reflections which did not show peaks in model
RANK0000 | 2025-10-29 00:55:20,250 | Filtered 5 / 92 reflections which did not show peaks in model
RANK0000 | 2025-10-29 00:55:20,250 | Filtered 5 / 92 reflections which did not show peaks in model
RANK0000 | 2025-10-29 00:55:20,250 | Filtered 5 / 92 reflections which did not show peaks in model
RANK0000 | 2025-10-29 00:55:20,318 | Number of ROIS that will proceed to refinement: 87/92
RANK0000 | 2025-10-29 00:55:20,318 | Number of ROIS that will proceed to refinement: 87/92
RANK0000 | 2025-10-29 00:55:20,318 | Number of ROIS that will proceed to refinement: 87/92
RANK0000 | 2025-10-29 00:55:20,318 | Number of ROIS that will proceed to refinement: 87/92
RANK0000 | 2025-10-29 00:55:20,336 | Setting initial mosaicity from params.init.eta_abc: 0.000000 0.000000 0.000000
RANK0000 | 2025-10-29 00:55:20,336 | Setting initial mosaicity from params.init.eta_abc: 0.000000 0.000000 0.000000
RANK0000 | 2025-10-29 00:55:20,336 | Setting initial mosaicity from params.init.eta_abc: 0.000000 0.000000 0.000000
RANK0000 | 2025-10-29 00:55:20,336 | Setting initial mosaicity from params.init.eta_abc: 0.000000 0.000000 0.000000
RANK0000 | 2025-10-29 00:55:20,336 | Number of mosaic domains from params: 1
RANK0000 | 2025-10-29 00:55:20,336 | Number of mosaic domains from params: 1
RANK0000 | 2025-10-29 00:55:20,336 | Number of mosaic domains from params: 1
RANK0000 | 2025-10-29 00:55:20,336 | Number of mosaic domains from params: 1
RANK0000 | 2025-10-29 00:55:20,407 | Loaded simulator
RANK0000 | 2025-10-29 00:55:20,407 | Loaded simulator
RANK0000 | 2025-10-29 00:55:20,407 | Loaded simulator
RANK0000 | 2025-10-29 00:55:20,407 | Loaded simulator
RANK0000 | 2025-10-29 00:55:20,407 | Will not use mosaic models, as simulator.crystal.num_mosaicity_samples=1
RANK0000 | 2025-10-29 00:55:20,407 | Will not use mosaic models, as simulator.crystal.num_mosaicity_samples=1
RANK0000 | 2025-10-29 00:55:20,407 | Will not use mosaic models, as simulator.crystal.num_mosaicity_samples=1
RANK0000 | 2025-10-29 00:55:20,407 | Will not use mosaic models, as simulator.crystal.num_mosaicity_samples=1
Warning, crystal system not determined, assuming triclinic
RANK0000 | 2025-10-29 00:55:20,515 | Unit cell variable a_Ang (currently=27.364208) is bounded by 24.627788 and 30.100629
RANK0000 | 2025-10-29 00:55:20,515 | Unit cell variable a_Ang (currently=27.364208) is bounded by 24.627788 and 30.100629
RANK0000 | 2025-10-29 00:55:20,515 | Unit cell variable a_Ang (currently=27.364208) is bounded by 24.627788 and 30.100629
RANK0000 | 2025-10-29 00:55:20,515 | Unit cell variable a_Ang (currently=27.364208) is bounded by 24.627788 and 30.100629
RANK0000 | 2025-10-29 00:55:20,515 | Unit cell variable b_Ang (currently=32.057679) is bounded by 28.851911 and 35.263447
RANK0000 | 2025-10-29 00:55:20,515 | Unit cell variable b_Ang (currently=32.057679) is bounded by 28.851911 and 35.263447
RANK0000 | 2025-10-29 00:55:20,515 | Unit cell variable b_Ang (currently=32.057679) is bounded by 28.851911 and 35.263447
RANK0000 | 2025-10-29 00:55:20,515 | Unit cell variable b_Ang (currently=32.057679) is bounded by 28.851911 and 35.263447
RANK0000 | 2025-10-29 00:55:20,515 | Unit cell variable c_Ang (currently=34.469319) is bounded by 31.022387 and 37.916251
RANK0000 | 2025-10-29 00:55:20,515 | Unit cell variable c_Ang (currently=34.469319) is bounded by 31.022387 and 37.916251
RANK0000 | 2025-10-29 00:55:20,515 | Unit cell variable c_Ang (currently=34.469319) is bounded by 31.022387 and 37.916251
RANK0000 | 2025-10-29 00:55:20,515 | Unit cell variable c_Ang (currently=34.469319) is bounded by 31.022387 and 37.916251
RANK0000 | 2025-10-29 00:55:20,515 | Unit cell variable alpha_rad (currently=1.547626) is bounded by 1.460360 and 1.634893
RANK0000 | 2025-10-29 00:55:20,515 | Unit cell variable alpha_rad (currently=1.547626) is bounded by 1.460360 and 1.634893
RANK0000 | 2025-10-29 00:55:20,515 | Unit cell variable alpha_rad (currently=1.547626) is bounded by 1.460360 and 1.634893
RANK0000 | 2025-10-29 00:55:20,515 | Unit cell variable alpha_rad (currently=1.547626) is bounded by 1.460360 and 1.634893
RANK0000 | 2025-10-29 00:55:20,515 | Unit cell variable beta_rad (currently=1.248772) is bounded by 1.161505 and 1.336038
RANK0000 | 2025-10-29 00:55:20,515 | Unit cell variable beta_rad (currently=1.248772) is bounded by 1.161505 and 1.336038
RANK0000 | 2025-10-29 00:55:20,515 | Unit cell variable beta_rad (currently=1.248772) is bounded by 1.161505 and 1.336038
RANK0000 | 2025-10-29 00:55:20,515 | Unit cell variable beta_rad (currently=1.248772) is bounded by 1.161505 and 1.336038
RANK0000 | 2025-10-29 00:55:20,516 | Unit cell variable gamma_rad (currently=1.188969) is bounded by 1.101702 and 1.276235
RANK0000 | 2025-10-29 00:55:20,516 | Unit cell variable gamma_rad (currently=1.188969) is bounded by 1.101702 and 1.276235
RANK0000 | 2025-10-29 00:55:20,516 | Unit cell variable gamma_rad (currently=1.188969) is bounded by 1.101702 and 1.276235
RANK0000 | 2025-10-29 00:55:20,516 | Unit cell variable gamma_rad (currently=1.188969) is bounded by 1.101702 and 1.276235
Warning, crystal system not determined, assuming triclinic
RANK0000 | 2025-10-29 00:55:25,783 | Filtered 5 / 92 reflections which did not show peaks in model
RANK0000 | 2025-10-29 00:55:25,783 | Filtered 5 / 92 reflections which did not show peaks in model
RANK0000 | 2025-10-29 00:55:25,783 | Filtered 5 / 92 reflections which did not show peaks in model
RANK0000 | 2025-10-29 00:55:25,783 | Filtered 5 / 92 reflections which did not show peaks in model
Warning, crystal system not determined, assuming triclinic
Will optimize using 1 experiments
RANK0000 | 2025-10-29 00:55:25,919 | Loading nrefls per shot
RANK0000 | 2025-10-29 00:55:25,919 | Loading nrefls per shot
RANK0000 | 2025-10-29 00:55:25,919 | Loading nrefls per shot
RANK0000 | 2025-10-29 00:55:25,919 | Loading nrefls per shot
RANK0000 | 2025-10-29 00:55:25,919 | Loading nrefls per shot
Found 1 shots originally, but only 1 had finite number of refls to model
RANK0000 | 2025-10-29 00:55:25,920 | EVENT: begin loading inputs
RANK0000 | 2025-10-29 00:55:25,920 | EVENT: begin loading inputs
RANK0000 | 2025-10-29 00:55:25,920 | EVENT: begin loading inputs
RANK0000 | 2025-10-29 00:55:25,920 | EVENT: begin loading inputs
RANK0000 | 2025-10-29 00:55:25,920 | EVENT: begin loading inputs
RANK0000 | 2025-10-29 00:55:25,948 | Will use space group symbol P 1
RANK0000 | 2025-10-29 00:55:25,948 | Will use space group symbol P 1
RANK0000 | 2025-10-29 00:55:25,948 | Will use space group symbol P 1
RANK0000 | 2025-10-29 00:55:25,948 | Will use space group symbol P 1
RANK0000 | 2025-10-29 00:55:25,948 | Will use space group symbol P 1
RANK0000 | 2025-10-29 00:55:26,086 | EVENT: BEGIN loading experiment list
RANK0000 | 2025-10-29 00:55:26,086 | EVENT: BEGIN loading experiment list
RANK0000 | 2025-10-29 00:55:26,086 | EVENT: BEGIN loading experiment list
RANK0000 | 2025-10-29 00:55:26,086 | EVENT: BEGIN loading experiment list
RANK0000 | 2025-10-29 00:55:26,086 | EVENT: BEGIN loading experiment list
RANK0000 | 2025-10-29 00:55:26,088 | EVENT: DONE loading experiment list
RANK0000 | 2025-10-29 00:55:26,088 | EVENT: DONE loading experiment list
RANK0000 | 2025-10-29 00:55:26,088 | EVENT: DONE loading experiment list
RANK0000 | 2025-10-29 00:55:26,088 | EVENT: DONE loading experiment list
RANK0000 | 2025-10-29 00:55:26,088 | EVENT: DONE loading experiment list
Warning, crystal system not determined, assuming triclinic
RANK0000 | 2025-10-29 00:55:26,089 | EVENT: LOADING ROI DATA
RANK0000 | 2025-10-29 00:55:26,089 | EVENT: LOADING ROI DATA
RANK0000 | 2025-10-29 00:55:26,089 | EVENT: LOADING ROI DATA
RANK0000 | 2025-10-29 00:55:26,089 | EVENT: LOADING ROI DATA
RANK0000 | 2025-10-29 00:55:26,089 | EVENT: LOADING ROI DATA
RANK0000 | 2025-10-29 00:55:26,153 | Number of ROIS that will proceed to refinement: 87/92
RANK0000 | 2025-10-29 00:55:26,153 | Number of ROIS that will proceed to refinement: 87/92
RANK0000 | 2025-10-29 00:55:26,153 | Number of ROIS that will proceed to refinement: 87/92
RANK0000 | 2025-10-29 00:55:26,153 | Number of ROIS that will proceed to refinement: 87/92
RANK0000 | 2025-10-29 00:55:26,153 | Number of ROIS that will proceed to refinement: 87/92
RANK0000 | 2025-10-29 00:55:26,170 | Setting initial mosaicity from params.init.eta_abc: 0.000000 0.000000 0.000000
RANK0000 | 2025-10-29 00:55:26,170 | Setting initial mosaicity from params.init.eta_abc: 0.000000 0.000000 0.000000
RANK0000 | 2025-10-29 00:55:26,170 | Setting initial mosaicity from params.init.eta_abc: 0.000000 0.000000 0.000000
RANK0000 | 2025-10-29 00:55:26,170 | Setting initial mosaicity from params.init.eta_abc: 0.000000 0.000000 0.000000
RANK0000 | 2025-10-29 00:55:26,170 | Setting initial mosaicity from params.init.eta_abc: 0.000000 0.000000 0.000000
RANK0000 | 2025-10-29 00:55:26,171 | Number of mosaic domains from params: 1
RANK0000 | 2025-10-29 00:55:26,171 | Number of mosaic domains from params: 1
RANK0000 | 2025-10-29 00:55:26,171 | Number of mosaic domains from params: 1
RANK0000 | 2025-10-29 00:55:26,171 | Number of mosaic domains from params: 1
RANK0000 | 2025-10-29 00:55:26,171 | Number of mosaic domains from params: 1
RANK0000 | 2025-10-29 00:55:26,241 | Loaded simulator
RANK0000 | 2025-10-29 00:55:26,241 | Loaded simulator
RANK0000 | 2025-10-29 00:55:26,241 | Loaded simulator
RANK0000 | 2025-10-29 00:55:26,241 | Loaded simulator
RANK0000 | 2025-10-29 00:55:26,241 | Loaded simulator
RANK0000 | 2025-10-29 00:55:26,241 | Will not use mosaic models, as simulator.crystal.num_mosaicity_samples=1
RANK0000 | 2025-10-29 00:55:26,241 | Will not use mosaic models, as simulator.crystal.num_mosaicity_samples=1
RANK0000 | 2025-10-29 00:55:26,241 | Will not use mosaic models, as simulator.crystal.num_mosaicity_samples=1
RANK0000 | 2025-10-29 00:55:26,241 | Will not use mosaic models, as simulator.crystal.num_mosaicity_samples=1
RANK0000 | 2025-10-29 00:55:26,241 | Will not use mosaic models, as simulator.crystal.num_mosaicity_samples=1
RANK0000 | 2025-10-29 00:55:26,279 | EVENT: DONE LOADING ROI
RANK0000 | 2025-10-29 00:55:26,279 | EVENT: DONE LOADING ROI
RANK0000 | 2025-10-29 00:55:26,279 | EVENT: DONE LOADING ROI
RANK0000 | 2025-10-29 00:55:26,279 | EVENT: DONE LOADING ROI
RANK0000 | 2025-10-29 00:55:26,279 | EVENT: DONE LOADING ROI
RANK0000 | 2025-10-29 00:55:26,280 | Will simulate 1 energy channels
RANK0000 | 2025-10-29 00:55:26,280 | Will simulate 1 energy channels
RANK0000 | 2025-10-29 00:55:26,280 | Will simulate 1 energy channels
RANK0000 | 2025-10-29 00:55:26,280 | Will simulate 1 energy channels
RANK0000 | 2025-10-29 00:55:26,280 | Will simulate 1 energy channels
RANK0000 | 2025-10-29 00:55:26,280 | Process memory usage: 1.718288 GB on node ollie-System-Product-Name
RANK0000 | 2025-10-29 00:55:26,280 | Process memory usage: 1.718288 GB on node ollie-System-Product-Name
RANK0000 | 2025-10-29 00:55:26,280 | Process memory usage: 1.718288 GB on node ollie-System-Product-Name
RANK0000 | 2025-10-29 00:55:26,280 | Process memory usage: 1.718288 GB on node ollie-System-Product-Name
RANK0000 | 2025-10-29 00:55:26,280 | Process memory usage: 1.718288 GB on node ollie-System-Product-Name
RANK0000 | 2025-10-29 00:55:26,280 | Finished loading image 1 / 1 (1 / 1)
RANK0000 | 2025-10-29 00:55:26,280 | Finished loading image 1 / 1 (1 / 1)
RANK0000 | 2025-10-29 00:55:26,280 | Finished loading image 1 / 1 (1 / 1)
RANK0000 | 2025-10-29 00:55:26,280 | Finished loading image 1 / 1 (1 / 1)
RANK0000 | 2025-10-29 00:55:26,280 | Finished loading image 1 / 1 (1 / 1)
Warning, crystal system not determined, assuming triclinic
RANK0000 | 2025-10-29 00:55:26,281 | DONE LOADING DATA; ENTER BARRIER
RANK0000 | 2025-10-29 00:55:26,281 | DONE LOADING DATA; ENTER BARRIER
RANK0000 | 2025-10-29 00:55:26,281 | DONE LOADING DATA; ENTER BARRIER
RANK0000 | 2025-10-29 00:55:26,281 | DONE LOADING DATA; ENTER BARRIER
RANK0000 | 2025-10-29 00:55:26,281 | DONE LOADING DATA; ENTER BARRIER
RANK0000 | 2025-10-29 00:55:26,281 | DONE LOADING DATA; EXIT BARRIER
RANK0000 | 2025-10-29 00:55:26,281 | DONE LOADING DATA; EXIT BARRIER
RANK0000 | 2025-10-29 00:55:26,281 | DONE LOADING DATA; EXIT BARRIER
RANK0000 | 2025-10-29 00:55:26,281 | DONE LOADING DATA; EXIT BARRIER
RANK0000 | 2025-10-29 00:55:26,281 | DONE LOADING DATA; EXIT BARRIER
RANK0000 | 2025-10-29 00:55:26,281 | Mem after panel groups: 1.718288 GB on node ollie-System-Product-Name
RANK0000 | 2025-10-29 00:55:26,281 | Mem after panel groups: 1.718288 GB on node ollie-System-Product-Name
RANK0000 | 2025-10-29 00:55:26,281 | Mem after panel groups: 1.718288 GB on node ollie-System-Product-Name
RANK0000 | 2025-10-29 00:55:26,281 | Mem after panel groups: 1.718288 GB on node ollie-System-Product-Name
RANK0000 | 2025-10-29 00:55:26,281 | Mem after panel groups: 1.718288 GB on node ollie-System-Product-Name
RANK0000 | 2025-10-29 00:55:26,281 | EVENT: Gathering global HKL information
RANK0000 | 2025-10-29 00:55:26,281 | EVENT: Gathering global HKL information
RANK0000 | 2025-10-29 00:55:26,281 | EVENT: Gathering global HKL information
RANK0000 | 2025-10-29 00:55:26,281 | EVENT: Gathering global HKL information
RANK0000 | 2025-10-29 00:55:26,281 | EVENT: Gathering global HKL information
RANK0000 | 2025-10-29 00:55:26,383 | EVENT: FINISHED gather global HKL information
RANK0000 | 2025-10-29 00:55:26,383 | EVENT: FINISHED gather global HKL information
RANK0000 | 2025-10-29 00:55:26,383 | EVENT: FINISHED gather global HKL information
RANK0000 | 2025-10-29 00:55:26,383 | EVENT: FINISHED gather global HKL information
RANK0000 | 2025-10-29 00:55:26,383 | EVENT: FINISHED gather global HKL information
RANK0000 | 2025-10-29 00:55:26,383 | Mem after gather Hi info: 1.718288 GB on node ollie-System-Product-Name
RANK0000 | 2025-10-29 00:55:26,383 | Mem after gather Hi info: 1.718288 GB on node ollie-System-Product-Name
RANK0000 | 2025-10-29 00:55:26,383 | Mem after gather Hi info: 1.718288 GB on node ollie-System-Product-Name
RANK0000 | 2025-10-29 00:55:26,383 | Mem after gather Hi info: 1.718288 GB on node ollie-System-Product-Name
RANK0000 | 2025-10-29 00:55:26,383 | Mem after gather Hi info: 1.718288 GB on node ollie-System-Product-Name
RANK0000 | 2025-10-29 00:55:26,383 | BEGIN DETERMINE MAX PIX
RANK0000 | 2025-10-29 00:55:26,383 | BEGIN DETERMINE MAX PIX
RANK0000 | 2025-10-29 00:55:26,383 | BEGIN DETERMINE MAX PIX
RANK0000 | 2025-10-29 00:55:26,383 | BEGIN DETERMINE MAX PIX
RANK0000 | 2025-10-29 00:55:26,383 | BEGIN DETERMINE MAX PIX
RANK0000 | 2025-10-29 00:55:26,383 | Rank 0, max pix to be modeled: 8700
RANK0000 | 2025-10-29 00:55:26,383 | Rank 0, max pix to be modeled: 8700
RANK0000 | 2025-10-29 00:55:26,383 | Rank 0, max pix to be modeled: 8700
RANK0000 | 2025-10-29 00:55:26,383 | Rank 0, max pix to be modeled: 8700
RANK0000 | 2025-10-29 00:55:26,383 | Rank 0, max pix to be modeled: 8700
RANK0000 | 2025-10-29 00:55:26,383 | DONE DETERMINE MAX PIX
RANK0000 | 2025-10-29 00:55:26,383 | DONE DETERMINE MAX PIX
RANK0000 | 2025-10-29 00:55:26,383 | DONE DETERMINE MAX PIX
RANK0000 | 2025-10-29 00:55:26,383 | DONE DETERMINE MAX PIX
RANK0000 | 2025-10-29 00:55:26,383 | DONE DETERMINE MAX PIX
RANK0000 | 2025-10-29 00:55:26,383 | Mem after determine max num pix: 1.718288 GB on node ollie-System-Product-Name
RANK0000 | 2025-10-29 00:55:26,383 | Mem after determine max num pix: 1.718288 GB on node ollie-System-Product-Name
RANK0000 | 2025-10-29 00:55:26,383 | Mem after determine max num pix: 1.718288 GB on node ollie-System-Product-Name
RANK0000 | 2025-10-29 00:55:26,383 | Mem after determine max num pix: 1.718288 GB on node ollie-System-Product-Name
RANK0000 | 2025-10-29 00:55:26,383 | Mem after determine max num pix: 1.718288 GB on node ollie-System-Product-Name
RANK0000 | 2025-10-29 00:55:26,384 | Mem after load_inputs: 1.718288 GB on node ollie-System-Product-Name
RANK0000 | 2025-10-29 00:55:26,384 | Mem after load_inputs: 1.718288 GB on node ollie-System-Product-Name
RANK0000 | 2025-10-29 00:55:26,384 | Mem after load_inputs: 1.718288 GB on node ollie-System-Product-Name
RANK0000 | 2025-10-29 00:55:26,384 | Mem after load_inputs: 1.718288 GB on node ollie-System-Product-Name
RANK0000 | 2025-10-29 00:55:26,384 | Mem after load_inputs: 1.718288 GB on node ollie-System-Product-Name
How many pixels each rank will allocate for on its device:
(rnk0, dev0): 8700 pix
Iteration 1:
	Resid=193002.730922, sigmaZ 6.282639, t-per-iter=0.0342 sec, pred_offsets=
Iteration 2:
	Resid=281476832.962185, sigmaZ 253.603634, t-per-iter=0.0343 sec, pred_offsets=
Iteration 3:
	Resid=281567223.606149, sigmaZ 253.669838, t-per-iter=0.0340 sec, pred_offsets=
Iteration 4:
	Resid=193000.755057, sigmaZ 6.282602, t-per-iter=0.0339 sec, pred_offsets=
Iteration 5:
	Resid=192984.822427, sigmaZ 6.282300, t-per-iter=0.0339 sec, pred_offsets=
Iteration 6:
	Resid=192960.273984, sigmaZ 6.281841, t-per-iter=0.0338 sec, pred_offsets=
Iteration 7:
	Resid=192892.741102, sigmaZ 6.280582, t-per-iter=0.0338 sec, pred_offsets=
Iteration 8:
	Resid=192891.462378, sigmaZ 6.280564, t-per-iter=0.0337 sec, pred_offsets=
Iteration 9:
	Resid=192891.343915, sigmaZ 6.280560, t-per-iter=0.0337 sec, pred_offsets=
Iteration 10:
	Resid=192891.059332, sigmaZ 6.280553, t-per-iter=0.0337 sec, pred_offsets=
Iteration 11:
	Resid=192890.745895, sigmaZ 6.280547, t-per-iter=0.0337 sec, pred_offsets=
Iteration 12:
	Resid=192890.490232, sigmaZ 6.280542, t-per-iter=0.0337 sec, pred_offsets=
Iteration 13:
	Resid=192890.454170, sigmaZ 6.280543, t-per-iter=0.0336 sec, pred_offsets=
Iteration 14:
	Resid=192890.452774, sigmaZ 6.280543, t-per-iter=0.0336 sec, pred_offsets=
Iteration 15:
	Resid=192890.452751, sigmaZ 6.280543, t-per-iter=0.0336 sec, pred_offsets=
Iteration 16:
	Resid=192890.452751, sigmaZ 6.280543, t-per-iter=0.0336 sec, pred_offsets=
Iteration 17:
	Resid=192890.452751, sigmaZ 6.280543, t-per-iter=0.0336 sec, pred_offsets=
Final Iteration 17:
	Resid=192890.452751, sigmaZ 6.280543
Saved detector model to _geom.out/diffBragg_detector.expt
Spot scale=318689803591020160.000000
nanoBragg nanocrystal diffraction simulator - James Holton and Ken Frankel 8-1-17
  69614 initialized hkls (all others =0)
  gaussian xtal: 36.5x28.0x26.6 cells
Unit Cell: 27.3642 32.0577 34.4693 88.6798 71.6448 68.1151
Recp Cell: 0.0417456 0.0338297 0.0307605 83.8475 109.291 112.666
volume = 26463 A^3
  amorphous part of sample is 0 m thick x 0.0001 m high x 0.0001 m wide, 1 g/cm^3 and 18 g/mol (0 molecules)
missets:  0.00000000  0.00000000  0.00000000
real-space cell vectors (Angstrom):
     a           b           c         
X: 23.96799287 -0.00000000  0.00000000
Y: 10.00395584 32.04916954 -0.00000000
Z:  8.61719730  0.73859085 34.46931927
reciprocal-space cell vectors (Angstrom^-1):
     a_star      b_star      c_star    
X:  0.04174556 -0.01303062 -0.01015702
Y:  0.00000000  0.03121944 -0.00066895
Z:  0.00000000  0.00000000  0.02902747
  wave=9.768e-11 meters +/- 0% in 1 steps
  Kahn polarization factor: 1.000000
  incident fluence: 1e+18 photons/m^2
  distance=0.23129 detsize=0.423636x0.434644  pixel=0.000172 meters (2463x2527 pixels)
  Xbeam=0.217728 Ybeam=0.213893
  Fbeam=0.217728 Sbeam=0.213893
  Xclose=0.217513 Yclose=0.212791
  Fclose=0.217513 Sclose=0.212791
  DIRECTION_OF_DETECTOR_X-AXIS= 0.999998 0.0017381 -0.000932393
  DIRECTION_OF_DETECTOR_Y-AXIS= 0.00173364 -0.999987 -0.00476526
  DIRECTION_OF_DETECTOR_Z-AXIS= -0.000940663 0.00476364 -0.999988
  INCIDENT_BEAM_DIRECTION= 0 0 1
  spindle ROTATION_AXIS= 0.999998 0.0017381 -0.000932393
  POLARIZATION_PLANE_NORMAL= 0 -1 0
  dials origin= -217.513 213.891 -230.271
  roi: 0 < x < 2463 && 0 < y < 2527
  hdivrange=0 hdivstep=0  radians
  vdivrange=0 vdivstep=0  radians
  1 divergence steps
  1 sources
  1 mosaic domains over mosaic spread of 0 degrees
  1 phi steps from 0 to 0 degrees
  1x1 pixel oversample steps
Traceback (most recent call last):
  File "/home/ollie/Documents/diffbragg_example_2/diffbragg_example/plans/active/NANOBRAG-GOLDEN-001/reports/2025-10-29T074423Z/capture_forward.py", line 415, in <module>
    main()
  File "/home/ollie/Documents/diffbragg_example_2/diffbragg_example/plans/active/NANOBRAG-GOLDEN-001/reports/2025-10-29T074423Z/capture_forward.py", line 266, in main
    beam_cfg = TorchBeamConfig(
TypeError: __init__() got an unexpected keyword argument 'polarization_fraction'
