/home/ollie/miniconda3/envs/simtbx/lib/python3.9/site-packages/dials/extensions/__init__.py:3: UserWarning: pkg_resources is deprecated as an API. See https://setuptools.pypa.io/en/latest/pkg_resources.html. The pkg_resources package is slated for removal as early as 2025-11-30. Refrain from using this package or pin to Setuptools<81.
  import pkg_resources
<frozen importlib._bootstrap>:228: RuntimeWarning: to-Python converter for scitbx::af::shared<scitbx::af::shared<scitbx::vec3<double> > > already registered; second conversion method ignored.
COMMANDLINE: libtbx.python /home/ollie/Documents/diffbragg_example_2/diffbragg_example/plans/active/NANOBRAG-GOLDEN-001/reports/2025-10-29T074423Z/capture_forward.py
Warning, crystal system not determined, assuming triclinic
Warning, crystal system not determined, assuming triclinic
Warning, crystal system not determined, assuming triclinic
Warning, crystal system not determined, assuming triclinic
Traceback (most recent call last):
  File "/home/ollie/Documents/diffbragg_example_2/diffbragg_example/plans/active/NANOBRAG-GOLDEN-001/reports/2025-10-29T074423Z/capture_forward.py", line 417, in <module>
    main()
  File "/home/ollie/Documents/diffbragg_example_2/diffbragg_example/plans/active/NANOBRAG-GOLDEN-001/reports/2025-10-29T074423Z/capture_forward.py", line 181, in main
    Fopt.as_mtz_dataset(column_root_label="F").mtz_object().write(str(repo_root / "_temp.mtz"))
  File "/home/ollie/miniconda3/envs/simtbx/lib/python3.9/site-packages/cctbx/miller/__init__.py", line 4839, in as_mtz_dataset
    return iotbx.mtz.miller_array_as_mtz_dataset(self,
  File "/home/ollie/miniconda3/envs/simtbx/lib/python3.9/site-packages/iotbx/mtz/__init__.py", line 1158, in miller_array_as_mtz_dataset
    return mtz_object.add_crystal(
  File "/home/ollie/miniconda3/envs/simtbx/lib/python3.9/site-packages/iotbx/mtz/__init__.py", line 947, in add_miller_array
    raise RuntimeError(
RuntimeError: Conversion of given type of miller_array to MTZ format is not supported.
