/home/ollie/miniconda3/envs/simtbx/lib/python3.9/site-packages/dials/extensions/__init__.py:3: UserWarning: pkg_resources is deprecated as an API. See https://setuptools.pypa.io/en/latest/pkg_resources.html. The pkg_resources package is slated for removal as early as 2025-11-30. Refrain from using this package or pin to Setuptools<81.
  import pkg_resources
Configuration:
  smoke_sigma_source: cli_override
  smoke_detector_size: small
  default_sigma_readout: 3.0
  out_dir: plans/active/TOOLING-VIS-001/reports/2025-11-25T060403Z/mapping_variants/cli_override

Loading data from:
  expt: /home/ollie/Documents/diffbragg_example_2/diffbragg_example/sp.proc/refGeom_small/refGeom_small.expt
  refl: /home/ollie/Documents/diffbragg_example_2/diffbragg_example/sp.proc/refGeom_small/refGeom_small.refl
  mask: /home/ollie/Documents/diffbragg_example_2/diffbragg_example/sp.proc/refGeom_small/refGeom_small_mask.pkl
  mtz: /home/ollie/Documents/diffbragg_example_2/diffbragg_example/scaled.mtz

============================================================
Building CPU mapping context...
auto-selected 3-fold oversampling
[HKL stats] h=[-12,7] k=[-14,9] l=[-14,8] hit_rate=9408494/9437184 (99.70%)
CPU metrics: ROI CC median=-0.043557, scale_ratio_masked=5.7404e-01, scale_ratio_unmasked=2.9263e+00
Building CUDA mapping context...
auto-selected 3-fold oversampling
[HKL stats] h=[-12,7] k=[-14,9] l=[-14,8] hit_rate=9408494/9437184 (99.70%)
GPU metrics: ROI CC median=-0.043560, scale_ratio_masked=5.7407e-01, scale_ratio_unmasked=2.9265e+00
Computing CPU vs GPU parity metrics...
Parity metrics: mean_abs_diff=1.4702e-04, max_abs_diff=5.2017e+01, roi_cc_diff=0.000003, scale_ratio_masked_rel_diff=5.7515e-05
============================================================

Wrote JSON to plans/active/TOOLING-VIS-001/reports/2025-11-25T060403Z/mapping_variants/cli_override/mapping_forward_cpu_gpu.json

Summary:
  Sigma source: cli_override
  CUDA available: True
  CPU ROI CC median: -0.043557
  CPU scale ratio (masked): 5.7404e-01
  CPU scale ratio (unmasked): 2.9263e+00
  CPU spot_scale_override: 3.1847e+17
  CPU HKL source: unknown
  CPU HKL path: unknown
  CPU HKL count: 69614
  GPU ROI CC median: -0.043560
  GPU scale ratio (masked): 5.7407e-01
  GPU scale ratio (unmasked): 2.9265e+00
  GPU spot_scale_override: 3.1847e+17
  GPU HKL source: unknown
  GPU HKL path: unknown
  GPU HKL count: 69614
  Bragg mean_abs_diff: 1.4702e-04
  Bragg max_abs_diff: 5.2017e+01
  ROI CC median diff: 0.000003
  Scale ratio (masked) rel diff: 5.7515e-05
  Scale ratio (unmasked) rel diff: 6.4311e-05

Probe complete.
