2025-10-29 02:00:30,338 - canonical_capture - INFO - === Canonical Golden Dataset Generation ===
2025-10-29 02:00:30,338 - canonical_capture - INFO - Loading refGeom experiment...
2025-10-29 02:00:30,560 - canonical_capture - INFO - Loaded 92 reflections from /home/ollie/Documents/diffbragg_example_2/diffbragg_example/refGeom.refl
2025-10-29 02:00:30,560 - canonical_capture - INFO - Starting DiffBragg refinement (GPU devId=0 per DIFFBRAGG-001)...
2025-10-29 02:00:30,593 - canonical_capture - INFO - Refinement macro cycle 1/5...
2025-10-29 02:01:06,407 - canonical_capture - INFO - Refinement macro cycle 2/5...
2025-10-29 02:01:25,488 - canonical_capture - INFO - === Canonical Golden Dataset Generation ===
2025-10-29 02:01:25,488 - canonical_capture - INFO - Loading refGeom experiment...
2025-10-29 02:01:25,714 - canonical_capture - INFO - Loaded 92 reflections from /home/ollie/Documents/diffbragg_example_2/diffbragg_example/refGeom.refl
2025-10-29 02:01:25,714 - canonical_capture - INFO - Starting DiffBragg refinement (GPU devId=0 per DIFFBRAGG-001)...
2025-10-29 02:01:25,749 - canonical_capture - INFO - Refinement macro cycle 1/5...
2025-10-29 02:02:01,830 - canonical_capture - INFO - Refinement macro cycle 2/5...
2025-10-29 02:02:15,851 - canonical_capture - INFO - Refinement macro cycle 3/5...
2025-10-29 02:02:28,168 - canonical_capture - INFO - Refinement macro cycle 4/5...
2025-10-29 02:02:42,462 - canonical_capture - INFO - Refinement macro cycle 5/5...
2025-10-29 02:02:56,218 - canonical_capture - INFO - Refinement converged. Generating DiffBragg baseline...
2025-10-29 02:02:56,738 - canonical_capture - INFO - DiffBragg baseline saved: max=36165.40, shape=(1, 2527, 2463)
2025-10-29 02:02:56,739 - canonical_capture - INFO - Building nanobrag_torch configs...
2025-10-29 02:02:56,777 - canonical_capture - INFO - Building structure factor grid...
2025-10-29 02:02:57,877 - canonical_capture - INFO - HKL grid: 69614/69614 reflections in range (100.0%)
2025-10-29 02:02:57,877 - canonical_capture - INFO - HKL grid nonzero: 69614
2025-10-29 02:02:57,881 - canonical_capture - INFO - Running nanobrag_torch simulator per panel...
2025-10-29 02:03:00,282 - canonical_capture - INFO - Panel 0: torch_max=0.00, shape=(2527, 2463)
2025-10-29 02:03:00,319 - canonical_capture - INFO - Torch baseline saved: max=0.00, shape=(1, 2527, 2463)
2025-10-29 02:03:00,320 - canonical_capture - INFO - Computing parity metrics...
2025-10-29 02:03:00,332 - canonical_capture - INFO - === Canonical Capture Complete ===
2025-10-29 02:03:00,333 - canonical_capture - INFO - DiffBragg baseline: /home/ollie/Documents/diffbragg_example_2/diffbragg_example/plans/active/NANOBRAG-GOLDEN-001/reports/2025-10-29T084244Z/golden_dataset/legacy/bragg_diffbragg.npy (max=36165.40)
2025-10-29 02:03:00,334 - canonical_capture - INFO - Torch baseline: /home/ollie/Documents/diffbragg_example_2/diffbragg_example/plans/active/NANOBRAG-GOLDEN-001/reports/2025-10-29T084244Z/golden_dataset/torch/bragg_torch.npy (max=0.00)
2025-10-29 02:03:00,334 - canonical_capture - INFO - Metrics: /home/ollie/Documents/diffbragg_example_2/diffbragg_example/plans/active/NANOBRAG-GOLDEN-001/reports/2025-10-29T084244Z/golden_dataset/metrics.json
2025-10-29 02:03:00,334 - canonical_capture - INFO - Median correlation: nan
2025-10-29 02:03:00,334 - canonical_capture - INFO - Localization success: 0.0%
