/home/ollie/miniconda3/envs/simtbx/bin/python
/home/ollie/miniconda3/envs/simtbx/lib/python3.9/runpy.py:127: RuntimeWarning: 'torch.utils.collect_env' found in sys.modules after import of package 'torch.utils', but prior to execution of 'torch.utils.collect_env'; this may result in unpredictable behaviour
  warn(RuntimeWarning(msg))
Collecting environment information...
PyTorch version: 2.8.0+cu128
Is debug build: False
CUDA used to build PyTorch: 12.8
ROCM used to build PyTorch: N/A

OS: Ubuntu 24.04.2 LTS (x86_64)
GCC version: (Ubuntu 13.3.0-6ubuntu2~24.04) 13.3.0
Clang version: Could not collect
CMake version: version 4.1.2
Libc version: glibc-2.39

Python version: 3.9.23 (main, Jun  5 2025, 13:40:20)  [GCC 11.2.0] (64-bit runtime)
Python platform: Linux-6.14.0-33-generic-x86_64-with-glibc2.39
Is CUDA available: True
CUDA runtime version: 12.0.140
CUDA_MODULE_LOADING set to: LAZY
GPU models and configuration: GPU 0: NVIDIA GeForce RTX 3090
Nvidia driver version: 570.195.03
cuDNN version: Could not collect
HIP runtime version: N/A
MIOpen runtime version: N/A
Is XNNPACK available: True

CPU:
Architecture:                            x86_64
CPU op-mode(s):                          32-bit, 64-bit
Address sizes:                           48 bits physical, 48 bits virtual
Byte Order:                              Little Endian
CPU(s):                                  32
On-line CPU(s) list:                     0-31
Vendor ID:                               AuthenticAMD
Model name:                              AMD Ryzen 9 5950X 16-Core Processor
CPU family:                              25
Model:                                   33
Thread(s) per core:                      2
Core(s) per socket:                      16
Socket(s):                               1
Stepping:                                2
Frequency boost:                         enabled
CPU(s) scaling MHz:                      45%
CPU max MHz:                             5086.0000
CPU min MHz:                             550.0000
BogoMIPS:                                6800.33
Flags:                                   fpu vme de pse tsc msr pae mce cx8 apic sep mtrr pge mca cmov pat pse36 clflush mmx fxsr sse sse2 ht syscall nx mmxext fxsr_opt pdpe1gb rdtscp lm constant_tsc rep_good nopl xtopology nonstop_tsc cpuid extd_apicid aperfmperf rapl pni pclmulqdq monitor ssse3 fma cx16 sse4_1 sse4_2 x2apic movbe popcnt aes xsave avx f16c rdrand lahf_lm cmp_legacy extapic cr8_legacy abm sse4a misalignsse 3dnowprefetch osvw ibs skinit wdt tce topoext perfctr_core perfctr_nb bpext perfctr_llc mwaitx cpb cat_l3 cdp_l3 hw_pstate ssbd mba ibrs ibpb stibp vmmcall fsgsbase bmi1 avx2 smep bmi2 erms invpcid cqm rdt_a rdseed adx smap clflushopt clwb sha_ni xsaveopt xsavec xgetbv1 xsaves cqm_llc cqm_occup_llc cqm_mbm_total cqm_mbm_local user_shstk clzero irperf xsaveerptr rdpru wbnoinvd arat npt lbrv svm_lock nrip_save tsc_scale vmcb_clean flushbyasid decodeassists pausefilter pfthreshold avic v_vmsave_vmload vgif v_spec_ctrl umip pku ospke vaes vpclmulqdq rdpid overflow_recov succor smca fsrm debug_swap
L1d cache:                               512 KiB (16 instances)
L1i cache:                               512 KiB (16 instances)
L2 cache:                                8 MiB (16 instances)
L3 cache:                                64 MiB (2 instances)
NUMA node(s):                            1
NUMA node0 CPU(s):                       0-31
Vulnerability Gather data sampling:      Not affected
Vulnerability Ghostwrite:                Not affected
Vulnerability Indirect target selection: Not affected
Vulnerability Itlb multihit:             Not affected
Vulnerability L1tf:                      Not affected
Vulnerability Mds:                       Not affected
Vulnerability Meltdown:                  Not affected
Vulnerability Mmio stale data:           Not affected
Vulnerability Reg file data sampling:    Not affected
Vulnerability Retbleed:                  Not affected
Vulnerability Spec rstack overflow:      Mitigation; Safe RET
Vulnerability Spec store bypass:         Mitigation; Speculative Store Bypass disabled via prctl
Vulnerability Spectre v1:                Mitigation; usercopy/swapgs barriers and __user pointer sanitization
Vulnerability Spectre v2:                Mitigation; Retpolines; IBPB conditional; IBRS_FW; STIBP always-on; RSB filling; PBRSB-eIBRS Not affected; BHI Not affected
Vulnerability Srbds:                     Not affected
Vulnerability Tsx async abort:           Not affected

Versions of relevant libraries:
[pip3] numpy==1.26.4
[pip3] nvidia-cublas-cu12==12.8.4.1
[pip3] nvidia-cuda-cupti-cu12==12.8.90
[pip3] nvidia-cuda-nvrtc-cu12==12.8.93
[pip3] nvidia-cuda-runtime-cu12==12.8.90
[pip3] nvidia-cudnn-cu12==9.10.2.21
[pip3] nvidia-cufft-cu12==11.3.3.83
[pip3] nvidia-curand-cu12==10.3.9.90
[pip3] nvidia-cusolver-cu12==11.7.3.90
[pip3] nvidia-cusparse-cu12==12.5.8.93
[pip3] nvidia-cusparselt-cu12==0.7.1
[pip3] nvidia-nccl-cu12==2.27.3
[pip3] nvidia-nvjitlink-cu12==12.8.93
[pip3] nvidia-nvtx-cu12==12.8.90
[pip3] torch==2.8.0+cu128
[pip3] torchmetrics==1.8.2
[pip3] torchvision==0.23.0+cu128
[pip3] triton==3.4.0
[conda] numpy                        1.26.4           py39h474f0d3_0          conda-forge
[conda] nvidia-cublas-cu12           12.8.4.1         pypi_0                  pypi
[conda] nvidia-cuda-cupti-cu12       12.8.90          pypi_0                  pypi
[conda] nvidia-cuda-nvrtc-cu12       12.8.93          pypi_0                  pypi
[conda] nvidia-cuda-runtime-cu12     12.8.90          pypi_0                  pypi
[conda] nvidia-cudnn-cu12            9.10.2.21        pypi_0                  pypi
[conda] nvidia-cufft-cu12            11.3.3.83        pypi_0                  pypi
[conda] nvidia-curand-cu12           10.3.9.90        pypi_0                  pypi
[conda] nvidia-cusolver-cu12         11.7.3.90        pypi_0                  pypi
[conda] nvidia-cusparse-cu12         12.5.8.93        pypi_0                  pypi
[conda] nvidia-cusparselt-cu12       0.7.1            pypi_0                  pypi
[conda] nvidia-nccl-cu12             2.27.3           pypi_0                  pypi
[conda] nvidia-nvjitlink-cu12        12.8.93          pypi_0                  pypi
[conda] nvidia-nvtx-cu12             12.8.90          pypi_0                  pypi
[conda] torch                        2.8.0+cu128      pypi_0                  pypi
[conda] torchmetrics                 1.8.2            pypi_0                  pypi
[conda] torchvision                  0.23.0+cu128     pypi_0                  pypi
[conda] triton                       3.4.0            pypi_0                  pypi
torch_version 2.8.0+cu128
cuda_available True
cuda_device_count 1
cuda_device_name NVIDIA GeForce RTX 3090
SUCCESS: dbex imported successfully
SUCCESS: dbex.refine_one imported successfully
Cloning into 'nanoBragg2'...
fatal: could not read Username for 'https://github.com': No such device or address
Cloning into 'nanoBragg2'...
Obtaining file:///home/ollie/Documents/diffbragg_example_2/diffbragg_example/nanoBragg2
  Installing build dependencies: started
  Installing build dependencies: finished with status 'done'
  Checking if build backend supports build_editable: started
  Checking if build backend supports build_editable: finished with status 'done'
  Getting requirements to build editable: started
  Getting requirements to build editable: finished with status 'done'
  Preparing editable metadata (pyproject.toml): started
  Preparing editable metadata (pyproject.toml): finished with status 'done'
Requirement already satisfied: torch>=2.3 in /home/ollie/miniconda3/envs/simtbx/lib/python3.9/site-packages (from nanobrag-torch==0.1.0) (2.8.0+cu128)
Collecting fabio (from nanobrag-torch==0.1.0)
  Downloading fabio-2024.9.0-cp39-cp39-manylinux_2_17_x86_64.manylinux2014_x86_64.whl.metadata (16 kB)
Requirement already satisfied: numpy in /home/ollie/miniconda3/envs/simtbx/lib/python3.9/site-packages (from nanobrag-torch==0.1.0) (1.26.4)
Requirement already satisfied: pytest in /home/ollie/miniconda3/envs/simtbx/lib/python3.9/site-packages (from nanobrag-torch==0.1.0) (8.4.2)
Requirement already satisfied: matplotlib in /home/ollie/miniconda3/envs/simtbx/lib/python3.9/site-packages (from nanobrag-torch==0.1.0) (3.9.4)
Requirement already satisfied: scipy in /home/ollie/miniconda3/envs/simtbx/lib/python3.9/site-packages (from nanobrag-torch==0.1.0) (1.13.1)
Requirement already satisfied: filelock in /home/ollie/miniconda3/envs/simtbx/lib/python3.9/site-packages (from torch>=2.3->nanobrag-torch==0.1.0) (3.19.1)
Requirement already satisfied: typing-extensions>=4.10.0 in /home/ollie/miniconda3/envs/simtbx/lib/python3.9/site-packages (from torch>=2.3->nanobrag-torch==0.1.0) (4.14.1)
Requirement already satisfied: sympy>=1.13.3 in /home/ollie/miniconda3/envs/simtbx/lib/python3.9/site-packages (from torch>=2.3->nanobrag-torch==0.1.0) (1.14.0)
Requirement already satisfied: networkx in /home/ollie/miniconda3/envs/simtbx/lib/python3.9/site-packages (from torch>=2.3->nanobrag-torch==0.1.0) (3.2.1)
Requirement already satisfied: jinja2 in /home/ollie/miniconda3/envs/simtbx/lib/python3.9/site-packages (from torch>=2.3->nanobrag-torch==0.1.0) (3.1.6)
Requirement already satisfied: fsspec in /home/ollie/miniconda3/envs/simtbx/lib/python3.9/site-packages (from torch>=2.3->nanobrag-torch==0.1.0) (2025.9.0)
Requirement already satisfied: nvidia-cuda-nvrtc-cu12==12.8.93 in /home/ollie/miniconda3/envs/simtbx/lib/python3.9/site-packages (from torch>=2.3->nanobrag-torch==0.1.0) (12.8.93)
Requirement already satisfied: nvidia-cuda-runtime-cu12==12.8.90 in /home/ollie/miniconda3/envs/simtbx/lib/python3.9/site-packages (from torch>=2.3->nanobrag-torch==0.1.0) (12.8.90)
Requirement already satisfied: nvidia-cuda-cupti-cu12==12.8.90 in /home/ollie/miniconda3/envs/simtbx/lib/python3.9/site-packages (from torch>=2.3->nanobrag-torch==0.1.0) (12.8.90)
Requirement already satisfied: nvidia-cudnn-cu12==9.10.2.21 in /home/ollie/miniconda3/envs/simtbx/lib/python3.9/site-packages (from torch>=2.3->nanobrag-torch==0.1.0) (9.10.2.21)
Requirement already satisfied: nvidia-cublas-cu12==12.8.4.1 in /home/ollie/miniconda3/envs/simtbx/lib/python3.9/site-packages (from torch>=2.3->nanobrag-torch==0.1.0) (12.8.4.1)
Requirement already satisfied: nvidia-cufft-cu12==11.3.3.83 in /home/ollie/miniconda3/envs/simtbx/lib/python3.9/site-packages (from torch>=2.3->nanobrag-torch==0.1.0) (11.3.3.83)
Requirement already satisfied: nvidia-curand-cu12==10.3.9.90 in /home/ollie/miniconda3/envs/simtbx/lib/python3.9/site-packages (from torch>=2.3->nanobrag-torch==0.1.0) (10.3.9.90)
Requirement already satisfied: nvidia-cusolver-cu12==11.7.3.90 in /home/ollie/miniconda3/envs/simtbx/lib/python3.9/site-packages (from torch>=2.3->nanobrag-torch==0.1.0) (11.7.3.90)
Requirement already satisfied: nvidia-cusparse-cu12==12.5.8.93 in /home/ollie/miniconda3/envs/simtbx/lib/python3.9/site-packages (from torch>=2.3->nanobrag-torch==0.1.0) (12.5.8.93)
Requirement already satisfied: nvidia-cusparselt-cu12==0.7.1 in /home/ollie/miniconda3/envs/simtbx/lib/python3.9/site-packages (from torch>=2.3->nanobrag-torch==0.1.0) (0.7.1)
Requirement already satisfied: nvidia-nccl-cu12==2.27.3 in /home/ollie/miniconda3/envs/simtbx/lib/python3.9/site-packages (from torch>=2.3->nanobrag-torch==0.1.0) (2.27.3)
Requirement already satisfied: nvidia-nvtx-cu12==12.8.90 in /home/ollie/miniconda3/envs/simtbx/lib/python3.9/site-packages (from torch>=2.3->nanobrag-torch==0.1.0) (12.8.90)
Requirement already satisfied: nvidia-nvjitlink-cu12==12.8.93 in /home/ollie/miniconda3/envs/simtbx/lib/python3.9/site-packages (from torch>=2.3->nanobrag-torch==0.1.0) (12.8.93)
Requirement already satisfied: nvidia-cufile-cu12==1.13.1.3 in /home/ollie/miniconda3/envs/simtbx/lib/python3.9/site-packages (from torch>=2.3->nanobrag-torch==0.1.0) (1.13.1.3)
Requirement already satisfied: triton==3.4.0 in /home/ollie/miniconda3/envs/simtbx/lib/python3.9/site-packages (from torch>=2.3->nanobrag-torch==0.1.0) (3.4.0)
Requirement already satisfied: setuptools>=40.8.0 in /home/ollie/miniconda3/envs/simtbx/lib/python3.9/site-packages (from triton==3.4.0->torch>=2.3->nanobrag-torch==0.1.0) (80.9.0)
Requirement already satisfied: importlib-metadata in /home/ollie/miniconda3/envs/simtbx/lib/python3.9/site-packages (from triton==3.4.0->torch>=2.3->nanobrag-torch==0.1.0) (8.7.0)
Requirement already satisfied: mpmath<1.4,>=1.1.0 in /home/ollie/miniconda3/envs/simtbx/lib/python3.9/site-packages (from sympy>=1.13.3->torch>=2.3->nanobrag-torch==0.1.0) (1.3.0)
Requirement already satisfied: h5py in /home/ollie/miniconda3/envs/simtbx/lib/python3.9/site-packages (from fabio->nanobrag-torch==0.1.0) (3.13.0)
Requirement already satisfied: hdf5plugin in /home/ollie/miniconda3/envs/simtbx/lib/python3.9/site-packages (from fabio->nanobrag-torch==0.1.0) (5.1.0)
Collecting lxml (from fabio->nanobrag-torch==0.1.0)
  Downloading lxml-6.0.2-cp39-cp39-manylinux_2_26_x86_64.manylinux_2_28_x86_64.whl.metadata (3.6 kB)
Requirement already satisfied: pillow in /home/ollie/miniconda3/envs/simtbx/lib/python3.9/site-packages (from fabio->nanobrag-torch==0.1.0) (11.3.0)
Requirement already satisfied: zipp>=3.20 in /home/ollie/miniconda3/envs/simtbx/lib/python3.9/site-packages (from importlib-metadata->triton==3.4.0->torch>=2.3->nanobrag-torch==0.1.0) (3.23.0)
Requirement already satisfied: MarkupSafe>=2.0 in /home/ollie/miniconda3/envs/simtbx/lib/python3.9/site-packages (from jinja2->torch>=2.3->nanobrag-torch==0.1.0) (3.0.2)
Requirement already satisfied: contourpy>=1.0.1 in /home/ollie/miniconda3/envs/simtbx/lib/python3.9/site-packages (from matplotlib->nanobrag-torch==0.1.0) (1.3.0)
Requirement already satisfied: cycler>=0.10 in /home/ollie/miniconda3/envs/simtbx/lib/python3.9/site-packages (from matplotlib->nanobrag-torch==0.1.0) (0.12.1)
Requirement already satisfied: fonttools>=4.22.0 in /home/ollie/miniconda3/envs/simtbx/lib/python3.9/site-packages (from matplotlib->nanobrag-torch==0.1.0) (4.60.1)
Requirement already satisfied: kiwisolver>=1.3.1 in /home/ollie/miniconda3/envs/simtbx/lib/python3.9/site-packages (from matplotlib->nanobrag-torch==0.1.0) (1.4.4)
Requirement already satisfied: packaging>=20.0 in /home/ollie/miniconda3/envs/simtbx/lib/python3.9/site-packages (from matplotlib->nanobrag-torch==0.1.0) (25.0)
Requirement already satisfied: pyparsing>=2.3.1 in /home/ollie/miniconda3/envs/simtbx/lib/python3.9/site-packages (from matplotlib->nanobrag-torch==0.1.0) (3.2.3)
Requirement already satisfied: python-dateutil>=2.7 in /home/ollie/miniconda3/envs/simtbx/lib/python3.9/site-packages (from matplotlib->nanobrag-torch==0.1.0) (2.9.0.post0)
Requirement already satisfied: importlib-resources>=3.2.0 in /home/ollie/miniconda3/envs/simtbx/lib/python3.9/site-packages (from matplotlib->nanobrag-torch==0.1.0) (6.5.2)
Requirement already satisfied: six>=1.5 in /home/ollie/miniconda3/envs/simtbx/lib/python3.9/site-packages (from python-dateutil>=2.7->matplotlib->nanobrag-torch==0.1.0) (1.17.0)
Requirement already satisfied: exceptiongroup>=1 in /home/ollie/miniconda3/envs/simtbx/lib/python3.9/site-packages (from pytest->nanobrag-torch==0.1.0) (1.3.0)
Requirement already satisfied: iniconfig>=1 in /home/ollie/miniconda3/envs/simtbx/lib/python3.9/site-packages (from pytest->nanobrag-torch==0.1.0) (2.1.0)
Requirement already satisfied: pluggy<2,>=1.5 in /home/ollie/miniconda3/envs/simtbx/lib/python3.9/site-packages (from pytest->nanobrag-torch==0.1.0) (1.6.0)
Requirement already satisfied: pygments>=2.7.2 in /home/ollie/miniconda3/envs/simtbx/lib/python3.9/site-packages (from pytest->nanobrag-torch==0.1.0) (2.19.2)
Requirement already satisfied: tomli>=1 in /home/ollie/miniconda3/envs/simtbx/lib/python3.9/site-packages (from pytest->nanobrag-torch==0.1.0) (2.3.0)
Downloading fabio-2024.9.0-cp39-cp39-manylinux_2_17_x86_64.manylinux2014_x86_64.whl (1.3 MB)
   ━━━━━━━━━━━━━━━━━━━━━━━━━━━━━━━━━━━━━━━━ 1.3/1.3 MB 53.5 MB/s  0:00:00
Downloading lxml-6.0.2-cp39-cp39-manylinux_2_26_x86_64.manylinux_2_28_x86_64.whl (5.3 MB)
   ━━━━━━━━━━━━━━━━━━━━━━━━━━━━━━━━━━━━━━━━ 5.3/5.3 MB 82.4 MB/s  0:00:00
Building wheels for collected packages: nanobrag-torch
  Building editable for nanobrag-torch (pyproject.toml): started
  Building editable for nanobrag-torch (pyproject.toml): finished with status 'done'
  Created wheel for nanobrag-torch: filename=nanobrag_torch-0.1.0-0.editable-py3-none-any.whl size=2611 sha256=ebfae3b50eb5abc4c54a4315eccdb3fc7fa83bce1b2581df6f0622ad3a1bc372
  Stored in directory: /tmp/pip-ephem-wheel-cache-4z5yxjxu/wheels/f4/94/03/b573eabd4897bd97f4b0076b90253cb0e6fb08259d0d36400d
Successfully built nanobrag-torch
Installing collected packages: lxml, fabio, nanobrag-torch

Successfully installed fabio-2024.9.0 lxml-6.0.2 nanobrag-torch-0.1.0
nanobrag_torch 0.1.0
