============================= test session starts ==============================
platform linux -- Python 3.9.23, pytest-8.4.2, pluggy-1.6.0
rootdir: /home/ollie/Documents/diffbragg_example_2/diffbragg_example
configfile: pyproject.toml
collected 58 items / 55 deselected / 3 selected

<Dir diffbragg_example>
  <Package tests>
    <Package dbex>
      <Module test_background_semantics.py>
        <Class TestBackgroundSemantics>
          <Function test_DB_AT_022_sentinel_complement>
          <Function test_DB_AT_022_guard_enforcement>
          <Function test_DB_AT_022_roi_coverage_metrics>

=============================== warnings summary ===============================
<frozen importlib._bootstrap>:228
  <frozen importlib._bootstrap>:228: DeprecationWarning: builtin type SwigPyPacked has no __module__ attribute

<frozen importlib._bootstrap>:228
  <frozen importlib._bootstrap>:228: DeprecationWarning: builtin type SwigPyObject has no __module__ attribute

<frozen importlib._bootstrap>:228
  <frozen importlib._bootstrap>:228: DeprecationWarning: builtin type swigvarlink has no __module__ attribute

../../../miniconda3/envs/simtbx/lib/python3.9/site-packages/dials/extensions/__init__.py:3
  /home/ollie/miniconda3/envs/simtbx/lib/python3.9/site-packages/dials/extensions/__init__.py:3: UserWarning: pkg_resources is deprecated as an API. See https://setuptools.pypa.io/en/latest/pkg_resources.html. The pkg_resources package is slated for removal as early as 2025-11-30. Refrain from using this package or pin to Setuptools<81.
    import pkg_resources

-- Docs: https://docs.pytest.org/en/stable/how-to/capture-warnings.html
================ 3/58 tests collected (55 deselected) in 1.82s =================
