/home/ollie/miniconda3/envs/simtbx/lib/python3.9/site-packages/dials/extensions/__init__.py:3: UserWarning: pkg_resources is deprecated as an API. See https://setuptools.pypa.io/en/latest/pkg_resources.html. The pkg_resources package is slated for removal as early as 2025-11-30. Refrain from using this package or pin to Setuptools<81.
  import pkg_resources
<frozen importlib._bootstrap>:228: RuntimeWarning: to-Python converter for scitbx::af::shared<scitbx::af::shared<scitbx::vec3<double> > > already registered; second conversion method ignored.
COMMANDLINE: libtbx.python /home/ollie/Documents/diffbragg_example_2/diffbragg_example/scripts/generate_simple_cubic_golden.py --canonical-out /home/ollie/Documents/diffbragg_example_2/diffbragg_example/plans/active/NANOBRAG-GOLDEN-001/reports/2025-10-29T091339Z/golden_dataset --hkldebug plans/active/NANOBRAG-GOLDEN-001/reports/2025-10-29T091339Z/torch_hkl_debug.json
INFO: === Canonical Golden Dataset Generation ===
INFO: Loading refGeom experiment...
INFO: Loaded 92 reflections from /home/ollie/Documents/diffbragg_example_2/diffbragg_example/refGeom.refl
INFO: Starting DiffBragg refinement (GPU devId=0 per DIFFBRAGG-001)...
INFO: Refinement macro cycle 1/5...
Warning, crystal system not determined, assuming triclinic
Warning, crystal system not determined, assuming triclinic
Warning, crystal system not determined, assuming triclinic
Warning, crystal system not determined, assuming triclinic
Warning, crystal system not determined, assuming triclinic
Will optimize using 1 experiments
RANK0000 | 2025-10-29 02:20:37,532 | Loading nrefls per shot
Found 1 shots originally, but only 1 had finite number of refls to model
RANK0000 | 2025-10-29 02:20:37,533 | EVENT: begin loading inputs
RANK0000 | 2025-10-29 02:20:37,562 | Will use space group symbol P 1
RANK0000 | 2025-10-29 02:20:37,697 | EVENT: BEGIN loading experiment list
RANK0000 | 2025-10-29 02:20:37,698 | EVENT: DONE loading experiment list
Warning, crystal system not determined, assuming triclinic
RANK0000 | 2025-10-29 02:20:37,700 | EVENT: LOADING ROI DATA
RANK0000 | 2025-10-29 02:20:37,769 | Number of ROIS that will proceed to refinement: 87/92
RANK0000 | 2025-10-29 02:20:37,787 | Setting initial mosaicity from params.init.eta_abc: 0.000000 0.000000 0.000000
RANK0000 | 2025-10-29 02:20:37,787 | Number of mosaic domains from params: 1
RANK0000 | 2025-10-29 02:20:37,859 | Loaded simulator
RANK0000 | 2025-10-29 02:20:37,859 | Will not use mosaic models, as simulator.crystal.num_mosaicity_samples=1
RANK0000 | 2025-10-29 02:20:37,898 | EVENT: DONE LOADING ROI
RANK0000 | 2025-10-29 02:20:37,898 | Will simulate 1 energy channels
RANK0000 | 2025-10-29 02:20:37,898 | Process memory usage: 1.234055 GB on node ollie-System-Product-Name
RANK0000 | 2025-10-29 02:20:37,898 | Finished loading image 1 / 1 (1 / 1)
Warning, crystal system not determined, assuming triclinic
RANK0000 | 2025-10-29 02:20:37,899 | DONE LOADING DATA; ENTER BARRIER
RANK0000 | 2025-10-29 02:20:37,899 | DONE LOADING DATA; EXIT BARRIER
RANK0000 | 2025-10-29 02:20:37,899 | Mem after panel groups: 1.234055 GB on node ollie-System-Product-Name
RANK0000 | 2025-10-29 02:20:37,899 | EVENT: Gathering global HKL information
RANK0000 | 2025-10-29 02:20:38,006 | EVENT: FINISHED gather global HKL information
RANK0000 | 2025-10-29 02:20:38,006 | Mem after gather Hi info: 1.234055 GB on node ollie-System-Product-Name
RANK0000 | 2025-10-29 02:20:38,006 | BEGIN DETERMINE MAX PIX
RANK0000 | 2025-10-29 02:20:38,006 | Rank 0, max pix to be modeled: 8700
RANK0000 | 2025-10-29 02:20:38,006 | DONE DETERMINE MAX PIX
RANK0000 | 2025-10-29 02:20:38,006 | Mem after determine max num pix: 1.234055 GB on node ollie-System-Product-Name
RANK0000 | 2025-10-29 02:20:38,006 | Mem after load_inputs: 1.234055 GB on node ollie-System-Product-Name
How many pixels each rank will allocate for on its device:
(rnk0, dev0): 8700 pix
Iteration 1:
	Resid=242623.295220, sigmaZ 7.147279, t-per-iter=0.0394 sec, pred_offsets=
Iteration 2:
	Resid=279875394.433124, sigmaZ 252.944982, t-per-iter=0.0389 sec, pred_offsets=
Iteration 3:
	Resid=281179094.763760, sigmaZ 253.486427, t-per-iter=0.0389 sec, pred_offsets=
Iteration 4:
	Resid=281512089.502743, sigmaZ 253.628952, t-per-iter=0.0388 sec, pred_offsets=
Iteration 5:
	Resid=241784.059434, sigmaZ 7.133763, t-per-iter=0.0387 sec, pred_offsets=
Iteration 6:
	Resid=240258.169055, sigmaZ 7.109117, t-per-iter=0.0387 sec, pred_offsets=
Iteration 7:
	Resid=240280.433320, sigmaZ 7.109478, t-per-iter=0.0386 sec, pred_offsets=
Iteration 8:
	Resid=239763.182758, sigmaZ 7.101107, t-per-iter=0.0386 sec, pred_offsets=
Iteration 9:
	Resid=239550.996415, sigmaZ 7.097670, t-per-iter=0.0386 sec, pred_offsets=
Iteration 10:
	Resid=239260.347337, sigmaZ 7.092958, t-per-iter=0.0386 sec, pred_offsets=
Iteration 11:
	Resid=239169.792506, sigmaZ 7.091490, t-per-iter=0.0386 sec, pred_offsets=
Iteration 12:
	Resid=238764.668270, sigmaZ 7.084916, t-per-iter=0.0385 sec, pred_offsets=
Iteration 13:
	Resid=238592.166888, sigmaZ 7.082115, t-per-iter=0.0385 sec, pred_offsets=
Iteration 14:
	Resid=238568.375630, sigmaZ 7.081729, t-per-iter=0.0385 sec, pred_offsets=
Iteration 15:
	Resid=238565.341113, sigmaZ 7.081680, t-per-iter=0.0385 sec, pred_offsets=
Iteration 16:
	Resid=238561.015742, sigmaZ 7.081609, t-per-iter=0.0385 sec, pred_offsets=
Iteration 17:
	Resid=238552.743816, sigmaZ 7.081475, t-per-iter=0.0385 sec, pred_offsets=
Iteration 18:
	Resid=238541.066393, sigmaZ 7.081285, t-per-iter=0.0385 sec, pred_offsets=
Iteration 19:
	Resid=238788.236622, sigmaZ 7.085294, t-per-iter=0.0385 sec, pred_offsets=
Iteration 20:
	Resid=238540.751747, sigmaZ 7.081279, t-per-iter=0.0385 sec, pred_offsets=
Iteration 21:
	Resid=238534.505292, sigmaZ 7.081178, t-per-iter=0.0385 sec, pred_offsets=
Iteration 22:
	Resid=238533.297193, sigmaZ 7.081158, t-per-iter=0.0385 sec, pred_offsets=
Iteration 23:
	Resid=238533.232017, sigmaZ 7.081157, t-per-iter=0.0385 sec, pred_offsets=
Iteration 24:
	Resid=238533.231176, sigmaZ 7.081157, t-per-iter=0.0384 sec, pred_offsets=
Iteration 25:
	Resid=238533.231163, sigmaZ 7.081157, t-per-iter=0.0384 sec, pred_offsets=
Iteration 26:
	Resid=238533.231157, sigmaZ 7.081157, t-per-iter=0.0384 sec, pred_offsets=
Final Iteration 26:
	Resid=238533.231157, sigmaZ 7.081157
Saved detector model to _geom.out/diffBragg_detector.expt
INFO: Refinement macro cycle 2/5...
INFO:canonical_capture:Refinement macro cycle 2/5...
RANK0000 | 2025-10-29 02:20:39,077 | Number of ROIS that will proceed to refinement: 87/92
RANK0000 | 2025-10-29 02:20:39,094 | Setting initial mosaicity from params.init.eta_abc: 0.000000 0.000000 0.000000
RANK0000 | 2025-10-29 02:20:39,094 | Number of mosaic domains from params: 1
RANK0000 | 2025-10-29 02:20:39,168 | Loaded simulator
RANK0000 | 2025-10-29 02:20:39,169 | Will not use mosaic models, as simulator.crystal.num_mosaicity_samples=1
Warning, crystal system not determined, assuming triclinic
RANK0000 | 2025-10-29 02:20:39,169 | Unit cell variable a_Ang (currently=27.359348) is bounded by 24.623414 and 30.095283
RANK0000 | 2025-10-29 02:20:39,169 | Unit cell variable b_Ang (currently=32.053346) is bounded by 28.848012 and 35.258681
RANK0000 | 2025-10-29 02:20:39,169 | Unit cell variable c_Ang (currently=34.447265) is bounded by 31.002539 and 37.891992
RANK0000 | 2025-10-29 02:20:39,169 | Unit cell variable alpha_rad (currently=1.548473) is bounded by 1.461207 and 1.635740
RANK0000 | 2025-10-29 02:20:39,169 | Unit cell variable beta_rad (currently=1.249642) is bounded by 1.162376 and 1.336909
RANK0000 | 2025-10-29 02:20:39,169 | Unit cell variable gamma_rad (currently=1.189223) is bounded by 1.101956 and 1.276489
Warning, crystal system not determined, assuming triclinic
RANK0000 | 2025-10-29 02:20:47,141 | Filtered 5 / 92 reflections which did not show peaks in model
RANK0000 | 2025-10-29 02:20:47,210 | Number of ROIS that will proceed to refinement: 87/92
RANK0000 | 2025-10-29 02:20:47,228 | Setting initial mosaicity from params.init.eta_abc: 0.000000 0.000000 0.000000
RANK0000 | 2025-10-29 02:20:47,228 | Number of mosaic domains from params: 1
RANK0000 | 2025-10-29 02:20:47,303 | Loaded simulator
RANK0000 | 2025-10-29 02:20:47,303 | Will not use mosaic models, as simulator.crystal.num_mosaicity_samples=1
Warning, crystal system not determined, assuming triclinic
RANK0000 | 2025-10-29 02:20:47,425 | Unit cell variable a_Ang (currently=27.360630) is bounded by 24.624567 and 30.096693
RANK0000 | 2025-10-29 02:20:47,425 | Unit cell variable b_Ang (currently=32.056401) is bounded by 28.850761 and 35.262041
RANK0000 | 2025-10-29 02:20:47,425 | Unit cell variable c_Ang (currently=34.454631) is bounded by 31.009168 and 37.900094
RANK0000 | 2025-10-29 02:20:47,425 | Unit cell variable alpha_rad (currently=1.548190) is bounded by 1.460924 and 1.635457
RANK0000 | 2025-10-29 02:20:47,425 | Unit cell variable beta_rad (currently=1.249321) is bounded by 1.162055 and 1.336588
RANK0000 | 2025-10-29 02:20:47,425 | Unit cell variable gamma_rad (currently=1.189194) is bounded by 1.101928 and 1.276461
Warning, crystal system not determined, assuming triclinic
RANK0000 | 2025-10-29 02:20:52,814 | Filtered 5 / 92 reflections which did not show peaks in model
Warning, crystal system not determined, assuming triclinic
Will optimize using 1 experiments
RANK0000 | 2025-10-29 02:20:52,940 | Loading nrefls per shot
RANK0000 | 2025-10-29 02:20:52,940 | Loading nrefls per shot
Found 1 shots originally, but only 1 had finite number of refls to model
RANK0000 | 2025-10-29 02:20:52,941 | EVENT: begin loading inputs
RANK0000 | 2025-10-29 02:20:52,941 | EVENT: begin loading inputs
RANK0000 | 2025-10-29 02:20:52,968 | Will use space group symbol P 1
RANK0000 | 2025-10-29 02:20:52,968 | Will use space group symbol P 1
RANK0000 | 2025-10-29 02:20:53,098 | EVENT: BEGIN loading experiment list
RANK0000 | 2025-10-29 02:20:53,098 | EVENT: BEGIN loading experiment list
RANK0000 | 2025-10-29 02:20:53,099 | EVENT: DONE loading experiment list
RANK0000 | 2025-10-29 02:20:53,099 | EVENT: DONE loading experiment list
Warning, crystal system not determined, assuming triclinic
RANK0000 | 2025-10-29 02:20:53,101 | EVENT: LOADING ROI DATA
RANK0000 | 2025-10-29 02:20:53,101 | EVENT: LOADING ROI DATA
RANK0000 | 2025-10-29 02:20:53,173 | Number of ROIS that will proceed to refinement: 87/92
RANK0000 | 2025-10-29 02:20:53,173 | Number of ROIS that will proceed to refinement: 87/92
RANK0000 | 2025-10-29 02:20:53,190 | Setting initial mosaicity from params.init.eta_abc: 0.000000 0.000000 0.000000
RANK0000 | 2025-10-29 02:20:53,190 | Setting initial mosaicity from params.init.eta_abc: 0.000000 0.000000 0.000000
RANK0000 | 2025-10-29 02:20:53,190 | Number of mosaic domains from params: 1
RANK0000 | 2025-10-29 02:20:53,190 | Number of mosaic domains from params: 1
RANK0000 | 2025-10-29 02:20:53,263 | Loaded simulator
RANK0000 | 2025-10-29 02:20:53,263 | Loaded simulator
RANK0000 | 2025-10-29 02:20:53,263 | Will not use mosaic models, as simulator.crystal.num_mosaicity_samples=1
RANK0000 | 2025-10-29 02:20:53,263 | Will not use mosaic models, as simulator.crystal.num_mosaicity_samples=1
RANK0000 | 2025-10-29 02:20:53,301 | EVENT: DONE LOADING ROI
RANK0000 | 2025-10-29 02:20:53,301 | EVENT: DONE LOADING ROI
RANK0000 | 2025-10-29 02:20:53,302 | Will simulate 1 energy channels
RANK0000 | 2025-10-29 02:20:53,302 | Will simulate 1 energy channels
RANK0000 | 2025-10-29 02:20:53,302 | Process memory usage: 1.409237 GB on node ollie-System-Product-Name
RANK0000 | 2025-10-29 02:20:53,302 | Process memory usage: 1.409237 GB on node ollie-System-Product-Name
RANK0000 | 2025-10-29 02:20:53,302 | Finished loading image 1 / 1 (1 / 1)
RANK0000 | 2025-10-29 02:20:53,302 | Finished loading image 1 / 1 (1 / 1)
Warning, crystal system not determined, assuming triclinic
RANK0000 | 2025-10-29 02:20:53,302 | DONE LOADING DATA; ENTER BARRIER
RANK0000 | 2025-10-29 02:20:53,302 | DONE LOADING DATA; ENTER BARRIER
RANK0000 | 2025-10-29 02:20:53,302 | DONE LOADING DATA; EXIT BARRIER
RANK0000 | 2025-10-29 02:20:53,302 | DONE LOADING DATA; EXIT BARRIER
RANK0000 | 2025-10-29 02:20:53,302 | Mem after panel groups: 1.409237 GB on node ollie-System-Product-Name
RANK0000 | 2025-10-29 02:20:53,302 | Mem after panel groups: 1.409237 GB on node ollie-System-Product-Name
RANK0000 | 2025-10-29 02:20:53,302 | EVENT: Gathering global HKL information
RANK0000 | 2025-10-29 02:20:53,302 | EVENT: Gathering global HKL information
RANK0000 | 2025-10-29 02:20:53,403 | EVENT: FINISHED gather global HKL information
RANK0000 | 2025-10-29 02:20:53,403 | EVENT: FINISHED gather global HKL information
RANK0000 | 2025-10-29 02:20:53,403 | Mem after gather Hi info: 1.409237 GB on node ollie-System-Product-Name
RANK0000 | 2025-10-29 02:20:53,403 | Mem after gather Hi info: 1.409237 GB on node ollie-System-Product-Name
RANK0000 | 2025-10-29 02:20:53,403 | BEGIN DETERMINE MAX PIX
RANK0000 | 2025-10-29 02:20:53,403 | BEGIN DETERMINE MAX PIX
RANK0000 | 2025-10-29 02:20:53,404 | Rank 0, max pix to be modeled: 8700
RANK0000 | 2025-10-29 02:20:53,404 | Rank 0, max pix to be modeled: 8700
RANK0000 | 2025-10-29 02:20:53,404 | DONE DETERMINE MAX PIX
RANK0000 | 2025-10-29 02:20:53,404 | DONE DETERMINE MAX PIX
RANK0000 | 2025-10-29 02:20:53,404 | Mem after determine max num pix: 1.409237 GB on node ollie-System-Product-Name
RANK0000 | 2025-10-29 02:20:53,404 | Mem after determine max num pix: 1.409237 GB on node ollie-System-Product-Name
RANK0000 | 2025-10-29 02:20:53,404 | Mem after load_inputs: 1.409237 GB on node ollie-System-Product-Name
RANK0000 | 2025-10-29 02:20:53,404 | Mem after load_inputs: 1.409237 GB on node ollie-System-Product-Name
How many pixels each rank will allocate for on its device:
(rnk0, dev0): 8700 pix
Iteration 1:
	Resid=196671.570325, sigmaZ 6.350951, t-per-iter=0.0394 sec, pred_offsets=
Iteration 2:
	Resid=248046356.084085, sigmaZ 238.154989, t-per-iter=0.0391 sec, pred_offsets=
Iteration 3:
	Resid=183141908.303583, sigmaZ 204.750419, t-per-iter=0.0389 sec, pred_offsets=
Iteration 4:
	Resid=215803.307229, sigmaZ 6.689130, t-per-iter=0.0388 sec, pred_offsets=
Iteration 5:
	Resid=196332.306827, sigmaZ 6.344729, t-per-iter=0.0388 sec, pred_offsets=
Iteration 6:
	Resid=196320.862184, sigmaZ 6.344476, t-per-iter=0.0387 sec, pred_offsets=
Iteration 7:
	Resid=196193.227625, sigmaZ 6.342177, t-per-iter=0.0387 sec, pred_offsets=
Iteration 8:
	Resid=196186.954389, sigmaZ 6.342067, t-per-iter=0.0388 sec, pred_offsets=
Iteration 9:
	Resid=196180.318559, sigmaZ 6.341956, t-per-iter=0.0387 sec, pred_offsets=
Iteration 10:
	Resid=196180.045358, sigmaZ 6.341951, t-per-iter=0.0387 sec, pred_offsets=
Iteration 11:
	Resid=196179.077825, sigmaZ 6.341934, t-per-iter=0.0388 sec, pred_offsets=
Iteration 12:
	Resid=196174.782490, sigmaZ 6.341854, t-per-iter=0.0388 sec, pred_offsets=
Iteration 13:
	Resid=196173.425277, sigmaZ 6.341825, t-per-iter=0.0388 sec, pred_offsets=
Iteration 14:
	Resid=196173.045274, sigmaZ 6.341815, t-per-iter=0.0388 sec, pred_offsets=
Iteration 15:
	Resid=196172.989959, sigmaZ 6.341814, t-per-iter=0.0388 sec, pred_offsets=
Iteration 16:
	Resid=196172.943781, sigmaZ 6.341813, t-per-iter=0.0388 sec, pred_offsets=
Iteration 17:
	Resid=196172.939274, sigmaZ 6.341813, t-per-iter=0.0388 sec, pred_offsets=
Iteration 18:
	Resid=196172.939146, sigmaZ 6.341813, t-per-iter=0.0387 sec, pred_offsets=
Iteration 19:
	Resid=196172.939146, sigmaZ 6.341813, t-per-iter=0.0387 sec, pred_offsets=
Iteration 20:
	Resid=196172.939146, sigmaZ 6.341813, t-per-iter=0.0387 sec, pred_offsets=
Final Iteration 20:
	Resid=196172.939146, sigmaZ 6.341813
Saved detector model to _geom.out/diffBragg_detector.expt
INFO: Refinement macro cycle 3/5...
INFO:canonical_capture:Refinement macro cycle 3/5...
RANK0000 | 2025-10-29 02:20:54,245 | Number of ROIS that will proceed to refinement: 87/92
RANK0000 | 2025-10-29 02:20:54,245 | Number of ROIS that will proceed to refinement: 87/92
RANK0000 | 2025-10-29 02:20:54,262 | Setting initial mosaicity from params.init.eta_abc: 0.000000 0.000000 0.000000
RANK0000 | 2025-10-29 02:20:54,262 | Setting initial mosaicity from params.init.eta_abc: 0.000000 0.000000 0.000000
RANK0000 | 2025-10-29 02:20:54,262 | Number of mosaic domains from params: 1
RANK0000 | 2025-10-29 02:20:54,262 | Number of mosaic domains from params: 1
RANK0000 | 2025-10-29 02:20:54,334 | Loaded simulator
RANK0000 | 2025-10-29 02:20:54,334 | Loaded simulator
RANK0000 | 2025-10-29 02:20:54,334 | Will not use mosaic models, as simulator.crystal.num_mosaicity_samples=1
RANK0000 | 2025-10-29 02:20:54,334 | Will not use mosaic models, as simulator.crystal.num_mosaicity_samples=1
Warning, crystal system not determined, assuming triclinic
RANK0000 | 2025-10-29 02:20:54,334 | Unit cell variable a_Ang (currently=27.360630) is bounded by 24.624567 and 30.096693
RANK0000 | 2025-10-29 02:20:54,334 | Unit cell variable a_Ang (currently=27.360630) is bounded by 24.624567 and 30.096693
RANK0000 | 2025-10-29 02:20:54,334 | Unit cell variable b_Ang (currently=32.056401) is bounded by 28.850761 and 35.262041
RANK0000 | 2025-10-29 02:20:54,334 | Unit cell variable b_Ang (currently=32.056401) is bounded by 28.850761 and 35.262041
RANK0000 | 2025-10-29 02:20:54,334 | Unit cell variable c_Ang (currently=34.454631) is bounded by 31.009168 and 37.900094
RANK0000 | 2025-10-29 02:20:54,334 | Unit cell variable c_Ang (currently=34.454631) is bounded by 31.009168 and 37.900094
RANK0000 | 2025-10-29 02:20:54,335 | Unit cell variable alpha_rad (currently=1.548190) is bounded by 1.460924 and 1.635457
RANK0000 | 2025-10-29 02:20:54,335 | Unit cell variable alpha_rad (currently=1.548190) is bounded by 1.460924 and 1.635457
RANK0000 | 2025-10-29 02:20:54,335 | Unit cell variable beta_rad (currently=1.249321) is bounded by 1.162055 and 1.336588
RANK0000 | 2025-10-29 02:20:54,335 | Unit cell variable beta_rad (currently=1.249321) is bounded by 1.162055 and 1.336588
RANK0000 | 2025-10-29 02:20:54,335 | Unit cell variable gamma_rad (currently=1.189194) is bounded by 1.101928 and 1.276461
RANK0000 | 2025-10-29 02:20:54,335 | Unit cell variable gamma_rad (currently=1.189194) is bounded by 1.101928 and 1.276461
Warning, crystal system not determined, assuming triclinic
RANK0000 | 2025-10-29 02:21:00,836 | Filtered 5 / 92 reflections which did not show peaks in model
RANK0000 | 2025-10-29 02:21:00,836 | Filtered 5 / 92 reflections which did not show peaks in model
RANK0000 | 2025-10-29 02:21:00,904 | Number of ROIS that will proceed to refinement: 87/92
RANK0000 | 2025-10-29 02:21:00,904 | Number of ROIS that will proceed to refinement: 87/92
RANK0000 | 2025-10-29 02:21:00,920 | Setting initial mosaicity from params.init.eta_abc: 0.000000 0.000000 0.000000
RANK0000 | 2025-10-29 02:21:00,920 | Setting initial mosaicity from params.init.eta_abc: 0.000000 0.000000 0.000000
RANK0000 | 2025-10-29 02:21:00,920 | Number of mosaic domains from params: 1
RANK0000 | 2025-10-29 02:21:00,920 | Number of mosaic domains from params: 1
RANK0000 | 2025-10-29 02:21:00,992 | Loaded simulator
RANK0000 | 2025-10-29 02:21:00,992 | Loaded simulator
RANK0000 | 2025-10-29 02:21:00,992 | Will not use mosaic models, as simulator.crystal.num_mosaicity_samples=1
RANK0000 | 2025-10-29 02:21:00,992 | Will not use mosaic models, as simulator.crystal.num_mosaicity_samples=1
Warning, crystal system not determined, assuming triclinic
RANK0000 | 2025-10-29 02:21:01,104 | Unit cell variable a_Ang (currently=27.362127) is bounded by 24.625914 and 30.098340
RANK0000 | 2025-10-29 02:21:01,104 | Unit cell variable a_Ang (currently=27.362127) is bounded by 24.625914 and 30.098340
RANK0000 | 2025-10-29 02:21:01,104 | Unit cell variable b_Ang (currently=32.056843) is bounded by 28.851158 and 35.262527
RANK0000 | 2025-10-29 02:21:01,104 | Unit cell variable b_Ang (currently=32.056843) is bounded by 28.851158 and 35.262527
RANK0000 | 2025-10-29 02:21:01,104 | Unit cell variable c_Ang (currently=34.460784) is bounded by 31.014706 and 37.906862
RANK0000 | 2025-10-29 02:21:01,104 | Unit cell variable c_Ang (currently=34.460784) is bounded by 31.014706 and 37.906862
RANK0000 | 2025-10-29 02:21:01,104 | Unit cell variable alpha_rad (currently=1.547964) is bounded by 1.460698 and 1.635231
RANK0000 | 2025-10-29 02:21:01,104 | Unit cell variable alpha_rad (currently=1.547964) is bounded by 1.460698 and 1.635231
RANK0000 | 2025-10-29 02:21:01,104 | Unit cell variable beta_rad (currently=1.249096) is bounded by 1.161830 and 1.336363
RANK0000 | 2025-10-29 02:21:01,104 | Unit cell variable beta_rad (currently=1.249096) is bounded by 1.161830 and 1.336363
RANK0000 | 2025-10-29 02:21:01,104 | Unit cell variable gamma_rad (currently=1.189106) is bounded by 1.101840 and 1.276373
RANK0000 | 2025-10-29 02:21:01,104 | Unit cell variable gamma_rad (currently=1.189106) is bounded by 1.101840 and 1.276373
Warning, crystal system not determined, assuming triclinic
RANK0000 | 2025-10-29 02:21:06,441 | Filtered 5 / 92 reflections which did not show peaks in model
RANK0000 | 2025-10-29 02:21:06,441 | Filtered 5 / 92 reflections which did not show peaks in model
Warning, crystal system not determined, assuming triclinic
Will optimize using 1 experiments
RANK0000 | 2025-10-29 02:21:06,577 | Loading nrefls per shot
RANK0000 | 2025-10-29 02:21:06,577 | Loading nrefls per shot
RANK0000 | 2025-10-29 02:21:06,577 | Loading nrefls per shot
Found 1 shots originally, but only 1 had finite number of refls to model
RANK0000 | 2025-10-29 02:21:06,578 | EVENT: begin loading inputs
RANK0000 | 2025-10-29 02:21:06,578 | EVENT: begin loading inputs
RANK0000 | 2025-10-29 02:21:06,578 | EVENT: begin loading inputs
RANK0000 | 2025-10-29 02:21:06,606 | Will use space group symbol P 1
RANK0000 | 2025-10-29 02:21:06,606 | Will use space group symbol P 1
RANK0000 | 2025-10-29 02:21:06,606 | Will use space group symbol P 1
RANK0000 | 2025-10-29 02:21:06,736 | EVENT: BEGIN loading experiment list
RANK0000 | 2025-10-29 02:21:06,736 | EVENT: BEGIN loading experiment list
RANK0000 | 2025-10-29 02:21:06,736 | EVENT: BEGIN loading experiment list
RANK0000 | 2025-10-29 02:21:06,737 | EVENT: DONE loading experiment list
RANK0000 | 2025-10-29 02:21:06,737 | EVENT: DONE loading experiment list
RANK0000 | 2025-10-29 02:21:06,737 | EVENT: DONE loading experiment list
Warning, crystal system not determined, assuming triclinic
RANK0000 | 2025-10-29 02:21:06,739 | EVENT: LOADING ROI DATA
RANK0000 | 2025-10-29 02:21:06,739 | EVENT: LOADING ROI DATA
RANK0000 | 2025-10-29 02:21:06,739 | EVENT: LOADING ROI DATA
RANK0000 | 2025-10-29 02:21:06,800 | Number of ROIS that will proceed to refinement: 87/92
RANK0000 | 2025-10-29 02:21:06,800 | Number of ROIS that will proceed to refinement: 87/92
RANK0000 | 2025-10-29 02:21:06,800 | Number of ROIS that will proceed to refinement: 87/92
RANK0000 | 2025-10-29 02:21:06,817 | Setting initial mosaicity from params.init.eta_abc: 0.000000 0.000000 0.000000
RANK0000 | 2025-10-29 02:21:06,817 | Setting initial mosaicity from params.init.eta_abc: 0.000000 0.000000 0.000000
RANK0000 | 2025-10-29 02:21:06,817 | Setting initial mosaicity from params.init.eta_abc: 0.000000 0.000000 0.000000
RANK0000 | 2025-10-29 02:21:06,817 | Number of mosaic domains from params: 1
RANK0000 | 2025-10-29 02:21:06,817 | Number of mosaic domains from params: 1
RANK0000 | 2025-10-29 02:21:06,817 | Number of mosaic domains from params: 1
RANK0000 | 2025-10-29 02:21:06,893 | Loaded simulator
RANK0000 | 2025-10-29 02:21:06,893 | Loaded simulator
RANK0000 | 2025-10-29 02:21:06,893 | Loaded simulator
RANK0000 | 2025-10-29 02:21:06,893 | Will not use mosaic models, as simulator.crystal.num_mosaicity_samples=1
RANK0000 | 2025-10-29 02:21:06,893 | Will not use mosaic models, as simulator.crystal.num_mosaicity_samples=1
RANK0000 | 2025-10-29 02:21:06,893 | Will not use mosaic models, as simulator.crystal.num_mosaicity_samples=1
RANK0000 | 2025-10-29 02:21:06,933 | EVENT: DONE LOADING ROI
RANK0000 | 2025-10-29 02:21:06,933 | EVENT: DONE LOADING ROI
RANK0000 | 2025-10-29 02:21:06,933 | EVENT: DONE LOADING ROI
RANK0000 | 2025-10-29 02:21:06,934 | Will simulate 1 energy channels
RANK0000 | 2025-10-29 02:21:06,934 | Will simulate 1 energy channels
RANK0000 | 2025-10-29 02:21:06,934 | Will simulate 1 energy channels
RANK0000 | 2025-10-29 02:21:06,934 | Process memory usage: 1.489723 GB on node ollie-System-Product-Name
RANK0000 | 2025-10-29 02:21:06,934 | Process memory usage: 1.489723 GB on node ollie-System-Product-Name
RANK0000 | 2025-10-29 02:21:06,934 | Process memory usage: 1.489723 GB on node ollie-System-Product-Name
RANK0000 | 2025-10-29 02:21:06,934 | Finished loading image 1 / 1 (1 / 1)
RANK0000 | 2025-10-29 02:21:06,934 | Finished loading image 1 / 1 (1 / 1)
RANK0000 | 2025-10-29 02:21:06,934 | Finished loading image 1 / 1 (1 / 1)
Warning, crystal system not determined, assuming triclinic
RANK0000 | 2025-10-29 02:21:06,934 | DONE LOADING DATA; ENTER BARRIER
RANK0000 | 2025-10-29 02:21:06,934 | DONE LOADING DATA; ENTER BARRIER
RANK0000 | 2025-10-29 02:21:06,934 | DONE LOADING DATA; ENTER BARRIER
RANK0000 | 2025-10-29 02:21:06,934 | DONE LOADING DATA; EXIT BARRIER
RANK0000 | 2025-10-29 02:21:06,934 | DONE LOADING DATA; EXIT BARRIER
RANK0000 | 2025-10-29 02:21:06,934 | DONE LOADING DATA; EXIT BARRIER
RANK0000 | 2025-10-29 02:21:06,935 | Mem after panel groups: 1.489723 GB on node ollie-System-Product-Name
RANK0000 | 2025-10-29 02:21:06,935 | Mem after panel groups: 1.489723 GB on node ollie-System-Product-Name
RANK0000 | 2025-10-29 02:21:06,935 | Mem after panel groups: 1.489723 GB on node ollie-System-Product-Name
RANK0000 | 2025-10-29 02:21:06,935 | EVENT: Gathering global HKL information
RANK0000 | 2025-10-29 02:21:06,935 | EVENT: Gathering global HKL information
RANK0000 | 2025-10-29 02:21:06,935 | EVENT: Gathering global HKL information
RANK0000 | 2025-10-29 02:21:07,037 | EVENT: FINISHED gather global HKL information
RANK0000 | 2025-10-29 02:21:07,037 | EVENT: FINISHED gather global HKL information
RANK0000 | 2025-10-29 02:21:07,037 | EVENT: FINISHED gather global HKL information
RANK0000 | 2025-10-29 02:21:07,037 | Mem after gather Hi info: 1.489723 GB on node ollie-System-Product-Name
RANK0000 | 2025-10-29 02:21:07,037 | Mem after gather Hi info: 1.489723 GB on node ollie-System-Product-Name
RANK0000 | 2025-10-29 02:21:07,037 | Mem after gather Hi info: 1.489723 GB on node ollie-System-Product-Name
RANK0000 | 2025-10-29 02:21:07,037 | BEGIN DETERMINE MAX PIX
RANK0000 | 2025-10-29 02:21:07,037 | BEGIN DETERMINE MAX PIX
RANK0000 | 2025-10-29 02:21:07,037 | BEGIN DETERMINE MAX PIX
RANK0000 | 2025-10-29 02:21:07,037 | Rank 0, max pix to be modeled: 8700
RANK0000 | 2025-10-29 02:21:07,037 | Rank 0, max pix to be modeled: 8700
RANK0000 | 2025-10-29 02:21:07,037 | Rank 0, max pix to be modeled: 8700
RANK0000 | 2025-10-29 02:21:07,038 | DONE DETERMINE MAX PIX
RANK0000 | 2025-10-29 02:21:07,038 | DONE DETERMINE MAX PIX
RANK0000 | 2025-10-29 02:21:07,038 | DONE DETERMINE MAX PIX
RANK0000 | 2025-10-29 02:21:07,038 | Mem after determine max num pix: 1.489723 GB on node ollie-System-Product-Name
RANK0000 | 2025-10-29 02:21:07,038 | Mem after determine max num pix: 1.489723 GB on node ollie-System-Product-Name
RANK0000 | 2025-10-29 02:21:07,038 | Mem after determine max num pix: 1.489723 GB on node ollie-System-Product-Name
RANK0000 | 2025-10-29 02:21:07,038 | Mem after load_inputs: 1.489723 GB on node ollie-System-Product-Name
RANK0000 | 2025-10-29 02:21:07,038 | Mem after load_inputs: 1.489723 GB on node ollie-System-Product-Name
RANK0000 | 2025-10-29 02:21:07,038 | Mem after load_inputs: 1.489723 GB on node ollie-System-Product-Name
How many pixels each rank will allocate for on its device:
(rnk0, dev0): 8700 pix
Iteration 1:
	Resid=194793.871040, sigmaZ 6.315154, t-per-iter=0.0399 sec, pred_offsets=
Iteration 2:
	Resid=281442162.266010, sigmaZ 253.600505, t-per-iter=0.0393 sec, pred_offsets=
Iteration 3:
	Resid=281483895.945929, sigmaZ 253.612485, t-per-iter=0.0391 sec, pred_offsets=
Iteration 4:
	Resid=194766.925423, sigmaZ 6.314657, t-per-iter=0.0390 sec, pred_offsets=
Iteration 5:
	Resid=194547.604927, sigmaZ 6.310580, t-per-iter=0.0389 sec, pred_offsets=
Iteration 6:
	Resid=194534.598635, sigmaZ 6.310363, t-per-iter=0.0388 sec, pred_offsets=
Iteration 7:
	Resid=194513.671431, sigmaZ 6.309966, t-per-iter=0.0388 sec, pred_offsets=
Iteration 8:
	Resid=194513.429110, sigmaZ 6.309961, t-per-iter=0.0388 sec, pred_offsets=
Iteration 9:
	Resid=194512.661717, sigmaZ 6.309945, t-per-iter=0.0388 sec, pred_offsets=
Iteration 10:
	Resid=194511.596468, sigmaZ 6.309924, t-per-iter=0.0388 sec, pred_offsets=
Iteration 11:
	Resid=194509.586587, sigmaZ 6.309885, t-per-iter=0.0387 sec, pred_offsets=
Iteration 12:
	Resid=194508.002592, sigmaZ 6.309857, t-per-iter=0.0387 sec, pred_offsets=
Iteration 13:
	Resid=194507.939931, sigmaZ 6.309856, t-per-iter=0.0387 sec, pred_offsets=
Iteration 14:
	Resid=194507.923208, sigmaZ 6.309856, t-per-iter=0.0387 sec, pred_offsets=
Iteration 15:
	Resid=194507.873080, sigmaZ 6.309855, t-per-iter=0.0387 sec, pred_offsets=
Iteration 16:
	Resid=194507.713895, sigmaZ 6.309852, t-per-iter=0.0387 sec, pred_offsets=
Iteration 17:
	Resid=194507.507591, sigmaZ 6.309846, t-per-iter=0.0387 sec, pred_offsets=
Iteration 18:
	Resid=194507.493158, sigmaZ 6.309845, t-per-iter=0.0387 sec, pred_offsets=
Iteration 19:
	Resid=194507.475817, sigmaZ 6.309845, t-per-iter=0.0387 sec, pred_offsets=
Iteration 20:
	Resid=194507.474872, sigmaZ 6.309845, t-per-iter=0.0387 sec, pred_offsets=
Iteration 21:
	Resid=194507.474855, sigmaZ 6.309845, t-per-iter=0.0387 sec, pred_offsets=
Final Iteration 21:
	Resid=194507.474855, sigmaZ 6.309845
Saved detector model to _geom.out/diffBragg_detector.expt
INFO: Refinement macro cycle 4/5...
INFO:canonical_capture:Refinement macro cycle 4/5...
RANK0000 | 2025-10-29 02:21:07,922 | Number of ROIS that will proceed to refinement: 87/92
RANK0000 | 2025-10-29 02:21:07,922 | Number of ROIS that will proceed to refinement: 87/92
RANK0000 | 2025-10-29 02:21:07,922 | Number of ROIS that will proceed to refinement: 87/92
RANK0000 | 2025-10-29 02:21:07,939 | Setting initial mosaicity from params.init.eta_abc: 0.000000 0.000000 0.000000
RANK0000 | 2025-10-29 02:21:07,939 | Setting initial mosaicity from params.init.eta_abc: 0.000000 0.000000 0.000000
RANK0000 | 2025-10-29 02:21:07,939 | Setting initial mosaicity from params.init.eta_abc: 0.000000 0.000000 0.000000
RANK0000 | 2025-10-29 02:21:07,939 | Number of mosaic domains from params: 1
RANK0000 | 2025-10-29 02:21:07,939 | Number of mosaic domains from params: 1
RANK0000 | 2025-10-29 02:21:07,939 | Number of mosaic domains from params: 1
RANK0000 | 2025-10-29 02:21:08,011 | Loaded simulator
RANK0000 | 2025-10-29 02:21:08,011 | Loaded simulator
RANK0000 | 2025-10-29 02:21:08,011 | Loaded simulator
RANK0000 | 2025-10-29 02:21:08,011 | Will not use mosaic models, as simulator.crystal.num_mosaicity_samples=1
RANK0000 | 2025-10-29 02:21:08,011 | Will not use mosaic models, as simulator.crystal.num_mosaicity_samples=1
RANK0000 | 2025-10-29 02:21:08,011 | Will not use mosaic models, as simulator.crystal.num_mosaicity_samples=1
Warning, crystal system not determined, assuming triclinic
RANK0000 | 2025-10-29 02:21:08,012 | Unit cell variable a_Ang (currently=27.362127) is bounded by 24.625914 and 30.098340
RANK0000 | 2025-10-29 02:21:08,012 | Unit cell variable a_Ang (currently=27.362127) is bounded by 24.625914 and 30.098340
RANK0000 | 2025-10-29 02:21:08,012 | Unit cell variable a_Ang (currently=27.362127) is bounded by 24.625914 and 30.098340
RANK0000 | 2025-10-29 02:21:08,012 | Unit cell variable b_Ang (currently=32.056843) is bounded by 28.851158 and 35.262527
RANK0000 | 2025-10-29 02:21:08,012 | Unit cell variable b_Ang (currently=32.056843) is bounded by 28.851158 and 35.262527
RANK0000 | 2025-10-29 02:21:08,012 | Unit cell variable b_Ang (currently=32.056843) is bounded by 28.851158 and 35.262527
RANK0000 | 2025-10-29 02:21:08,012 | Unit cell variable c_Ang (currently=34.460784) is bounded by 31.014706 and 37.906862
RANK0000 | 2025-10-29 02:21:08,012 | Unit cell variable c_Ang (currently=34.460784) is bounded by 31.014706 and 37.906862
RANK0000 | 2025-10-29 02:21:08,012 | Unit cell variable c_Ang (currently=34.460784) is bounded by 31.014706 and 37.906862
RANK0000 | 2025-10-29 02:21:08,012 | Unit cell variable alpha_rad (currently=1.547964) is bounded by 1.460698 and 1.635231
RANK0000 | 2025-10-29 02:21:08,012 | Unit cell variable alpha_rad (currently=1.547964) is bounded by 1.460698 and 1.635231
RANK0000 | 2025-10-29 02:21:08,012 | Unit cell variable alpha_rad (currently=1.547964) is bounded by 1.460698 and 1.635231
RANK0000 | 2025-10-29 02:21:08,012 | Unit cell variable beta_rad (currently=1.249096) is bounded by 1.161830 and 1.336363
RANK0000 | 2025-10-29 02:21:08,012 | Unit cell variable beta_rad (currently=1.249096) is bounded by 1.161830 and 1.336363
RANK0000 | 2025-10-29 02:21:08,012 | Unit cell variable beta_rad (currently=1.249096) is bounded by 1.161830 and 1.336363
RANK0000 | 2025-10-29 02:21:08,012 | Unit cell variable gamma_rad (currently=1.189106) is bounded by 1.101840 and 1.276373
RANK0000 | 2025-10-29 02:21:08,012 | Unit cell variable gamma_rad (currently=1.189106) is bounded by 1.101840 and 1.276373
RANK0000 | 2025-10-29 02:21:08,012 | Unit cell variable gamma_rad (currently=1.189106) is bounded by 1.101840 and 1.276373
Warning, crystal system not determined, assuming triclinic
RANK0000 | 2025-10-29 02:21:14,696 | Filtered 5 / 92 reflections which did not show peaks in model
RANK0000 | 2025-10-29 02:21:14,696 | Filtered 5 / 92 reflections which did not show peaks in model
RANK0000 | 2025-10-29 02:21:14,696 | Filtered 5 / 92 reflections which did not show peaks in model
RANK0000 | 2025-10-29 02:21:14,764 | Number of ROIS that will proceed to refinement: 87/92
RANK0000 | 2025-10-29 02:21:14,764 | Number of ROIS that will proceed to refinement: 87/92
RANK0000 | 2025-10-29 02:21:14,764 | Number of ROIS that will proceed to refinement: 87/92
RANK0000 | 2025-10-29 02:21:14,780 | Setting initial mosaicity from params.init.eta_abc: 0.000000 0.000000 0.000000
RANK0000 | 2025-10-29 02:21:14,780 | Setting initial mosaicity from params.init.eta_abc: 0.000000 0.000000 0.000000
RANK0000 | 2025-10-29 02:21:14,780 | Setting initial mosaicity from params.init.eta_abc: 0.000000 0.000000 0.000000
RANK0000 | 2025-10-29 02:21:14,781 | Number of mosaic domains from params: 1
RANK0000 | 2025-10-29 02:21:14,781 | Number of mosaic domains from params: 1
RANK0000 | 2025-10-29 02:21:14,781 | Number of mosaic domains from params: 1
RANK0000 | 2025-10-29 02:21:14,859 | Loaded simulator
RANK0000 | 2025-10-29 02:21:14,859 | Loaded simulator
RANK0000 | 2025-10-29 02:21:14,859 | Loaded simulator
RANK0000 | 2025-10-29 02:21:14,859 | Will not use mosaic models, as simulator.crystal.num_mosaicity_samples=1
RANK0000 | 2025-10-29 02:21:14,859 | Will not use mosaic models, as simulator.crystal.num_mosaicity_samples=1
RANK0000 | 2025-10-29 02:21:14,859 | Will not use mosaic models, as simulator.crystal.num_mosaicity_samples=1
Warning, crystal system not determined, assuming triclinic
RANK0000 | 2025-10-29 02:21:14,967 | Unit cell variable a_Ang (currently=27.363361) is bounded by 24.627025 and 30.099697
RANK0000 | 2025-10-29 02:21:14,967 | Unit cell variable a_Ang (currently=27.363361) is bounded by 24.627025 and 30.099697
RANK0000 | 2025-10-29 02:21:14,967 | Unit cell variable a_Ang (currently=27.363361) is bounded by 24.627025 and 30.099697
RANK0000 | 2025-10-29 02:21:14,967 | Unit cell variable b_Ang (currently=32.057230) is bounded by 28.851507 and 35.262953
RANK0000 | 2025-10-29 02:21:14,967 | Unit cell variable b_Ang (currently=32.057230) is bounded by 28.851507 and 35.262953
RANK0000 | 2025-10-29 02:21:14,967 | Unit cell variable b_Ang (currently=32.057230) is bounded by 28.851507 and 35.262953
RANK0000 | 2025-10-29 02:21:14,967 | Unit cell variable c_Ang (currently=34.465591) is bounded by 31.019032 and 37.912150
RANK0000 | 2025-10-29 02:21:14,967 | Unit cell variable c_Ang (currently=34.465591) is bounded by 31.019032 and 37.912150
RANK0000 | 2025-10-29 02:21:14,967 | Unit cell variable c_Ang (currently=34.465591) is bounded by 31.019032 and 37.912150
RANK0000 | 2025-10-29 02:21:14,967 | Unit cell variable alpha_rad (currently=1.547778) is bounded by 1.460512 and 1.635045
RANK0000 | 2025-10-29 02:21:14,967 | Unit cell variable alpha_rad (currently=1.547778) is bounded by 1.460512 and 1.635045
RANK0000 | 2025-10-29 02:21:14,967 | Unit cell variable alpha_rad (currently=1.547778) is bounded by 1.460512 and 1.635045
RANK0000 | 2025-10-29 02:21:14,967 | Unit cell variable beta_rad (currently=1.248914) is bounded by 1.161648 and 1.336180
RANK0000 | 2025-10-29 02:21:14,967 | Unit cell variable beta_rad (currently=1.248914) is bounded by 1.161648 and 1.336180
RANK0000 | 2025-10-29 02:21:14,967 | Unit cell variable beta_rad (currently=1.248914) is bounded by 1.161648 and 1.336180
RANK0000 | 2025-10-29 02:21:14,967 | Unit cell variable gamma_rad (currently=1.189031) is bounded by 1.101765 and 1.276298
RANK0000 | 2025-10-29 02:21:14,967 | Unit cell variable gamma_rad (currently=1.189031) is bounded by 1.101765 and 1.276298
RANK0000 | 2025-10-29 02:21:14,967 | Unit cell variable gamma_rad (currently=1.189031) is bounded by 1.101765 and 1.276298
Warning, crystal system not determined, assuming triclinic
RANK0000 | 2025-10-29 02:21:20,549 | Filtered 5 / 92 reflections which did not show peaks in model
RANK0000 | 2025-10-29 02:21:20,549 | Filtered 5 / 92 reflections which did not show peaks in model
RANK0000 | 2025-10-29 02:21:20,549 | Filtered 5 / 92 reflections which did not show peaks in model
Warning, crystal system not determined, assuming triclinic
Will optimize using 1 experiments
RANK0000 | 2025-10-29 02:21:20,686 | Loading nrefls per shot
RANK0000 | 2025-10-29 02:21:20,686 | Loading nrefls per shot
RANK0000 | 2025-10-29 02:21:20,686 | Loading nrefls per shot
RANK0000 | 2025-10-29 02:21:20,686 | Loading nrefls per shot
Found 1 shots originally, but only 1 had finite number of refls to model
RANK0000 | 2025-10-29 02:21:20,687 | EVENT: begin loading inputs
RANK0000 | 2025-10-29 02:21:20,687 | EVENT: begin loading inputs
RANK0000 | 2025-10-29 02:21:20,687 | EVENT: begin loading inputs
RANK0000 | 2025-10-29 02:21:20,687 | EVENT: begin loading inputs
RANK0000 | 2025-10-29 02:21:20,715 | Will use space group symbol P 1
RANK0000 | 2025-10-29 02:21:20,715 | Will use space group symbol P 1
RANK0000 | 2025-10-29 02:21:20,715 | Will use space group symbol P 1
RANK0000 | 2025-10-29 02:21:20,715 | Will use space group symbol P 1
RANK0000 | 2025-10-29 02:21:20,845 | EVENT: BEGIN loading experiment list
RANK0000 | 2025-10-29 02:21:20,845 | EVENT: BEGIN loading experiment list
RANK0000 | 2025-10-29 02:21:20,845 | EVENT: BEGIN loading experiment list
RANK0000 | 2025-10-29 02:21:20,845 | EVENT: BEGIN loading experiment list
RANK0000 | 2025-10-29 02:21:20,846 | EVENT: DONE loading experiment list
RANK0000 | 2025-10-29 02:21:20,846 | EVENT: DONE loading experiment list
RANK0000 | 2025-10-29 02:21:20,846 | EVENT: DONE loading experiment list
RANK0000 | 2025-10-29 02:21:20,846 | EVENT: DONE loading experiment list
Warning, crystal system not determined, assuming triclinic
RANK0000 | 2025-10-29 02:21:20,848 | EVENT: LOADING ROI DATA
RANK0000 | 2025-10-29 02:21:20,848 | EVENT: LOADING ROI DATA
RANK0000 | 2025-10-29 02:21:20,848 | EVENT: LOADING ROI DATA
RANK0000 | 2025-10-29 02:21:20,848 | EVENT: LOADING ROI DATA
RANK0000 | 2025-10-29 02:21:20,913 | Number of ROIS that will proceed to refinement: 87/92
RANK0000 | 2025-10-29 02:21:20,913 | Number of ROIS that will proceed to refinement: 87/92
RANK0000 | 2025-10-29 02:21:20,913 | Number of ROIS that will proceed to refinement: 87/92
RANK0000 | 2025-10-29 02:21:20,913 | Number of ROIS that will proceed to refinement: 87/92
RANK0000 | 2025-10-29 02:21:20,929 | Setting initial mosaicity from params.init.eta_abc: 0.000000 0.000000 0.000000
RANK0000 | 2025-10-29 02:21:20,929 | Setting initial mosaicity from params.init.eta_abc: 0.000000 0.000000 0.000000
RANK0000 | 2025-10-29 02:21:20,929 | Setting initial mosaicity from params.init.eta_abc: 0.000000 0.000000 0.000000
RANK0000 | 2025-10-29 02:21:20,929 | Setting initial mosaicity from params.init.eta_abc: 0.000000 0.000000 0.000000
RANK0000 | 2025-10-29 02:21:20,930 | Number of mosaic domains from params: 1
RANK0000 | 2025-10-29 02:21:20,930 | Number of mosaic domains from params: 1
RANK0000 | 2025-10-29 02:21:20,930 | Number of mosaic domains from params: 1
RANK0000 | 2025-10-29 02:21:20,930 | Number of mosaic domains from params: 1
RANK0000 | 2025-10-29 02:21:21,000 | Loaded simulator
RANK0000 | 2025-10-29 02:21:21,000 | Loaded simulator
RANK0000 | 2025-10-29 02:21:21,000 | Loaded simulator
RANK0000 | 2025-10-29 02:21:21,000 | Loaded simulator
RANK0000 | 2025-10-29 02:21:21,001 | Will not use mosaic models, as simulator.crystal.num_mosaicity_samples=1
RANK0000 | 2025-10-29 02:21:21,001 | Will not use mosaic models, as simulator.crystal.num_mosaicity_samples=1
RANK0000 | 2025-10-29 02:21:21,001 | Will not use mosaic models, as simulator.crystal.num_mosaicity_samples=1
RANK0000 | 2025-10-29 02:21:21,001 | Will not use mosaic models, as simulator.crystal.num_mosaicity_samples=1
RANK0000 | 2025-10-29 02:21:21,041 | EVENT: DONE LOADING ROI
RANK0000 | 2025-10-29 02:21:21,041 | EVENT: DONE LOADING ROI
RANK0000 | 2025-10-29 02:21:21,041 | EVENT: DONE LOADING ROI
RANK0000 | 2025-10-29 02:21:21,041 | EVENT: DONE LOADING ROI
RANK0000 | 2025-10-29 02:21:21,041 | Will simulate 1 energy channels
RANK0000 | 2025-10-29 02:21:21,041 | Will simulate 1 energy channels
RANK0000 | 2025-10-29 02:21:21,041 | Will simulate 1 energy channels
RANK0000 | 2025-10-29 02:21:21,041 | Will simulate 1 energy channels
RANK0000 | 2025-10-29 02:21:21,042 | Process memory usage: 1.629059 GB on node ollie-System-Product-Name
RANK0000 | 2025-10-29 02:21:21,042 | Process memory usage: 1.629059 GB on node ollie-System-Product-Name
RANK0000 | 2025-10-29 02:21:21,042 | Process memory usage: 1.629059 GB on node ollie-System-Product-Name
RANK0000 | 2025-10-29 02:21:21,042 | Process memory usage: 1.629059 GB on node ollie-System-Product-Name
RANK0000 | 2025-10-29 02:21:21,042 | Finished loading image 1 / 1 (1 / 1)
RANK0000 | 2025-10-29 02:21:21,042 | Finished loading image 1 / 1 (1 / 1)
RANK0000 | 2025-10-29 02:21:21,042 | Finished loading image 1 / 1 (1 / 1)
RANK0000 | 2025-10-29 02:21:21,042 | Finished loading image 1 / 1 (1 / 1)
Warning, crystal system not determined, assuming triclinic
RANK0000 | 2025-10-29 02:21:21,042 | DONE LOADING DATA; ENTER BARRIER
RANK0000 | 2025-10-29 02:21:21,042 | DONE LOADING DATA; ENTER BARRIER
RANK0000 | 2025-10-29 02:21:21,042 | DONE LOADING DATA; ENTER BARRIER
RANK0000 | 2025-10-29 02:21:21,042 | DONE LOADING DATA; ENTER BARRIER
RANK0000 | 2025-10-29 02:21:21,042 | DONE LOADING DATA; EXIT BARRIER
RANK0000 | 2025-10-29 02:21:21,042 | DONE LOADING DATA; EXIT BARRIER
RANK0000 | 2025-10-29 02:21:21,042 | DONE LOADING DATA; EXIT BARRIER
RANK0000 | 2025-10-29 02:21:21,042 | DONE LOADING DATA; EXIT BARRIER
RANK0000 | 2025-10-29 02:21:21,042 | Mem after panel groups: 1.629059 GB on node ollie-System-Product-Name
RANK0000 | 2025-10-29 02:21:21,042 | Mem after panel groups: 1.629059 GB on node ollie-System-Product-Name
RANK0000 | 2025-10-29 02:21:21,042 | Mem after panel groups: 1.629059 GB on node ollie-System-Product-Name
RANK0000 | 2025-10-29 02:21:21,042 | Mem after panel groups: 1.629059 GB on node ollie-System-Product-Name
RANK0000 | 2025-10-29 02:21:21,043 | EVENT: Gathering global HKL information
RANK0000 | 2025-10-29 02:21:21,043 | EVENT: Gathering global HKL information
RANK0000 | 2025-10-29 02:21:21,043 | EVENT: Gathering global HKL information
RANK0000 | 2025-10-29 02:21:21,043 | EVENT: Gathering global HKL information
RANK0000 | 2025-10-29 02:21:21,145 | EVENT: FINISHED gather global HKL information
RANK0000 | 2025-10-29 02:21:21,145 | EVENT: FINISHED gather global HKL information
RANK0000 | 2025-10-29 02:21:21,145 | EVENT: FINISHED gather global HKL information
RANK0000 | 2025-10-29 02:21:21,145 | EVENT: FINISHED gather global HKL information
RANK0000 | 2025-10-29 02:21:21,145 | Mem after gather Hi info: 1.629059 GB on node ollie-System-Product-Name
RANK0000 | 2025-10-29 02:21:21,145 | Mem after gather Hi info: 1.629059 GB on node ollie-System-Product-Name
RANK0000 | 2025-10-29 02:21:21,145 | Mem after gather Hi info: 1.629059 GB on node ollie-System-Product-Name
RANK0000 | 2025-10-29 02:21:21,145 | Mem after gather Hi info: 1.629059 GB on node ollie-System-Product-Name
RANK0000 | 2025-10-29 02:21:21,145 | BEGIN DETERMINE MAX PIX
RANK0000 | 2025-10-29 02:21:21,145 | BEGIN DETERMINE MAX PIX
RANK0000 | 2025-10-29 02:21:21,145 | BEGIN DETERMINE MAX PIX
RANK0000 | 2025-10-29 02:21:21,145 | BEGIN DETERMINE MAX PIX
RANK0000 | 2025-10-29 02:21:21,145 | Rank 0, max pix to be modeled: 8700
RANK0000 | 2025-10-29 02:21:21,145 | Rank 0, max pix to be modeled: 8700
RANK0000 | 2025-10-29 02:21:21,145 | Rank 0, max pix to be modeled: 8700
RANK0000 | 2025-10-29 02:21:21,145 | Rank 0, max pix to be modeled: 8700
RANK0000 | 2025-10-29 02:21:21,145 | DONE DETERMINE MAX PIX
RANK0000 | 2025-10-29 02:21:21,145 | DONE DETERMINE MAX PIX
RANK0000 | 2025-10-29 02:21:21,145 | DONE DETERMINE MAX PIX
RANK0000 | 2025-10-29 02:21:21,145 | DONE DETERMINE MAX PIX
RANK0000 | 2025-10-29 02:21:21,145 | Mem after determine max num pix: 1.629059 GB on node ollie-System-Product-Name
RANK0000 | 2025-10-29 02:21:21,145 | Mem after determine max num pix: 1.629059 GB on node ollie-System-Product-Name
RANK0000 | 2025-10-29 02:21:21,145 | Mem after determine max num pix: 1.629059 GB on node ollie-System-Product-Name
RANK0000 | 2025-10-29 02:21:21,145 | Mem after determine max num pix: 1.629059 GB on node ollie-System-Product-Name
RANK0000 | 2025-10-29 02:21:21,145 | Mem after load_inputs: 1.629059 GB on node ollie-System-Product-Name
RANK0000 | 2025-10-29 02:21:21,145 | Mem after load_inputs: 1.629059 GB on node ollie-System-Product-Name
RANK0000 | 2025-10-29 02:21:21,145 | Mem after load_inputs: 1.629059 GB on node ollie-System-Product-Name
RANK0000 | 2025-10-29 02:21:21,145 | Mem after load_inputs: 1.629059 GB on node ollie-System-Product-Name
How many pixels each rank will allocate for on its device:
(rnk0, dev0): 8700 pix
Iteration 1:
	Resid=193711.450650, sigmaZ 6.295370, t-per-iter=0.0343 sec, pred_offsets=
Iteration 2:
	Resid=281476837.399150, sigmaZ 253.603688, t-per-iter=0.0339 sec, pred_offsets=
Iteration 3:
	Resid=281483624.145243, sigmaZ 253.610933, t-per-iter=0.0337 sec, pred_offsets=
Iteration 4:
	Resid=193706.616118, sigmaZ 6.295280, t-per-iter=0.0336 sec, pred_offsets=
Iteration 5:
	Resid=193685.518381, sigmaZ 6.294881, t-per-iter=0.0336 sec, pred_offsets=
Iteration 6:
	Resid=193651.834732, sigmaZ 6.294253, t-per-iter=0.0336 sec, pred_offsets=
Iteration 7:
	Resid=193560.076849, sigmaZ 6.292544, t-per-iter=0.0335 sec, pred_offsets=
Iteration 8:
	Resid=193546.501985, sigmaZ 6.292303, t-per-iter=0.0335 sec, pred_offsets=
Iteration 9:
	Resid=193545.973030, sigmaZ 6.292295, t-per-iter=0.0335 sec, pred_offsets=
Iteration 10:
	Resid=193545.649067, sigmaZ 6.292290, t-per-iter=0.0335 sec, pred_offsets=
Iteration 11:
	Resid=193545.012645, sigmaZ 6.292280, t-per-iter=0.0335 sec, pred_offsets=
Iteration 12:
	Resid=193544.390550, sigmaZ 6.292267, t-per-iter=0.0334 sec, pred_offsets=
Iteration 13:
	Resid=193544.190433, sigmaZ 6.292262, t-per-iter=0.0334 sec, pred_offsets=
Iteration 14:
	Resid=193544.185446, sigmaZ 6.292261, t-per-iter=0.0334 sec, pred_offsets=
Iteration 15:
	Resid=193544.185357, sigmaZ 6.292261, t-per-iter=0.0334 sec, pred_offsets=
Iteration 16:
	Resid=193544.185356, sigmaZ 6.292261, t-per-iter=0.0334 sec, pred_offsets=
Final Iteration 16:
	Resid=193544.185356, sigmaZ 6.292261
Saved detector model to _geom.out/diffBragg_detector.expt
INFO: Refinement macro cycle 5/5...
INFO:canonical_capture:Refinement macro cycle 5/5...
RANK0000 | 2025-10-29 02:21:21,748 | Number of ROIS that will proceed to refinement: 87/92
RANK0000 | 2025-10-29 02:21:21,748 | Number of ROIS that will proceed to refinement: 87/92
RANK0000 | 2025-10-29 02:21:21,748 | Number of ROIS that will proceed to refinement: 87/92
RANK0000 | 2025-10-29 02:21:21,748 | Number of ROIS that will proceed to refinement: 87/92
RANK0000 | 2025-10-29 02:21:21,764 | Setting initial mosaicity from params.init.eta_abc: 0.000000 0.000000 0.000000
RANK0000 | 2025-10-29 02:21:21,764 | Setting initial mosaicity from params.init.eta_abc: 0.000000 0.000000 0.000000
RANK0000 | 2025-10-29 02:21:21,764 | Setting initial mosaicity from params.init.eta_abc: 0.000000 0.000000 0.000000
RANK0000 | 2025-10-29 02:21:21,764 | Setting initial mosaicity from params.init.eta_abc: 0.000000 0.000000 0.000000
RANK0000 | 2025-10-29 02:21:21,765 | Number of mosaic domains from params: 1
RANK0000 | 2025-10-29 02:21:21,765 | Number of mosaic domains from params: 1
RANK0000 | 2025-10-29 02:21:21,765 | Number of mosaic domains from params: 1
RANK0000 | 2025-10-29 02:21:21,765 | Number of mosaic domains from params: 1
RANK0000 | 2025-10-29 02:21:21,834 | Loaded simulator
RANK0000 | 2025-10-29 02:21:21,834 | Loaded simulator
RANK0000 | 2025-10-29 02:21:21,834 | Loaded simulator
RANK0000 | 2025-10-29 02:21:21,834 | Loaded simulator
RANK0000 | 2025-10-29 02:21:21,834 | Will not use mosaic models, as simulator.crystal.num_mosaicity_samples=1
RANK0000 | 2025-10-29 02:21:21,834 | Will not use mosaic models, as simulator.crystal.num_mosaicity_samples=1
RANK0000 | 2025-10-29 02:21:21,834 | Will not use mosaic models, as simulator.crystal.num_mosaicity_samples=1
RANK0000 | 2025-10-29 02:21:21,834 | Will not use mosaic models, as simulator.crystal.num_mosaicity_samples=1
Warning, crystal system not determined, assuming triclinic
RANK0000 | 2025-10-29 02:21:21,835 | Unit cell variable a_Ang (currently=27.363361) is bounded by 24.627025 and 30.099697
RANK0000 | 2025-10-29 02:21:21,835 | Unit cell variable a_Ang (currently=27.363361) is bounded by 24.627025 and 30.099697
RANK0000 | 2025-10-29 02:21:21,835 | Unit cell variable a_Ang (currently=27.363361) is bounded by 24.627025 and 30.099697
RANK0000 | 2025-10-29 02:21:21,835 | Unit cell variable a_Ang (currently=27.363361) is bounded by 24.627025 and 30.099697
RANK0000 | 2025-10-29 02:21:21,835 | Unit cell variable b_Ang (currently=32.057230) is bounded by 28.851507 and 35.262953
RANK0000 | 2025-10-29 02:21:21,835 | Unit cell variable b_Ang (currently=32.057230) is bounded by 28.851507 and 35.262953
RANK0000 | 2025-10-29 02:21:21,835 | Unit cell variable b_Ang (currently=32.057230) is bounded by 28.851507 and 35.262953
RANK0000 | 2025-10-29 02:21:21,835 | Unit cell variable b_Ang (currently=32.057230) is bounded by 28.851507 and 35.262953
RANK0000 | 2025-10-29 02:21:21,835 | Unit cell variable c_Ang (currently=34.465591) is bounded by 31.019032 and 37.912150
RANK0000 | 2025-10-29 02:21:21,835 | Unit cell variable c_Ang (currently=34.465591) is bounded by 31.019032 and 37.912150
RANK0000 | 2025-10-29 02:21:21,835 | Unit cell variable c_Ang (currently=34.465591) is bounded by 31.019032 and 37.912150
RANK0000 | 2025-10-29 02:21:21,835 | Unit cell variable c_Ang (currently=34.465591) is bounded by 31.019032 and 37.912150
RANK0000 | 2025-10-29 02:21:21,835 | Unit cell variable alpha_rad (currently=1.547778) is bounded by 1.460512 and 1.635045
RANK0000 | 2025-10-29 02:21:21,835 | Unit cell variable alpha_rad (currently=1.547778) is bounded by 1.460512 and 1.635045
RANK0000 | 2025-10-29 02:21:21,835 | Unit cell variable alpha_rad (currently=1.547778) is bounded by 1.460512 and 1.635045
RANK0000 | 2025-10-29 02:21:21,835 | Unit cell variable alpha_rad (currently=1.547778) is bounded by 1.460512 and 1.635045
RANK0000 | 2025-10-29 02:21:21,835 | Unit cell variable beta_rad (currently=1.248914) is bounded by 1.161648 and 1.336180
RANK0000 | 2025-10-29 02:21:21,835 | Unit cell variable beta_rad (currently=1.248914) is bounded by 1.161648 and 1.336180
RANK0000 | 2025-10-29 02:21:21,835 | Unit cell variable beta_rad (currently=1.248914) is bounded by 1.161648 and 1.336180
RANK0000 | 2025-10-29 02:21:21,835 | Unit cell variable beta_rad (currently=1.248914) is bounded by 1.161648 and 1.336180
RANK0000 | 2025-10-29 02:21:21,835 | Unit cell variable gamma_rad (currently=1.189031) is bounded by 1.101765 and 1.276298
RANK0000 | 2025-10-29 02:21:21,835 | Unit cell variable gamma_rad (currently=1.189031) is bounded by 1.101765 and 1.276298
RANK0000 | 2025-10-29 02:21:21,835 | Unit cell variable gamma_rad (currently=1.189031) is bounded by 1.101765 and 1.276298
RANK0000 | 2025-10-29 02:21:21,835 | Unit cell variable gamma_rad (currently=1.189031) is bounded by 1.101765 and 1.276298
Warning, crystal system not determined, assuming triclinic
RANK0000 | 2025-10-29 02:21:29,606 | Filtered 5 / 92 reflections which did not show peaks in model
RANK0000 | 2025-10-29 02:21:29,606 | Filtered 5 / 92 reflections which did not show peaks in model
RANK0000 | 2025-10-29 02:21:29,606 | Filtered 5 / 92 reflections which did not show peaks in model
RANK0000 | 2025-10-29 02:21:29,606 | Filtered 5 / 92 reflections which did not show peaks in model
RANK0000 | 2025-10-29 02:21:29,677 | Number of ROIS that will proceed to refinement: 87/92
RANK0000 | 2025-10-29 02:21:29,677 | Number of ROIS that will proceed to refinement: 87/92
RANK0000 | 2025-10-29 02:21:29,677 | Number of ROIS that will proceed to refinement: 87/92
RANK0000 | 2025-10-29 02:21:29,677 | Number of ROIS that will proceed to refinement: 87/92
RANK0000 | 2025-10-29 02:21:29,694 | Setting initial mosaicity from params.init.eta_abc: 0.000000 0.000000 0.000000
RANK0000 | 2025-10-29 02:21:29,694 | Setting initial mosaicity from params.init.eta_abc: 0.000000 0.000000 0.000000
RANK0000 | 2025-10-29 02:21:29,694 | Setting initial mosaicity from params.init.eta_abc: 0.000000 0.000000 0.000000
RANK0000 | 2025-10-29 02:21:29,694 | Setting initial mosaicity from params.init.eta_abc: 0.000000 0.000000 0.000000
RANK0000 | 2025-10-29 02:21:29,694 | Number of mosaic domains from params: 1
RANK0000 | 2025-10-29 02:21:29,694 | Number of mosaic domains from params: 1
RANK0000 | 2025-10-29 02:21:29,694 | Number of mosaic domains from params: 1
RANK0000 | 2025-10-29 02:21:29,694 | Number of mosaic domains from params: 1
RANK0000 | 2025-10-29 02:21:29,763 | Loaded simulator
RANK0000 | 2025-10-29 02:21:29,763 | Loaded simulator
RANK0000 | 2025-10-29 02:21:29,763 | Loaded simulator
RANK0000 | 2025-10-29 02:21:29,763 | Loaded simulator
RANK0000 | 2025-10-29 02:21:29,764 | Will not use mosaic models, as simulator.crystal.num_mosaicity_samples=1
RANK0000 | 2025-10-29 02:21:29,764 | Will not use mosaic models, as simulator.crystal.num_mosaicity_samples=1
RANK0000 | 2025-10-29 02:21:29,764 | Will not use mosaic models, as simulator.crystal.num_mosaicity_samples=1
RANK0000 | 2025-10-29 02:21:29,764 | Will not use mosaic models, as simulator.crystal.num_mosaicity_samples=1
Warning, crystal system not determined, assuming triclinic
RANK0000 | 2025-10-29 02:21:29,882 | Unit cell variable a_Ang (currently=27.364231) is bounded by 24.627807 and 30.100654
RANK0000 | 2025-10-29 02:21:29,882 | Unit cell variable a_Ang (currently=27.364231) is bounded by 24.627807 and 30.100654
RANK0000 | 2025-10-29 02:21:29,882 | Unit cell variable a_Ang (currently=27.364231) is bounded by 24.627807 and 30.100654
RANK0000 | 2025-10-29 02:21:29,882 | Unit cell variable a_Ang (currently=27.364231) is bounded by 24.627807 and 30.100654
RANK0000 | 2025-10-29 02:21:29,882 | Unit cell variable b_Ang (currently=32.057680) is bounded by 28.851912 and 35.263448
RANK0000 | 2025-10-29 02:21:29,882 | Unit cell variable b_Ang (currently=32.057680) is bounded by 28.851912 and 35.263448
RANK0000 | 2025-10-29 02:21:29,882 | Unit cell variable b_Ang (currently=32.057680) is bounded by 28.851912 and 35.263448
RANK0000 | 2025-10-29 02:21:29,882 | Unit cell variable b_Ang (currently=32.057680) is bounded by 28.851912 and 35.263448
RANK0000 | 2025-10-29 02:21:29,882 | Unit cell variable c_Ang (currently=34.469316) is bounded by 31.022384 and 37.916248
RANK0000 | 2025-10-29 02:21:29,882 | Unit cell variable c_Ang (currently=34.469316) is bounded by 31.022384 and 37.916248
RANK0000 | 2025-10-29 02:21:29,882 | Unit cell variable c_Ang (currently=34.469316) is bounded by 31.022384 and 37.916248
RANK0000 | 2025-10-29 02:21:29,882 | Unit cell variable c_Ang (currently=34.469316) is bounded by 31.022384 and 37.916248
RANK0000 | 2025-10-29 02:21:29,882 | Unit cell variable alpha_rad (currently=1.547627) is bounded by 1.460361 and 1.634894
RANK0000 | 2025-10-29 02:21:29,882 | Unit cell variable alpha_rad (currently=1.547627) is bounded by 1.460361 and 1.634894
RANK0000 | 2025-10-29 02:21:29,882 | Unit cell variable alpha_rad (currently=1.547627) is bounded by 1.460361 and 1.634894
RANK0000 | 2025-10-29 02:21:29,882 | Unit cell variable alpha_rad (currently=1.547627) is bounded by 1.460361 and 1.634894
RANK0000 | 2025-10-29 02:21:29,882 | Unit cell variable beta_rad (currently=1.248771) is bounded by 1.161504 and 1.336037
RANK0000 | 2025-10-29 02:21:29,882 | Unit cell variable beta_rad (currently=1.248771) is bounded by 1.161504 and 1.336037
RANK0000 | 2025-10-29 02:21:29,882 | Unit cell variable beta_rad (currently=1.248771) is bounded by 1.161504 and 1.336037
RANK0000 | 2025-10-29 02:21:29,882 | Unit cell variable beta_rad (currently=1.248771) is bounded by 1.161504 and 1.336037
RANK0000 | 2025-10-29 02:21:29,882 | Unit cell variable gamma_rad (currently=1.188968) is bounded by 1.101702 and 1.276234
RANK0000 | 2025-10-29 02:21:29,882 | Unit cell variable gamma_rad (currently=1.188968) is bounded by 1.101702 and 1.276234
RANK0000 | 2025-10-29 02:21:29,882 | Unit cell variable gamma_rad (currently=1.188968) is bounded by 1.101702 and 1.276234
RANK0000 | 2025-10-29 02:21:29,882 | Unit cell variable gamma_rad (currently=1.188968) is bounded by 1.101702 and 1.276234
Warning, crystal system not determined, assuming triclinic
RANK0000 | 2025-10-29 02:21:35,340 | Filtered 5 / 92 reflections which did not show peaks in model
RANK0000 | 2025-10-29 02:21:35,340 | Filtered 5 / 92 reflections which did not show peaks in model
RANK0000 | 2025-10-29 02:21:35,340 | Filtered 5 / 92 reflections which did not show peaks in model
RANK0000 | 2025-10-29 02:21:35,340 | Filtered 5 / 92 reflections which did not show peaks in model
Warning, crystal system not determined, assuming triclinic
Will optimize using 1 experiments
RANK0000 | 2025-10-29 02:21:35,473 | Loading nrefls per shot
RANK0000 | 2025-10-29 02:21:35,473 | Loading nrefls per shot
RANK0000 | 2025-10-29 02:21:35,473 | Loading nrefls per shot
RANK0000 | 2025-10-29 02:21:35,473 | Loading nrefls per shot
RANK0000 | 2025-10-29 02:21:35,473 | Loading nrefls per shot
Found 1 shots originally, but only 1 had finite number of refls to model
RANK0000 | 2025-10-29 02:21:35,474 | EVENT: begin loading inputs
RANK0000 | 2025-10-29 02:21:35,474 | EVENT: begin loading inputs
RANK0000 | 2025-10-29 02:21:35,474 | EVENT: begin loading inputs
RANK0000 | 2025-10-29 02:21:35,474 | EVENT: begin loading inputs
RANK0000 | 2025-10-29 02:21:35,474 | EVENT: begin loading inputs
RANK0000 | 2025-10-29 02:21:35,502 | Will use space group symbol P 1
RANK0000 | 2025-10-29 02:21:35,502 | Will use space group symbol P 1
RANK0000 | 2025-10-29 02:21:35,502 | Will use space group symbol P 1
RANK0000 | 2025-10-29 02:21:35,502 | Will use space group symbol P 1
RANK0000 | 2025-10-29 02:21:35,502 | Will use space group symbol P 1
RANK0000 | 2025-10-29 02:21:35,631 | EVENT: BEGIN loading experiment list
RANK0000 | 2025-10-29 02:21:35,631 | EVENT: BEGIN loading experiment list
RANK0000 | 2025-10-29 02:21:35,631 | EVENT: BEGIN loading experiment list
RANK0000 | 2025-10-29 02:21:35,631 | EVENT: BEGIN loading experiment list
RANK0000 | 2025-10-29 02:21:35,631 | EVENT: BEGIN loading experiment list
RANK0000 | 2025-10-29 02:21:35,633 | EVENT: DONE loading experiment list
RANK0000 | 2025-10-29 02:21:35,633 | EVENT: DONE loading experiment list
RANK0000 | 2025-10-29 02:21:35,633 | EVENT: DONE loading experiment list
RANK0000 | 2025-10-29 02:21:35,633 | EVENT: DONE loading experiment list
RANK0000 | 2025-10-29 02:21:35,633 | EVENT: DONE loading experiment list
Warning, crystal system not determined, assuming triclinic
RANK0000 | 2025-10-29 02:21:35,634 | EVENT: LOADING ROI DATA
RANK0000 | 2025-10-29 02:21:35,634 | EVENT: LOADING ROI DATA
RANK0000 | 2025-10-29 02:21:35,634 | EVENT: LOADING ROI DATA
RANK0000 | 2025-10-29 02:21:35,634 | EVENT: LOADING ROI DATA
RANK0000 | 2025-10-29 02:21:35,634 | EVENT: LOADING ROI DATA
RANK0000 | 2025-10-29 02:21:35,706 | Number of ROIS that will proceed to refinement: 87/92
RANK0000 | 2025-10-29 02:21:35,706 | Number of ROIS that will proceed to refinement: 87/92
RANK0000 | 2025-10-29 02:21:35,706 | Number of ROIS that will proceed to refinement: 87/92
RANK0000 | 2025-10-29 02:21:35,706 | Number of ROIS that will proceed to refinement: 87/92
RANK0000 | 2025-10-29 02:21:35,706 | Number of ROIS that will proceed to refinement: 87/92
RANK0000 | 2025-10-29 02:21:35,723 | Setting initial mosaicity from params.init.eta_abc: 0.000000 0.000000 0.000000
RANK0000 | 2025-10-29 02:21:35,723 | Setting initial mosaicity from params.init.eta_abc: 0.000000 0.000000 0.000000
RANK0000 | 2025-10-29 02:21:35,723 | Setting initial mosaicity from params.init.eta_abc: 0.000000 0.000000 0.000000
RANK0000 | 2025-10-29 02:21:35,723 | Setting initial mosaicity from params.init.eta_abc: 0.000000 0.000000 0.000000
RANK0000 | 2025-10-29 02:21:35,723 | Setting initial mosaicity from params.init.eta_abc: 0.000000 0.000000 0.000000
RANK0000 | 2025-10-29 02:21:35,723 | Number of mosaic domains from params: 1
RANK0000 | 2025-10-29 02:21:35,723 | Number of mosaic domains from params: 1
RANK0000 | 2025-10-29 02:21:35,723 | Number of mosaic domains from params: 1
RANK0000 | 2025-10-29 02:21:35,723 | Number of mosaic domains from params: 1
RANK0000 | 2025-10-29 02:21:35,723 | Number of mosaic domains from params: 1
RANK0000 | 2025-10-29 02:21:35,799 | Loaded simulator
RANK0000 | 2025-10-29 02:21:35,799 | Loaded simulator
RANK0000 | 2025-10-29 02:21:35,799 | Loaded simulator
RANK0000 | 2025-10-29 02:21:35,799 | Loaded simulator
RANK0000 | 2025-10-29 02:21:35,799 | Loaded simulator
RANK0000 | 2025-10-29 02:21:35,799 | Will not use mosaic models, as simulator.crystal.num_mosaicity_samples=1
RANK0000 | 2025-10-29 02:21:35,799 | Will not use mosaic models, as simulator.crystal.num_mosaicity_samples=1
RANK0000 | 2025-10-29 02:21:35,799 | Will not use mosaic models, as simulator.crystal.num_mosaicity_samples=1
RANK0000 | 2025-10-29 02:21:35,799 | Will not use mosaic models, as simulator.crystal.num_mosaicity_samples=1
RANK0000 | 2025-10-29 02:21:35,799 | Will not use mosaic models, as simulator.crystal.num_mosaicity_samples=1
RANK0000 | 2025-10-29 02:21:35,838 | EVENT: DONE LOADING ROI
RANK0000 | 2025-10-29 02:21:35,838 | EVENT: DONE LOADING ROI
RANK0000 | 2025-10-29 02:21:35,838 | EVENT: DONE LOADING ROI
RANK0000 | 2025-10-29 02:21:35,838 | EVENT: DONE LOADING ROI
RANK0000 | 2025-10-29 02:21:35,838 | EVENT: DONE LOADING ROI
RANK0000 | 2025-10-29 02:21:35,838 | Will simulate 1 energy channels
RANK0000 | 2025-10-29 02:21:35,838 | Will simulate 1 energy channels
RANK0000 | 2025-10-29 02:21:35,838 | Will simulate 1 energy channels
RANK0000 | 2025-10-29 02:21:35,838 | Will simulate 1 energy channels
RANK0000 | 2025-10-29 02:21:35,838 | Will simulate 1 energy channels
RANK0000 | 2025-10-29 02:21:35,839 | Process memory usage: 1.711170 GB on node ollie-System-Product-Name
RANK0000 | 2025-10-29 02:21:35,839 | Process memory usage: 1.711170 GB on node ollie-System-Product-Name
RANK0000 | 2025-10-29 02:21:35,839 | Process memory usage: 1.711170 GB on node ollie-System-Product-Name
RANK0000 | 2025-10-29 02:21:35,839 | Process memory usage: 1.711170 GB on node ollie-System-Product-Name
RANK0000 | 2025-10-29 02:21:35,839 | Process memory usage: 1.711170 GB on node ollie-System-Product-Name
RANK0000 | 2025-10-29 02:21:35,839 | Finished loading image 1 / 1 (1 / 1)
RANK0000 | 2025-10-29 02:21:35,839 | Finished loading image 1 / 1 (1 / 1)
RANK0000 | 2025-10-29 02:21:35,839 | Finished loading image 1 / 1 (1 / 1)
RANK0000 | 2025-10-29 02:21:35,839 | Finished loading image 1 / 1 (1 / 1)
RANK0000 | 2025-10-29 02:21:35,839 | Finished loading image 1 / 1 (1 / 1)
Warning, crystal system not determined, assuming triclinic
RANK0000 | 2025-10-29 02:21:35,839 | DONE LOADING DATA; ENTER BARRIER
RANK0000 | 2025-10-29 02:21:35,839 | DONE LOADING DATA; ENTER BARRIER
RANK0000 | 2025-10-29 02:21:35,839 | DONE LOADING DATA; ENTER BARRIER
RANK0000 | 2025-10-29 02:21:35,839 | DONE LOADING DATA; ENTER BARRIER
RANK0000 | 2025-10-29 02:21:35,839 | DONE LOADING DATA; ENTER BARRIER
RANK0000 | 2025-10-29 02:21:35,839 | DONE LOADING DATA; EXIT BARRIER
RANK0000 | 2025-10-29 02:21:35,839 | DONE LOADING DATA; EXIT BARRIER
RANK0000 | 2025-10-29 02:21:35,839 | DONE LOADING DATA; EXIT BARRIER
RANK0000 | 2025-10-29 02:21:35,839 | DONE LOADING DATA; EXIT BARRIER
RANK0000 | 2025-10-29 02:21:35,839 | DONE LOADING DATA; EXIT BARRIER
RANK0000 | 2025-10-29 02:21:35,839 | Mem after panel groups: 1.711170 GB on node ollie-System-Product-Name
RANK0000 | 2025-10-29 02:21:35,839 | Mem after panel groups: 1.711170 GB on node ollie-System-Product-Name
RANK0000 | 2025-10-29 02:21:35,839 | Mem after panel groups: 1.711170 GB on node ollie-System-Product-Name
RANK0000 | 2025-10-29 02:21:35,839 | Mem after panel groups: 1.711170 GB on node ollie-System-Product-Name
RANK0000 | 2025-10-29 02:21:35,839 | Mem after panel groups: 1.711170 GB on node ollie-System-Product-Name
RANK0000 | 2025-10-29 02:21:35,839 | EVENT: Gathering global HKL information
RANK0000 | 2025-10-29 02:21:35,839 | EVENT: Gathering global HKL information
RANK0000 | 2025-10-29 02:21:35,839 | EVENT: Gathering global HKL information
RANK0000 | 2025-10-29 02:21:35,839 | EVENT: Gathering global HKL information
RANK0000 | 2025-10-29 02:21:35,839 | EVENT: Gathering global HKL information
RANK0000 | 2025-10-29 02:21:35,943 | EVENT: FINISHED gather global HKL information
RANK0000 | 2025-10-29 02:21:35,943 | EVENT: FINISHED gather global HKL information
RANK0000 | 2025-10-29 02:21:35,943 | EVENT: FINISHED gather global HKL information
RANK0000 | 2025-10-29 02:21:35,943 | EVENT: FINISHED gather global HKL information
RANK0000 | 2025-10-29 02:21:35,943 | EVENT: FINISHED gather global HKL information
RANK0000 | 2025-10-29 02:21:35,943 | Mem after gather Hi info: 1.711170 GB on node ollie-System-Product-Name
RANK0000 | 2025-10-29 02:21:35,943 | Mem after gather Hi info: 1.711170 GB on node ollie-System-Product-Name
RANK0000 | 2025-10-29 02:21:35,943 | Mem after gather Hi info: 1.711170 GB on node ollie-System-Product-Name
RANK0000 | 2025-10-29 02:21:35,943 | Mem after gather Hi info: 1.711170 GB on node ollie-System-Product-Name
RANK0000 | 2025-10-29 02:21:35,943 | Mem after gather Hi info: 1.711170 GB on node ollie-System-Product-Name
RANK0000 | 2025-10-29 02:21:35,943 | BEGIN DETERMINE MAX PIX
RANK0000 | 2025-10-29 02:21:35,943 | BEGIN DETERMINE MAX PIX
RANK0000 | 2025-10-29 02:21:35,943 | BEGIN DETERMINE MAX PIX
RANK0000 | 2025-10-29 02:21:35,943 | BEGIN DETERMINE MAX PIX
RANK0000 | 2025-10-29 02:21:35,943 | BEGIN DETERMINE MAX PIX
RANK0000 | 2025-10-29 02:21:35,943 | Rank 0, max pix to be modeled: 8700
RANK0000 | 2025-10-29 02:21:35,943 | Rank 0, max pix to be modeled: 8700
RANK0000 | 2025-10-29 02:21:35,943 | Rank 0, max pix to be modeled: 8700
RANK0000 | 2025-10-29 02:21:35,943 | Rank 0, max pix to be modeled: 8700
RANK0000 | 2025-10-29 02:21:35,943 | Rank 0, max pix to be modeled: 8700
RANK0000 | 2025-10-29 02:21:35,943 | DONE DETERMINE MAX PIX
RANK0000 | 2025-10-29 02:21:35,943 | DONE DETERMINE MAX PIX
RANK0000 | 2025-10-29 02:21:35,943 | DONE DETERMINE MAX PIX
RANK0000 | 2025-10-29 02:21:35,943 | DONE DETERMINE MAX PIX
RANK0000 | 2025-10-29 02:21:35,943 | DONE DETERMINE MAX PIX
RANK0000 | 2025-10-29 02:21:35,943 | Mem after determine max num pix: 1.711170 GB on node ollie-System-Product-Name
RANK0000 | 2025-10-29 02:21:35,943 | Mem after determine max num pix: 1.711170 GB on node ollie-System-Product-Name
RANK0000 | 2025-10-29 02:21:35,943 | Mem after determine max num pix: 1.711170 GB on node ollie-System-Product-Name
RANK0000 | 2025-10-29 02:21:35,943 | Mem after determine max num pix: 1.711170 GB on node ollie-System-Product-Name
RANK0000 | 2025-10-29 02:21:35,943 | Mem after determine max num pix: 1.711170 GB on node ollie-System-Product-Name
RANK0000 | 2025-10-29 02:21:35,943 | Mem after load_inputs: 1.711170 GB on node ollie-System-Product-Name
RANK0000 | 2025-10-29 02:21:35,943 | Mem after load_inputs: 1.711170 GB on node ollie-System-Product-Name
RANK0000 | 2025-10-29 02:21:35,943 | Mem after load_inputs: 1.711170 GB on node ollie-System-Product-Name
RANK0000 | 2025-10-29 02:21:35,943 | Mem after load_inputs: 1.711170 GB on node ollie-System-Product-Name
RANK0000 | 2025-10-29 02:21:35,943 | Mem after load_inputs: 1.711170 GB on node ollie-System-Product-Name
How many pixels each rank will allocate for on its device:
(rnk0, dev0): 8700 pix
Iteration 1:
	Resid=193005.201964, sigmaZ 6.282683, t-per-iter=0.0397 sec, pred_offsets=
Iteration 2:
	Resid=281476832.960654, sigmaZ 253.603633, t-per-iter=0.0398 sec, pred_offsets=
Iteration 3:
	Resid=281666179.132693, sigmaZ 253.747996, t-per-iter=0.0395 sec, pred_offsets=
Iteration 4:
	Resid=192999.856960, sigmaZ 6.282583, t-per-iter=0.0393 sec, pred_offsets=
Iteration 5:
	Resid=192937.877126, sigmaZ 6.281415, t-per-iter=0.0392 sec, pred_offsets=
Iteration 6:
	Resid=192883.595483, sigmaZ 6.280392, t-per-iter=0.0391 sec, pred_offsets=
Iteration 7:
	Resid=192881.394938, sigmaZ 6.280356, t-per-iter=0.0390 sec, pred_offsets=
Iteration 8:
	Resid=192879.788339, sigmaZ 6.280332, t-per-iter=0.0390 sec, pred_offsets=
Iteration 9:
	Resid=192879.589532, sigmaZ 6.280329, t-per-iter=0.0389 sec, pred_offsets=
Iteration 10:
	Resid=192878.964278, sigmaZ 6.280318, t-per-iter=0.0389 sec, pred_offsets=
Iteration 11:
	Resid=192877.537402, sigmaZ 6.280290, t-per-iter=0.0389 sec, pred_offsets=
Iteration 12:
	Resid=192876.987922, sigmaZ 6.280276, t-per-iter=0.0388 sec, pred_offsets=
Iteration 13:
	Resid=192876.923402, sigmaZ 6.280273, t-per-iter=0.0388 sec, pred_offsets=
Iteration 14:
	Resid=192876.893086, sigmaZ 6.280272, t-per-iter=0.0388 sec, pred_offsets=
Iteration 15:
	Resid=192876.852086, sigmaZ 6.280271, t-per-iter=0.0388 sec, pred_offsets=
Iteration 16:
	Resid=192876.841753, sigmaZ 6.280271, t-per-iter=0.0388 sec, pred_offsets=
Iteration 17:
	Resid=192876.841489, sigmaZ 6.280272, t-per-iter=0.0388 sec, pred_offsets=
Iteration 18:
	Resid=192876.841488, sigmaZ 6.280272, t-per-iter=0.0388 sec, pred_offsets=
Final Iteration 18:
	Resid=192876.841488, sigmaZ 6.280272
Saved detector model to _geom.out/diffBragg_detector.expt
INFO: Refinement converged. Generating DiffBragg baseline...
INFO:canonical_capture:Refinement converged. Generating DiffBragg baseline...
Spot scale=318644098369284864.000000
INFO: DiffBragg baseline saved: max=36169.54, shape=(1, 2527, 2463)
INFO:canonical_capture:DiffBragg baseline saved: max=36169.54, shape=(1, 2527, 2463)
INFO: Building nanobrag_torch configs...
INFO:canonical_capture:Building nanobrag_torch configs...
INFO: Building structure factor grid...
INFO:canonical_capture:Building structure factor grid...
INFO: BEFORE scaling: amps min=1.546e+00, max=5.183e+02, mean=4.741e+01
INFO:canonical_capture:BEFORE scaling: amps min=1.546e+00, max=5.183e+02, mean=4.741e+01
INFO: Scaling structure factors by sqrt(scale_override)=5.645e+08
INFO:canonical_capture:Scaling structure factors by sqrt(scale_override)=5.645e+08
INFO: AFTER scaling: amps min=8.728e+08, max=2.926e+11, mean=2.676e+10
INFO:canonical_capture:AFTER scaling: amps min=8.728e+08, max=2.926e+11, mean=2.676e+10
INFO: Structure factor grid stats: min=0.000e+00, max=2.926e+11, mean=1.059e+10, nonzero=69614
INFO:canonical_capture:Structure factor grid stats: min=0.000e+00, max=2.926e+11, mean=1.059e+10, nonzero=69614
INFO: HKL grid: 69614/69614 reflections in range (100.0%)
INFO:canonical_capture:HKL grid: 69614/69614 reflections in range (100.0%)
INFO: HKL grid nonzero: 69614
INFO:canonical_capture:HKL grid nonzero: 69614
INFO: Running nanobrag_torch simulator per panel...
INFO:canonical_capture:Running nanobrag_torch simulator per panel...
nanoBragg nanocrystal diffraction simulator - James Holton and Ken Frankel 8-1-17
  69614 initialized hkls (all others =0)
  gaussian xtal: 36.5x28.0x26.6 cells
Unit Cell: 27.3642 32.0577 34.4693 88.6799 71.6447 68.115
Recp Cell: 0.0417456 0.0338297 0.0307605 83.8474 109.291 112.666
volume = 26463 A^3
  amorphous part of sample is 0 m thick x 0.0001 m high x 0.0001 m wide, 1 g/cm^3 and 18 g/mol (0 molecules)
missets:  0.00000000  0.00000000  0.00000000
real-space cell vectors (Angstrom):
     a           b           c         
X: 23.96799298 -0.00000000  0.00000000
Y: 10.00398521 32.04917060 -0.00000000
Z:  8.61723307  0.73856941 34.46931600
reciprocal-space cell vectors (Angstrom^-1):
     a_star      b_star      c_star    
X:  0.04174556 -0.01303066 -0.01015707
Y:  0.00000000  0.03121944 -0.00066893
Z:  0.00000000  0.00000000  0.02902748
  wave=9.768e-11 meters +/- 0% in 1 steps
  Kahn polarization factor: 1.000000
  incident fluence: 1e+18 photons/m^2
  distance=0.231291 detsize=0.423636x0.434644  pixel=0.000172 meters (2463x2527 pixels)
  Xbeam=0.217728 Ybeam=0.213893
  Fbeam=0.217728 Sbeam=0.213893
  Xclose=0.217513 Yclose=0.21279
  Fclose=0.217513 Sclose=0.21279
  DIRECTION_OF_DETECTOR_X-AXIS= 0.999998 0.00174696 -0.00093079
  DIRECTION_OF_DETECTOR_Y-AXIS= 0.00174251 -0.999987 -0.00476722
  DIRECTION_OF_DETECTOR_Z-AXIS= -0.000939107 0.00476559 -0.999988
  INCIDENT_BEAM_DIRECTION= 0 0 1
  spindle ROTATION_AXIS= 0.999998 0.00174696 -0.00093079
  POLARIZATION_PLANE_NORMAL= 0 -1 0
  dials origin= -217.513 213.89 -230.271
  roi: 0 < x < 2463 && 0 < y < 2527
  hdivrange=0 hdivstep=0  radians
  vdivrange=0 vdivstep=0  radians
  1 divergence steps
  1 sources
  1 mosaic domains over mosaic spread of 0 degrees
  1 phi steps from 0 to 0 degrees
  1x1 pixel oversample steps
INFO: Panel 0 RAW torch output: device=cuda:0, dtype=torch.float32, shape=torch.Size([2527, 2463]), min=0.000000e+00, max=0.000000e+00, mean=0.000000e+00, nonzero=0
INFO:canonical_capture:Panel 0 RAW torch output: device=cuda:0, dtype=torch.float32, shape=torch.Size([2527, 2463]), min=0.000000e+00, max=0.000000e+00, mean=0.000000e+00, nonzero=0
INFO: Panel 0: torch_max=0.00, shape=(2527, 2463)
INFO:canonical_capture:Panel 0: torch_max=0.00, shape=(2527, 2463)
INFO: Torch baseline saved: max=0.00, shape=(1, 2527, 2463)
INFO:canonical_capture:Torch baseline saved: max=0.00, shape=(1, 2527, 2463)
INFO: Computing parity metrics...
INFO:canonical_capture:Computing parity metrics...
INFO: === Canonical Capture Complete ===
INFO:canonical_capture:=== Canonical Capture Complete ===
INFO: DiffBragg baseline: /home/ollie/Documents/diffbragg_example_2/diffbragg_example/plans/active/NANOBRAG-GOLDEN-001/reports/2025-10-29T091339Z/golden_dataset/legacy/bragg_diffbragg.npy (max=36169.54)
INFO:canonical_capture:DiffBragg baseline: /home/ollie/Documents/diffbragg_example_2/diffbragg_example/plans/active/NANOBRAG-GOLDEN-001/reports/2025-10-29T091339Z/golden_dataset/legacy/bragg_diffbragg.npy (max=36169.54)
INFO: Torch baseline: /home/ollie/Documents/diffbragg_example_2/diffbragg_example/plans/active/NANOBRAG-GOLDEN-001/reports/2025-10-29T091339Z/golden_dataset/torch/bragg_torch.npy (max=0.00)
INFO:canonical_capture:Torch baseline: /home/ollie/Documents/diffbragg_example_2/diffbragg_example/plans/active/NANOBRAG-GOLDEN-001/reports/2025-10-29T091339Z/golden_dataset/torch/bragg_torch.npy (max=0.00)
INFO: Metrics: /home/ollie/Documents/diffbragg_example_2/diffbragg_example/plans/active/NANOBRAG-GOLDEN-001/reports/2025-10-29T091339Z/golden_dataset/metrics.json
INFO:canonical_capture:Metrics: /home/ollie/Documents/diffbragg_example_2/diffbragg_example/plans/active/NANOBRAG-GOLDEN-001/reports/2025-10-29T091339Z/golden_dataset/metrics.json
INFO: Median correlation: nan
INFO:canonical_capture:Median correlation: nan
INFO: Localization success: 0.0%
INFO:canonical_capture:Localization success: 0.0%

Canonical dataset written to: /home/ollie/Documents/diffbragg_example_2/diffbragg_example/plans/active/NANOBRAG-GOLDEN-001/reports/2025-10-29T091339Z/golden_dataset
Next steps:
  1. Inspect metrics: jq '.torch_max' /home/ollie/Documents/diffbragg_example_2/diffbragg_example/plans/active/NANOBRAG-GOLDEN-001/reports/2025-10-29T091339Z/golden_dataset/torch/panel_metrics.json
  2. Check HKL stats: jq '.in_range_fraction' /home/ollie/Documents/diffbragg_example_2/diffbragg_example/plans/active/NANOBRAG-GOLDEN-001/reports/2025-10-29T091339Z/torch_hkl_debug.json
  3. Run parity tests: KMP_DUPLICATE_LIB_OK=TRUE pytest -v tests/dbex/test_db_at_001_parity.py -k DB_AT_001
