2025-10-29 11:23:56,956 - canonical_capture - INFO - === Canonical Golden Dataset Generation ===
2025-10-29 11:23:56,956 - canonical_capture - INFO - Loading refGeom experiment...
2025-10-29 11:23:57,185 - canonical_capture - INFO - Loaded 92 reflections from /home/ollie/Documents/diffbragg_example_2/diffbragg_example/refGeom.refl
2025-10-29 11:23:57,185 - canonical_capture - INFO - Starting DiffBragg refinement (GPU devId=0 per DIFFBRAGG-001)...
2025-10-29 11:23:57,221 - canonical_capture - INFO - Refinement macro cycle 1/5...
2025-10-29 11:24:32,979 - canonical_capture - INFO - Refinement macro cycle 2/5...
2025-10-29 11:24:46,815 - canonical_capture - INFO - Refinement macro cycle 3/5...
2025-10-29 11:24:59,033 - canonical_capture - INFO - Refinement macro cycle 4/5...
2025-10-29 11:25:13,224 - canonical_capture - INFO - Refinement macro cycle 5/5...
2025-10-29 11:25:26,358 - canonical_capture - INFO - Refinement converged. Generating DiffBragg baseline...
2025-10-29 11:25:26,885 - canonical_capture - INFO - DiffBragg baseline saved: max=36177.70, shape=(1, 2527, 2463)
2025-10-29 11:25:26,886 - canonical_capture - INFO - Building nanobrag_torch configs...
2025-10-29 11:25:26,924 - canonical_capture - INFO - Building structure factor grid...
2025-10-29 11:25:26,954 - canonical_capture - INFO - BEFORE scaling: amps min=1.546e+00, max=5.183e+02, mean=4.741e+01
2025-10-29 11:25:26,954 - canonical_capture - INFO - Scaling structure factors by sqrt(scale_override)=5.645e+08
2025-10-29 11:25:26,954 - canonical_capture - INFO - AFTER scaling: amps min=8.729e+08, max=2.926e+11, mean=2.676e+10
2025-10-29 11:25:28,064 - canonical_capture - INFO - Structure factor grid stats: min=0.000e+00, max=2.926e+11, mean=1.059e+10, nonzero=69614
2025-10-29 11:25:28,064 - canonical_capture - INFO - HKL grid: 69614/69614 reflections in range (100.0%)
2025-10-29 11:25:28,064 - canonical_capture - INFO - HKL grid nonzero: 69614
2025-10-29 11:25:28,068 - canonical_capture - INFO - Running nanobrag_torch simulator per panel...
2025-10-29 11:25:31,402 - canonical_capture - INFO - Panel 0 RAW torch output: device=cuda:0, dtype=torch.float32, shape=torch.Size([2527, 2463]), min=0.000000e+00, max=2.194603e+13, mean=1.216116e+08, nonzero=5622391
2025-10-29 11:25:31,423 - canonical_capture - INFO - Panel 0: torch_max=21946032979968.00, shape=(2527, 2463)
2025-10-29 11:25:31,454 - canonical_capture - INFO - Torch baseline saved: max=21946032979968.00, shape=(1, 2527, 2463)
2025-10-29 11:25:31,455 - canonical_capture - INFO - Computing parity metrics...
2025-10-29 11:25:31,468 - canonical_capture - INFO - Generating manifest.json with SHA256 checksums...
2025-10-29 11:25:31,538 - canonical_capture - INFO -   bragg_diffbragg.npy: 1ce51fa018fca84e...
2025-10-29 11:25:31,556 - canonical_capture - INFO -   bragg_torch.npy: 721d4bff57063df5...
2025-10-29 11:25:31,574 - canonical_capture - INFO -   target_panel_0.npy: 3ae4d01ef0a57dd8...
2025-10-29 11:25:31,579 - canonical_capture - INFO -   loss_mask_panel_0.npy: 9301d36f09eb6a15...
2025-10-29 11:25:31,579 - canonical_capture - INFO - Manifest written to plans/active/NANOBRAG-GOLDEN-001/reports/2025-10-29T181603Z/golden_dataset/manifest.json
2025-10-29 11:25:31,579 - canonical_capture - INFO -   manifest.json: 783adde7c5a51235... (self-checksum)
2025-10-29 11:25:31,579 - canonical_capture - INFO - Copying canonical tensors to fixtures directory: /home/ollie/Documents/diffbragg_example_2/diffbragg_example/tests/fixtures/golden_data/simple_cubic
2025-10-29 11:25:31,600 - canonical_capture - INFO -   Copied bragg_diffbragg.npy -> /home/ollie/Documents/diffbragg_example_2/diffbragg_example/tests/fixtures/golden_data/simple_cubic/bragg_diffbragg.npy
2025-10-29 11:25:31,621 - canonical_capture - INFO -   Copied bragg_torch.npy -> /home/ollie/Documents/diffbragg_example_2/diffbragg_example/tests/fixtures/golden_data/simple_cubic/bragg_torch.npy
2025-10-29 11:25:31,642 - canonical_capture - INFO -   Copied target_panel_0.npy -> /home/ollie/Documents/diffbragg_example_2/diffbragg_example/tests/fixtures/golden_data/simple_cubic/target_panel_0.npy
2025-10-29 11:25:31,647 - canonical_capture - INFO -   Copied loss_mask_panel_0.npy -> /home/ollie/Documents/diffbragg_example_2/diffbragg_example/tests/fixtures/golden_data/simple_cubic/loss_mask_panel_0.npy
2025-10-29 11:25:31,647 - canonical_capture - INFO -   Copied manifest.json -> /home/ollie/Documents/diffbragg_example_2/diffbragg_example/tests/fixtures/golden_data/simple_cubic/manifest.json
2025-10-29 11:25:31,648 - canonical_capture - INFO -   Wrote metadata.json -> /home/ollie/Documents/diffbragg_example_2/diffbragg_example/tests/fixtures/golden_data/simple_cubic/metadata.json
2025-10-29 11:25:31,648 - canonical_capture - INFO - === Canonical Capture Complete ===
2025-10-29 11:25:31,649 - canonical_capture - INFO - DiffBragg baseline: plans/active/NANOBRAG-GOLDEN-001/reports/2025-10-29T181603Z/golden_dataset/legacy/bragg_diffbragg.npy (max=36177.70)
2025-10-29 11:25:31,650 - canonical_capture - INFO - Torch baseline: plans/active/NANOBRAG-GOLDEN-001/reports/2025-10-29T181603Z/golden_dataset/torch/bragg_torch.npy (max=21946032979968.00)
2025-10-29 11:25:31,650 - canonical_capture - INFO - Metrics: plans/active/NANOBRAG-GOLDEN-001/reports/2025-10-29T181603Z/golden_dataset/metrics.json
2025-10-29 11:25:31,651 - canonical_capture - INFO - Median correlation: -0.0358
2025-10-29 11:25:31,651 - canonical_capture - INFO - Localization success: 5.6%
