2025-11-04 09:17:22,624 - canonical_capture - INFO - === Canonical Golden Dataset Generation ===
2025-11-04 09:17:22,624 - canonical_capture - INFO - Loading refGeom experiment...
2025-11-04 09:17:23,531 - canonical_capture - INFO - Loaded 92 reflections from /home/ollie/Documents/diffbragg_example_2/diffbragg_example/refGeom.refl
2025-11-04 09:17:23,531 - canonical_capture - INFO - Starting DiffBragg refinement (GPU devId=0 per DIFFBRAGG-001)...
2025-11-04 09:17:23,564 - canonical_capture - INFO - Refinement macro cycle 1/5...
2025-11-04 09:17:59,558 - canonical_capture - INFO - Refinement macro cycle 2/5...
2025-11-04 09:18:14,434 - canonical_capture - INFO - Refinement macro cycle 3/5...
2025-11-04 09:18:29,106 - canonical_capture - INFO - Refinement macro cycle 4/5...
2025-11-04 09:18:43,137 - canonical_capture - INFO - Refinement macro cycle 5/5...
2025-11-04 09:18:57,601 - canonical_capture - INFO - Refinement converged. Generating DiffBragg baseline...
2025-11-04 09:18:58,131 - canonical_capture - INFO - DiffBragg baseline saved: max=36174.23, shape=(1, 2527, 2463)
2025-11-04 09:18:58,132 - canonical_capture - INFO - Building nanobrag_torch configs...
2025-11-04 09:18:58,205 - canonical_capture - INFO - Building structure factor grid...
2025-11-04 09:18:58,236 - canonical_capture - INFO - Structure factors (no scaling applied per SCALE-001): min=1.546e+00, max=5.183e+02, mean=4.741e+01
2025-11-04 09:18:58,236 - canonical_capture - INFO - Ignoring scale_override=3.187e+17 per SCALE-001 (DiffBragg handles scaling internally)
2025-11-04 09:18:59,327 - canonical_capture - INFO - Structure factor grid stats: min=0.000e+00, max=5.183e+02, mean=1.876e+01, nonzero=69614
2025-11-04 09:18:59,327 - canonical_capture - INFO - HKL grid: 69614/69614 reflections in range (100.0%)
2025-11-04 09:18:59,327 - canonical_capture - INFO - HKL grid nonzero: 69614
2025-11-04 09:18:59,331 - canonical_capture - INFO - Running nanobrag_torch simulator per panel...
2025-11-04 09:18:59,331 - canonical_capture - INFO - Post-simulation global scale factor: sqrt(3.187322e+17) = 5.645637e+08
2025-11-04 09:19:02,738 - canonical_capture - INFO - Panel 0 RAW torch output: device=cuda:0, dtype=torch.float32, shape=torch.Size([2527, 2463]), min=0.000000e+00, max=8.122207e-05, mean=3.735272e-10, nonzero=5620730
2025-11-04 09:19:02,738 - canonical_capture - INFO - Panel 0 SCALED torch output: min=0.000000e+00, max=4.585503e+04, mean=2.108799e-01
2025-11-04 09:19:02,759 - canonical_capture - INFO - Panel 0: torch_max=45855.03, shape=(2527, 2463)
2025-11-04 09:19:02,791 - canonical_capture - INFO - Torch baseline saved: max=45855.03, shape=(1, 2527, 2463)
2025-11-04 09:19:02,791 - canonical_capture - INFO - Computing parity metrics...
2025-11-04 09:19:02,809 - canonical_capture - INFO - Persisting refined structure factors and geometry for parity testing (MAP-SCALE-001)...
2025-11-04 09:19:02,810 - canonical_capture - INFO - Refined MTZ saved to /home/ollie/Documents/diffbragg_example_2/diffbragg_example/plans/active/MAP-SCALE-001/reports/2025-11-04T130000Z/refined_capture/torch/refined_structure_factors.mtz
2025-11-04 09:19:02,810 - canonical_capture - INFO - Refined geometry saved to /home/ollie/Documents/diffbragg_example_2/diffbragg_example/plans/active/MAP-SCALE-001/reports/2025-11-04T130000Z/refined_capture/torch/refined.expt, /home/ollie/Documents/diffbragg_example_2/diffbragg_example/plans/active/MAP-SCALE-001/reports/2025-11-04T130000Z/refined_capture/torch/refined.refl
2025-11-04 09:19:02,812 - canonical_capture - INFO - Refined MTZ copied to fixtures: /home/ollie/Documents/diffbragg_example_2/diffbragg_example/tests/fixtures/golden_data/simple_cubic/refined_structure_factors.mtz
2025-11-04 09:19:02,812 - canonical_capture - INFO - Refined geometry copied to fixtures: /home/ollie/Documents/diffbragg_example_2/diffbragg_example/tests/fixtures/golden_data/simple_cubic/refined.expt, /home/ollie/Documents/diffbragg_example_2/diffbragg_example/tests/fixtures/golden_data/simple_cubic/refined.refl
2025-11-04 09:19:02,812 - canonical_capture - INFO - Generating manifest.json with SHA256 checksums...
2025-11-04 09:19:02,899 - canonical_capture - INFO -   bragg_diffbragg.npy: 46a262548a9ddf98...
2025-11-04 09:19:02,916 - canonical_capture - INFO -   bragg_torch.npy: 386819c13dd802fa...
2025-11-04 09:19:02,934 - canonical_capture - INFO -   target_panel_0.npy: 3ae4d01ef0a57dd8...
2025-11-04 09:19:02,939 - canonical_capture - INFO -   loss_mask_panel_0.npy: 9301d36f09eb6a15...
2025-11-04 09:19:02,939 - canonical_capture - INFO -   refined_structure_factors.mtz: 2787637c21368e17...
2025-11-04 09:19:02,939 - canonical_capture - INFO -   refined.expt: cbf5454e7bd85144...
2025-11-04 09:19:02,939 - canonical_capture - INFO -   refined.refl: 4e26589f203fb219...
2025-11-04 09:19:02,940 - canonical_capture - INFO - Manifest written to /home/ollie/Documents/diffbragg_example_2/diffbragg_example/plans/active/MAP-SCALE-001/reports/2025-11-04T130000Z/refined_capture/manifest.json
2025-11-04 09:19:02,940 - canonical_capture - INFO -   manifest.json: b73e5049daebcb6a... (self-checksum)
2025-11-04 09:19:02,940 - canonical_capture - INFO - Copying canonical tensors to fixtures directory: /home/ollie/Documents/diffbragg_example_2/diffbragg_example/tests/fixtures/golden_data/simple_cubic
2025-11-04 09:19:02,962 - canonical_capture - INFO -   Copied bragg_diffbragg.npy -> /home/ollie/Documents/diffbragg_example_2/diffbragg_example/tests/fixtures/golden_data/simple_cubic/bragg_diffbragg.npy
2025-11-04 09:19:02,983 - canonical_capture - INFO -   Copied bragg_torch.npy -> /home/ollie/Documents/diffbragg_example_2/diffbragg_example/tests/fixtures/golden_data/simple_cubic/bragg_torch.npy
2025-11-04 09:19:03,003 - canonical_capture - INFO -   Copied target_panel_0.npy -> /home/ollie/Documents/diffbragg_example_2/diffbragg_example/tests/fixtures/golden_data/simple_cubic/target_panel_0.npy
2025-11-04 09:19:03,009 - canonical_capture - INFO -   Copied loss_mask_panel_0.npy -> /home/ollie/Documents/diffbragg_example_2/diffbragg_example/tests/fixtures/golden_data/simple_cubic/loss_mask_panel_0.npy
2025-11-04 09:19:03,009 - canonical_capture - INFO -   Copied refined_structure_factors.mtz -> /home/ollie/Documents/diffbragg_example_2/diffbragg_example/tests/fixtures/golden_data/simple_cubic/refined_structure_factors.mtz
2025-11-04 09:19:03,010 - canonical_capture - INFO -   Copied refined.expt -> /home/ollie/Documents/diffbragg_example_2/diffbragg_example/tests/fixtures/golden_data/simple_cubic/refined.expt
2025-11-04 09:19:03,010 - canonical_capture - INFO -   Copied refined.refl -> /home/ollie/Documents/diffbragg_example_2/diffbragg_example/tests/fixtures/golden_data/simple_cubic/refined.refl
2025-11-04 09:19:03,011 - canonical_capture - INFO -   Copied manifest.json -> /home/ollie/Documents/diffbragg_example_2/diffbragg_example/tests/fixtures/golden_data/simple_cubic/manifest.json
2025-11-04 09:19:03,011 - canonical_capture - INFO -   Wrote metadata.json -> /home/ollie/Documents/diffbragg_example_2/diffbragg_example/tests/fixtures/golden_data/simple_cubic/metadata.json
2025-11-04 09:19:03,011 - canonical_capture - INFO - === Canonical Capture Complete ===
2025-11-04 09:19:03,012 - canonical_capture - INFO - DiffBragg baseline: /home/ollie/Documents/diffbragg_example_2/diffbragg_example/plans/active/MAP-SCALE-001/reports/2025-11-04T130000Z/refined_capture/legacy/bragg_diffbragg.npy (max=36174.23)
2025-11-04 09:19:03,014 - canonical_capture - INFO - Torch baseline: /home/ollie/Documents/diffbragg_example_2/diffbragg_example/plans/active/MAP-SCALE-001/reports/2025-11-04T130000Z/refined_capture/torch/bragg_torch.npy (max=45855.03)
2025-11-04 09:19:03,014 - canonical_capture - INFO - Metrics: /home/ollie/Documents/diffbragg_example_2/diffbragg_example/plans/active/MAP-SCALE-001/reports/2025-11-04T130000Z/refined_capture/metrics.json
2025-11-04 09:19:03,014 - canonical_capture - INFO - Median correlation: 0.8073
2025-11-04 09:19:03,014 - canonical_capture - INFO - Localization success: 100.0%
