============================= test session starts ==============================
platform linux -- Python 3.9.23, pytest-8.4.2, pluggy-1.6.0
rootdir: /home/ollie/Documents/diffbragg_example_2/diffbragg_example
configfile: pyproject.toml
collected 68 items / 63 deselected / 5 selected

<Dir diffbragg_example>
  <Package tests>
    <Package dbex>
      <Module test_gradients.py>
        <Class TestDB_AT_010_Gradcheck>
          <Function test_db_at_010_gradcheck_crystal_cell_a>
          <Function test_db_at_010_gradcheck_crystal_cell_gamma>
          <Function test_db_at_010_gradcheck_detector_distance>
          <Function test_db_at_010_gradcheck_beam_wavelength>
          <Function test_db_at_010_gradcheck>

=============================== warnings summary ===============================
<frozen importlib._bootstrap>:228
  <frozen importlib._bootstrap>:228: DeprecationWarning: builtin type SwigPyPacked has no __module__ attribute

<frozen importlib._bootstrap>:228
  <frozen importlib._bootstrap>:228: DeprecationWarning: builtin type SwigPyObject has no __module__ attribute

<frozen importlib._bootstrap>:228
  <frozen importlib._bootstrap>:228: DeprecationWarning: builtin type swigvarlink has no __module__ attribute

../../../miniconda3/envs/simtbx/lib/python3.9/site-packages/dials/extensions/__init__.py:3
  /home/ollie/miniconda3/envs/simtbx/lib/python3.9/site-packages/dials/extensions/__init__.py:3: UserWarning: pkg_resources is deprecated as an API. See https://setuptools.pypa.io/en/latest/pkg_resources.html. The pkg_resources package is slated for removal as early as 2025-11-30. Refrain from using this package or pin to Setuptools<81.
    import pkg_resources

tests/dbex/test_mapping_consistency.py:95
  /home/ollie/Documents/diffbragg_example_2/diffbragg_example/tests/dbex/test_mapping_consistency.py:95: PytestUnknownMarkWarning: Unknown pytest.mark.db_at_024 - is this a typo?  You can register custom marks to avoid this warning - for details, see https://docs.pytest.org/en/stable/how-to/mark.html
    @pytest.mark.db_at_024

tests/dbex/test_mapping_consistency.py:96
  /home/ollie/Documents/diffbragg_example_2/diffbragg_example/tests/dbex/test_mapping_consistency.py:96: PytestUnknownMarkWarning: Unknown pytest.mark.mapping - is this a typo?  You can register custom marks to avoid this warning - for details, see https://docs.pytest.org/en/stable/how-to/mark.html
    @pytest.mark.mapping

-- Docs: https://docs.pytest.org/en/stable/how-to/capture-warnings.html
================ 5/68 tests collected (63 deselected) in 1.95s =================
