2025-10-29 11:40:44,328 - canonical_capture - INFO - === Canonical Golden Dataset Generation ===
2025-10-29 11:40:44,328 - canonical_capture - INFO - Loading refGeom experiment...
2025-10-29 11:40:44,551 - canonical_capture - INFO - Loaded 92 reflections from /home/ollie/Documents/diffbragg_example_2/diffbragg_example/refGeom.refl
2025-10-29 11:40:44,551 - canonical_capture - INFO - Starting DiffBragg refinement (GPU devId=0 per DIFFBRAGG-001)...
2025-10-29 11:40:44,584 - canonical_capture - INFO - Refinement macro cycle 1/5...
2025-10-29 11:41:20,313 - canonical_capture - INFO - Refinement macro cycle 2/5...
2025-10-29 11:41:34,183 - canonical_capture - INFO - Refinement macro cycle 3/5...
2025-10-29 11:41:46,469 - canonical_capture - INFO - Refinement macro cycle 4/5...
2025-10-29 11:42:00,305 - canonical_capture - INFO - Refinement macro cycle 5/5...
2025-10-29 11:42:13,759 - canonical_capture - INFO - Refinement converged. Generating DiffBragg baseline...
2025-10-29 11:42:14,279 - canonical_capture - INFO - DiffBragg baseline saved: max=36164.90, shape=(1, 2527, 2463)
2025-10-29 11:42:14,280 - canonical_capture - INFO - Building nanobrag_torch configs...
2025-10-29 11:42:14,317 - canonical_capture - INFO - Building structure factor grid...
2025-10-29 11:42:14,347 - canonical_capture - INFO - Structure factors (no scaling applied per SCALE-001): min=1.546e+00, max=5.183e+02, mean=4.741e+01
2025-10-29 11:42:14,347 - canonical_capture - INFO - Ignoring scale_override=3.185e+17 per SCALE-001 (DiffBragg handles scaling internally)
2025-10-29 11:42:15,420 - canonical_capture - INFO - Structure factor grid stats: min=0.000e+00, max=5.183e+02, mean=1.876e+01, nonzero=69614
2025-10-29 11:42:15,420 - canonical_capture - INFO - HKL grid: 69614/69614 reflections in range (100.0%)
2025-10-29 11:42:15,420 - canonical_capture - INFO - HKL grid nonzero: 69614
2025-10-29 11:42:15,424 - canonical_capture - INFO - Running nanobrag_torch simulator per panel...
2025-10-29 11:42:18,739 - canonical_capture - INFO - Panel 0 RAW torch output: device=cuda:0, dtype=torch.float32, shape=torch.Size([2527, 2463]), min=0.000000e+00, max=6.914329e-05, mean=3.819114e-10, nonzero=5622327
2025-10-29 11:42:18,759 - canonical_capture - INFO - Panel 0: torch_max=0.00, shape=(2527, 2463)
2025-10-29 11:42:18,791 - canonical_capture - INFO - Torch baseline saved: max=0.00, shape=(1, 2527, 2463)
2025-10-29 11:42:18,791 - canonical_capture - INFO - Computing parity metrics...
2025-10-29 11:42:18,803 - canonical_capture - INFO - Generating manifest.json with SHA256 checksums...
2025-10-29 11:42:18,875 - canonical_capture - INFO -   bragg_diffbragg.npy: 036dac3d3d2d8892...
2025-10-29 11:42:18,893 - canonical_capture - INFO -   bragg_torch.npy: 177a0b16694214e4...
2025-10-29 11:42:18,910 - canonical_capture - INFO -   target_panel_0.npy: 3ae4d01ef0a57dd8...
2025-10-29 11:42:18,915 - canonical_capture - INFO -   loss_mask_panel_0.npy: 9301d36f09eb6a15...
2025-10-29 11:42:18,915 - canonical_capture - INFO - Manifest written to /home/ollie/Documents/diffbragg_example_2/diffbragg_example/plans/active/NANOBRAG-GOLDEN-001/reports/2025-10-29T212500Z/golden_dataset/manifest.json
2025-10-29 11:42:18,915 - canonical_capture - INFO -   manifest.json: e0c675f6d645474f... (self-checksum)
2025-10-29 11:42:18,916 - canonical_capture - INFO - Copying canonical tensors to fixtures directory: /home/ollie/Documents/diffbragg_example_2/diffbragg_example/tests/fixtures/golden_data/simple_cubic
2025-10-29 11:42:18,937 - canonical_capture - INFO -   Copied bragg_diffbragg.npy -> /home/ollie/Documents/diffbragg_example_2/diffbragg_example/tests/fixtures/golden_data/simple_cubic/bragg_diffbragg.npy
2025-10-29 11:42:18,958 - canonical_capture - INFO -   Copied bragg_torch.npy -> /home/ollie/Documents/diffbragg_example_2/diffbragg_example/tests/fixtures/golden_data/simple_cubic/bragg_torch.npy
2025-10-29 11:42:18,978 - canonical_capture - INFO -   Copied target_panel_0.npy -> /home/ollie/Documents/diffbragg_example_2/diffbragg_example/tests/fixtures/golden_data/simple_cubic/target_panel_0.npy
2025-10-29 11:42:18,983 - canonical_capture - INFO -   Copied loss_mask_panel_0.npy -> /home/ollie/Documents/diffbragg_example_2/diffbragg_example/tests/fixtures/golden_data/simple_cubic/loss_mask_panel_0.npy
2025-10-29 11:42:18,984 - canonical_capture - INFO -   Copied manifest.json -> /home/ollie/Documents/diffbragg_example_2/diffbragg_example/tests/fixtures/golden_data/simple_cubic/manifest.json
2025-10-29 11:42:18,984 - canonical_capture - INFO -   Wrote metadata.json -> /home/ollie/Documents/diffbragg_example_2/diffbragg_example/tests/fixtures/golden_data/simple_cubic/metadata.json
2025-10-29 11:42:18,984 - canonical_capture - INFO - === Canonical Capture Complete ===
2025-10-29 11:42:18,985 - canonical_capture - INFO - DiffBragg baseline: /home/ollie/Documents/diffbragg_example_2/diffbragg_example/plans/active/NANOBRAG-GOLDEN-001/reports/2025-10-29T212500Z/golden_dataset/legacy/bragg_diffbragg.npy (max=36164.90)
2025-10-29 11:42:18,986 - canonical_capture - INFO - Torch baseline: /home/ollie/Documents/diffbragg_example_2/diffbragg_example/plans/active/NANOBRAG-GOLDEN-001/reports/2025-10-29T212500Z/golden_dataset/torch/bragg_torch.npy (max=0.00)
2025-10-29 11:42:18,986 - canonical_capture - INFO - Metrics: /home/ollie/Documents/diffbragg_example_2/diffbragg_example/plans/active/NANOBRAG-GOLDEN-001/reports/2025-10-29T212500Z/golden_dataset/metrics.json
2025-10-29 11:42:18,986 - canonical_capture - INFO - Median correlation: -0.0358
2025-10-29 11:42:18,986 - canonical_capture - INFO - Localization success: 5.6%
