/home/ollie/miniconda3/envs/simtbx/lib/python3.9/site-packages/dials/extensions/__init__.py:3: UserWarning: pkg_resources is deprecated as an API. See https://setuptools.pypa.io/en/latest/pkg_resources.html. The pkg_resources package is slated for removal as early as 2025-11-30. Refrain from using this package or pin to Setuptools<81.
  import pkg_resources
auto-selected 1-fold oversampling
[HKL stats] h=[-12,7] k=[-14,9] l=[-14,8] hit_rate=1045469/1048576 (99.70%)
auto-selected 1-fold oversampling
[HKL stats] h=[11,11] k=[11,11] l=[3,4] hit_rate=144/144 (100.00%)
auto-selected 1-fold oversampling
[HKL stats] h=[7,7] k=[11,12] l=[2,2] hit_rate=144/144 (100.00%)
auto-selected 1-fold oversampling
[HKL stats] h=[-0,-0] k=[11,11] l=[3,3] hit_rate=144/144 (100.00%)
auto-selected 1-fold oversampling
[HKL stats] h=[11,12] k=[10,10] l=[3,3] hit_rate=144/144 (100.00%)
auto-selected 1-fold oversampling
[HKL stats] h=[1,1] k=[10,10] l=[2,2] hit_rate=144/144 (100.00%)
auto-selected 1-fold oversampling
[HKL stats] h=[5,5] k=[8,9] l=[1,1] hit_rate=144/144 (100.00%)
auto-selected 1-fold oversampling
[HKL stats] h=[11,11] k=[7,7] l=[3,3] hit_rate=144/144 (100.00%)
auto-selected 1-fold oversampling
[HKL stats] h=[4,4] k=[6,7] l=[1,1] hit_rate=144/144 (100.00%)
auto-selected 1-fold oversampling
[HKL stats] h=[-1,-1] k=[6,6] l=[1,1] hit_rate=144/144 (100.00%)
auto-selected 1-fold oversampling
[HKL stats] h=[1,1] k=[6,6] l=[1,1] hit_rate=144/144 (100.00%)
auto-selected 1-fold oversampling
[HKL stats] h=[4,5] k=[5,6] l=[1,1] hit_rate=144/144 (100.00%)
auto-selected 1-fold oversampling
[HKL stats] h=[-5,-4] k=[6,6] l=[2,2] hit_rate=144/144 (100.00%)
auto-selected 1-fold oversampling
[HKL stats] h=[-2,-2] k=[5,5] l=[1,1] hit_rate=144/144 (100.00%)
auto-selected 1-fold oversampling
[HKL stats] h=[-4,-4] k=[4,5] l=[1,1] hit_rate=144/144 (100.00%)
auto-selected 1-fold oversampling
[HKL stats] h=[-1,-1] k=[2,2] l=[0,0] hit_rate=144/144 (100.00%)
auto-selected 1-fold oversampling
[HKL stats] h=[7,8] k=[-2,-2] l=[2,2] hit_rate=144/144 (100.00%)
auto-selected 1-fold oversampling
[HKL stats] h=[-1,-1] k=[-2,-2] l=[0,0] hit_rate=144/144 (100.00%)
auto-selected 1-fold oversampling
[HKL stats] h=[3,4] k=[-2,-2] l=[1,1] hit_rate=144/144 (100.00%)
auto-selected 1-fold oversampling
[HKL stats] h=[-7,-7] k=[-2,-2] l=[1,1] hit_rate=144/144 (100.00%)
auto-selected 1-fold oversampling
[HKL stats] h=[-3,-3] k=[-3,-3] l=[0,0] hit_rate=144/144 (100.00%)
auto-selected 1-fold oversampling
[HKL stats] h=[2,3] k=[-4,-4] l=[1,1] hit_rate=144/144 (100.00%)
auto-selected 1-fold oversampling
[HKL stats] h=[4,4] k=[-4,-4] l=[1,1] hit_rate=144/144 (100.00%)
auto-selected 1-fold oversampling
[HKL stats] h=[-9,-8] k=[-4,-4] l=[2,2] hit_rate=144/144 (100.00%)
auto-selected 1-fold oversampling
[HKL stats] h=[-4,-3] k=[-7,-6] l=[1,1] hit_rate=144/144 (100.00%)
auto-selected 1-fold oversampling
[HKL stats] h=[-0,-0] k=[-7,-7] l=[1,1] hit_rate=144/144 (100.00%)
auto-selected 1-fold oversampling
[HKL stats] h=[-8,-7] k=[-7,-7] l=[2,2] hit_rate=144/144 (100.00%)
auto-selected 1-fold oversampling
[HKL stats] h=[-2,-2] k=[-8,-8] l=[1,1] hit_rate=144/144 (100.00%)
auto-selected 1-fold oversampling
[HKL stats] h=[-5,-5] k=[-8,-8] l=[1,1] hit_rate=144/144 (100.00%)
auto-selected 1-fold oversampling
[HKL stats] h=[-0,-0] k=[-10,-10] l=[2,2] hit_rate=144/144 (100.00%)
auto-selected 1-fold oversampling
[HKL stats] h=[-2,-2] k=[5,5] l=[1,1] hit_rate=144/144 (100.00%)
auto-selected 1-fold oversampling
[HKL stats] h=[-1,-1] k=[-2,-2] l=[0,0] hit_rate=144/144 (100.00%)
auto-selected 1-fold oversampling
[HKL stats] h=[-9,-8] k=[-4,-4] l=[2,2] hit_rate=144/144 (100.00%)
auto-selected 1-fold oversampling
[HKL stats] h=[-5,-5] k=[-8,-8] l=[1,1] hit_rate=144/144 (100.00%)
auto-selected 1-fold oversampling
[HKL stats] h=[11,11] k=[11,11] l=[3,4] hit_rate=144/144 (100.00%)
auto-selected 1-fold oversampling
[HKL stats] h=[7,7] k=[11,12] l=[2,2] hit_rate=144/144 (100.00%)
auto-selected 1-fold oversampling
[HKL stats] h=[-0,-0] k=[11,11] l=[3,3] hit_rate=144/144 (100.00%)
auto-selected 1-fold oversampling
[HKL stats] h=[11,12] k=[10,10] l=[3,3] hit_rate=144/144 (100.00%)
auto-selected 1-fold oversampling
[HKL stats] h=[1,1] k=[10,10] l=[2,2] hit_rate=144/144 (100.00%)
auto-selected 1-fold oversampling
[HKL stats] h=[5,5] k=[8,9] l=[1,1] hit_rate=144/144 (100.00%)
auto-selected 1-fold oversampling
[HKL stats] h=[11,11] k=[7,7] l=[3,3] hit_rate=144/144 (100.00%)
auto-selected 1-fold oversampling
[HKL stats] h=[4,4] k=[6,7] l=[1,1] hit_rate=144/144 (100.00%)
auto-selected 1-fold oversampling
[HKL stats] h=[-1,-1] k=[6,6] l=[1,1] hit_rate=144/144 (100.00%)
auto-selected 1-fold oversampling
[HKL stats] h=[1,1] k=[6,6] l=[1,1] hit_rate=144/144 (100.00%)
auto-selected 1-fold oversampling
[HKL stats] h=[4,5] k=[5,6] l=[1,1] hit_rate=144/144 (100.00%)
auto-selected 1-fold oversampling
[HKL stats] h=[-5,-4] k=[6,6] l=[2,2] hit_rate=144/144 (100.00%)
auto-selected 1-fold oversampling
[HKL stats] h=[-2,-2] k=[5,5] l=[1,1] hit_rate=144/144 (100.00%)
auto-selected 1-fold oversampling
[HKL stats] h=[-4,-4] k=[4,5] l=[1,1] hit_rate=144/144 (100.00%)
auto-selected 1-fold oversampling
[HKL stats] h=[-1,-1] k=[2,2] l=[0,0] hit_rate=144/144 (100.00%)
auto-selected 1-fold oversampling
[HKL stats] h=[7,8] k=[-2,-2] l=[2,2] hit_rate=144/144 (100.00%)
auto-selected 1-fold oversampling
[HKL stats] h=[-1,-1] k=[-2,-2] l=[0,0] hit_rate=144/144 (100.00%)
auto-selected 1-fold oversampling
[HKL stats] h=[3,4] k=[-2,-2] l=[1,1] hit_rate=144/144 (100.00%)
auto-selected 1-fold oversampling
[HKL stats] h=[-7,-7] k=[-2,-2] l=[1,1] hit_rate=144/144 (100.00%)
auto-selected 1-fold oversampling
[HKL stats] h=[-3,-3] k=[-3,-3] l=[0,0] hit_rate=144/144 (100.00%)
auto-selected 1-fold oversampling
[HKL stats] h=[2,3] k=[-4,-4] l=[1,1] hit_rate=144/144 (100.00%)
auto-selected 1-fold oversampling
[HKL stats] h=[4,4] k=[-4,-4] l=[1,1] hit_rate=144/144 (100.00%)
auto-selected 1-fold oversampling
[HKL stats] h=[-9,-8] k=[-4,-4] l=[2,2] hit_rate=144/144 (100.00%)
auto-selected 1-fold oversampling
[HKL stats] h=[-4,-3] k=[-7,-6] l=[1,1] hit_rate=144/144 (100.00%)
auto-selected 1-fold oversampling
[HKL stats] h=[-0,-0] k=[-7,-7] l=[1,1] hit_rate=144/144 (100.00%)
auto-selected 1-fold oversampling
[HKL stats] h=[-8,-7] k=[-7,-7] l=[2,2] hit_rate=144/144 (100.00%)
auto-selected 1-fold oversampling
[HKL stats] h=[-2,-2] k=[-8,-8] l=[1,1] hit_rate=144/144 (100.00%)
auto-selected 1-fold oversampling
[HKL stats] h=[-5,-5] k=[-8,-8] l=[1,1] hit_rate=144/144 (100.00%)
auto-selected 1-fold oversampling
[HKL stats] h=[-0,-0] k=[-10,-10] l=[2,2] hit_rate=144/144 (100.00%)
auto-selected 1-fold oversampling
[HKL stats] h=[-2,-2] k=[5,5] l=[1,1] hit_rate=144/144 (100.00%)
auto-selected 1-fold oversampling
[HKL stats] h=[-1,-1] k=[-2,-2] l=[0,0] hit_rate=144/144 (100.00%)
auto-selected 1-fold oversampling
[HKL stats] h=[-9,-8] k=[-4,-4] l=[2,2] hit_rate=144/144 (100.00%)
auto-selected 1-fold oversampling
[HKL stats] h=[-5,-5] k=[-8,-8] l=[1,1] hit_rate=144/144 (100.00%)
auto-selected 1-fold oversampling
[HKL stats] h=[-2,-2] k=[5,5] l=[1,1] hit_rate=144/144 (100.00%)
auto-selected 1-fold oversampling
[HKL stats] h=[-1,-1] k=[-2,-2] l=[0,0] hit_rate=144/144 (100.00%)
auto-selected 1-fold oversampling
[HKL stats] h=[-9,-8] k=[-4,-4] l=[2,2] hit_rate=144/144 (100.00%)
auto-selected 1-fold oversampling
[HKL stats] h=[-5,-5] k=[-8,-8] l=[1,1] hit_rate=144/144 (100.00%)
auto-selected 1-fold oversampling
[HKL stats] h=[-2,-2] k=[5,5] l=[1,1] hit_rate=144/144 (100.00%)
auto-selected 1-fold oversampling
[HKL stats] h=[-1,-1] k=[-2,-2] l=[0,0] hit_rate=144/144 (100.00%)
auto-selected 1-fold oversampling
[HKL stats] h=[-9,-8] k=[-4,-4] l=[2,2] hit_rate=144/144 (100.00%)
auto-selected 1-fold oversampling
[HKL stats] h=[-5,-5] k=[-8,-8] l=[1,1] hit_rate=144/144 (100.00%)
auto-selected 1-fold oversampling
[HKL stats] h=[-2,-2] k=[5,5] l=[1,1] hit_rate=144/144 (100.00%)
auto-selected 1-fold oversampling
[HKL stats] h=[-1,-1] k=[-2,-2] l=[0,0] hit_rate=144/144 (100.00%)
auto-selected 1-fold oversampling
[HKL stats] h=[-9,-8] k=[-4,-4] l=[2,2] hit_rate=144/144 (100.00%)
auto-selected 1-fold oversampling
[HKL stats] h=[-5,-5] k=[-8,-8] l=[1,1] hit_rate=144/144 (100.00%)
auto-selected 1-fold oversampling
[HKL stats] h=[11,11] k=[11,11] l=[3,4] hit_rate=144/144 (100.00%)
auto-selected 1-fold oversampling
[HKL stats] h=[7,7] k=[11,12] l=[2,2] hit_rate=144/144 (100.00%)
auto-selected 1-fold oversampling
[HKL stats] h=[-0,-0] k=[11,11] l=[3,3] hit_rate=144/144 (100.00%)
auto-selected 1-fold oversampling
[HKL stats] h=[11,12] k=[10,10] l=[3,3] hit_rate=144/144 (100.00%)
auto-selected 1-fold oversampling
[HKL stats] h=[1,1] k=[10,10] l=[2,2] hit_rate=144/144 (100.00%)
auto-selected 1-fold oversampling
[HKL stats] h=[5,5] k=[8,9] l=[1,1] hit_rate=144/144 (100.00%)
auto-selected 1-fold oversampling
[HKL stats] h=[11,11] k=[7,7] l=[3,3] hit_rate=144/144 (100.00%)
auto-selected 1-fold oversampling
[HKL stats] h=[4,4] k=[6,7] l=[1,1] hit_rate=144/144 (100.00%)
auto-selected 1-fold oversampling
[HKL stats] h=[-1,-1] k=[6,6] l=[1,1] hit_rate=144/144 (100.00%)
auto-selected 1-fold oversampling
[HKL stats] h=[1,1] k=[6,6] l=[1,1] hit_rate=144/144 (100.00%)
auto-selected 1-fold oversampling
[HKL stats] h=[4,5] k=[5,6] l=[1,1] hit_rate=144/144 (100.00%)
auto-selected 1-fold oversampling
[HKL stats] h=[-5,-4] k=[6,6] l=[2,2] hit_rate=144/144 (100.00%)
auto-selected 1-fold oversampling
[HKL stats] h=[-2,-2] k=[5,5] l=[1,1] hit_rate=144/144 (100.00%)
auto-selected 1-fold oversampling
[HKL stats] h=[-4,-4] k=[4,5] l=[1,1] hit_rate=144/144 (100.00%)
auto-selected 1-fold oversampling
[HKL stats] h=[-1,-1] k=[2,2] l=[0,0] hit_rate=144/144 (100.00%)
auto-selected 1-fold oversampling
[HKL stats] h=[7,8] k=[-2,-2] l=[2,2] hit_rate=144/144 (100.00%)
auto-selected 1-fold oversampling
[HKL stats] h=[-1,-1] k=[-2,-2] l=[0,0] hit_rate=144/144 (100.00%)
auto-selected 1-fold oversampling
[HKL stats] h=[3,4] k=[-2,-2] l=[1,1] hit_rate=144/144 (100.00%)
auto-selected 1-fold oversampling
[HKL stats] h=[-7,-7] k=[-2,-2] l=[1,1] hit_rate=144/144 (100.00%)
auto-selected 1-fold oversampling
[HKL stats] h=[-3,-3] k=[-3,-3] l=[0,0] hit_rate=144/144 (100.00%)
auto-selected 1-fold oversampling
[HKL stats] h=[2,3] k=[-4,-4] l=[1,1] hit_rate=144/144 (100.00%)
auto-selected 1-fold oversampling
[HKL stats] h=[4,4] k=[-4,-4] l=[1,1] hit_rate=144/144 (100.00%)
auto-selected 1-fold oversampling
[HKL stats] h=[-9,-8] k=[-4,-4] l=[2,2] hit_rate=144/144 (100.00%)
auto-selected 1-fold oversampling
[HKL stats] h=[-4,-3] k=[-7,-6] l=[1,1] hit_rate=144/144 (100.00%)
auto-selected 1-fold oversampling
[HKL stats] h=[-0,-0] k=[-7,-7] l=[1,1] hit_rate=144/144 (100.00%)
auto-selected 1-fold oversampling
[HKL stats] h=[-8,-7] k=[-7,-7] l=[2,2] hit_rate=144/144 (100.00%)
auto-selected 1-fold oversampling
[HKL stats] h=[-2,-2] k=[-8,-8] l=[1,1] hit_rate=144/144 (100.00%)
auto-selected 1-fold oversampling
[HKL stats] h=[-5,-5] k=[-8,-8] l=[1,1] hit_rate=144/144 (100.00%)
auto-selected 1-fold oversampling
[HKL stats] h=[-0,-0] k=[-10,-10] l=[2,2] hit_rate=144/144 (100.00%)
auto-selected 1-fold oversampling
[HKL stats] h=[-11,13] k=[-11,12] l=[0,4] hit_rate=1046289/1048576 (99.78%)
auto-selected 1-fold oversampling
[HKL stats] h=[-11,13] k=[-11,12] l=[0,4] hit_rate=1046289/1048576 (99.78%)
auto-selected 1-fold oversampling
[HKL stats] h=[-11,13] k=[-11,12] l=[0,4] hit_rate=1046289/1048576 (99.78%)
auto-selected 1-fold oversampling
[HKL stats] h=[-11,13] k=[-11,12] l=[0,4] hit_rate=1046278/1048576 (99.78%)
auto-selected 1-fold oversampling
[HKL stats] h=[-11,13] k=[-11,12] l=[0,4] hit_rate=1046289/1048576 (99.78%)
auto-selected 1-fold oversampling
[HKL stats] h=[-11,13] k=[-11,12] l=[0,4] hit_rate=1046289/1048576 (99.78%)
auto-selected 1-fold oversampling
[HKL stats] h=[-11,13] k=[-11,12] l=[0,4] hit_rate=1046289/1048576 (99.78%)
auto-selected 1-fold oversampling
[HKL stats] h=[-11,13] k=[-11,12] l=[0,4] hit_rate=1046289/1048576 (99.78%)
auto-selected 1-fold oversampling
[HKL stats] h=[-11,13] k=[-11,12] l=[0,4] hit_rate=1046289/1048576 (99.78%)
auto-selected 1-fold oversampling
[HKL stats] h=[-11,13] k=[-11,12] l=[0,4] hit_rate=1046289/1048576 (99.78%)
auto-selected 1-fold oversampling
[HKL stats] h=[-11,13] k=[-11,12] l=[0,4] hit_rate=1046289/1048576 (99.78%)
auto-selected 1-fold oversampling
[HKL stats] h=[-11,13] k=[-11,12] l=[0,4] hit_rate=1046289/1048576 (99.78%)
auto-selected 1-fold oversampling
[HKL stats] h=[-11,13] k=[-11,12] l=[0,4] hit_rate=1046289/1048576 (99.78%)
auto-selected 1-fold oversampling
[HKL stats] h=[-11,13] k=[-11,12] l=[0,4] hit_rate=1046289/1048576 (99.78%)
auto-selected 1-fold oversampling
[HKL stats] h=[-11,13] k=[-11,12] l=[0,4] hit_rate=1046289/1048576 (99.78%)
auto-selected 1-fold oversampling
[HKL stats] h=[-11,13] k=[-11,12] l=[0,4] hit_rate=1046293/1048576 (99.78%)
auto-selected 1-fold oversampling
[HKL stats] h=[-11,13] k=[-11,12] l=[0,4] hit_rate=1046293/1048576 (99.78%)
Wrote Stage A/C telemetry summary to plans/active/ARCH-REFINE-001/reports/2025-12-01T105500Z/stage_c_stage_a_probe_cli.json
