[probe] Loading DataLoad...
[probe] Loaded dataset with 92 ROIs, detector shape=(1, 2527, 2463)
[probe] Running run_nanobrag_refinement()... (Stage A+Stage B)
auto-selected 1-fold oversampling
[HKL stats] h=[1,1] k=[21,21] l=[11,11] hit_rate=144/144 (100.00%)
auto-selected 1-fold oversampling
[HKL stats] h=[3,4] k=[16,16] l=[4,4] hit_rate=144/144 (100.00%)
auto-selected 1-fold oversampling
[HKL stats] h=[6,7] k=[11,12] l=[2,2] hit_rate=144/144 (100.00%)
auto-selected 1-fold oversampling
[HKL stats] h=[11,11] k=[10,10] l=[3,3] hit_rate=144/144 (100.00%)
auto-selected 1-fold oversampling
[HKL stats] h=[-5,-4] k=[5,5] l=[2,2] hit_rate=144/144 (100.00%)
auto-selected 1-fold oversampling
[HKL stats] h=[-8,-8] k=[3,3] l=[3,3] hit_rate=144/144 (100.00%)
auto-selected 1-fold oversampling
[HKL stats] h=[-12,-12] k=[2,2] l=[7,7] hit_rate=144/144 (100.00%)
auto-selected 1-fold oversampling
[HKL stats] h=[-1,-1] k=[2,2] l=[0,0] hit_rate=144/144 (100.00%)
auto-selected 1-fold oversampling
[HKL stats] h=[-13,-12] k=[-4,-4] l=[5,5] hit_rate=144/144 (100.00%)
auto-selected 1-fold oversampling
[HKL stats] h=[-15,-15] k=[-7,-7] l=[8,8] hit_rate=144/144 (100.00%)
auto-selected 1-fold oversampling
[HKL stats] h=[-12,-12] k=[-11,-11] l=[5,5] hit_rate=144/144 (100.00%)
auto-selected 1-fold oversampling
[HKL stats] h=[5,5] k=[-18,-17] l=[8,8] hit_rate=144/144 (100.00%)
auto-selected 1-fold oversampling
[HKL stats] h=[7,7] k=[-20,-19] l=[11,11] hit_rate=144/144 (100.00%)
auto-selected 1-fold oversampling
[HKL stats] h=[1,1] k=[21,21] l=[11,11] hit_rate=144/144 (100.00%)
auto-selected 1-fold oversampling
[HKL stats] h=[-1,-1] k=[20,20] l=[11,11] hit_rate=144/144 (100.00%)
auto-selected 1-fold oversampling
[HKL stats] h=[7,7] k=[21,22] l=[8,9] hit_rate=144/144 (100.00%)
auto-selected 1-fold oversampling
[HKL stats] h=[9,9] k=[21,21] l=[8,8] hit_rate=144/144 (100.00%)
auto-selected 1-fold oversampling
[HKL stats] h=[-6,-6] k=[16,16] l=[11,11] hit_rate=144/144 (100.00%)
auto-selected 1-fold oversampling
[HKL stats] h=[-2,-1] k=[16,16] l=[7,7] hit_rate=144/144 (100.00%)
auto-selected 1-fold oversampling
[HKL stats] h=[15,15] k=[16,16] l=[7,7] hit_rate=144/144 (100.00%)
auto-selected 1-fold oversampling
[HKL stats] h=[-3,-3] k=[15,15] l=[7,8] hit_rate=144/144 (100.00%)
auto-selected 1-fold oversampling
[HKL stats] h=[5,5] k=[17,17] l=[5,5] hit_rate=144/144 (100.00%)
auto-selected 1-fold oversampling
[HKL stats] h=[6,7] k=[16,17] l=[5,5] hit_rate=144/144 (100.00%)
auto-selected 1-fold oversampling
[HKL stats] h=[3,4] k=[16,16] l=[4,4] hit_rate=144/144 (100.00%)
auto-selected 1-fold oversampling
[HKL stats] h=[9,9] k=[15,16] l=[4,4] hit_rate=144/144 (100.00%)
auto-selected 1-fold oversampling
[HKL stats] h=[0,0] k=[15,15] l=[5,5] hit_rate=144/144 (100.00%)
auto-selected 1-fold oversampling
[HKL stats] h=[2,3] k=[15,15] l=[4,4] hit_rate=144/144 (100.00%)
auto-selected 1-fold oversampling
[HKL stats] h=[13,14] k=[14,14] l=[5,5] hit_rate=144/144 (100.00%)
auto-selected 1-fold oversampling
[HKL stats] h=[5,5] k=[13,14] l=[3,3] hit_rate=144/144 (100.00%)
auto-selected 1-fold oversampling
[HKL stats] h=[14,14] k=[12,12] l=[5,5] hit_rate=144/144 (100.00%)
auto-selected 1-fold oversampling
[HKL stats] h=[2,2] k=[13,13] l=[3,3] hit_rate=144/144 (100.00%)
auto-selected 1-fold oversampling
[HKL stats] h=[10,10] k=[12,12] l=[3,4] hit_rate=144/144 (100.00%)
auto-selected 1-fold oversampling
[HKL stats] h=[9,9] k=[12,12] l=[3,3] hit_rate=144/144 (100.00%)
auto-selected 1-fold oversampling
[HKL stats] h=[-10,-9] k=[10,10] l=[9,9] hit_rate=144/144 (100.00%)
auto-selected 1-fold oversampling
[HKL stats] h=[11,11] k=[11,11] l=[3,3] hit_rate=144/144 (100.00%)
auto-selected 1-fold oversampling
[HKL stats] h=[6,7] k=[11,12] l=[2,2] hit_rate=144/144 (100.00%)
auto-selected 1-fold oversampling
[HKL stats] h=[-0,-0] k=[11,11] l=[3,3] hit_rate=144/144 (100.00%)
auto-selected 1-fold oversampling
[HKL stats] h=[-5,-4] k=[10,10] l=[4,4] hit_rate=144/144 (100.00%)
auto-selected 1-fold oversampling
[HKL stats] h=[-7,-7] k=[10,10] l=[6,6] hit_rate=144/144 (100.00%)
auto-selected 1-fold oversampling
[HKL stats] h=[11,11] k=[10,10] l=[3,3] hit_rate=144/144 (100.00%)
auto-selected 1-fold oversampling
[HKL stats] h=[0,1] k=[10,10] l=[2,2] hit_rate=144/144 (100.00%)
auto-selected 1-fold oversampling
[HKL stats] h=[5,5] k=[8,9] l=[1,1] hit_rate=144/144 (100.00%)
auto-selected 1-fold oversampling
[HKL stats] h=[-7,-7] k=[7,8] l=[4,5] hit_rate=144/144 (100.00%)
auto-selected 1-fold oversampling
[HKL stats] h=[11,11] k=[7,7] l=[3,3] hit_rate=144/144 (100.00%)
auto-selected 1-fold oversampling
[HKL stats] h=[4,4] k=[6,7] l=[1,1] hit_rate=144/144 (100.00%)
auto-selected 1-fold oversampling
[HKL stats] h=[-1,-1] k=[6,6] l=[1,1] hit_rate=144/144 (100.00%)
auto-selected 1-fold oversampling
[HKL stats] h=[1,1] k=[6,6] l=[1,1] hit_rate=144/144 (100.00%)
auto-selected 1-fold oversampling
[HKL stats] h=[4,5] k=[6,6] l=[1,1] hit_rate=144/144 (100.00%)
auto-selected 1-fold oversampling
[HKL stats] h=[-5,-4] k=[5,5] l=[2,2] hit_rate=144/144 (100.00%)
auto-selected 1-fold oversampling
[HKL stats] h=[-13,-12] k=[4,4] l=[9,9] hit_rate=144/144 (100.00%)
auto-selected 1-fold oversampling
[HKL stats] h=[-2,-2] k=[5,5] l=[1,1] hit_rate=144/144 (100.00%)
auto-selected 1-fold oversampling
[HKL stats] h=[-4,-4] k=[4,4] l=[1,1] hit_rate=144/144 (100.00%)
auto-selected 1-fold oversampling
[HKL stats] h=[-8,-8] k=[3,3] l=[3,3] hit_rate=144/144 (100.00%)
auto-selected 1-fold oversampling
[HKL stats] h=[-12,-12] k=[2,2] l=[7,7] hit_rate=144/144 (100.00%)
auto-selected 1-fold oversampling
[HKL stats] h=[-11,-11] k=[2,2] l=[6,6] hit_rate=144/144 (100.00%)
auto-selected 1-fold oversampling
[HKL stats] h=[-11,-11] k=[2,2] l=[5,5] hit_rate=144/144 (100.00%)
auto-selected 1-fold oversampling
[HKL stats] h=[14,14] k=[2,2] l=[5,5] hit_rate=144/144 (100.00%)
auto-selected 1-fold oversampling
[HKL stats] h=[-1,-1] k=[2,2] l=[0,0] hit_rate=144/144 (100.00%)
auto-selected 1-fold oversampling
[HKL stats] h=[7,8] k=[-2,-1] l=[2,2] hit_rate=144/144 (100.00%)
auto-selected 1-fold oversampling
[HKL stats] h=[-1,-1] k=[-2,-2] l=[0,0] hit_rate=144/144 (100.00%)
auto-selected 1-fold oversampling
[HKL stats] h=[12,12] k=[-2,-2] l=[4,4] hit_rate=144/144 (100.00%)
auto-selected 1-fold oversampling
[HKL stats] h=[3,4] k=[-2,-2] l=[1,1] hit_rate=144/144 (100.00%)
auto-selected 1-fold oversampling
[HKL stats] h=[-7,-7] k=[-2,-2] l=[1,1] hit_rate=144/144 (100.00%)
auto-selected 1-fold oversampling
[HKL stats] h=[-3,-3] k=[-3,-3] l=[0,0] hit_rate=144/144 (100.00%)
auto-selected 1-fold oversampling
[HKL stats] h=[11,11] k=[-3,-2] l=[4,4] hit_rate=144/144 (100.00%)
auto-selected 1-fold oversampling
[HKL stats] h=[2,3] k=[-4,-4] l=[1,1] hit_rate=144/144 (100.00%)
auto-selected 1-fold oversampling
[HKL stats] h=[4,4] k=[-4,-4] l=[1,1] hit_rate=144/144 (100.00%)
auto-selected 1-fold oversampling
[HKL stats] h=[-8,-8] k=[-4,-4] l=[2,2] hit_rate=144/144 (100.00%)
auto-selected 1-fold oversampling
[HKL stats] h=[-13,-12] k=[-4,-4] l=[5,5] hit_rate=144/144 (100.00%)
auto-selected 1-fold oversampling
[HKL stats] h=[-15,-15] k=[-3,-3] l=[8,8] hit_rate=144/144 (100.00%)
auto-selected 1-fold oversampling
[HKL stats] h=[-10,-10] k=[-6,-6] l=[3,3] hit_rate=144/144 (100.00%)
auto-selected 1-fold oversampling
[HKL stats] h=[-4,-3] k=[-7,-6] l=[1,1] hit_rate=144/144 (100.00%)
auto-selected 1-fold oversampling
[HKL stats] h=[-0,-0] k=[-7,-7] l=[1,1] hit_rate=144/144 (100.00%)
auto-selected 1-fold oversampling
[HKL stats] h=[-7,-7] k=[-7,-7] l=[2,2] hit_rate=144/144 (100.00%)
auto-selected 1-fold oversampling
[HKL stats] h=[11,12] k=[-7,-6] l=[5,6] hit_rate=144/144 (100.00%)
auto-selected 1-fold oversampling
[HKL stats] h=[-2,-2] k=[-8,-8] l=[1,1] hit_rate=144/144 (100.00%)
auto-selected 1-fold oversampling
[HKL stats] h=[-5,-5] k=[-8,-8] l=[1,1] hit_rate=144/144 (100.00%)
auto-selected 1-fold oversampling
[HKL stats] h=[-14,-14] k=[-8,-7] l=[6,6] hit_rate=144/144 (100.00%)
auto-selected 1-fold oversampling
[HKL stats] h=[-14,-14] k=[-8,-7] l=[7,7] hit_rate=144/144 (100.00%)
auto-selected 1-fold oversampling
[HKL stats] h=[-15,-15] k=[-7,-7] l=[8,8] hit_rate=144/144 (100.00%)
auto-selected 1-fold oversampling
[HKL stats] h=[-15,-15] k=[-7,-7] l=[8,8] hit_rate=144/144 (100.00%)
auto-selected 1-fold oversampling
[HKL stats] h=[10,10] k=[-8,-8] l=[5,6] hit_rate=144/144 (100.00%)
auto-selected 1-fold oversampling
[HKL stats] h=[0,0] k=[-10,-10] l=[2,2] hit_rate=144/144 (100.00%)
auto-selected 1-fold oversampling
[HKL stats] h=[-12,-12] k=[-10,-9] l=[5,5] hit_rate=144/144 (100.00%)
auto-selected 1-fold oversampling
[HKL stats] h=[7,7] k=[-10,-10] l=[4,4] hit_rate=144/144 (100.00%)
auto-selected 1-fold oversampling
[HKL stats] h=[-12,-12] k=[-11,-11] l=[5,5] hit_rate=144/144 (100.00%)
auto-selected 1-fold oversampling
[HKL stats] h=[-3,-3] k=[-12,-12] l=[3,3] hit_rate=144/144 (100.00%)
auto-selected 1-fold oversampling
[HKL stats] h=[4,4] k=[-12,-12] l=[4,4] hit_rate=144/144 (100.00%)
auto-selected 1-fold oversampling
[HKL stats] h=[4,4] k=[-13,-13] l=[4,5] hit_rate=144/144 (100.00%)
auto-selected 1-fold oversampling
[HKL stats] h=[4,4] k=[-14,-14] l=[5,5] hit_rate=144/144 (100.00%)
auto-selected 1-fold oversampling
[HKL stats] h=[4,4] k=[-15,-15] l=[5,6] hit_rate=144/144 (100.00%)
auto-selected 1-fold oversampling
[HKL stats] h=[-3,-3] k=[-17,-17] l=[5,5] hit_rate=144/144 (100.00%)
auto-selected 1-fold oversampling
[HKL stats] h=[-9,-9] k=[-18,-18] l=[6,7] hit_rate=144/144 (100.00%)
auto-selected 1-fold oversampling
[HKL stats] h=[-2,-2] k=[-18,-18] l=[6,6] hit_rate=144/144 (100.00%)
auto-selected 1-fold oversampling
[HKL stats] h=[12,12] k=[-15,-15] l=[11,11] hit_rate=0/144 (0.00%)
auto-selected 1-fold oversampling
[HKL stats] h=[-1,-0] k=[-18,-18] l=[6,7] hit_rate=144/144 (100.00%)
auto-selected 1-fold oversampling
[HKL stats] h=[5,5] k=[-18,-17] l=[8,8] hit_rate=144/144 (100.00%)
auto-selected 1-fold oversampling
[HKL stats] h=[-5,-5] k=[-19,-19] l=[7,7] hit_rate=144/144 (100.00%)
auto-selected 1-fold oversampling
[HKL stats] h=[-10,-10] k=[-20,-19] l=[8,8] hit_rate=144/144 (100.00%)
auto-selected 1-fold oversampling
[HKL stats] h=[6,6] k=[-19,-18] l=[9,10] hit_rate=144/144 (100.00%)
auto-selected 1-fold oversampling
[HKL stats] h=[9,9] k=[-18,-18] l=[11,11] hit_rate=144/144 (100.00%)
auto-selected 1-fold oversampling
[HKL stats] h=[-12,-12] k=[-19,-19] l=[10,10] hit_rate=144/144 (100.00%)
auto-selected 1-fold oversampling
[HKL stats] h=[7,7] k=[-20,-19] l=[11,11] hit_rate=144/144 (100.00%)
auto-selected 1-fold oversampling
[HKL stats] h=[-13,-13] k=[-20,-20] l=[11,11] hit_rate=144/144 (100.00%)
auto-selected 1-fold oversampling
[HKL stats] h=[3,3] k=[-21,-21] l=[10,10] hit_rate=144/144 (100.00%)
auto-selected 1-fold oversampling
[HKL stats] h=[1,1] k=[21,21] l=[11,11] hit_rate=144/144 (100.00%)
auto-selected 1-fold oversampling
[HKL stats] h=[3,4] k=[16,16] l=[4,4] hit_rate=144/144 (100.00%)
auto-selected 1-fold oversampling
[HKL stats] h=[6,7] k=[11,12] l=[2,2] hit_rate=144/144 (100.00%)
auto-selected 1-fold oversampling
[HKL stats] h=[11,11] k=[10,10] l=[3,3] hit_rate=144/144 (100.00%)
auto-selected 1-fold oversampling
[HKL stats] h=[-5,-4] k=[5,5] l=[2,2] hit_rate=144/144 (100.00%)
auto-selected 1-fold oversampling
[HKL stats] h=[-8,-8] k=[3,3] l=[3,3] hit_rate=144/144 (100.00%)
auto-selected 1-fold oversampling
[HKL stats] h=[-12,-12] k=[2,2] l=[7,7] hit_rate=144/144 (100.00%)
auto-selected 1-fold oversampling
[HKL stats] h=[-1,-1] k=[2,2] l=[0,0] hit_rate=144/144 (100.00%)
auto-selected 1-fold oversampling
[HKL stats] h=[-13,-12] k=[-4,-4] l=[5,5] hit_rate=144/144 (100.00%)
auto-selected 1-fold oversampling
[HKL stats] h=[-15,-15] k=[-7,-7] l=[8,8] hit_rate=144/144 (100.00%)
auto-selected 1-fold oversampling
[HKL stats] h=[-12,-12] k=[-11,-11] l=[5,5] hit_rate=144/144 (100.00%)
auto-selected 1-fold oversampling
[HKL stats] h=[5,5] k=[-18,-17] l=[8,8] hit_rate=144/144 (100.00%)
auto-selected 1-fold oversampling
[HKL stats] h=[7,7] k=[-20,-19] l=[11,11] hit_rate=144/144 (100.00%)
auto-selected 1-fold oversampling
[HKL stats] h=[1,1] k=[21,21] l=[11,11] hit_rate=144/144 (100.00%)
auto-selected 1-fold oversampling
[HKL stats] h=[3,4] k=[16,16] l=[4,4] hit_rate=144/144 (100.00%)
auto-selected 1-fold oversampling
[HKL stats] h=[6,7] k=[11,12] l=[2,2] hit_rate=144/144 (100.00%)
auto-selected 1-fold oversampling
[HKL stats] h=[11,11] k=[10,10] l=[3,3] hit_rate=144/144 (100.00%)
auto-selected 1-fold oversampling
[HKL stats] h=[-5,-4] k=[5,5] l=[2,2] hit_rate=144/144 (100.00%)
auto-selected 1-fold oversampling
[HKL stats] h=[-8,-8] k=[3,3] l=[3,3] hit_rate=144/144 (100.00%)
auto-selected 1-fold oversampling
[HKL stats] h=[-12,-12] k=[2,2] l=[7,7] hit_rate=144/144 (100.00%)
auto-selected 1-fold oversampling
[HKL stats] h=[-1,-1] k=[2,2] l=[0,0] hit_rate=144/144 (100.00%)
auto-selected 1-fold oversampling
[HKL stats] h=[-13,-12] k=[-4,-4] l=[5,5] hit_rate=144/144 (100.00%)
auto-selected 1-fold oversampling
[HKL stats] h=[-15,-15] k=[-7,-7] l=[8,8] hit_rate=144/144 (100.00%)
auto-selected 1-fold oversampling
[HKL stats] h=[-12,-12] k=[-11,-11] l=[5,5] hit_rate=144/144 (100.00%)
auto-selected 1-fold oversampling
[HKL stats] h=[5,5] k=[-18,-17] l=[8,8] hit_rate=144/144 (100.00%)
auto-selected 1-fold oversampling
[HKL stats] h=[7,7] k=[-20,-19] l=[11,11] hit_rate=144/144 (100.00%)
auto-selected 1-fold oversampling
[HKL stats] h=[1,1] k=[21,21] l=[11,11] hit_rate=144/144 (100.00%)
auto-selected 1-fold oversampling
[HKL stats] h=[3,4] k=[16,16] l=[4,4] hit_rate=144/144 (100.00%)
auto-selected 1-fold oversampling
[HKL stats] h=[6,7] k=[11,12] l=[2,2] hit_rate=144/144 (100.00%)
auto-selected 1-fold oversampling
[HKL stats] h=[11,11] k=[10,10] l=[3,3] hit_rate=144/144 (100.00%)
auto-selected 1-fold oversampling
[HKL stats] h=[-5,-4] k=[5,5] l=[2,2] hit_rate=144/144 (100.00%)
auto-selected 1-fold oversampling
[HKL stats] h=[-8,-8] k=[3,3] l=[3,3] hit_rate=144/144 (100.00%)
auto-selected 1-fold oversampling
[HKL stats] h=[-12,-12] k=[2,2] l=[7,7] hit_rate=144/144 (100.00%)
auto-selected 1-fold oversampling
[HKL stats] h=[-1,-1] k=[2,2] l=[0,0] hit_rate=144/144 (100.00%)
auto-selected 1-fold oversampling
[HKL stats] h=[-13,-12] k=[-4,-4] l=[5,5] hit_rate=144/144 (100.00%)
auto-selected 1-fold oversampling
[HKL stats] h=[-15,-15] k=[-7,-7] l=[8,8] hit_rate=144/144 (100.00%)
auto-selected 1-fold oversampling
[HKL stats] h=[-12,-12] k=[-11,-11] l=[5,5] hit_rate=144/144 (100.00%)
auto-selected 1-fold oversampling
[HKL stats] h=[5,5] k=[-18,-17] l=[8,8] hit_rate=144/144 (100.00%)
auto-selected 1-fold oversampling
[HKL stats] h=[7,7] k=[-20,-19] l=[11,11] hit_rate=144/144 (100.00%)
auto-selected 1-fold oversampling
[HKL stats] h=[1,1] k=[21,21] l=[11,11] hit_rate=144/144 (100.00%)
auto-selected 1-fold oversampling
[HKL stats] h=[3,4] k=[16,16] l=[4,4] hit_rate=144/144 (100.00%)
auto-selected 1-fold oversampling
[HKL stats] h=[6,7] k=[11,12] l=[2,2] hit_rate=144/144 (100.00%)
auto-selected 1-fold oversampling
[HKL stats] h=[11,11] k=[10,10] l=[3,3] hit_rate=144/144 (100.00%)
auto-selected 1-fold oversampling
[HKL stats] h=[-5,-4] k=[5,5] l=[2,2] hit_rate=144/144 (100.00%)
auto-selected 1-fold oversampling
[HKL stats] h=[-8,-8] k=[3,3] l=[3,3] hit_rate=144/144 (100.00%)
auto-selected 1-fold oversampling
[HKL stats] h=[-12,-12] k=[2,2] l=[7,7] hit_rate=144/144 (100.00%)
auto-selected 1-fold oversampling
[HKL stats] h=[-1,-1] k=[2,2] l=[0,0] hit_rate=144/144 (100.00%)
auto-selected 1-fold oversampling
[HKL stats] h=[-13,-12] k=[-4,-4] l=[5,5] hit_rate=144/144 (100.00%)
auto-selected 1-fold oversampling
[HKL stats] h=[-15,-15] k=[-7,-7] l=[8,8] hit_rate=144/144 (100.00%)
auto-selected 1-fold oversampling
[HKL stats] h=[-12,-12] k=[-11,-11] l=[5,5] hit_rate=144/144 (100.00%)
auto-selected 1-fold oversampling
[HKL stats] h=[5,5] k=[-18,-17] l=[8,8] hit_rate=144/144 (100.00%)
auto-selected 1-fold oversampling
[HKL stats] h=[7,7] k=[-20,-19] l=[11,11] hit_rate=144/144 (100.00%)
auto-selected 1-fold oversampling
[HKL stats] h=[1,1] k=[21,21] l=[11,11] hit_rate=144/144 (100.00%)
auto-selected 1-fold oversampling
[HKL stats] h=[3,4] k=[16,16] l=[4,4] hit_rate=144/144 (100.00%)
auto-selected 1-fold oversampling
[HKL stats] h=[6,7] k=[11,12] l=[2,2] hit_rate=144/144 (100.00%)
auto-selected 1-fold oversampling
[HKL stats] h=[11,11] k=[10,10] l=[3,3] hit_rate=144/144 (100.00%)
auto-selected 1-fold oversampling
[HKL stats] h=[-5,-4] k=[5,5] l=[2,2] hit_rate=144/144 (100.00%)
auto-selected 1-fold oversampling
[HKL stats] h=[-8,-8] k=[3,3] l=[3,3] hit_rate=144/144 (100.00%)
auto-selected 1-fold oversampling
[HKL stats] h=[-12,-12] k=[2,2] l=[7,7] hit_rate=144/144 (100.00%)
auto-selected 1-fold oversampling
[HKL stats] h=[-1,-1] k=[2,2] l=[0,0] hit_rate=144/144 (100.00%)
auto-selected 1-fold oversampling
[HKL stats] h=[-13,-12] k=[-4,-4] l=[5,5] hit_rate=144/144 (100.00%)
auto-selected 1-fold oversampling
[HKL stats] h=[-15,-15] k=[-7,-7] l=[8,8] hit_rate=144/144 (100.00%)
auto-selected 1-fold oversampling
[HKL stats] h=[-12,-12] k=[-11,-11] l=[5,5] hit_rate=144/144 (100.00%)
auto-selected 1-fold oversampling
[HKL stats] h=[5,5] k=[-18,-17] l=[8,8] hit_rate=144/144 (100.00%)
auto-selected 1-fold oversampling
[HKL stats] h=[7,7] k=[-20,-19] l=[11,11] hit_rate=144/144 (100.00%)
auto-selected 1-fold oversampling
[HKL stats] h=[1,1] k=[21,21] l=[11,11] hit_rate=144/144 (100.00%)
auto-selected 1-fold oversampling
[HKL stats] h=[-1,-1] k=[20,20] l=[11,11] hit_rate=144/144 (100.00%)
auto-selected 1-fold oversampling
[HKL stats] h=[7,7] k=[21,22] l=[8,9] hit_rate=144/144 (100.00%)
auto-selected 1-fold oversampling
[HKL stats] h=[9,9] k=[21,21] l=[8,8] hit_rate=144/144 (100.00%)
auto-selected 1-fold oversampling
[HKL stats] h=[-6,-6] k=[16,16] l=[11,11] hit_rate=144/144 (100.00%)
auto-selected 1-fold oversampling
[HKL stats] h=[-2,-1] k=[16,16] l=[7,7] hit_rate=144/144 (100.00%)
auto-selected 1-fold oversampling
[HKL stats] h=[15,15] k=[16,16] l=[7,7] hit_rate=144/144 (100.00%)
auto-selected 1-fold oversampling
[HKL stats] h=[-3,-3] k=[15,15] l=[7,8] hit_rate=144/144 (100.00%)
auto-selected 1-fold oversampling
[HKL stats] h=[5,5] k=[17,17] l=[5,5] hit_rate=144/144 (100.00%)
auto-selected 1-fold oversampling
[HKL stats] h=[6,7] k=[16,17] l=[5,5] hit_rate=144/144 (100.00%)
auto-selected 1-fold oversampling
[HKL stats] h=[3,4] k=[16,16] l=[4,4] hit_rate=144/144 (100.00%)
auto-selected 1-fold oversampling
[HKL stats] h=[9,9] k=[15,16] l=[4,4] hit_rate=144/144 (100.00%)
auto-selected 1-fold oversampling
[HKL stats] h=[0,0] k=[15,15] l=[5,5] hit_rate=144/144 (100.00%)
auto-selected 1-fold oversampling
[HKL stats] h=[2,3] k=[15,15] l=[4,4] hit_rate=144/144 (100.00%)
auto-selected 1-fold oversampling
[HKL stats] h=[13,14] k=[14,14] l=[5,5] hit_rate=144/144 (100.00%)
auto-selected 1-fold oversampling
[HKL stats] h=[5,5] k=[13,14] l=[3,3] hit_rate=144/144 (100.00%)
auto-selected 1-fold oversampling
[HKL stats] h=[14,14] k=[12,12] l=[5,5] hit_rate=144/144 (100.00%)
auto-selected 1-fold oversampling
[HKL stats] h=[2,2] k=[13,13] l=[3,3] hit_rate=144/144 (100.00%)
auto-selected 1-fold oversampling
[HKL stats] h=[10,10] k=[12,12] l=[3,4] hit_rate=144/144 (100.00%)
auto-selected 1-fold oversampling
[HKL stats] h=[9,9] k=[12,12] l=[3,3] hit_rate=144/144 (100.00%)
auto-selected 1-fold oversampling
[HKL stats] h=[-10,-9] k=[10,10] l=[9,9] hit_rate=144/144 (100.00%)
auto-selected 1-fold oversampling
[HKL stats] h=[11,11] k=[11,11] l=[3,3] hit_rate=144/144 (100.00%)
auto-selected 1-fold oversampling
[HKL stats] h=[6,7] k=[11,12] l=[2,2] hit_rate=144/144 (100.00%)
auto-selected 1-fold oversampling
[HKL stats] h=[-0,-0] k=[11,11] l=[3,3] hit_rate=144/144 (100.00%)
auto-selected 1-fold oversampling
[HKL stats] h=[-5,-4] k=[10,10] l=[4,4] hit_rate=144/144 (100.00%)
auto-selected 1-fold oversampling
[HKL stats] h=[-7,-7] k=[10,10] l=[6,6] hit_rate=144/144 (100.00%)
auto-selected 1-fold oversampling
[HKL stats] h=[11,11] k=[10,10] l=[3,3] hit_rate=144/144 (100.00%)
auto-selected 1-fold oversampling
[HKL stats] h=[0,1] k=[10,10] l=[2,2] hit_rate=144/144 (100.00%)
auto-selected 1-fold oversampling
[HKL stats] h=[5,5] k=[8,9] l=[1,1] hit_rate=144/144 (100.00%)
auto-selected 1-fold oversampling
[HKL stats] h=[-7,-7] k=[7,8] l=[4,5] hit_rate=144/144 (100.00%)
auto-selected 1-fold oversampling
[HKL stats] h=[11,11] k=[7,7] l=[3,3] hit_rate=144/144 (100.00%)
auto-selected 1-fold oversampling
[HKL stats] h=[4,4] k=[6,7] l=[1,1] hit_rate=144/144 (100.00%)
auto-selected 1-fold oversampling
[HKL stats] h=[-1,-1] k=[6,6] l=[1,1] hit_rate=144/144 (100.00%)
auto-selected 1-fold oversampling
[HKL stats] h=[1,1] k=[6,6] l=[1,1] hit_rate=144/144 (100.00%)
auto-selected 1-fold oversampling
[HKL stats] h=[4,5] k=[6,6] l=[1,1] hit_rate=144/144 (100.00%)
auto-selected 1-fold oversampling
[HKL stats] h=[-5,-4] k=[5,5] l=[2,2] hit_rate=144/144 (100.00%)
auto-selected 1-fold oversampling
[HKL stats] h=[-13,-12] k=[4,4] l=[9,9] hit_rate=144/144 (100.00%)
auto-selected 1-fold oversampling
[HKL stats] h=[-2,-2] k=[5,5] l=[1,1] hit_rate=144/144 (100.00%)
auto-selected 1-fold oversampling
[HKL stats] h=[-4,-4] k=[4,4] l=[1,1] hit_rate=144/144 (100.00%)
auto-selected 1-fold oversampling
[HKL stats] h=[-8,-8] k=[3,3] l=[3,3] hit_rate=144/144 (100.00%)
auto-selected 1-fold oversampling
[HKL stats] h=[-12,-12] k=[2,2] l=[7,7] hit_rate=144/144 (100.00%)
auto-selected 1-fold oversampling
[HKL stats] h=[-11,-11] k=[2,2] l=[6,6] hit_rate=144/144 (100.00%)
auto-selected 1-fold oversampling
[HKL stats] h=[-11,-11] k=[2,2] l=[5,5] hit_rate=144/144 (100.00%)
auto-selected 1-fold oversampling
[HKL stats] h=[14,14] k=[2,2] l=[5,5] hit_rate=144/144 (100.00%)
auto-selected 1-fold oversampling
[HKL stats] h=[-1,-1] k=[2,2] l=[0,0] hit_rate=144/144 (100.00%)
auto-selected 1-fold oversampling
[HKL stats] h=[7,8] k=[-2,-1] l=[2,2] hit_rate=144/144 (100.00%)
auto-selected 1-fold oversampling
[HKL stats] h=[-1,-1] k=[-2,-2] l=[0,0] hit_rate=144/144 (100.00%)
auto-selected 1-fold oversampling
[HKL stats] h=[12,12] k=[-2,-2] l=[4,4] hit_rate=144/144 (100.00%)
auto-selected 1-fold oversampling
[HKL stats] h=[3,4] k=[-2,-2] l=[1,1] hit_rate=144/144 (100.00%)
auto-selected 1-fold oversampling
[HKL stats] h=[-7,-7] k=[-2,-2] l=[1,1] hit_rate=144/144 (100.00%)
auto-selected 1-fold oversampling
[HKL stats] h=[-3,-3] k=[-3,-3] l=[0,0] hit_rate=144/144 (100.00%)
auto-selected 1-fold oversampling
[HKL stats] h=[11,11] k=[-3,-2] l=[4,4] hit_rate=144/144 (100.00%)
auto-selected 1-fold oversampling
[HKL stats] h=[2,3] k=[-4,-4] l=[1,1] hit_rate=144/144 (100.00%)
auto-selected 1-fold oversampling
[HKL stats] h=[4,4] k=[-4,-4] l=[1,1] hit_rate=144/144 (100.00%)
auto-selected 1-fold oversampling
[HKL stats] h=[-8,-8] k=[-4,-4] l=[2,2] hit_rate=144/144 (100.00%)
auto-selected 1-fold oversampling
[HKL stats] h=[-13,-12] k=[-4,-4] l=[5,5] hit_rate=144/144 (100.00%)
auto-selected 1-fold oversampling
[HKL stats] h=[-15,-15] k=[-3,-3] l=[8,8] hit_rate=144/144 (100.00%)
auto-selected 1-fold oversampling
[HKL stats] h=[-10,-10] k=[-6,-6] l=[3,3] hit_rate=144/144 (100.00%)
auto-selected 1-fold oversampling
[HKL stats] h=[-4,-3] k=[-7,-6] l=[1,1] hit_rate=144/144 (100.00%)
auto-selected 1-fold oversampling
[HKL stats] h=[-0,-0] k=[-7,-7] l=[1,1] hit_rate=144/144 (100.00%)
auto-selected 1-fold oversampling
[HKL stats] h=[-7,-7] k=[-7,-7] l=[2,2] hit_rate=144/144 (100.00%)
auto-selected 1-fold oversampling
[HKL stats] h=[11,12] k=[-7,-6] l=[5,6] hit_rate=144/144 (100.00%)
auto-selected 1-fold oversampling
[HKL stats] h=[-2,-2] k=[-8,-8] l=[1,1] hit_rate=144/144 (100.00%)
auto-selected 1-fold oversampling
[HKL stats] h=[-5,-5] k=[-8,-8] l=[1,1] hit_rate=144/144 (100.00%)
auto-selected 1-fold oversampling
[HKL stats] h=[-14,-14] k=[-8,-7] l=[6,6] hit_rate=144/144 (100.00%)
auto-selected 1-fold oversampling
[HKL stats] h=[-14,-14] k=[-8,-7] l=[7,7] hit_rate=144/144 (100.00%)
auto-selected 1-fold oversampling
[HKL stats] h=[-15,-15] k=[-7,-7] l=[8,8] hit_rate=144/144 (100.00%)
auto-selected 1-fold oversampling
[HKL stats] h=[-15,-15] k=[-7,-7] l=[8,8] hit_rate=144/144 (100.00%)
auto-selected 1-fold oversampling
[HKL stats] h=[10,10] k=[-8,-8] l=[5,6] hit_rate=144/144 (100.00%)
auto-selected 1-fold oversampling
[HKL stats] h=[0,0] k=[-10,-10] l=[2,2] hit_rate=144/144 (100.00%)
auto-selected 1-fold oversampling
[HKL stats] h=[-12,-12] k=[-10,-9] l=[5,5] hit_rate=144/144 (100.00%)
auto-selected 1-fold oversampling
[HKL stats] h=[7,7] k=[-10,-10] l=[4,4] hit_rate=144/144 (100.00%)
auto-selected 1-fold oversampling
[HKL stats] h=[-12,-12] k=[-11,-11] l=[5,5] hit_rate=144/144 (100.00%)
auto-selected 1-fold oversampling
[HKL stats] h=[-3,-3] k=[-12,-12] l=[3,3] hit_rate=144/144 (100.00%)
auto-selected 1-fold oversampling
[HKL stats] h=[4,4] k=[-12,-12] l=[4,4] hit_rate=144/144 (100.00%)
auto-selected 1-fold oversampling
[HKL stats] h=[4,4] k=[-13,-13] l=[4,5] hit_rate=144/144 (100.00%)
auto-selected 1-fold oversampling
[HKL stats] h=[4,4] k=[-14,-14] l=[5,5] hit_rate=144/144 (100.00%)
auto-selected 1-fold oversampling
[HKL stats] h=[4,4] k=[-15,-15] l=[5,6] hit_rate=144/144 (100.00%)
auto-selected 1-fold oversampling
[HKL stats] h=[-3,-3] k=[-17,-17] l=[5,5] hit_rate=144/144 (100.00%)
auto-selected 1-fold oversampling
[HKL stats] h=[-9,-9] k=[-18,-18] l=[6,7] hit_rate=144/144 (100.00%)
auto-selected 1-fold oversampling
[HKL stats] h=[-2,-2] k=[-18,-18] l=[6,6] hit_rate=144/144 (100.00%)
auto-selected 1-fold oversampling
[HKL stats] h=[12,12] k=[-15,-15] l=[11,11] hit_rate=0/144 (0.00%)
auto-selected 1-fold oversampling
[HKL stats] h=[-1,-0] k=[-18,-18] l=[6,7] hit_rate=144/144 (100.00%)
auto-selected 1-fold oversampling
[HKL stats] h=[5,5] k=[-18,-17] l=[8,8] hit_rate=144/144 (100.00%)
auto-selected 1-fold oversampling
[HKL stats] h=[-5,-5] k=[-19,-19] l=[7,7] hit_rate=144/144 (100.00%)
auto-selected 1-fold oversampling
[HKL stats] h=[-10,-10] k=[-20,-19] l=[8,8] hit_rate=144/144 (100.00%)
auto-selected 1-fold oversampling
[HKL stats] h=[6,6] k=[-19,-18] l=[9,10] hit_rate=144/144 (100.00%)
auto-selected 1-fold oversampling
[HKL stats] h=[9,9] k=[-18,-18] l=[11,11] hit_rate=144/144 (100.00%)
auto-selected 1-fold oversampling
[HKL stats] h=[-12,-12] k=[-19,-19] l=[10,10] hit_rate=144/144 (100.00%)
auto-selected 1-fold oversampling
[HKL stats] h=[7,7] k=[-20,-19] l=[11,11] hit_rate=144/144 (100.00%)
auto-selected 1-fold oversampling
[HKL stats] h=[-13,-13] k=[-20,-20] l=[11,11] hit_rate=144/144 (100.00%)
auto-selected 1-fold oversampling
[HKL stats] h=[3,3] k=[-21,-21] l=[10,10] hit_rate=144/144 (100.00%)
auto-selected 1-fold oversampling
[HKL stats] h=[1,1] k=[21,21] l=[11,11] hit_rate=144/144 (100.00%)
auto-selected 1-fold oversampling
[HKL stats] h=[3,4] k=[16,16] l=[4,4] hit_rate=144/144 (100.00%)
auto-selected 1-fold oversampling
[HKL stats] h=[6,7] k=[11,12] l=[2,2] hit_rate=144/144 (100.00%)
auto-selected 1-fold oversampling
[HKL stats] h=[11,11] k=[10,10] l=[3,3] hit_rate=144/144 (100.00%)
auto-selected 1-fold oversampling
[HKL stats] h=[-5,-4] k=[5,5] l=[2,2] hit_rate=144/144 (100.00%)
auto-selected 1-fold oversampling
[HKL stats] h=[-8,-8] k=[3,3] l=[3,3] hit_rate=144/144 (100.00%)
auto-selected 1-fold oversampling
[HKL stats] h=[-12,-12] k=[2,2] l=[7,7] hit_rate=144/144 (100.00%)
auto-selected 1-fold oversampling
[HKL stats] h=[-1,-1] k=[2,2] l=[0,0] hit_rate=144/144 (100.00%)
auto-selected 1-fold oversampling
[HKL stats] h=[-13,-12] k=[-4,-4] l=[5,5] hit_rate=144/144 (100.00%)
auto-selected 1-fold oversampling
[HKL stats] h=[-15,-15] k=[-7,-7] l=[8,8] hit_rate=144/144 (100.00%)
auto-selected 1-fold oversampling
[HKL stats] h=[-12,-12] k=[-11,-11] l=[5,5] hit_rate=144/144 (100.00%)
auto-selected 1-fold oversampling
[HKL stats] h=[5,5] k=[-18,-17] l=[8,8] hit_rate=144/144 (100.00%)
auto-selected 1-fold oversampling
[HKL stats] h=[7,7] k=[-20,-19] l=[11,11] hit_rate=144/144 (100.00%)
auto-selected 1-fold oversampling
[HKL stats] h=[1,1] k=[21,21] l=[11,11] hit_rate=144/144 (100.00%)
auto-selected 1-fold oversampling
[HKL stats] h=[3,4] k=[16,16] l=[4,4] hit_rate=144/144 (100.00%)
auto-selected 1-fold oversampling
[HKL stats] h=[6,7] k=[11,12] l=[2,2] hit_rate=144/144 (100.00%)
auto-selected 1-fold oversampling
[HKL stats] h=[11,11] k=[10,10] l=[3,3] hit_rate=144/144 (100.00%)
auto-selected 1-fold oversampling
[HKL stats] h=[-5,-4] k=[5,5] l=[2,2] hit_rate=144/144 (100.00%)
auto-selected 1-fold oversampling
[HKL stats] h=[-8,-8] k=[3,3] l=[3,3] hit_rate=144/144 (100.00%)
auto-selected 1-fold oversampling
[HKL stats] h=[-12,-12] k=[2,2] l=[7,7] hit_rate=144/144 (100.00%)
auto-selected 1-fold oversampling
[HKL stats] h=[-1,-1] k=[2,2] l=[0,0] hit_rate=144/144 (100.00%)
auto-selected 1-fold oversampling
[HKL stats] h=[-12,-12] k=[-4,-4] l=[5,5] hit_rate=144/144 (100.00%)
auto-selected 1-fold oversampling
[HKL stats] h=[-15,-15] k=[-7,-7] l=[8,8] hit_rate=144/144 (100.00%)
auto-selected 1-fold oversampling
[HKL stats] h=[-12,-12] k=[-11,-11] l=[5,5] hit_rate=144/144 (100.00%)
auto-selected 1-fold oversampling
[HKL stats] h=[5,5] k=[-18,-18] l=[8,8] hit_rate=144/144 (100.00%)
auto-selected 1-fold oversampling
[HKL stats] h=[7,7] k=[-20,-19] l=[11,11] hit_rate=144/144 (100.00%)
auto-selected 1-fold oversampling
[HKL stats] h=[0,1] k=[26,26] l=[11,11] hit_rate=0/144 (0.00%)
auto-selected 1-fold oversampling
[HKL stats] h=[3,3] k=[19,19] l=[4,4] hit_rate=144/144 (100.00%)
auto-selected 1-fold oversampling
[HKL stats] h=[5,6] k=[14,14] l=[2,2] hit_rate=144/144 (100.00%)
auto-selected 1-fold oversampling
[HKL stats] h=[10,10] k=[12,13] l=[3,3] hit_rate=144/144 (100.00%)
auto-selected 1-fold oversampling
[HKL stats] h=[-4,-4] k=[6,7] l=[2,2] hit_rate=144/144 (100.00%)
auto-selected 1-fold oversampling
[HKL stats] h=[-7,-7] k=[3,3] l=[3,3] hit_rate=144/144 (100.00%)
auto-selected 1-fold oversampling
[HKL stats] h=[-11,-11] k=[3,3] l=[7,7] hit_rate=144/144 (100.00%)
auto-selected 1-fold oversampling
[HKL stats] h=[-1,-1] k=[2,3] l=[0,0] hit_rate=144/144 (100.00%)
auto-selected 1-fold oversampling
[HKL stats] h=[-11,-11] k=[-5,-4] l=[5,5] hit_rate=144/144 (100.00%)
auto-selected 1-fold oversampling
[HKL stats] h=[-13,-13] k=[-9,-9] l=[8,8] hit_rate=144/144 (100.00%)
auto-selected 1-fold oversampling
[HKL stats] h=[-10,-10] k=[-13,-13] l=[5,5] hit_rate=144/144 (100.00%)
auto-selected 1-fold oversampling
[HKL stats] h=[4,4] k=[-22,-21] l=[8,8] hit_rate=144/144 (100.00%)
auto-selected 1-fold oversampling
[HKL stats] h=[6,6] k=[-24,-24] l=[11,11] hit_rate=0/144 (0.00%)
auto-selected 1-fold oversampling
[HKL stats] h=[1,1] k=[21,22] l=[11,11] hit_rate=144/144 (100.00%)
auto-selected 1-fold oversampling
[HKL stats] h=[3,4] k=[16,16] l=[4,4] hit_rate=144/144 (100.00%)
auto-selected 1-fold oversampling
[HKL stats] h=[6,6] k=[12,12] l=[2,2] hit_rate=144/144 (100.00%)
auto-selected 1-fold oversampling
[HKL stats] h=[11,11] k=[10,10] l=[3,3] hit_rate=144/144 (100.00%)
auto-selected 1-fold oversampling
[HKL stats] h=[-5,-4] k=[5,6] l=[2,2] hit_rate=144/144 (100.00%)
auto-selected 1-fold oversampling
[HKL stats] h=[-8,-7] k=[3,3] l=[3,3] hit_rate=144/144 (100.00%)
auto-selected 1-fold oversampling
[HKL stats] h=[-12,-12] k=[2,2] l=[7,7] hit_rate=144/144 (100.00%)
auto-selected 1-fold oversampling
[HKL stats] h=[-1,-1] k=[2,2] l=[0,0] hit_rate=144/144 (100.00%)
auto-selected 1-fold oversampling
[HKL stats] h=[-12,-12] k=[-4,-4] l=[5,5] hit_rate=144/144 (100.00%)
auto-selected 1-fold oversampling
[HKL stats] h=[-15,-15] k=[-8,-7] l=[8,8] hit_rate=144/144 (100.00%)
auto-selected 1-fold oversampling
[HKL stats] h=[-12,-11] k=[-11,-11] l=[5,5] hit_rate=144/144 (100.00%)
auto-selected 1-fold oversampling
[HKL stats] h=[5,5] k=[-18,-18] l=[8,8] hit_rate=144/144 (100.00%)
auto-selected 1-fold oversampling
[HKL stats] h=[6,7] k=[-20,-20] l=[11,11] hit_rate=144/144 (100.00%)
auto-selected 1-fold oversampling
[HKL stats] h=[1,1] k=[21,22] l=[11,11] hit_rate=144/144 (100.00%)
auto-selected 1-fold oversampling
[HKL stats] h=[3,4] k=[16,16] l=[4,4] hit_rate=144/144 (100.00%)
auto-selected 1-fold oversampling
[HKL stats] h=[6,6] k=[12,12] l=[2,2] hit_rate=144/144 (100.00%)
auto-selected 1-fold oversampling
[HKL stats] h=[11,11] k=[10,10] l=[3,3] hit_rate=144/144 (100.00%)
auto-selected 1-fold oversampling
[HKL stats] h=[-5,-4] k=[5,6] l=[2,2] hit_rate=144/144 (100.00%)
auto-selected 1-fold oversampling
[HKL stats] h=[-8,-7] k=[3,3] l=[3,3] hit_rate=144/144 (100.00%)
auto-selected 1-fold oversampling
[HKL stats] h=[-12,-12] k=[2,2] l=[7,7] hit_rate=144/144 (100.00%)
auto-selected 1-fold oversampling
[HKL stats] h=[-1,-1] k=[2,2] l=[0,0] hit_rate=144/144 (100.00%)
auto-selected 1-fold oversampling
[HKL stats] h=[-12,-12] k=[-4,-4] l=[5,5] hit_rate=144/144 (100.00%)
auto-selected 1-fold oversampling
[HKL stats] h=[-15,-15] k=[-8,-7] l=[8,8] hit_rate=144/144 (100.00%)
auto-selected 1-fold oversampling
[HKL stats] h=[-12,-11] k=[-11,-11] l=[5,5] hit_rate=144/144 (100.00%)
auto-selected 1-fold oversampling
[HKL stats] h=[5,5] k=[-18,-18] l=[8,8] hit_rate=144/144 (100.00%)
auto-selected 1-fold oversampling
[HKL stats] h=[6,7] k=[-20,-20] l=[11,11] hit_rate=144/144 (100.00%)
auto-selected 1-fold oversampling
[HKL stats] h=[1,1] k=[21,22] l=[11,11] hit_rate=144/144 (100.00%)
auto-selected 1-fold oversampling
[HKL stats] h=[-1,-1] k=[21,21] l=[11,11] hit_rate=144/144 (100.00%)
auto-selected 1-fold oversampling
[HKL stats] h=[7,7] k=[22,22] l=[8,9] hit_rate=144/144 (100.00%)
auto-selected 1-fold oversampling
[HKL stats] h=[9,9] k=[22,22] l=[8,8] hit_rate=144/144 (100.00%)
auto-selected 1-fold oversampling
[HKL stats] h=[-6,-6] k=[16,16] l=[11,11] hit_rate=144/144 (100.00%)
auto-selected 1-fold oversampling
[HKL stats] h=[-2,-1] k=[16,17] l=[7,7] hit_rate=144/144 (100.00%)
auto-selected 1-fold oversampling
[HKL stats] h=[15,15] k=[16,16] l=[7,7] hit_rate=144/144 (100.00%)
auto-selected 1-fold oversampling
[HKL stats] h=[-3,-3] k=[16,16] l=[7,8] hit_rate=144/144 (100.00%)
auto-selected 1-fold oversampling
[HKL stats] h=[4,5] k=[17,17] l=[5,5] hit_rate=144/144 (100.00%)
auto-selected 1-fold oversampling
[HKL stats] h=[6,7] k=[17,17] l=[5,5] hit_rate=144/144 (100.00%)
auto-selected 1-fold oversampling
[HKL stats] h=[3,4] k=[16,16] l=[4,4] hit_rate=144/144 (100.00%)
auto-selected 1-fold oversampling
[HKL stats] h=[8,9] k=[16,16] l=[4,4] hit_rate=144/144 (100.00%)
auto-selected 1-fold oversampling
[HKL stats] h=[0,0] k=[15,15] l=[5,5] hit_rate=144/144 (100.00%)
auto-selected 1-fold oversampling
[HKL stats] h=[2,3] k=[15,15] l=[4,4] hit_rate=144/144 (100.00%)
auto-selected 1-fold oversampling
[HKL stats] h=[13,13] k=[14,14] l=[5,5] hit_rate=144/144 (100.00%)
auto-selected 1-fold oversampling
[HKL stats] h=[5,5] k=[14,14] l=[3,3] hit_rate=144/144 (100.00%)
auto-selected 1-fold oversampling
[HKL stats] h=[14,14] k=[12,12] l=[5,5] hit_rate=144/144 (100.00%)
auto-selected 1-fold oversampling
[HKL stats] h=[2,2] k=[13,13] l=[3,3] hit_rate=144/144 (100.00%)
auto-selected 1-fold oversampling
[HKL stats] h=[10,10] k=[12,13] l=[3,4] hit_rate=144/144 (100.00%)
auto-selected 1-fold oversampling
[HKL stats] h=[9,9] k=[12,13] l=[3,3] hit_rate=144/144 (100.00%)
auto-selected 1-fold oversampling
[HKL stats] h=[-9,-9] k=[10,10] l=[9,9] hit_rate=144/144 (100.00%)
auto-selected 1-fold oversampling
[HKL stats] h=[10,11] k=[11,12] l=[3,3] hit_rate=144/144 (100.00%)
auto-selected 1-fold oversampling
[HKL stats] h=[6,6] k=[12,12] l=[2,2] hit_rate=144/144 (100.00%)
auto-selected 1-fold oversampling
[HKL stats] h=[-0,-0] k=[11,11] l=[3,3] hit_rate=144/144 (100.00%)
auto-selected 1-fold oversampling
[HKL stats] h=[-5,-4] k=[10,11] l=[4,4] hit_rate=144/144 (100.00%)
auto-selected 1-fold oversampling
[HKL stats] h=[-7,-7] k=[10,10] l=[5,6] hit_rate=144/144 (100.00%)
auto-selected 1-fold oversampling
[HKL stats] h=[11,11] k=[10,10] l=[3,3] hit_rate=144/144 (100.00%)
auto-selected 1-fold oversampling
[HKL stats] h=[0,1] k=[10,10] l=[2,2] hit_rate=144/144 (100.00%)
auto-selected 1-fold oversampling
[HKL stats] h=[4,5] k=[9,9] l=[1,1] hit_rate=144/144 (100.00%)
auto-selected 1-fold oversampling
[HKL stats] h=[-7,-7] k=[8,8] l=[4,5] hit_rate=144/144 (100.00%)
auto-selected 1-fold oversampling
[HKL stats] h=[10,11] k=[7,7] l=[3,3] hit_rate=144/144 (100.00%)
auto-selected 1-fold oversampling
[HKL stats] h=[4,4] k=[7,7] l=[1,1] hit_rate=144/144 (100.00%)
auto-selected 1-fold oversampling
[HKL stats] h=[-1,-1] k=[6,6] l=[1,1] hit_rate=144/144 (100.00%)
auto-selected 1-fold oversampling
[HKL stats] h=[1,1] k=[6,6] l=[1,1] hit_rate=144/144 (100.00%)
auto-selected 1-fold oversampling
[HKL stats] h=[4,4] k=[6,6] l=[1,1] hit_rate=144/144 (100.00%)
auto-selected 1-fold oversampling
[HKL stats] h=[-5,-4] k=[5,6] l=[2,2] hit_rate=144/144 (100.00%)
auto-selected 1-fold oversampling
[HKL stats] h=[-12,-12] k=[4,5] l=[9,9] hit_rate=144/144 (100.00%)
auto-selected 1-fold oversampling
[HKL stats] h=[-2,-2] k=[5,5] l=[1,1] hit_rate=144/144 (100.00%)
auto-selected 1-fold oversampling
[HKL stats] h=[-4,-4] k=[4,5] l=[1,1] hit_rate=144/144 (100.00%)
auto-selected 1-fold oversampling
[HKL stats] h=[-8,-7] k=[3,3] l=[3,3] hit_rate=144/144 (100.00%)
auto-selected 1-fold oversampling
[HKL stats] h=[-12,-12] k=[2,2] l=[7,7] hit_rate=144/144 (100.00%)
auto-selected 1-fold oversampling
[HKL stats] h=[-11,-11] k=[2,2] l=[6,6] hit_rate=144/144 (100.00%)
auto-selected 1-fold oversampling
[HKL stats] h=[-11,-11] k=[2,2] l=[5,5] hit_rate=144/144 (100.00%)
auto-selected 1-fold oversampling
[HKL stats] h=[14,14] k=[2,2] l=[5,5] hit_rate=144/144 (100.00%)
auto-selected 1-fold oversampling
[HKL stats] h=[-1,-1] k=[2,2] l=[0,0] hit_rate=144/144 (100.00%)
auto-selected 1-fold oversampling
[HKL stats] h=[7,8] k=[-2,-1] l=[2,2] hit_rate=144/144 (100.00%)
auto-selected 1-fold oversampling
[HKL stats] h=[-1,-1] k=[-2,-2] l=[0,0] hit_rate=144/144 (100.00%)
auto-selected 1-fold oversampling
[HKL stats] h=[12,12] k=[-2,-2] l=[4,4] hit_rate=144/144 (100.00%)
auto-selected 1-fold oversampling
[HKL stats] h=[3,4] k=[-2,-2] l=[1,1] hit_rate=144/144 (100.00%)
auto-selected 1-fold oversampling
[HKL stats] h=[-7,-7] k=[-3,-2] l=[1,1] hit_rate=144/144 (100.00%)
auto-selected 1-fold oversampling
[HKL stats] h=[-3,-2] k=[-3,-3] l=[0,0] hit_rate=144/144 (100.00%)
auto-selected 1-fold oversampling
[HKL stats] h=[11,11] k=[-3,-3] l=[4,4] hit_rate=144/144 (100.00%)
auto-selected 1-fold oversampling
[HKL stats] h=[2,3] k=[-4,-4] l=[1,1] hit_rate=144/144 (100.00%)
auto-selected 1-fold oversampling
[HKL stats] h=[4,4] k=[-4,-4] l=[1,1] hit_rate=144/144 (100.00%)
auto-selected 1-fold oversampling
[HKL stats] h=[-8,-8] k=[-4,-4] l=[2,2] hit_rate=144/144 (100.00%)
auto-selected 1-fold oversampling
[HKL stats] h=[-12,-12] k=[-4,-4] l=[5,5] hit_rate=144/144 (100.00%)
auto-selected 1-fold oversampling
[HKL stats] h=[-14,-14] k=[-4,-3] l=[8,8] hit_rate=144/144 (100.00%)
auto-selected 1-fold oversampling
[HKL stats] h=[-10,-10] k=[-6,-6] l=[3,3] hit_rate=144/144 (100.00%)
auto-selected 1-fold oversampling
[HKL stats] h=[-4,-3] k=[-7,-7] l=[1,1] hit_rate=144/144 (100.00%)
auto-selected 1-fold oversampling
[HKL stats] h=[-0,-0] k=[-7,-7] l=[1,1] hit_rate=144/144 (100.00%)
auto-selected 1-fold oversampling
[HKL stats] h=[-7,-7] k=[-7,-7] l=[2,2] hit_rate=144/144 (100.00%)
auto-selected 1-fold oversampling
[HKL stats] h=[11,11] k=[-7,-6] l=[5,5] hit_rate=144/144 (100.00%)
auto-selected 1-fold oversampling
[HKL stats] h=[-2,-2] k=[-8,-8] l=[1,1] hit_rate=144/144 (100.00%)
auto-selected 1-fold oversampling
[HKL stats] h=[-5,-5] k=[-9,-8] l=[1,1] hit_rate=144/144 (100.00%)
auto-selected 1-fold oversampling
[HKL stats] h=[-14,-13] k=[-8,-7] l=[6,6] hit_rate=144/144 (100.00%)
auto-selected 1-fold oversampling
[HKL stats] h=[-14,-14] k=[-8,-7] l=[7,7] hit_rate=144/144 (100.00%)
auto-selected 1-fold oversampling
[HKL stats] h=[-14,-14] k=[-8,-7] l=[7,8] hit_rate=144/144 (100.00%)
auto-selected 1-fold oversampling
[HKL stats] h=[-15,-15] k=[-8,-7] l=[8,8] hit_rate=144/144 (100.00%)
auto-selected 1-fold oversampling
[HKL stats] h=[10,10] k=[-9,-8] l=[5,6] hit_rate=144/144 (100.00%)
auto-selected 1-fold oversampling
[HKL stats] h=[0,0] k=[-10,-10] l=[2,2] hit_rate=144/144 (100.00%)
auto-selected 1-fold oversampling
[HKL stats] h=[-12,-12] k=[-10,-10] l=[5,5] hit_rate=144/144 (100.00%)
auto-selected 1-fold oversampling
[HKL stats] h=[7,7] k=[-10,-10] l=[4,4] hit_rate=144/144 (100.00%)
auto-selected 1-fold oversampling
[HKL stats] h=[-12,-11] k=[-11,-11] l=[5,5] hit_rate=144/144 (100.00%)
auto-selected 1-fold oversampling
[HKL stats] h=[-3,-3] k=[-13,-13] l=[3,3] hit_rate=144/144 (100.00%)
auto-selected 1-fold oversampling
[HKL stats] h=[4,4] k=[-12,-12] l=[4,4] hit_rate=144/144 (100.00%)
auto-selected 1-fold oversampling
[HKL stats] h=[4,4] k=[-13,-13] l=[4,5] hit_rate=144/144 (100.00%)
auto-selected 1-fold oversampling
[HKL stats] h=[4,4] k=[-14,-14] l=[5,5] hit_rate=144/144 (100.00%)
auto-selected 1-fold oversampling
[HKL stats] h=[4,4] k=[-15,-15] l=[5,6] hit_rate=144/144 (100.00%)
auto-selected 1-fold oversampling
[HKL stats] h=[-3,-3] k=[-18,-17] l=[5,5] hit_rate=144/144 (100.00%)
auto-selected 1-fold oversampling
[HKL stats] h=[-9,-9] k=[-18,-18] l=[6,7] hit_rate=144/144 (100.00%)
auto-selected 1-fold oversampling
[HKL stats] h=[-2,-2] k=[-19,-18] l=[6,6] hit_rate=144/144 (100.00%)
auto-selected 1-fold oversampling
[HKL stats] h=[12,12] k=[-15,-15] l=[11,11] hit_rate=0/144 (0.00%)
auto-selected 1-fold oversampling
[HKL stats] h=[-1,-0] k=[-19,-19] l=[6,7] hit_rate=144/144 (100.00%)
auto-selected 1-fold oversampling
[HKL stats] h=[5,5] k=[-18,-18] l=[8,8] hit_rate=144/144 (100.00%)
auto-selected 1-fold oversampling
[HKL stats] h=[-5,-5] k=[-19,-19] l=[6,7] hit_rate=144/144 (100.00%)
auto-selected 1-fold oversampling
[HKL stats] h=[-10,-9] k=[-20,-20] l=[8,8] hit_rate=144/144 (100.00%)
auto-selected 1-fold oversampling
[HKL stats] h=[5,6] k=[-19,-19] l=[9,10] hit_rate=144/144 (100.00%)
auto-selected 1-fold oversampling
[HKL stats] h=[9,9] k=[-18,-18] l=[11,11] hit_rate=144/144 (100.00%)
auto-selected 1-fold oversampling
[HKL stats] h=[-12,-12] k=[-20,-19] l=[10,10] hit_rate=144/144 (100.00%)
auto-selected 1-fold oversampling
[HKL stats] h=[6,7] k=[-20,-20] l=[11,11] hit_rate=144/144 (100.00%)
auto-selected 1-fold oversampling
[HKL stats] h=[-13,-13] k=[-21,-20] l=[11,11] hit_rate=144/144 (100.00%)
auto-selected 1-fold oversampling
[HKL stats] h=[3,3] k=[-22,-22] l=[10,10] hit_rate=144/144 (100.00%)
auto-selected 1-fold oversampling
[HKL stats] h=[1,1] k=[21,22] l=[11,11] hit_rate=144/144 (100.00%)
auto-selected 1-fold oversampling
[HKL stats] h=[3,4] k=[16,16] l=[4,4] hit_rate=144/144 (100.00%)
auto-selected 1-fold oversampling
[HKL stats] h=[6,6] k=[12,12] l=[2,2] hit_rate=144/144 (100.00%)
auto-selected 1-fold oversampling
[HKL stats] h=[11,11] k=[10,10] l=[3,3] hit_rate=144/144 (100.00%)
auto-selected 1-fold oversampling
[HKL stats] h=[-5,-4] k=[5,6] l=[2,2] hit_rate=144/144 (100.00%)
auto-selected 1-fold oversampling
[HKL stats] h=[-8,-7] k=[3,3] l=[3,3] hit_rate=144/144 (100.00%)
auto-selected 1-fold oversampling
[HKL stats] h=[-12,-12] k=[2,2] l=[7,7] hit_rate=144/144 (100.00%)
auto-selected 1-fold oversampling
[HKL stats] h=[-1,-1] k=[2,2] l=[0,0] hit_rate=144/144 (100.00%)
auto-selected 1-fold oversampling
[HKL stats] h=[-12,-12] k=[-4,-4] l=[5,5] hit_rate=144/144 (100.00%)
auto-selected 1-fold oversampling
[HKL stats] h=[-15,-15] k=[-8,-7] l=[8,8] hit_rate=144/144 (100.00%)
auto-selected 1-fold oversampling
[HKL stats] h=[-12,-11] k=[-11,-11] l=[5,5] hit_rate=144/144 (100.00%)
auto-selected 1-fold oversampling
[HKL stats] h=[5,5] k=[-18,-18] l=[8,8] hit_rate=144/144 (100.00%)
auto-selected 1-fold oversampling
[HKL stats] h=[6,7] k=[-20,-20] l=[11,11] hit_rate=144/144 (100.00%)
auto-selected 1-fold oversampling
[HKL stats] h=[1,1] k=[21,21] l=[11,11] hit_rate=144/144 (100.00%)
auto-selected 1-fold oversampling
[HKL stats] h=[3,4] k=[16,16] l=[4,4] hit_rate=144/144 (100.00%)
auto-selected 1-fold oversampling
[HKL stats] h=[6,6] k=[11,12] l=[2,2] hit_rate=144/144 (100.00%)
auto-selected 1-fold oversampling
[HKL stats] h=[11,11] k=[10,10] l=[3,3] hit_rate=144/144 (100.00%)
auto-selected 1-fold oversampling
[HKL stats] h=[-5,-4] k=[5,6] l=[2,2] hit_rate=144/144 (100.00%)
auto-selected 1-fold oversampling
[HKL stats] h=[-8,-8] k=[3,3] l=[3,3] hit_rate=144/144 (100.00%)
auto-selected 1-fold oversampling
[HKL stats] h=[-12,-12] k=[2,2] l=[7,7] hit_rate=144/144 (100.00%)
auto-selected 1-fold oversampling
[HKL stats] h=[-1,-1] k=[2,2] l=[0,0] hit_rate=144/144 (100.00%)
auto-selected 1-fold oversampling
[HKL stats] h=[-12,-12] k=[-4,-4] l=[5,5] hit_rate=144/144 (100.00%)
auto-selected 1-fold oversampling
[HKL stats] h=[-15,-15] k=[-7,-7] l=[8,8] hit_rate=144/144 (100.00%)
auto-selected 1-fold oversampling
[HKL stats] h=[-12,-12] k=[-11,-11] l=[5,5] hit_rate=144/144 (100.00%)
auto-selected 1-fold oversampling
[HKL stats] h=[5,5] k=[-18,-18] l=[8,8] hit_rate=144/144 (100.00%)
auto-selected 1-fold oversampling
[HKL stats] h=[7,7] k=[-20,-20] l=[11,11] hit_rate=144/144 (100.00%)
auto-selected 1-fold oversampling
[HKL stats] h=[1,1] k=[21,22] l=[11,11] hit_rate=144/144 (100.00%)
auto-selected 1-fold oversampling
[HKL stats] h=[3,4] k=[16,16] l=[4,4] hit_rate=144/144 (100.00%)
auto-selected 1-fold oversampling
[HKL stats] h=[6,6] k=[12,12] l=[2,2] hit_rate=144/144 (100.00%)
auto-selected 1-fold oversampling
[HKL stats] h=[11,11] k=[10,10] l=[3,3] hit_rate=144/144 (100.00%)
auto-selected 1-fold oversampling
[HKL stats] h=[-5,-4] k=[5,6] l=[2,2] hit_rate=144/144 (100.00%)
auto-selected 1-fold oversampling
[HKL stats] h=[-8,-7] k=[3,3] l=[3,3] hit_rate=144/144 (100.00%)
auto-selected 1-fold oversampling
[HKL stats] h=[-12,-12] k=[2,2] l=[7,7] hit_rate=144/144 (100.00%)
auto-selected 1-fold oversampling
[HKL stats] h=[-1,-1] k=[2,2] l=[0,0] hit_rate=144/144 (100.00%)
auto-selected 1-fold oversampling
[HKL stats] h=[-12,-12] k=[-4,-4] l=[5,5] hit_rate=144/144 (100.00%)
auto-selected 1-fold oversampling
[HKL stats] h=[-15,-15] k=[-8,-7] l=[8,8] hit_rate=144/144 (100.00%)
auto-selected 1-fold oversampling
[HKL stats] h=[-12,-11] k=[-11,-11] l=[5,5] hit_rate=144/144 (100.00%)
auto-selected 1-fold oversampling
[HKL stats] h=[5,5] k=[-18,-18] l=[8,8] hit_rate=144/144 (100.00%)
auto-selected 1-fold oversampling
[HKL stats] h=[6,7] k=[-20,-20] l=[11,11] hit_rate=144/144 (100.00%)
auto-selected 1-fold oversampling
[HKL stats] h=[1,1] k=[21,22] l=[11,11] hit_rate=144/144 (100.00%)
auto-selected 1-fold oversampling
[HKL stats] h=[3,4] k=[16,16] l=[4,4] hit_rate=144/144 (100.00%)
auto-selected 1-fold oversampling
[HKL stats] h=[6,6] k=[12,12] l=[2,2] hit_rate=144/144 (100.00%)
auto-selected 1-fold oversampling
[HKL stats] h=[11,11] k=[10,10] l=[3,3] hit_rate=144/144 (100.00%)
auto-selected 1-fold oversampling
[HKL stats] h=[-5,-4] k=[5,6] l=[2,2] hit_rate=144/144 (100.00%)
auto-selected 1-fold oversampling
[HKL stats] h=[-8,-7] k=[3,3] l=[3,3] hit_rate=144/144 (100.00%)
auto-selected 1-fold oversampling
[HKL stats] h=[-12,-12] k=[2,2] l=[7,7] hit_rate=144/144 (100.00%)
auto-selected 1-fold oversampling
[HKL stats] h=[-1,-1] k=[2,2] l=[0,0] hit_rate=144/144 (100.00%)
auto-selected 1-fold oversampling
[HKL stats] h=[-12,-12] k=[-4,-4] l=[5,5] hit_rate=144/144 (100.00%)
auto-selected 1-fold oversampling
[HKL stats] h=[-15,-15] k=[-8,-7] l=[8,8] hit_rate=144/144 (100.00%)
auto-selected 1-fold oversampling
[HKL stats] h=[-12,-11] k=[-11,-11] l=[5,5] hit_rate=144/144 (100.00%)
auto-selected 1-fold oversampling
[HKL stats] h=[5,5] k=[-18,-18] l=[8,8] hit_rate=144/144 (100.00%)
auto-selected 1-fold oversampling
[HKL stats] h=[6,7] k=[-20,-20] l=[11,11] hit_rate=144/144 (100.00%)
auto-selected 1-fold oversampling
[HKL stats] h=[1,1] k=[21,22] l=[11,11] hit_rate=144/144 (100.00%)
auto-selected 1-fold oversampling
[HKL stats] h=[-1,-1] k=[21,21] l=[11,11] hit_rate=144/144 (100.00%)
auto-selected 1-fold oversampling
[HKL stats] h=[7,7] k=[22,22] l=[8,9] hit_rate=144/144 (100.00%)
auto-selected 1-fold oversampling
[HKL stats] h=[9,9] k=[22,22] l=[8,8] hit_rate=144/144 (100.00%)
auto-selected 1-fold oversampling
[HKL stats] h=[-6,-6] k=[16,16] l=[11,11] hit_rate=144/144 (100.00%)
auto-selected 1-fold oversampling
[HKL stats] h=[-2,-1] k=[16,17] l=[7,7] hit_rate=144/144 (100.00%)
auto-selected 1-fold oversampling
[HKL stats] h=[15,15] k=[16,16] l=[7,7] hit_rate=144/144 (100.00%)
auto-selected 1-fold oversampling
[HKL stats] h=[-3,-3] k=[16,16] l=[7,8] hit_rate=144/144 (100.00%)
auto-selected 1-fold oversampling
[HKL stats] h=[4,5] k=[17,17] l=[5,5] hit_rate=144/144 (100.00%)
auto-selected 1-fold oversampling
[HKL stats] h=[6,7] k=[17,17] l=[5,5] hit_rate=144/144 (100.00%)
auto-selected 1-fold oversampling
[HKL stats] h=[3,4] k=[16,16] l=[4,4] hit_rate=144/144 (100.00%)
auto-selected 1-fold oversampling
[HKL stats] h=[8,9] k=[16,16] l=[4,4] hit_rate=144/144 (100.00%)
auto-selected 1-fold oversampling
[HKL stats] h=[0,0] k=[15,15] l=[5,5] hit_rate=144/144 (100.00%)
auto-selected 1-fold oversampling
[HKL stats] h=[2,3] k=[15,15] l=[4,4] hit_rate=144/144 (100.00%)
auto-selected 1-fold oversampling
[HKL stats] h=[13,13] k=[14,14] l=[5,5] hit_rate=144/144 (100.00%)
auto-selected 1-fold oversampling
[HKL stats] h=[5,5] k=[14,14] l=[3,3] hit_rate=144/144 (100.00%)
auto-selected 1-fold oversampling
[HKL stats] h=[14,14] k=[12,12] l=[5,5] hit_rate=144/144 (100.00%)
auto-selected 1-fold oversampling
[HKL stats] h=[2,2] k=[13,13] l=[3,3] hit_rate=144/144 (100.00%)
auto-selected 1-fold oversampling
[HKL stats] h=[10,10] k=[12,13] l=[3,4] hit_rate=144/144 (100.00%)
auto-selected 1-fold oversampling
[HKL stats] h=[9,9] k=[12,13] l=[3,3] hit_rate=144/144 (100.00%)
auto-selected 1-fold oversampling
[HKL stats] h=[-9,-9] k=[10,10] l=[9,9] hit_rate=144/144 (100.00%)
auto-selected 1-fold oversampling
[HKL stats] h=[10,11] k=[11,12] l=[3,3] hit_rate=144/144 (100.00%)
auto-selected 1-fold oversampling
[HKL stats] h=[6,6] k=[12,12] l=[2,2] hit_rate=144/144 (100.00%)
auto-selected 1-fold oversampling
[HKL stats] h=[-0,-0] k=[11,11] l=[3,3] hit_rate=144/144 (100.00%)
auto-selected 1-fold oversampling
[HKL stats] h=[-5,-4] k=[10,11] l=[4,4] hit_rate=144/144 (100.00%)
auto-selected 1-fold oversampling
[HKL stats] h=[-7,-7] k=[10,10] l=[5,6] hit_rate=144/144 (100.00%)
auto-selected 1-fold oversampling
[HKL stats] h=[11,11] k=[10,10] l=[3,3] hit_rate=144/144 (100.00%)
auto-selected 1-fold oversampling
[HKL stats] h=[0,1] k=[10,10] l=[2,2] hit_rate=144/144 (100.00%)
auto-selected 1-fold oversampling
[HKL stats] h=[4,5] k=[9,9] l=[1,1] hit_rate=144/144 (100.00%)
auto-selected 1-fold oversampling
[HKL stats] h=[-7,-7] k=[8,8] l=[4,5] hit_rate=144/144 (100.00%)
auto-selected 1-fold oversampling
[HKL stats] h=[10,11] k=[7,7] l=[3,3] hit_rate=144/144 (100.00%)
auto-selected 1-fold oversampling
[HKL stats] h=[4,4] k=[7,7] l=[1,1] hit_rate=144/144 (100.00%)
auto-selected 1-fold oversampling
[HKL stats] h=[-1,-1] k=[6,6] l=[1,1] hit_rate=144/144 (100.00%)
auto-selected 1-fold oversampling
[HKL stats] h=[1,1] k=[6,6] l=[1,1] hit_rate=144/144 (100.00%)
auto-selected 1-fold oversampling
[HKL stats] h=[4,4] k=[6,6] l=[1,1] hit_rate=144/144 (100.00%)
auto-selected 1-fold oversampling
[HKL stats] h=[-5,-4] k=[5,6] l=[2,2] hit_rate=144/144 (100.00%)
auto-selected 1-fold oversampling
[HKL stats] h=[-12,-12] k=[4,5] l=[9,9] hit_rate=144/144 (100.00%)
auto-selected 1-fold oversampling
[HKL stats] h=[-2,-2] k=[5,5] l=[1,1] hit_rate=144/144 (100.00%)
auto-selected 1-fold oversampling
[HKL stats] h=[-4,-4] k=[4,5] l=[1,1] hit_rate=144/144 (100.00%)
auto-selected 1-fold oversampling
[HKL stats] h=[-8,-7] k=[3,3] l=[3,3] hit_rate=144/144 (100.00%)
auto-selected 1-fold oversampling
[HKL stats] h=[-12,-12] k=[2,2] l=[7,7] hit_rate=144/144 (100.00%)
auto-selected 1-fold oversampling
[HKL stats] h=[-11,-11] k=[2,2] l=[6,6] hit_rate=144/144 (100.00%)
auto-selected 1-fold oversampling
[HKL stats] h=[-11,-11] k=[2,2] l=[5,5] hit_rate=144/144 (100.00%)
auto-selected 1-fold oversampling
[HKL stats] h=[14,14] k=[2,2] l=[5,5] hit_rate=144/144 (100.00%)
auto-selected 1-fold oversampling
[HKL stats] h=[-1,-1] k=[2,2] l=[0,0] hit_rate=144/144 (100.00%)
auto-selected 1-fold oversampling
[HKL stats] h=[7,8] k=[-2,-1] l=[2,2] hit_rate=144/144 (100.00%)
auto-selected 1-fold oversampling
[HKL stats] h=[-1,-1] k=[-2,-2] l=[0,0] hit_rate=144/144 (100.00%)
auto-selected 1-fold oversampling
[HKL stats] h=[12,12] k=[-2,-2] l=[4,4] hit_rate=144/144 (100.00%)
auto-selected 1-fold oversampling
[HKL stats] h=[3,4] k=[-2,-2] l=[1,1] hit_rate=144/144 (100.00%)
auto-selected 1-fold oversampling
[HKL stats] h=[-7,-7] k=[-3,-2] l=[1,1] hit_rate=144/144 (100.00%)
auto-selected 1-fold oversampling
[HKL stats] h=[-3,-2] k=[-3,-3] l=[0,0] hit_rate=144/144 (100.00%)
auto-selected 1-fold oversampling
[HKL stats] h=[11,11] k=[-3,-3] l=[4,4] hit_rate=144/144 (100.00%)
auto-selected 1-fold oversampling
[HKL stats] h=[2,3] k=[-4,-4] l=[1,1] hit_rate=144/144 (100.00%)
auto-selected 1-fold oversampling
[HKL stats] h=[4,4] k=[-4,-4] l=[1,1] hit_rate=144/144 (100.00%)
auto-selected 1-fold oversampling
[HKL stats] h=[-8,-8] k=[-4,-4] l=[2,2] hit_rate=144/144 (100.00%)
auto-selected 1-fold oversampling
[HKL stats] h=[-12,-12] k=[-4,-4] l=[5,5] hit_rate=144/144 (100.00%)
auto-selected 1-fold oversampling
[HKL stats] h=[-14,-14] k=[-4,-3] l=[8,8] hit_rate=144/144 (100.00%)
auto-selected 1-fold oversampling
[HKL stats] h=[-10,-10] k=[-6,-6] l=[3,3] hit_rate=144/144 (100.00%)
auto-selected 1-fold oversampling
[HKL stats] h=[-4,-3] k=[-7,-7] l=[1,1] hit_rate=144/144 (100.00%)
auto-selected 1-fold oversampling
[HKL stats] h=[-0,-0] k=[-7,-7] l=[1,1] hit_rate=144/144 (100.00%)
auto-selected 1-fold oversampling
[HKL stats] h=[-7,-7] k=[-7,-7] l=[2,2] hit_rate=144/144 (100.00%)
auto-selected 1-fold oversampling
[HKL stats] h=[11,11] k=[-7,-6] l=[5,5] hit_rate=144/144 (100.00%)
auto-selected 1-fold oversampling
[HKL stats] h=[-2,-2] k=[-8,-8] l=[1,1] hit_rate=144/144 (100.00%)
auto-selected 1-fold oversampling
[HKL stats] h=[-5,-5] k=[-9,-8] l=[1,1] hit_rate=144/144 (100.00%)
auto-selected 1-fold oversampling
[HKL stats] h=[-14,-13] k=[-8,-7] l=[6,6] hit_rate=144/144 (100.00%)
auto-selected 1-fold oversampling
[HKL stats] h=[-14,-14] k=[-8,-7] l=[7,7] hit_rate=144/144 (100.00%)
auto-selected 1-fold oversampling
[HKL stats] h=[-14,-14] k=[-8,-7] l=[7,8] hit_rate=144/144 (100.00%)
auto-selected 1-fold oversampling
[HKL stats] h=[-15,-15] k=[-8,-7] l=[8,8] hit_rate=144/144 (100.00%)
auto-selected 1-fold oversampling
[HKL stats] h=[10,10] k=[-9,-8] l=[5,6] hit_rate=144/144 (100.00%)
auto-selected 1-fold oversampling
[HKL stats] h=[0,0] k=[-10,-10] l=[2,2] hit_rate=144/144 (100.00%)
auto-selected 1-fold oversampling
[HKL stats] h=[-12,-12] k=[-10,-10] l=[5,5] hit_rate=144/144 (100.00%)
auto-selected 1-fold oversampling
[HKL stats] h=[7,7] k=[-10,-10] l=[4,4] hit_rate=144/144 (100.00%)
auto-selected 1-fold oversampling
[HKL stats] h=[-12,-11] k=[-11,-11] l=[5,5] hit_rate=144/144 (100.00%)
auto-selected 1-fold oversampling
[HKL stats] h=[-3,-3] k=[-13,-13] l=[3,3] hit_rate=144/144 (100.00%)
auto-selected 1-fold oversampling
[HKL stats] h=[4,4] k=[-12,-12] l=[4,4] hit_rate=144/144 (100.00%)
auto-selected 1-fold oversampling
[HKL stats] h=[4,4] k=[-13,-13] l=[4,5] hit_rate=144/144 (100.00%)
auto-selected 1-fold oversampling
[HKL stats] h=[4,4] k=[-14,-14] l=[5,5] hit_rate=144/144 (100.00%)
auto-selected 1-fold oversampling
[HKL stats] h=[4,4] k=[-15,-15] l=[5,6] hit_rate=144/144 (100.00%)
auto-selected 1-fold oversampling
[HKL stats] h=[-3,-3] k=[-18,-17] l=[5,5] hit_rate=144/144 (100.00%)
auto-selected 1-fold oversampling
[HKL stats] h=[-9,-9] k=[-18,-18] l=[6,7] hit_rate=144/144 (100.00%)
auto-selected 1-fold oversampling
[HKL stats] h=[-2,-2] k=[-19,-18] l=[6,6] hit_rate=144/144 (100.00%)
auto-selected 1-fold oversampling
[HKL stats] h=[12,12] k=[-15,-15] l=[11,11] hit_rate=0/144 (0.00%)
auto-selected 1-fold oversampling
[HKL stats] h=[-1,-0] k=[-19,-19] l=[6,7] hit_rate=144/144 (100.00%)
auto-selected 1-fold oversampling
[HKL stats] h=[5,5] k=[-18,-18] l=[8,8] hit_rate=144/144 (100.00%)
auto-selected 1-fold oversampling
[HKL stats] h=[-5,-5] k=[-19,-19] l=[6,7] hit_rate=144/144 (100.00%)
auto-selected 1-fold oversampling
[HKL stats] h=[-10,-9] k=[-20,-20] l=[8,8] hit_rate=144/144 (100.00%)
auto-selected 1-fold oversampling
[HKL stats] h=[5,6] k=[-19,-19] l=[9,10] hit_rate=144/144 (100.00%)
auto-selected 1-fold oversampling
[HKL stats] h=[9,9] k=[-18,-18] l=[11,11] hit_rate=144/144 (100.00%)
auto-selected 1-fold oversampling
[HKL stats] h=[-12,-12] k=[-20,-19] l=[10,10] hit_rate=144/144 (100.00%)
auto-selected 1-fold oversampling
[HKL stats] h=[6,7] k=[-20,-20] l=[11,11] hit_rate=144/144 (100.00%)
auto-selected 1-fold oversampling
[HKL stats] h=[-13,-13] k=[-21,-20] l=[11,11] hit_rate=144/144 (100.00%)
auto-selected 1-fold oversampling
[HKL stats] h=[3,3] k=[-22,-22] l=[10,10] hit_rate=144/144 (100.00%)
auto-selected 1-fold oversampling
[HKL stats] h=[-16,22] k=[-22,22] l=[0,14] hit_rate=6135311/6224001 (98.58%)
auto-selected 1-fold oversampling
[HKL stats] h=[-16,22] k=[-23,23] l=[0,14] hit_rate=6043044/6224001 (97.09%)
auto-selected 1-fold oversampling
[HKL stats] h=[5,5] k=[14,14] l=[3,3] hit_rate=144/144 (100.00%)
auto-selected 1-fold oversampling
[HKL stats] h=[14,14] k=[12,12] l=[5,5] hit_rate=144/144 (100.00%)
auto-selected 1-fold oversampling
[HKL stats] h=[2,2] k=[13,13] l=[3,3] hit_rate=144/144 (100.00%)
auto-selected 1-fold oversampling
[HKL stats] h=[10,10] k=[12,13] l=[3,4] hit_rate=144/144 (100.00%)
auto-selected 1-fold oversampling
[HKL stats] h=[-0,-0] k=[11,11] l=[3,3] hit_rate=144/144 (100.00%)
auto-selected 1-fold oversampling
[HKL stats] h=[-8,-7] k=[3,3] l=[3,3] hit_rate=144/144 (100.00%)
auto-selected 1-fold oversampling
[HKL stats] h=[-11,-11] k=[2,2] l=[5,5] hit_rate=144/144 (100.00%)
auto-selected 1-fold oversampling
[HKL stats] h=[7,8] k=[-2,-1] l=[2,2] hit_rate=144/144 (100.00%)
auto-selected 1-fold oversampling
[HKL stats] h=[-10,-10] k=[-6,-6] l=[3,3] hit_rate=144/144 (100.00%)
auto-selected 1-fold oversampling
[HKL stats] h=[-7,-7] k=[-7,-7] l=[2,2] hit_rate=144/144 (100.00%)
auto-selected 1-fold oversampling
[HKL stats] h=[-15,-15] k=[-8,-7] l=[8,8] hit_rate=144/144 (100.00%)
auto-selected 1-fold oversampling
[HKL stats] h=[4,4] k=[-14,-14] l=[5,5] hit_rate=144/144 (100.00%)
auto-selected 1-fold oversampling
[HKL stats] h=[-9,-9] k=[-18,-18] l=[6,7] hit_rate=144/144 (100.00%)
auto-selected 1-fold oversampling
[HKL stats] h=[5,5] k=[14,14] l=[3,3] hit_rate=144/144 (100.00%)
auto-selected 1-fold oversampling
[HKL stats] h=[14,14] k=[12,12] l=[5,5] hit_rate=144/144 (100.00%)
auto-selected 1-fold oversampling
[HKL stats] h=[2,2] k=[13,13] l=[3,3] hit_rate=144/144 (100.00%)
auto-selected 1-fold oversampling
[HKL stats] h=[10,10] k=[12,13] l=[3,4] hit_rate=144/144 (100.00%)
auto-selected 1-fold oversampling
[HKL stats] h=[-0,-0] k=[11,11] l=[3,3] hit_rate=144/144 (100.00%)
auto-selected 1-fold oversampling
[HKL stats] h=[-8,-7] k=[3,3] l=[3,3] hit_rate=144/144 (100.00%)
auto-selected 1-fold oversampling
[HKL stats] h=[-11,-11] k=[2,2] l=[5,5] hit_rate=144/144 (100.00%)
auto-selected 1-fold oversampling
[HKL stats] h=[7,8] k=[-2,-1] l=[2,2] hit_rate=144/144 (100.00%)
auto-selected 1-fold oversampling
[HKL stats] h=[-10,-10] k=[-6,-6] l=[3,3] hit_rate=144/144 (100.00%)
auto-selected 1-fold oversampling
[HKL stats] h=[-7,-7] k=[-7,-7] l=[2,2] hit_rate=144/144 (100.00%)
auto-selected 1-fold oversampling
[HKL stats] h=[-15,-15] k=[-8,-7] l=[8,8] hit_rate=144/144 (100.00%)
auto-selected 1-fold oversampling
[HKL stats] h=[4,4] k=[-14,-14] l=[5,5] hit_rate=144/144 (100.00%)
auto-selected 1-fold oversampling
[HKL stats] h=[-9,-9] k=[-18,-18] l=[6,7] hit_rate=144/144 (100.00%)
auto-selected 1-fold oversampling
[HKL stats] h=[-16,22] k=[-23,23] l=[0,14] hit_rate=6043044/6224001 (97.09%)
auto-selected 1-fold oversampling
[HKL stats] h=[-16,22] k=[-23,23] l=[0,14] hit_rate=6043044/6224001 (97.09%)
[probe] Stage A final chi2= 300571232.0
[probe] Stage B final chi2= 122637440.0
[probe] Stage B improvement frac= 0.5919854365836316
[probe] Stage B ROI mode= roi
[probe] Stage B param_deltas=
{
  "shell_0_modifier (d=80000.12-100000.00\u00c5)": 2.0,
  "shell_1_modifier (d=60000.25-80000.12\u00c5)": 0.9999999403953552,
  "shell_2_modifier (d=40000.38-60000.25\u00c5)": 0.9999999403953552,
  "shell_3_modifier (d=20000.50-40000.38\u00c5)": 0.9999999403953552,
  "shell_4_modifier (d=0.63-20000.50\u00c5)": 0.9999999403953552
}
[probe] Stage B chi-squared trace (full)= [(0, 300571072.0), (2, 122637440.0)]
[probe] Stage B perf counters= {'cache_mode': 'warm', 'roi_mode': 'roi', 'roi_count_total': 92, 'roi_count_sampled': 13, 'closure_evals': 2, 'validation_runs': 2, 'forward_time_ms': {'mean': 188.333316356875, 'min': 169.5204507559538, 'max': 207.56804011762142, 'total': 753.3332654275}}
