2025-11-03 17:26:41,617 - canonical_capture - INFO - === Canonical Golden Dataset Generation ===
2025-11-03 17:26:41,617 - canonical_capture - INFO - Loading refGeom experiment...
2025-11-03 17:26:41,845 - canonical_capture - INFO - Loaded 92 reflections from /home/ollie/Documents/diffbragg_example_2/diffbragg_example/refGeom.refl
2025-11-03 17:26:41,845 - canonical_capture - INFO - Starting DiffBragg refinement (GPU devId=0 per DIFFBRAGG-001)...
2025-11-03 17:26:41,879 - canonical_capture - INFO - Refinement macro cycle 1/5...
2025-11-03 17:27:18,602 - canonical_capture - INFO - Refinement macro cycle 2/5...
2025-11-03 17:27:32,809 - canonical_capture - INFO - Refinement macro cycle 3/5...
2025-11-03 17:27:50,297 - canonical_capture - INFO - Refinement macro cycle 4/5...
2025-11-03 17:28:06,718 - canonical_capture - INFO - Refinement macro cycle 5/5...
2025-11-03 17:28:23,100 - canonical_capture - INFO - Refinement converged. Generating DiffBragg baseline...
2025-11-03 17:28:23,628 - canonical_capture - INFO - DiffBragg baseline saved: max=36170.30, shape=(1, 2527, 2463)
2025-11-03 17:28:23,629 - canonical_capture - INFO - Building nanobrag_torch configs...
2025-11-03 17:28:23,667 - canonical_capture - INFO - Building structure factor grid...
2025-11-03 17:28:23,698 - canonical_capture - INFO - Structure factors (no scaling applied per SCALE-001): min=1.546e+00, max=5.183e+02, mean=4.741e+01
2025-11-03 17:28:23,698 - canonical_capture - INFO - Ignoring scale_override=3.185e+17 per SCALE-001 (DiffBragg handles scaling internally)
2025-11-03 17:28:24,808 - canonical_capture - INFO - Structure factor grid stats: min=0.000e+00, max=5.183e+02, mean=1.876e+01, nonzero=69614
2025-11-03 17:28:24,808 - canonical_capture - INFO - HKL grid: 69614/69614 reflections in range (100.0%)
2025-11-03 17:28:24,808 - canonical_capture - INFO - HKL grid nonzero: 69614
2025-11-03 17:28:24,813 - canonical_capture - INFO - Running nanobrag_torch simulator per panel...
2025-11-03 17:28:24,813 - canonical_capture - INFO - Post-simulation global scale factor: sqrt(3.184711e+17) = 5.643325e+08
2025-11-03 17:28:28,306 - canonical_capture - INFO - Panel 0 RAW torch output: device=cuda:0, dtype=torch.float32, shape=torch.Size([2527, 2463]), min=0.000000e+00, max=8.147406e-05, mean=3.739200e-10, nonzero=5620747
2025-11-03 17:28:28,306 - canonical_capture - INFO - Panel 0 SCALED torch output: min=0.000000e+00, max=4.597846e+04, mean=2.110152e-01
2025-11-03 17:28:28,328 - canonical_capture - INFO - Panel 0: torch_max=45978.46, shape=(2527, 2463)
2025-11-03 17:28:28,363 - canonical_capture - INFO - Torch baseline saved: max=45978.46, shape=(1, 2527, 2463)
2025-11-03 17:28:28,364 - canonical_capture - INFO - Computing parity metrics...
2025-11-03 17:28:28,388 - canonical_capture - INFO - Generating manifest.json with SHA256 checksums...
2025-11-03 17:28:28,477 - canonical_capture - INFO -   bragg_diffbragg.npy: 6e0c76a0a6476d64...
2025-11-03 17:28:28,495 - canonical_capture - INFO -   bragg_torch.npy: 8b84f2290707afbc...
2025-11-03 17:28:28,514 - canonical_capture - INFO -   target_panel_0.npy: 3ae4d01ef0a57dd8...
2025-11-03 17:28:28,519 - canonical_capture - INFO -   loss_mask_panel_0.npy: 9301d36f09eb6a15...
2025-11-03 17:28:28,519 - canonical_capture - INFO - Manifest written to /home/ollie/Documents/diffbragg_example_2/diffbragg_example/plans/active/NANOBRAG-GOLDEN-001/reports/2025-11-04T012616Z/golden_dataset/manifest.json
2025-11-03 17:28:28,520 - canonical_capture - INFO -   manifest.json: 2d1f8d671a6b051b... (self-checksum)
2025-11-03 17:28:28,520 - canonical_capture - INFO - Copying canonical tensors to fixtures directory: /home/ollie/Documents/diffbragg_example_2/diffbragg_example/tests/fixtures/golden_data/simple_cubic
2025-11-03 17:28:28,541 - canonical_capture - INFO -   Copied bragg_diffbragg.npy -> /home/ollie/Documents/diffbragg_example_2/diffbragg_example/tests/fixtures/golden_data/simple_cubic/bragg_diffbragg.npy
2025-11-03 17:28:28,561 - canonical_capture - INFO -   Copied bragg_torch.npy -> /home/ollie/Documents/diffbragg_example_2/diffbragg_example/tests/fixtures/golden_data/simple_cubic/bragg_torch.npy
2025-11-03 17:28:28,583 - canonical_capture - INFO -   Copied target_panel_0.npy -> /home/ollie/Documents/diffbragg_example_2/diffbragg_example/tests/fixtures/golden_data/simple_cubic/target_panel_0.npy
2025-11-03 17:28:28,588 - canonical_capture - INFO -   Copied loss_mask_panel_0.npy -> /home/ollie/Documents/diffbragg_example_2/diffbragg_example/tests/fixtures/golden_data/simple_cubic/loss_mask_panel_0.npy
2025-11-03 17:28:28,588 - canonical_capture - INFO -   Copied manifest.json -> /home/ollie/Documents/diffbragg_example_2/diffbragg_example/tests/fixtures/golden_data/simple_cubic/manifest.json
2025-11-03 17:28:28,588 - canonical_capture - INFO -   Wrote metadata.json -> /home/ollie/Documents/diffbragg_example_2/diffbragg_example/tests/fixtures/golden_data/simple_cubic/metadata.json
2025-11-03 17:28:28,588 - canonical_capture - INFO - === Canonical Capture Complete ===
2025-11-03 17:28:28,590 - canonical_capture - INFO - DiffBragg baseline: /home/ollie/Documents/diffbragg_example_2/diffbragg_example/plans/active/NANOBRAG-GOLDEN-001/reports/2025-11-04T012616Z/golden_dataset/legacy/bragg_diffbragg.npy (max=36170.30)
2025-11-03 17:28:28,591 - canonical_capture - INFO - Torch baseline: /home/ollie/Documents/diffbragg_example_2/diffbragg_example/plans/active/NANOBRAG-GOLDEN-001/reports/2025-11-04T012616Z/golden_dataset/torch/bragg_torch.npy (max=45978.46)
2025-11-03 17:28:28,591 - canonical_capture - INFO - Metrics: /home/ollie/Documents/diffbragg_example_2/diffbragg_example/plans/active/NANOBRAG-GOLDEN-001/reports/2025-11-04T012616Z/golden_dataset/metrics.json
2025-11-03 17:28:28,591 - canonical_capture - INFO - Median correlation: 0.8134
2025-11-03 17:28:28,592 - canonical_capture - INFO - Localization success: 100.0%
