2025-10-29 12:25:30,393 - canonical_capture - INFO - === Canonical Golden Dataset Generation ===
2025-10-29 12:25:30,393 - canonical_capture - INFO - Loading refGeom experiment...
2025-10-29 12:25:30,620 - canonical_capture - INFO - Loaded 92 reflections from /home/ollie/Documents/diffbragg_example_2/diffbragg_example/refGeom.refl
2025-10-29 12:25:30,620 - canonical_capture - INFO - Starting DiffBragg refinement (GPU devId=0 per DIFFBRAGG-001)...
2025-10-29 12:25:30,653 - canonical_capture - INFO - Refinement macro cycle 1/5...
2025-10-29 12:26:06,630 - canonical_capture - INFO - Refinement macro cycle 2/5...
2025-10-29 12:26:30,479 - canonical_capture - INFO - === Canonical Golden Dataset Generation ===
2025-10-29 12:26:30,479 - canonical_capture - INFO - Loading refGeom experiment...
2025-10-29 12:26:30,704 - canonical_capture - INFO - Loaded 92 reflections from /home/ollie/Documents/diffbragg_example_2/diffbragg_example/refGeom.refl
2025-10-29 12:26:30,704 - canonical_capture - INFO - Starting DiffBragg refinement (GPU devId=0 per DIFFBRAGG-001)...
2025-10-29 12:26:30,738 - canonical_capture - INFO - Refinement macro cycle 1/5...
2025-10-29 12:27:06,730 - canonical_capture - INFO - Refinement macro cycle 2/5...
2025-10-29 12:27:20,665 - canonical_capture - INFO - Refinement macro cycle 3/5...
2025-10-29 12:27:33,049 - canonical_capture - INFO - Refinement macro cycle 4/5...
2025-10-29 12:27:47,021 - canonical_capture - INFO - Refinement macro cycle 5/5...
2025-10-29 12:28:01,008 - canonical_capture - INFO - Refinement converged. Generating DiffBragg baseline...
2025-10-29 12:28:01,541 - canonical_capture - INFO - DiffBragg baseline saved: max=36177.33, shape=(1, 2527, 2463)
2025-10-29 12:28:01,542 - canonical_capture - INFO - Building nanobrag_torch configs...
2025-10-29 12:28:01,580 - canonical_capture - INFO - Building structure factor grid...
2025-10-29 12:28:01,610 - canonical_capture - INFO - Structure factors (no scaling applied per SCALE-001): min=1.546e+00, max=5.183e+02, mean=4.741e+01
2025-10-29 12:28:01,610 - canonical_capture - INFO - Ignoring scale_override=3.185e+17 per SCALE-001 (DiffBragg handles scaling internally)
2025-10-29 12:28:02,725 - canonical_capture - INFO - Structure factor grid stats: min=0.000e+00, max=5.183e+02, mean=1.876e+01, nonzero=69614
2025-10-29 12:28:02,726 - canonical_capture - INFO - HKL grid: 69614/69614 reflections in range (100.0%)
2025-10-29 12:28:02,726 - canonical_capture - INFO - HKL grid nonzero: 69614
2025-10-29 12:28:02,730 - canonical_capture - INFO - Running nanobrag_torch simulator per panel...
2025-10-29 12:28:02,730 - canonical_capture - INFO - Post-simulation global scale factor: sqrt(3.185181e+17) = 5.643740e+08
2025-10-29 12:28:06,091 - canonical_capture - INFO - Panel 0 RAW torch output: device=cuda:0, dtype=torch.float32, shape=torch.Size([2527, 2463]), min=0.000000e+00, max=6.877153e-05, mean=3.819852e-10, nonzero=5622336
2025-10-29 12:28:06,091 - canonical_capture - INFO - Panel 0 SCALED torch output: min=0.000000e+00, max=3.881286e+04, mean=2.155825e-01
2025-10-29 12:28:06,111 - canonical_capture - INFO - Panel 0: torch_max=38812.86, shape=(2527, 2463)
2025-10-29 12:28:06,144 - canonical_capture - INFO - Torch baseline saved: max=38812.86, shape=(1, 2527, 2463)
2025-10-29 12:28:06,144 - canonical_capture - INFO - Computing parity metrics...
2025-10-29 12:28:06,156 - canonical_capture - INFO - Generating manifest.json with SHA256 checksums...
2025-10-29 12:28:06,232 - canonical_capture - INFO -   bragg_diffbragg.npy: 8e1d973d32ccfdee...
2025-10-29 12:28:06,251 - canonical_capture - INFO -   bragg_torch.npy: 89e7f72390f73ae3...
2025-10-29 12:28:06,269 - canonical_capture - INFO -   target_panel_0.npy: 3ae4d01ef0a57dd8...
2025-10-29 12:28:06,273 - canonical_capture - INFO -   loss_mask_panel_0.npy: 9301d36f09eb6a15...
2025-10-29 12:28:06,273 - canonical_capture - INFO - Manifest written to /home/ollie/Documents/diffbragg_example_2/diffbragg_example/plans/active/NANOBRAG-GOLDEN-001/reports/2025-10-29T191906Z/golden_dataset/manifest.json
2025-10-29 12:28:06,274 - canonical_capture - INFO -   manifest.json: 7db10caa750d7915... (self-checksum)
2025-10-29 12:28:06,274 - canonical_capture - INFO - Copying canonical tensors to fixtures directory: /home/ollie/Documents/diffbragg_example_2/diffbragg_example/tests/fixtures/golden_data/simple_cubic
2025-10-29 12:28:06,294 - canonical_capture - INFO -   Copied bragg_diffbragg.npy -> /home/ollie/Documents/diffbragg_example_2/diffbragg_example/tests/fixtures/golden_data/simple_cubic/bragg_diffbragg.npy
2025-10-29 12:28:06,315 - canonical_capture - INFO -   Copied bragg_torch.npy -> /home/ollie/Documents/diffbragg_example_2/diffbragg_example/tests/fixtures/golden_data/simple_cubic/bragg_torch.npy
2025-10-29 12:28:06,335 - canonical_capture - INFO -   Copied target_panel_0.npy -> /home/ollie/Documents/diffbragg_example_2/diffbragg_example/tests/fixtures/golden_data/simple_cubic/target_panel_0.npy
2025-10-29 12:28:06,341 - canonical_capture - INFO -   Copied loss_mask_panel_0.npy -> /home/ollie/Documents/diffbragg_example_2/diffbragg_example/tests/fixtures/golden_data/simple_cubic/loss_mask_panel_0.npy
2025-10-29 12:28:06,341 - canonical_capture - INFO -   Copied manifest.json -> /home/ollie/Documents/diffbragg_example_2/diffbragg_example/tests/fixtures/golden_data/simple_cubic/manifest.json
2025-10-29 12:28:06,341 - canonical_capture - INFO -   Wrote metadata.json -> /home/ollie/Documents/diffbragg_example_2/diffbragg_example/tests/fixtures/golden_data/simple_cubic/metadata.json
2025-10-29 12:28:06,341 - canonical_capture - INFO - === Canonical Capture Complete ===
2025-10-29 12:28:06,342 - canonical_capture - INFO - DiffBragg baseline: /home/ollie/Documents/diffbragg_example_2/diffbragg_example/plans/active/NANOBRAG-GOLDEN-001/reports/2025-10-29T191906Z/golden_dataset/legacy/bragg_diffbragg.npy (max=36177.33)
2025-10-29 12:28:06,344 - canonical_capture - INFO - Torch baseline: /home/ollie/Documents/diffbragg_example_2/diffbragg_example/plans/active/NANOBRAG-GOLDEN-001/reports/2025-10-29T191906Z/golden_dataset/torch/bragg_torch.npy (max=38812.86)
2025-10-29 12:28:06,344 - canonical_capture - INFO - Metrics: /home/ollie/Documents/diffbragg_example_2/diffbragg_example/plans/active/NANOBRAG-GOLDEN-001/reports/2025-10-29T191906Z/golden_dataset/metrics.json
2025-10-29 12:28:06,344 - canonical_capture - INFO - Median correlation: -0.0358
2025-10-29 12:28:06,344 - canonical_capture - INFO - Localization success: 5.6%
