Final intensity = 6.524461e+00
Normalized intensity = 1.102634e+03
Position (meters): (1.000000e-01, 9.999999e-05, -9.999999e-05)
Airpath (meters): 1.000001e-01
TRACE: r_e^2 = 7.940792725906e-30
TRACE: Fluence = 1.259320175747e+29
TRACE: Oversample = 13

TRACE: Intensity calculation chain:
  normalized * r_e^2 * fluence
  = 1.102633911133e+03 * 7.940792725906e-30 * 1.259320175747e+29
  = 6.524461269379e+00
  Base intensity: 6.524461e+00
  Base payload: F_cell=1.000000e+02, F_latt=1.000000e+00, F_total²=N/A, I_pre_polar=6.524473e+06

Running scaled case: N_cells=(41,29,32)
TRACE_PY: pix0_vector_meters 0.100000001490116 0.000149999992572702 -0.000149999992572702
TRACE_PY: fdet_vec 0 0 1
TRACE_PY: sdet_vec 0 -1 0
TRACE_PY: pixel_pos_meters 0.100000001490116 9.99999901978299e-05 -9.99999901978299e-05
TRACE_PY: R_distance_meters 0.100000105798244
TRACE_PY: omega_pixel_sr 9.99996814243787e-07
TRACE_PY: close_distance_meters 0.100000001490116
TRACE_PY: obliquity_factor 0.999998986721039
TRACE_PY: diffracted_vec 0.999998986721039 0.000999998883344233 -0.000999998883344233
TRACE_PY: incident_vec -1 -0 -0
TRACE_PY: lambda_meters 1e-10
TRACE_PY: lambda_angstroms 1
TRACE_PY: scattering_vec_A_inv 19999989760 9999989 -9999989
TRACE_PY: rot_a_angstroms 1.00000017155821e-08 -4.37113946468983e-16 -4.37113972938762e-16
TRACE_PY: rot_b_angstroms 0 1.00000017155821e-08 -4.37113946468983e-16
TRACE_PY: rot_c_angstroms 0 0 1.00000008274037e-08
TRACE_PY: spindle_axis_raw 0 0 1
TRACE_PY: spindle_axis_normalized 0 0 1
TRACE_PY: spindle_magnitude 1
TRACE_PY: rot_a_star_A_inv 0.00999999884516001 -0 0
TRACE_PY: rot_b_star_A_inv 4.37113789608645e-10 0.00999999884516001 -0
TRACE_PY: rot_c_star_A_inv 4.37113928386523e-10 4.37113872875372e-10 0.00999999977648258
TRACE_PY: hkl_frac 1.99999945493801e-08 9.99999128642459e-12 -9.99998955170112e-12
TRACE_PY: hkl_rounded 0 0 0
TRACE_PY: F_latt_a 41
TRACE_PY: F_latt_b 29
TRACE_PY: F_latt_c 32
TRACE_PY: F_latt 38048
TRACE_PY: F_cell_interpolated 100
TRACE_PY: F_cell_nearest 100
TRACE_PY: I_before_scaling_pre_polar 93296982491136
TRACE_PY: I_before_scaling_post_polar 93296915382272
TRACE_PY: r_e_meters 2.81794118441937e-15
TRACE_PY: r_e_sqr 7.9407927259064e-30
TRACE_PY: fluence_photons_per_m2 1.25932017574725e+29
TRACE_PY: steps 169
TRACE_PY: oversample_thick 0
TRACE_PY: oversample_polar 0
TRACE_PY: oversample_omega 0
TRACE_PY: capture_fraction 1
TRACE_PY: polar 1
TRACE_PY: omega_pixel 9.99996814243787e-07
TRACE_PY: cos_2theta -0.999998986721039
TRACE_PY: I_pixel_final 552052.375
TRACE_PY: floatimage_accumulated 552052.375

Final intensity = 5.520524e+05
Normalized intensity = 9.329684e+07
Position (meters): (1.000000e-01, 9.999999e-05, -9.999999e-05)
Airpath (meters): 1.000001e-01
TRACE: r_e^2 = 7.940792725906e-30
TRACE: Fluence = 1.259320175747e+29
TRACE: Oversample = 13

TRACE: Intensity calculation chain:
  normalized * r_e^2 * fluence
  = 9.329684000000e+07 * 7.940792725906e-30 * 1.259320175747e+29
  = 5.520523750000e+05
  Scaled intensity: 5.520524e+05
  Scaled payload: F_cell=1.000000e+02, F_latt=-3.807036e+00, F_total²=N/A, I_pre_polar=5.520532e+11
  Min |Δ| stats (C.33 oversample centering):
    min_abs_delta_h: 0.000000e+00
    min_abs_delta_k: 5.384610e-02
    min_abs_delta_l: 5.384608e-02

Results
============================================================
Expected ratio: 1,447,650,304.0
Observed ratio: 84,612.7
Relative error: 99.99%
Ratio deviation: 0.000058x expected

Phase C.31 Derived Ratios:
  F_latt_ratio: -3.807036e+00
  F_latt_ratio_expected: 3.804800e+04
  I_pre_polar_ratio: 8.461268e+04
  I_pre_polar_ratio_expected: 1.447650e+09
  base_I_pre_polar_over_F_total_sq: 6.524473e+02
  scaled_I_pre_polar_over_F_total_sq: 3.808964e+06

Wrote JSON: plans/active/ARCH-SIM-CONSTRUCTION-001/reports/2026-01-05T010000Z/square_lattice_scaling.json
Wrote Markdown: plans/active/ARCH-SIM-CONSTRUCTION-001/reports/2026-01-05T010000Z/square_lattice_scaling.md

Probe complete.
Phase C.34 Subpixel Coverage Analysis:
  Total subpixels: 169
  Subpixels in central lobe: 0 (0.00%)
  Thresholds: |Δh| < 0.024390, |Δk| < 0.034483, |Δl| < 0.031250
  Intensity share from central lobe: 0.00%
  Implied (Na·Nb·Nc)² ratio from coverage: 0.000000e+00

Wrote JSON: plans/active/ARCH-SIM-CONSTRUCTION-001/reports/2026-01-05T010000Z/square_lattice_scaling.json
Wrote Markdown: plans/active/ARCH-SIM-CONSTRUCTION-001/reports/2026-01-05T010000Z/square_lattice_scaling.md

Probe complete.
