/home/ollie/miniconda3/envs/simtbx/lib/python3.9/site-packages/dials/extensions/__init__.py:3: UserWarning: pkg_resources is deprecated as an API. See https://setuptools.pypa.io/en/latest/pkg_resources.html. The pkg_resources package is slated for removal as early as 2025-11-30. Refrain from using this package or pin to Setuptools<81.
  import pkg_resources
<frozen importlib._bootstrap>:228: RuntimeWarning: to-Python converter for scitbx::af::shared<scitbx::af::shared<scitbx::vec3<double> > > already registered; second conversion method ignored.
COMMANDLINE: libtbx.python /home/ollie/Documents/diffbragg_example_2/diffbragg_example/plans/active/TOOLING-VIS-001/bin/capture_smoke_calibration.py --expt /home/ollie/Documents/diffbragg_example_2/diffbragg_example/sp.proc/idx-0000_sigma_metadata.expt --refl /home/ollie/Documents/diffbragg_example_2/diffbragg_example/refGeom.refl --mask /home/ollie/Documents/diffbragg_example_2/diffbragg_example/747_mask.pkl --mtz /home/ollie/Documents/diffbragg_example_2/diffbragg_example/scaled.mtz --out-config /home/ollie/Documents/diffbragg_example_2/diffbragg_example/sp.proc/calibration/config_torch_smoke.json --manifest plans/active/TOOLING-VIS-001/reports/2025-11-25T080332Z/smoke_calibration_manifest.json
INFO: === Smoke Calibration Capture ===
INFO: Experiment: /home/ollie/Documents/diffbragg_example_2/diffbragg_example/sp.proc/idx-0000_sigma_metadata.expt
INFO: Reflections: /home/ollie/Documents/diffbragg_example_2/diffbragg_example/refGeom.refl
INFO: MTZ: /home/ollie/Documents/diffbragg_example_2/diffbragg_example/scaled.mtz
INFO: Mask: /home/ollie/Documents/diffbragg_example_2/diffbragg_example/747_mask.pkl
INFO: Loading data via DataLoad...
INFO: Loaded 92 reflections from /home/ollie/Documents/diffbragg_example_2/diffbragg_example/refGeom.refl
INFO: Starting DiffBragg refinement to extract calibration metadata...
INFO: Refinement macro cycle 1/3...
Warning, crystal system not determined, assuming triclinic
Warning, crystal system not determined, assuming triclinic
Warning, crystal system not determined, assuming triclinic
Warning, crystal system not determined, assuming triclinic
INFO: Refinement macro cycle 2/3...
INFO:capture_calibration:Refinement macro cycle 2/3...
Warning, crystal system not determined, assuming triclinic
Warning, crystal system not determined, assuming triclinic
Warning, crystal system not determined, assuming triclinic
Warning, crystal system not determined, assuming triclinic
INFO: Refinement macro cycle 3/3...
INFO:capture_calibration:Refinement macro cycle 3/3...
Warning, crystal system not determined, assuming triclinic
Warning, crystal system not determined, assuming triclinic
Warning, crystal system not determined, assuming triclinic
Warning, crystal system not determined, assuming triclinic
INFO: Refinement converged. Extracting calibration metadata...
INFO:capture_calibration:Refinement converged. Extracting calibration metadata...
INFO: Extracted calibration:
INFO:capture_calibration:Extracted calibration:
INFO:   spot_scale_override: 3.105059e+17
INFO:capture_calibration:  spot_scale_override: 3.105059e+17
INFO:   beam_flux: 1.000000e+12
INFO:capture_calibration:  beam_flux: 1.000000e+12
INFO:   beam_exposure: 1.0
INFO:capture_calibration:  beam_exposure: 1.0
INFO:   beamsize_mm: 1.0
INFO:capture_calibration:  beamsize_mm: 1.0
INFO:   N_cells: [36, 28, 26]
INFO:capture_calibration:  N_cells: [36, 28, 26]
INFO: Calibration config written to: /home/ollie/Documents/diffbragg_example_2/diffbragg_example/sp.proc/calibration/config_torch_smoke.json
INFO:capture_calibration:Calibration config written to: /home/ollie/Documents/diffbragg_example_2/diffbragg_example/sp.proc/calibration/config_torch_smoke.json
INFO: Config SHA256: d5928715f6f237ab...
INFO:capture_calibration:Config SHA256: d5928715f6f237ab...
INFO: Manifest written to: plans/active/TOOLING-VIS-001/reports/2025-11-25T080332Z/smoke_calibration_manifest.json
INFO:capture_calibration:Manifest written to: plans/active/TOOLING-VIS-001/reports/2025-11-25T080332Z/smoke_calibration_manifest.json
INFO: Manifest SHA256: b8ffe2b1f8253ab7...
INFO:capture_calibration:Manifest SHA256: b8ffe2b1f8253ab7...
INFO: === Calibration Capture Complete ===
INFO:capture_calibration:=== Calibration Capture Complete ===
INFO: Success!
INFO:capture_calibration:Success!
