/home/ollie/miniconda3/envs/simtbx/lib/python3.9/site-packages/dials/extensions/__init__.py:3: UserWarning: pkg_resources is deprecated as an API. See https://setuptools.pypa.io/en/latest/pkg_resources.html. The pkg_resources package is slated for removal as early as 2025-11-30. Refrain from using this package or pin to Setuptools<81.
  import pkg_resources
<frozen importlib._bootstrap>:228: RuntimeWarning: to-Python converter for scitbx::af::shared<scitbx::af::shared<scitbx::vec3<double> > > already registered; second conversion method ignored.
COMMANDLINE: libtbx.python /home/ollie/Documents/diffbragg_example_2/diffbragg_example/plans/active/NANOBRAG-GOLDEN-001/reports/2025-10-29T082521Z/capture_forward.py
Warning, crystal system not determined, assuming triclinic
Warning, crystal system not determined, assuming triclinic
Warning, crystal system not determined, assuming triclinic
Warning, crystal system not determined, assuming triclinic
Warning, crystal system not determined, assuming triclinic
Will optimize using 1 experiments
RANK0000 | 2025-10-29 01:34:42,688 | Loading nrefls per shot
Found 1 shots originally, but only 1 had finite number of refls to model
RANK0000 | 2025-10-29 01:34:42,690 | EVENT: begin loading inputs
RANK0000 | 2025-10-29 01:34:42,719 | Will use space group symbol P 1
RANK0000 | 2025-10-29 01:34:42,853 | EVENT: BEGIN loading experiment list
RANK0000 | 2025-10-29 01:34:42,854 | EVENT: DONE loading experiment list
Warning, crystal system not determined, assuming triclinic
RANK0000 | 2025-10-29 01:34:42,856 | EVENT: LOADING ROI DATA
RANK0000 | 2025-10-29 01:34:42,925 | Number of ROIS that will proceed to refinement: 87/92
RANK0000 | 2025-10-29 01:34:42,944 | Setting initial mosaicity from params.init.eta_abc: 0.000000 0.000000 0.000000
RANK0000 | 2025-10-29 01:34:42,944 | Number of mosaic domains from params: 1
RANK0000 | 2025-10-29 01:34:43,017 | Loaded simulator
RANK0000 | 2025-10-29 01:34:43,017 | Will not use mosaic models, as simulator.crystal.num_mosaicity_samples=1
RANK0000 | 2025-10-29 01:34:43,054 | EVENT: DONE LOADING ROI
RANK0000 | 2025-10-29 01:34:43,054 | Will simulate 1 energy channels
RANK0000 | 2025-10-29 01:34:43,054 | Process memory usage: 1.234352 GB on node ollie-System-Product-Name
RANK0000 | 2025-10-29 01:34:43,054 | Finished loading image 1 / 1 (1 / 1)
Warning, crystal system not determined, assuming triclinic
RANK0000 | 2025-10-29 01:34:43,055 | DONE LOADING DATA; ENTER BARRIER
RANK0000 | 2025-10-29 01:34:43,055 | DONE LOADING DATA; EXIT BARRIER
RANK0000 | 2025-10-29 01:34:43,055 | Mem after panel groups: 1.234352 GB on node ollie-System-Product-Name
RANK0000 | 2025-10-29 01:34:43,055 | EVENT: Gathering global HKL information
RANK0000 | 2025-10-29 01:34:43,162 | EVENT: FINISHED gather global HKL information
RANK0000 | 2025-10-29 01:34:43,162 | Mem after gather Hi info: 1.234352 GB on node ollie-System-Product-Name
RANK0000 | 2025-10-29 01:34:43,162 | BEGIN DETERMINE MAX PIX
RANK0000 | 2025-10-29 01:34:43,162 | Rank 0, max pix to be modeled: 8700
RANK0000 | 2025-10-29 01:34:43,162 | DONE DETERMINE MAX PIX
RANK0000 | 2025-10-29 01:34:43,162 | Mem after determine max num pix: 1.234352 GB on node ollie-System-Product-Name
RANK0000 | 2025-10-29 01:34:43,162 | Mem after load_inputs: 1.234352 GB on node ollie-System-Product-Name
How many pixels each rank will allocate for on its device:
(rnk0, dev0): 8700 pix
Iteration 1:
	Resid=242623.295220, sigmaZ 7.147279, t-per-iter=0.0340 sec, pred_offsets=
Iteration 2:
	Resid=281477044.323482, sigmaZ 253.604838, t-per-iter=0.0341 sec, pred_offsets=
Iteration 3:
	Resid=281476832.960654, sigmaZ 253.603633, t-per-iter=0.0342 sec, pred_offsets=
Iteration 4:
	Resid=261777.088314, sigmaZ 7.449009, t-per-iter=0.0340 sec, pred_offsets=
Iteration 5:
	Resid=241356.786137, sigmaZ 7.126871, t-per-iter=0.0339 sec, pred_offsets=
Iteration 6:
	Resid=240786.254040, sigmaZ 7.117659, t-per-iter=0.0338 sec, pred_offsets=
Iteration 7:
	Resid=239705.853976, sigmaZ 7.100181, t-per-iter=0.0337 sec, pred_offsets=
Iteration 8:
	Resid=239420.744381, sigmaZ 7.095560, t-per-iter=0.0336 sec, pred_offsets=
Iteration 9:
	Resid=239357.018135, sigmaZ 7.094529, t-per-iter=0.0336 sec, pred_offsets=
Iteration 10:
	Resid=239336.787527, sigmaZ 7.094201, t-per-iter=0.0336 sec, pred_offsets=
Iteration 11:
	Resid=239199.622647, sigmaZ 7.091978, t-per-iter=0.0335 sec, pred_offsets=
Iteration 12:
	Resid=239064.961816, sigmaZ 7.089794, t-per-iter=0.0335 sec, pred_offsets=
Iteration 13:
	Resid=238955.408809, sigmaZ 7.088016, t-per-iter=0.0335 sec, pred_offsets=
Iteration 14:
	Resid=238938.915331, sigmaZ 7.087748, t-per-iter=0.0335 sec, pred_offsets=
Iteration 15:
	Resid=238938.155211, sigmaZ 7.087735, t-per-iter=0.0335 sec, pred_offsets=
Iteration 16:
	Resid=238938.138993, sigmaZ 7.087735, t-per-iter=0.0335 sec, pred_offsets=
Iteration 17:
	Resid=238938.138808, sigmaZ 7.087735, t-per-iter=0.0335 sec, pred_offsets=
Iteration 18:
	Resid=238938.138792, sigmaZ 7.087735, t-per-iter=0.0335 sec, pred_offsets=
Final Iteration 18:
	Resid=238938.138792, sigmaZ 7.087735
Saved detector model to _geom.out/diffBragg_detector.expt
RANK0000 | 2025-10-29 01:34:43,838 | Number of ROIS that will proceed to refinement: 87/92
RANK0000 | 2025-10-29 01:34:43,856 | Setting initial mosaicity from params.init.eta_abc: 0.000000 0.000000 0.000000
RANK0000 | 2025-10-29 01:34:43,856 | Number of mosaic domains from params: 1
RANK0000 | 2025-10-29 01:34:43,932 | Loaded simulator
RANK0000 | 2025-10-29 01:34:43,932 | Will not use mosaic models, as simulator.crystal.num_mosaicity_samples=1
Warning, crystal system not determined, assuming triclinic
RANK0000 | 2025-10-29 01:34:43,932 | Unit cell variable a_Ang (currently=27.359348) is bounded by 24.623414 and 30.095283
RANK0000 | 2025-10-29 01:34:43,932 | Unit cell variable b_Ang (currently=32.053346) is bounded by 28.848012 and 35.258681
RANK0000 | 2025-10-29 01:34:43,932 | Unit cell variable c_Ang (currently=34.447265) is bounded by 31.002539 and 37.891992
RANK0000 | 2025-10-29 01:34:43,932 | Unit cell variable alpha_rad (currently=1.548473) is bounded by 1.461207 and 1.635740
RANK0000 | 2025-10-29 01:34:43,933 | Unit cell variable beta_rad (currently=1.249642) is bounded by 1.162376 and 1.336909
RANK0000 | 2025-10-29 01:34:43,933 | Unit cell variable gamma_rad (currently=1.189223) is bounded by 1.101956 and 1.276489
Warning, crystal system not determined, assuming triclinic
RANK0000 | 2025-10-29 01:34:50,612 | Filtered 5 / 92 reflections which did not show peaks in model
RANK0000 | 2025-10-29 01:34:50,685 | Number of ROIS that will proceed to refinement: 87/92
RANK0000 | 2025-10-29 01:34:50,703 | Setting initial mosaicity from params.init.eta_abc: 0.000000 0.000000 0.000000
RANK0000 | 2025-10-29 01:34:50,703 | Number of mosaic domains from params: 1
RANK0000 | 2025-10-29 01:34:50,778 | Loaded simulator
RANK0000 | 2025-10-29 01:34:50,778 | Will not use mosaic models, as simulator.crystal.num_mosaicity_samples=1
Warning, crystal system not determined, assuming triclinic
RANK0000 | 2025-10-29 01:34:50,896 | Unit cell variable a_Ang (currently=27.360161) is bounded by 24.624145 and 30.096177
RANK0000 | 2025-10-29 01:34:50,896 | Unit cell variable b_Ang (currently=32.057000) is bounded by 28.851300 and 35.262700
RANK0000 | 2025-10-29 01:34:50,896 | Unit cell variable c_Ang (currently=34.454273) is bounded by 31.008846 and 37.899700
RANK0000 | 2025-10-29 01:34:50,896 | Unit cell variable alpha_rad (currently=1.548181) is bounded by 1.460914 and 1.635447
RANK0000 | 2025-10-29 01:34:50,896 | Unit cell variable beta_rad (currently=1.249337) is bounded by 1.162071 and 1.336604
RANK0000 | 2025-10-29 01:34:50,896 | Unit cell variable gamma_rad (currently=1.189185) is bounded by 1.101919 and 1.276452
Warning, crystal system not determined, assuming triclinic
RANK0000 | 2025-10-29 01:34:56,347 | Filtered 5 / 92 reflections which did not show peaks in model
Warning, crystal system not determined, assuming triclinic
Will optimize using 1 experiments
RANK0000 | 2025-10-29 01:34:56,479 | Loading nrefls per shot
RANK0000 | 2025-10-29 01:34:56,479 | Loading nrefls per shot
Found 1 shots originally, but only 1 had finite number of refls to model
RANK0000 | 2025-10-29 01:34:56,480 | EVENT: begin loading inputs
RANK0000 | 2025-10-29 01:34:56,480 | EVENT: begin loading inputs
RANK0000 | 2025-10-29 01:34:56,508 | Will use space group symbol P 1
RANK0000 | 2025-10-29 01:34:56,508 | Will use space group symbol P 1
RANK0000 | 2025-10-29 01:34:56,637 | EVENT: BEGIN loading experiment list
RANK0000 | 2025-10-29 01:34:56,637 | EVENT: BEGIN loading experiment list
RANK0000 | 2025-10-29 01:34:56,639 | EVENT: DONE loading experiment list
RANK0000 | 2025-10-29 01:34:56,639 | EVENT: DONE loading experiment list
Warning, crystal system not determined, assuming triclinic
RANK0000 | 2025-10-29 01:34:56,640 | EVENT: LOADING ROI DATA
RANK0000 | 2025-10-29 01:34:56,640 | EVENT: LOADING ROI DATA
RANK0000 | 2025-10-29 01:34:56,714 | Number of ROIS that will proceed to refinement: 87/92
RANK0000 | 2025-10-29 01:34:56,714 | Number of ROIS that will proceed to refinement: 87/92
RANK0000 | 2025-10-29 01:34:56,731 | Setting initial mosaicity from params.init.eta_abc: 0.000000 0.000000 0.000000
RANK0000 | 2025-10-29 01:34:56,731 | Setting initial mosaicity from params.init.eta_abc: 0.000000 0.000000 0.000000
RANK0000 | 2025-10-29 01:34:56,731 | Number of mosaic domains from params: 1
RANK0000 | 2025-10-29 01:34:56,731 | Number of mosaic domains from params: 1
RANK0000 | 2025-10-29 01:34:56,807 | Loaded simulator
RANK0000 | 2025-10-29 01:34:56,807 | Loaded simulator
RANK0000 | 2025-10-29 01:34:56,808 | Will not use mosaic models, as simulator.crystal.num_mosaicity_samples=1
RANK0000 | 2025-10-29 01:34:56,808 | Will not use mosaic models, as simulator.crystal.num_mosaicity_samples=1
RANK0000 | 2025-10-29 01:34:56,845 | EVENT: DONE LOADING ROI
RANK0000 | 2025-10-29 01:34:56,845 | EVENT: DONE LOADING ROI
RANK0000 | 2025-10-29 01:34:56,845 | Will simulate 1 energy channels
RANK0000 | 2025-10-29 01:34:56,845 | Will simulate 1 energy channels
RANK0000 | 2025-10-29 01:34:56,845 | Process memory usage: 1.406731 GB on node ollie-System-Product-Name
RANK0000 | 2025-10-29 01:34:56,845 | Process memory usage: 1.406731 GB on node ollie-System-Product-Name
RANK0000 | 2025-10-29 01:34:56,845 | Finished loading image 1 / 1 (1 / 1)
RANK0000 | 2025-10-29 01:34:56,845 | Finished loading image 1 / 1 (1 / 1)
Warning, crystal system not determined, assuming triclinic
RANK0000 | 2025-10-29 01:34:56,846 | DONE LOADING DATA; ENTER BARRIER
RANK0000 | 2025-10-29 01:34:56,846 | DONE LOADING DATA; ENTER BARRIER
RANK0000 | 2025-10-29 01:34:56,846 | DONE LOADING DATA; EXIT BARRIER
RANK0000 | 2025-10-29 01:34:56,846 | DONE LOADING DATA; EXIT BARRIER
RANK0000 | 2025-10-29 01:34:56,846 | Mem after panel groups: 1.406731 GB on node ollie-System-Product-Name
RANK0000 | 2025-10-29 01:34:56,846 | Mem after panel groups: 1.406731 GB on node ollie-System-Product-Name
RANK0000 | 2025-10-29 01:34:56,846 | EVENT: Gathering global HKL information
RANK0000 | 2025-10-29 01:34:56,846 | EVENT: Gathering global HKL information
RANK0000 | 2025-10-29 01:34:56,947 | EVENT: FINISHED gather global HKL information
RANK0000 | 2025-10-29 01:34:56,947 | EVENT: FINISHED gather global HKL information
RANK0000 | 2025-10-29 01:34:56,947 | Mem after gather Hi info: 1.406731 GB on node ollie-System-Product-Name
RANK0000 | 2025-10-29 01:34:56,947 | Mem after gather Hi info: 1.406731 GB on node ollie-System-Product-Name
RANK0000 | 2025-10-29 01:34:56,947 | BEGIN DETERMINE MAX PIX
RANK0000 | 2025-10-29 01:34:56,947 | BEGIN DETERMINE MAX PIX
RANK0000 | 2025-10-29 01:34:56,948 | Rank 0, max pix to be modeled: 8700
RANK0000 | 2025-10-29 01:34:56,948 | Rank 0, max pix to be modeled: 8700
RANK0000 | 2025-10-29 01:34:56,948 | DONE DETERMINE MAX PIX
RANK0000 | 2025-10-29 01:34:56,948 | DONE DETERMINE MAX PIX
RANK0000 | 2025-10-29 01:34:56,948 | Mem after determine max num pix: 1.406731 GB on node ollie-System-Product-Name
RANK0000 | 2025-10-29 01:34:56,948 | Mem after determine max num pix: 1.406731 GB on node ollie-System-Product-Name
RANK0000 | 2025-10-29 01:34:56,948 | Mem after load_inputs: 1.406731 GB on node ollie-System-Product-Name
RANK0000 | 2025-10-29 01:34:56,948 | Mem after load_inputs: 1.406731 GB on node ollie-System-Product-Name
How many pixels each rank will allocate for on its device:
(rnk0, dev0): 8700 pix
Iteration 1:
	Resid=196896.917373, sigmaZ 6.355073, t-per-iter=0.0340 sec, pred_offsets=
Iteration 2:
	Resid=276457596.562458, sigmaZ 251.362443, t-per-iter=0.0338 sec, pred_offsets=
Iteration 3:
	Resid=4131517.668948, sigmaZ 30.708839, t-per-iter=0.0337 sec, pred_offsets=
Iteration 4:
	Resid=241530.110587, sigmaZ 7.118698, t-per-iter=0.0336 sec, pred_offsets=
Iteration 5:
	Resid=196554.125234, sigmaZ 6.348789, t-per-iter=0.0335 sec, pred_offsets=
Iteration 6:
	Resid=197024.415463, sigmaZ 6.357312, t-per-iter=0.0335 sec, pred_offsets=
Iteration 7:
	Resid=196478.639487, sigmaZ 6.347412, t-per-iter=0.0334 sec, pred_offsets=
Iteration 8:
	Resid=196459.245431, sigmaZ 6.347066, t-per-iter=0.0334 sec, pred_offsets=
Iteration 9:
	Resid=196435.945157, sigmaZ 6.346662, t-per-iter=0.0334 sec, pred_offsets=
Iteration 10:
	Resid=196435.923634, sigmaZ 6.346661, t-per-iter=0.0334 sec, pred_offsets=
Iteration 11:
	Resid=196435.851453, sigmaZ 6.346660, t-per-iter=0.0334 sec, pred_offsets=
Iteration 12:
	Resid=196435.679362, sigmaZ 6.346657, t-per-iter=0.0334 sec, pred_offsets=
Iteration 13:
	Resid=196435.665514, sigmaZ 6.346656, t-per-iter=0.0334 sec, pred_offsets=
Iteration 14:
	Resid=196435.665504, sigmaZ 6.346656, t-per-iter=0.0334 sec, pred_offsets=
Final Iteration 14:
	Resid=196435.665504, sigmaZ 6.346656
Saved detector model to _geom.out/diffBragg_detector.expt
RANK0000 | 2025-10-29 01:34:57,482 | Number of ROIS that will proceed to refinement: 87/92
RANK0000 | 2025-10-29 01:34:57,482 | Number of ROIS that will proceed to refinement: 87/92
RANK0000 | 2025-10-29 01:34:57,500 | Setting initial mosaicity from params.init.eta_abc: 0.000000 0.000000 0.000000
RANK0000 | 2025-10-29 01:34:57,500 | Setting initial mosaicity from params.init.eta_abc: 0.000000 0.000000 0.000000
RANK0000 | 2025-10-29 01:34:57,500 | Number of mosaic domains from params: 1
RANK0000 | 2025-10-29 01:34:57,500 | Number of mosaic domains from params: 1
RANK0000 | 2025-10-29 01:34:57,572 | Loaded simulator
RANK0000 | 2025-10-29 01:34:57,572 | Loaded simulator
RANK0000 | 2025-10-29 01:34:57,572 | Will not use mosaic models, as simulator.crystal.num_mosaicity_samples=1
RANK0000 | 2025-10-29 01:34:57,572 | Will not use mosaic models, as simulator.crystal.num_mosaicity_samples=1
Warning, crystal system not determined, assuming triclinic
RANK0000 | 2025-10-29 01:34:57,572 | Unit cell variable a_Ang (currently=27.360161) is bounded by 24.624145 and 30.096177
RANK0000 | 2025-10-29 01:34:57,572 | Unit cell variable a_Ang (currently=27.360161) is bounded by 24.624145 and 30.096177
RANK0000 | 2025-10-29 01:34:57,572 | Unit cell variable b_Ang (currently=32.057000) is bounded by 28.851300 and 35.262700
RANK0000 | 2025-10-29 01:34:57,572 | Unit cell variable b_Ang (currently=32.057000) is bounded by 28.851300 and 35.262700
RANK0000 | 2025-10-29 01:34:57,572 | Unit cell variable c_Ang (currently=34.454273) is bounded by 31.008846 and 37.899700
RANK0000 | 2025-10-29 01:34:57,572 | Unit cell variable c_Ang (currently=34.454273) is bounded by 31.008846 and 37.899700
RANK0000 | 2025-10-29 01:34:57,572 | Unit cell variable alpha_rad (currently=1.548181) is bounded by 1.460914 and 1.635447
RANK0000 | 2025-10-29 01:34:57,572 | Unit cell variable alpha_rad (currently=1.548181) is bounded by 1.460914 and 1.635447
RANK0000 | 2025-10-29 01:34:57,572 | Unit cell variable beta_rad (currently=1.249337) is bounded by 1.162071 and 1.336604
RANK0000 | 2025-10-29 01:34:57,572 | Unit cell variable beta_rad (currently=1.249337) is bounded by 1.162071 and 1.336604
RANK0000 | 2025-10-29 01:34:57,572 | Unit cell variable gamma_rad (currently=1.189185) is bounded by 1.101919 and 1.276452
RANK0000 | 2025-10-29 01:34:57,572 | Unit cell variable gamma_rad (currently=1.189185) is bounded by 1.101919 and 1.276452
Warning, crystal system not determined, assuming triclinic
RANK0000 | 2025-10-29 01:35:07,111 | Filtered 5 / 92 reflections which did not show peaks in model
RANK0000 | 2025-10-29 01:35:07,111 | Filtered 5 / 92 reflections which did not show peaks in model
RANK0000 | 2025-10-29 01:35:07,180 | Number of ROIS that will proceed to refinement: 87/92
RANK0000 | 2025-10-29 01:35:07,180 | Number of ROIS that will proceed to refinement: 87/92
RANK0000 | 2025-10-29 01:35:07,198 | Setting initial mosaicity from params.init.eta_abc: 0.000000 0.000000 0.000000
RANK0000 | 2025-10-29 01:35:07,198 | Setting initial mosaicity from params.init.eta_abc: 0.000000 0.000000 0.000000
RANK0000 | 2025-10-29 01:35:07,198 | Number of mosaic domains from params: 1
RANK0000 | 2025-10-29 01:35:07,198 | Number of mosaic domains from params: 1
RANK0000 | 2025-10-29 01:35:07,270 | Loaded simulator
RANK0000 | 2025-10-29 01:35:07,270 | Loaded simulator
RANK0000 | 2025-10-29 01:35:07,270 | Will not use mosaic models, as simulator.crystal.num_mosaicity_samples=1
RANK0000 | 2025-10-29 01:35:07,270 | Will not use mosaic models, as simulator.crystal.num_mosaicity_samples=1
Warning, crystal system not determined, assuming triclinic
RANK0000 | 2025-10-29 01:35:07,377 | Unit cell variable a_Ang (currently=27.361518) is bounded by 24.625367 and 30.097670
RANK0000 | 2025-10-29 01:35:07,377 | Unit cell variable a_Ang (currently=27.361518) is bounded by 24.625367 and 30.097670
RANK0000 | 2025-10-29 01:35:07,377 | Unit cell variable b_Ang (currently=32.057596) is bounded by 28.851836 and 35.263355
RANK0000 | 2025-10-29 01:35:07,377 | Unit cell variable b_Ang (currently=32.057596) is bounded by 28.851836 and 35.263355
RANK0000 | 2025-10-29 01:35:07,377 | Unit cell variable c_Ang (currently=34.460339) is bounded by 31.014305 and 37.906373
RANK0000 | 2025-10-29 01:35:07,377 | Unit cell variable c_Ang (currently=34.460339) is bounded by 31.014305 and 37.906373
RANK0000 | 2025-10-29 01:35:07,377 | Unit cell variable alpha_rad (currently=1.547950) is bounded by 1.460684 and 1.635217
RANK0000 | 2025-10-29 01:35:07,377 | Unit cell variable alpha_rad (currently=1.547950) is bounded by 1.460684 and 1.635217
RANK0000 | 2025-10-29 01:35:07,377 | Unit cell variable beta_rad (currently=1.249119) is bounded by 1.161852 and 1.336385
RANK0000 | 2025-10-29 01:35:07,377 | Unit cell variable beta_rad (currently=1.249119) is bounded by 1.161852 and 1.336385
RANK0000 | 2025-10-29 01:35:07,377 | Unit cell variable gamma_rad (currently=1.189095) is bounded by 1.101829 and 1.276362
RANK0000 | 2025-10-29 01:35:07,377 | Unit cell variable gamma_rad (currently=1.189095) is bounded by 1.101829 and 1.276362
Warning, crystal system not determined, assuming triclinic
RANK0000 | 2025-10-29 01:35:12,781 | Filtered 5 / 92 reflections which did not show peaks in model
RANK0000 | 2025-10-29 01:35:12,781 | Filtered 5 / 92 reflections which did not show peaks in model
Warning, crystal system not determined, assuming triclinic
Will optimize using 1 experiments
RANK0000 | 2025-10-29 01:35:12,908 | Loading nrefls per shot
RANK0000 | 2025-10-29 01:35:12,908 | Loading nrefls per shot
RANK0000 | 2025-10-29 01:35:12,908 | Loading nrefls per shot
Found 1 shots originally, but only 1 had finite number of refls to model
RANK0000 | 2025-10-29 01:35:12,909 | EVENT: begin loading inputs
RANK0000 | 2025-10-29 01:35:12,909 | EVENT: begin loading inputs
RANK0000 | 2025-10-29 01:35:12,909 | EVENT: begin loading inputs
RANK0000 | 2025-10-29 01:35:12,936 | Will use space group symbol P 1
RANK0000 | 2025-10-29 01:35:12,936 | Will use space group symbol P 1
RANK0000 | 2025-10-29 01:35:12,936 | Will use space group symbol P 1
RANK0000 | 2025-10-29 01:35:13,066 | EVENT: BEGIN loading experiment list
RANK0000 | 2025-10-29 01:35:13,066 | EVENT: BEGIN loading experiment list
RANK0000 | 2025-10-29 01:35:13,066 | EVENT: BEGIN loading experiment list
RANK0000 | 2025-10-29 01:35:13,067 | EVENT: DONE loading experiment list
RANK0000 | 2025-10-29 01:35:13,067 | EVENT: DONE loading experiment list
RANK0000 | 2025-10-29 01:35:13,067 | EVENT: DONE loading experiment list
Warning, crystal system not determined, assuming triclinic
RANK0000 | 2025-10-29 01:35:13,069 | EVENT: LOADING ROI DATA
RANK0000 | 2025-10-29 01:35:13,069 | EVENT: LOADING ROI DATA
RANK0000 | 2025-10-29 01:35:13,069 | EVENT: LOADING ROI DATA
RANK0000 | 2025-10-29 01:35:13,132 | Number of ROIS that will proceed to refinement: 87/92
RANK0000 | 2025-10-29 01:35:13,132 | Number of ROIS that will proceed to refinement: 87/92
RANK0000 | 2025-10-29 01:35:13,132 | Number of ROIS that will proceed to refinement: 87/92
RANK0000 | 2025-10-29 01:35:13,149 | Setting initial mosaicity from params.init.eta_abc: 0.000000 0.000000 0.000000
RANK0000 | 2025-10-29 01:35:13,149 | Setting initial mosaicity from params.init.eta_abc: 0.000000 0.000000 0.000000
RANK0000 | 2025-10-29 01:35:13,149 | Setting initial mosaicity from params.init.eta_abc: 0.000000 0.000000 0.000000
RANK0000 | 2025-10-29 01:35:13,150 | Number of mosaic domains from params: 1
RANK0000 | 2025-10-29 01:35:13,150 | Number of mosaic domains from params: 1
RANK0000 | 2025-10-29 01:35:13,150 | Number of mosaic domains from params: 1
RANK0000 | 2025-10-29 01:35:13,225 | Loaded simulator
RANK0000 | 2025-10-29 01:35:13,225 | Loaded simulator
RANK0000 | 2025-10-29 01:35:13,225 | Loaded simulator
RANK0000 | 2025-10-29 01:35:13,225 | Will not use mosaic models, as simulator.crystal.num_mosaicity_samples=1
RANK0000 | 2025-10-29 01:35:13,225 | Will not use mosaic models, as simulator.crystal.num_mosaicity_samples=1
RANK0000 | 2025-10-29 01:35:13,225 | Will not use mosaic models, as simulator.crystal.num_mosaicity_samples=1
RANK0000 | 2025-10-29 01:35:13,263 | EVENT: DONE LOADING ROI
RANK0000 | 2025-10-29 01:35:13,263 | EVENT: DONE LOADING ROI
RANK0000 | 2025-10-29 01:35:13,263 | EVENT: DONE LOADING ROI
RANK0000 | 2025-10-29 01:35:13,263 | Will simulate 1 energy channels
RANK0000 | 2025-10-29 01:35:13,263 | Will simulate 1 energy channels
RANK0000 | 2025-10-29 01:35:13,263 | Will simulate 1 energy channels
RANK0000 | 2025-10-29 01:35:13,263 | Process memory usage: 1.490582 GB on node ollie-System-Product-Name
RANK0000 | 2025-10-29 01:35:13,263 | Process memory usage: 1.490582 GB on node ollie-System-Product-Name
RANK0000 | 2025-10-29 01:35:13,263 | Process memory usage: 1.490582 GB on node ollie-System-Product-Name
RANK0000 | 2025-10-29 01:35:13,263 | Finished loading image 1 / 1 (1 / 1)
RANK0000 | 2025-10-29 01:35:13,263 | Finished loading image 1 / 1 (1 / 1)
RANK0000 | 2025-10-29 01:35:13,263 | Finished loading image 1 / 1 (1 / 1)
Warning, crystal system not determined, assuming triclinic
RANK0000 | 2025-10-29 01:35:13,264 | DONE LOADING DATA; ENTER BARRIER
RANK0000 | 2025-10-29 01:35:13,264 | DONE LOADING DATA; ENTER BARRIER
RANK0000 | 2025-10-29 01:35:13,264 | DONE LOADING DATA; ENTER BARRIER
RANK0000 | 2025-10-29 01:35:13,264 | DONE LOADING DATA; EXIT BARRIER
RANK0000 | 2025-10-29 01:35:13,264 | DONE LOADING DATA; EXIT BARRIER
RANK0000 | 2025-10-29 01:35:13,264 | DONE LOADING DATA; EXIT BARRIER
RANK0000 | 2025-10-29 01:35:13,264 | Mem after panel groups: 1.490582 GB on node ollie-System-Product-Name
RANK0000 | 2025-10-29 01:35:13,264 | Mem after panel groups: 1.490582 GB on node ollie-System-Product-Name
RANK0000 | 2025-10-29 01:35:13,264 | Mem after panel groups: 1.490582 GB on node ollie-System-Product-Name
RANK0000 | 2025-10-29 01:35:13,264 | EVENT: Gathering global HKL information
RANK0000 | 2025-10-29 01:35:13,264 | EVENT: Gathering global HKL information
RANK0000 | 2025-10-29 01:35:13,264 | EVENT: Gathering global HKL information
RANK0000 | 2025-10-29 01:35:13,364 | EVENT: FINISHED gather global HKL information
RANK0000 | 2025-10-29 01:35:13,364 | EVENT: FINISHED gather global HKL information
RANK0000 | 2025-10-29 01:35:13,364 | EVENT: FINISHED gather global HKL information
RANK0000 | 2025-10-29 01:35:13,364 | Mem after gather Hi info: 1.490582 GB on node ollie-System-Product-Name
RANK0000 | 2025-10-29 01:35:13,364 | Mem after gather Hi info: 1.490582 GB on node ollie-System-Product-Name
RANK0000 | 2025-10-29 01:35:13,364 | Mem after gather Hi info: 1.490582 GB on node ollie-System-Product-Name
RANK0000 | 2025-10-29 01:35:13,364 | BEGIN DETERMINE MAX PIX
RANK0000 | 2025-10-29 01:35:13,364 | BEGIN DETERMINE MAX PIX
RANK0000 | 2025-10-29 01:35:13,364 | BEGIN DETERMINE MAX PIX
RANK0000 | 2025-10-29 01:35:13,365 | Rank 0, max pix to be modeled: 8700
RANK0000 | 2025-10-29 01:35:13,365 | Rank 0, max pix to be modeled: 8700
RANK0000 | 2025-10-29 01:35:13,365 | Rank 0, max pix to be modeled: 8700
RANK0000 | 2025-10-29 01:35:13,365 | DONE DETERMINE MAX PIX
RANK0000 | 2025-10-29 01:35:13,365 | DONE DETERMINE MAX PIX
RANK0000 | 2025-10-29 01:35:13,365 | DONE DETERMINE MAX PIX
RANK0000 | 2025-10-29 01:35:13,365 | Mem after determine max num pix: 1.490582 GB on node ollie-System-Product-Name
RANK0000 | 2025-10-29 01:35:13,365 | Mem after determine max num pix: 1.490582 GB on node ollie-System-Product-Name
RANK0000 | 2025-10-29 01:35:13,365 | Mem after determine max num pix: 1.490582 GB on node ollie-System-Product-Name
RANK0000 | 2025-10-29 01:35:13,365 | Mem after load_inputs: 1.490582 GB on node ollie-System-Product-Name
RANK0000 | 2025-10-29 01:35:13,365 | Mem after load_inputs: 1.490582 GB on node ollie-System-Product-Name
RANK0000 | 2025-10-29 01:35:13,365 | Mem after load_inputs: 1.490582 GB on node ollie-System-Product-Name
How many pixels each rank will allocate for on its device:
(rnk0, dev0): 8700 pix
Iteration 1:
	Resid=195044.568181, sigmaZ 6.319621, t-per-iter=0.0397 sec, pred_offsets=
Iteration 2:
	Resid=276996210.807010, sigmaZ 251.588040, t-per-iter=0.0395 sec, pred_offsets=
Iteration 3:
	Resid=281477072.086115, sigmaZ 253.604396, t-per-iter=0.0396 sec, pred_offsets=
Iteration 4:
	Resid=769660.058067, sigmaZ 13.122230, t-per-iter=0.0394 sec, pred_offsets=
Iteration 5:
	Resid=194952.642813, sigmaZ 6.317781, t-per-iter=0.0393 sec, pred_offsets=
Iteration 6:
	Resid=195054.044944, sigmaZ 6.319757, t-per-iter=0.0392 sec, pred_offsets=
Iteration 7:
	Resid=194826.196595, sigmaZ 6.315520, t-per-iter=0.0392 sec, pred_offsets=
Iteration 8:
	Resid=194727.163779, sigmaZ 6.313770, t-per-iter=0.0392 sec, pred_offsets=
Iteration 9:
	Resid=194716.610054, sigmaZ 6.313562, t-per-iter=0.0391 sec, pred_offsets=
Iteration 10:
	Resid=194716.052989, sigmaZ 6.313551, t-per-iter=0.0392 sec, pred_offsets=
Iteration 11:
	Resid=194714.972034, sigmaZ 6.313529, t-per-iter=0.0391 sec, pred_offsets=
Iteration 12:
	Resid=194712.809815, sigmaZ 6.313487, t-per-iter=0.0391 sec, pred_offsets=
Iteration 13:
	Resid=194708.512958, sigmaZ 6.313405, t-per-iter=0.0391 sec, pred_offsets=
Iteration 14:
	Resid=194705.185943, sigmaZ 6.313343, t-per-iter=0.0392 sec, pred_offsets=
Iteration 15:
	Resid=194704.527691, sigmaZ 6.313335, t-per-iter=0.0392 sec, pred_offsets=
Iteration 16:
	Resid=194704.322691, sigmaZ 6.313330, t-per-iter=0.0392 sec, pred_offsets=
Iteration 17:
	Resid=194704.265747, sigmaZ 6.313329, t-per-iter=0.0391 sec, pred_offsets=
Iteration 18:
	Resid=194704.075921, sigmaZ 6.313325, t-per-iter=0.0391 sec, pred_offsets=
Iteration 19:
	Resid=194703.831141, sigmaZ 6.313320, t-per-iter=0.0391 sec, pred_offsets=
Iteration 20:
	Resid=194703.922760, sigmaZ 6.313317, t-per-iter=0.0391 sec, pred_offsets=
Iteration 21:
	Resid=194703.721966, sigmaZ 6.313316, t-per-iter=0.0391 sec, pred_offsets=
Iteration 22:
	Resid=194703.633427, sigmaZ 6.313314, t-per-iter=0.0391 sec, pred_offsets=
Iteration 23:
	Resid=194703.615402, sigmaZ 6.313314, t-per-iter=0.0390 sec, pred_offsets=
Iteration 24:
	Resid=194703.615294, sigmaZ 6.313314, t-per-iter=0.0390 sec, pred_offsets=
Iteration 25:
	Resid=194703.615292, sigmaZ 6.313314, t-per-iter=0.0390 sec, pred_offsets=
Final Iteration 25:
	Resid=194703.615292, sigmaZ 6.313314
Saved detector model to _geom.out/diffBragg_detector.expt
RANK0000 | 2025-10-29 01:35:14,410 | Number of ROIS that will proceed to refinement: 87/92
RANK0000 | 2025-10-29 01:35:14,410 | Number of ROIS that will proceed to refinement: 87/92
RANK0000 | 2025-10-29 01:35:14,410 | Number of ROIS that will proceed to refinement: 87/92
RANK0000 | 2025-10-29 01:35:14,427 | Setting initial mosaicity from params.init.eta_abc: 0.000000 0.000000 0.000000
RANK0000 | 2025-10-29 01:35:14,427 | Setting initial mosaicity from params.init.eta_abc: 0.000000 0.000000 0.000000
RANK0000 | 2025-10-29 01:35:14,427 | Setting initial mosaicity from params.init.eta_abc: 0.000000 0.000000 0.000000
RANK0000 | 2025-10-29 01:35:14,427 | Number of mosaic domains from params: 1
RANK0000 | 2025-10-29 01:35:14,427 | Number of mosaic domains from params: 1
RANK0000 | 2025-10-29 01:35:14,427 | Number of mosaic domains from params: 1
RANK0000 | 2025-10-29 01:35:14,498 | Loaded simulator
RANK0000 | 2025-10-29 01:35:14,498 | Loaded simulator
RANK0000 | 2025-10-29 01:35:14,498 | Loaded simulator
RANK0000 | 2025-10-29 01:35:14,498 | Will not use mosaic models, as simulator.crystal.num_mosaicity_samples=1
RANK0000 | 2025-10-29 01:35:14,498 | Will not use mosaic models, as simulator.crystal.num_mosaicity_samples=1
RANK0000 | 2025-10-29 01:35:14,498 | Will not use mosaic models, as simulator.crystal.num_mosaicity_samples=1
Warning, crystal system not determined, assuming triclinic
RANK0000 | 2025-10-29 01:35:14,498 | Unit cell variable a_Ang (currently=27.361518) is bounded by 24.625367 and 30.097670
RANK0000 | 2025-10-29 01:35:14,498 | Unit cell variable a_Ang (currently=27.361518) is bounded by 24.625367 and 30.097670
RANK0000 | 2025-10-29 01:35:14,498 | Unit cell variable a_Ang (currently=27.361518) is bounded by 24.625367 and 30.097670
RANK0000 | 2025-10-29 01:35:14,498 | Unit cell variable b_Ang (currently=32.057596) is bounded by 28.851836 and 35.263355
RANK0000 | 2025-10-29 01:35:14,498 | Unit cell variable b_Ang (currently=32.057596) is bounded by 28.851836 and 35.263355
RANK0000 | 2025-10-29 01:35:14,498 | Unit cell variable b_Ang (currently=32.057596) is bounded by 28.851836 and 35.263355
RANK0000 | 2025-10-29 01:35:14,498 | Unit cell variable c_Ang (currently=34.460339) is bounded by 31.014305 and 37.906373
RANK0000 | 2025-10-29 01:35:14,498 | Unit cell variable c_Ang (currently=34.460339) is bounded by 31.014305 and 37.906373
RANK0000 | 2025-10-29 01:35:14,498 | Unit cell variable c_Ang (currently=34.460339) is bounded by 31.014305 and 37.906373
RANK0000 | 2025-10-29 01:35:14,498 | Unit cell variable alpha_rad (currently=1.547950) is bounded by 1.460684 and 1.635217
RANK0000 | 2025-10-29 01:35:14,498 | Unit cell variable alpha_rad (currently=1.547950) is bounded by 1.460684 and 1.635217
RANK0000 | 2025-10-29 01:35:14,498 | Unit cell variable alpha_rad (currently=1.547950) is bounded by 1.460684 and 1.635217
RANK0000 | 2025-10-29 01:35:14,498 | Unit cell variable beta_rad (currently=1.249119) is bounded by 1.161852 and 1.336385
RANK0000 | 2025-10-29 01:35:14,498 | Unit cell variable beta_rad (currently=1.249119) is bounded by 1.161852 and 1.336385
RANK0000 | 2025-10-29 01:35:14,498 | Unit cell variable beta_rad (currently=1.249119) is bounded by 1.161852 and 1.336385
RANK0000 | 2025-10-29 01:35:14,498 | Unit cell variable gamma_rad (currently=1.189095) is bounded by 1.101829 and 1.276362
RANK0000 | 2025-10-29 01:35:14,498 | Unit cell variable gamma_rad (currently=1.189095) is bounded by 1.101829 and 1.276362
RANK0000 | 2025-10-29 01:35:14,498 | Unit cell variable gamma_rad (currently=1.189095) is bounded by 1.101829 and 1.276362
Warning, crystal system not determined, assuming triclinic
RANK0000 | 2025-10-29 01:35:23,194 | Filtered 5 / 92 reflections which did not show peaks in model
RANK0000 | 2025-10-29 01:35:23,194 | Filtered 5 / 92 reflections which did not show peaks in model
RANK0000 | 2025-10-29 01:35:23,194 | Filtered 5 / 92 reflections which did not show peaks in model
RANK0000 | 2025-10-29 01:35:23,263 | Number of ROIS that will proceed to refinement: 87/92
RANK0000 | 2025-10-29 01:35:23,263 | Number of ROIS that will proceed to refinement: 87/92
RANK0000 | 2025-10-29 01:35:23,263 | Number of ROIS that will proceed to refinement: 87/92
RANK0000 | 2025-10-29 01:35:23,281 | Setting initial mosaicity from params.init.eta_abc: 0.000000 0.000000 0.000000
RANK0000 | 2025-10-29 01:35:23,281 | Setting initial mosaicity from params.init.eta_abc: 0.000000 0.000000 0.000000
RANK0000 | 2025-10-29 01:35:23,281 | Setting initial mosaicity from params.init.eta_abc: 0.000000 0.000000 0.000000
RANK0000 | 2025-10-29 01:35:23,281 | Number of mosaic domains from params: 1
RANK0000 | 2025-10-29 01:35:23,281 | Number of mosaic domains from params: 1
RANK0000 | 2025-10-29 01:35:23,281 | Number of mosaic domains from params: 1
RANK0000 | 2025-10-29 01:35:23,357 | Loaded simulator
RANK0000 | 2025-10-29 01:35:23,357 | Loaded simulator
RANK0000 | 2025-10-29 01:35:23,357 | Loaded simulator
RANK0000 | 2025-10-29 01:35:23,358 | Will not use mosaic models, as simulator.crystal.num_mosaicity_samples=1
RANK0000 | 2025-10-29 01:35:23,358 | Will not use mosaic models, as simulator.crystal.num_mosaicity_samples=1
RANK0000 | 2025-10-29 01:35:23,358 | Will not use mosaic models, as simulator.crystal.num_mosaicity_samples=1
Warning, crystal system not determined, assuming triclinic
RANK0000 | 2025-10-29 01:35:23,463 | Unit cell variable a_Ang (currently=27.362863) is bounded by 24.626577 and 30.099149
RANK0000 | 2025-10-29 01:35:23,463 | Unit cell variable a_Ang (currently=27.362863) is bounded by 24.626577 and 30.099149
RANK0000 | 2025-10-29 01:35:23,463 | Unit cell variable a_Ang (currently=27.362863) is bounded by 24.626577 and 30.099149
RANK0000 | 2025-10-29 01:35:23,464 | Unit cell variable b_Ang (currently=32.057776) is bounded by 28.851998 and 35.263553
RANK0000 | 2025-10-29 01:35:23,464 | Unit cell variable b_Ang (currently=32.057776) is bounded by 28.851998 and 35.263553
RANK0000 | 2025-10-29 01:35:23,464 | Unit cell variable b_Ang (currently=32.057776) is bounded by 28.851998 and 35.263553
RANK0000 | 2025-10-29 01:35:23,464 | Unit cell variable c_Ang (currently=34.465234) is bounded by 31.018710 and 37.911757
RANK0000 | 2025-10-29 01:35:23,464 | Unit cell variable c_Ang (currently=34.465234) is bounded by 31.018710 and 37.911757
RANK0000 | 2025-10-29 01:35:23,464 | Unit cell variable c_Ang (currently=34.465234) is bounded by 31.018710 and 37.911757
RANK0000 | 2025-10-29 01:35:23,464 | Unit cell variable alpha_rad (currently=1.547767) is bounded by 1.460501 and 1.635034
RANK0000 | 2025-10-29 01:35:23,464 | Unit cell variable alpha_rad (currently=1.547767) is bounded by 1.460501 and 1.635034
RANK0000 | 2025-10-29 01:35:23,464 | Unit cell variable alpha_rad (currently=1.547767) is bounded by 1.460501 and 1.635034
RANK0000 | 2025-10-29 01:35:23,464 | Unit cell variable beta_rad (currently=1.248933) is bounded by 1.161667 and 1.336200
RANK0000 | 2025-10-29 01:35:23,464 | Unit cell variable beta_rad (currently=1.248933) is bounded by 1.161667 and 1.336200
RANK0000 | 2025-10-29 01:35:23,464 | Unit cell variable beta_rad (currently=1.248933) is bounded by 1.161667 and 1.336200
RANK0000 | 2025-10-29 01:35:23,464 | Unit cell variable gamma_rad (currently=1.189023) is bounded by 1.101756 and 1.276289
RANK0000 | 2025-10-29 01:35:23,464 | Unit cell variable gamma_rad (currently=1.189023) is bounded by 1.101756 and 1.276289
RANK0000 | 2025-10-29 01:35:23,464 | Unit cell variable gamma_rad (currently=1.189023) is bounded by 1.101756 and 1.276289
Warning, crystal system not determined, assuming triclinic
RANK0000 | 2025-10-29 01:35:28,928 | Filtered 5 / 92 reflections which did not show peaks in model
RANK0000 | 2025-10-29 01:35:28,928 | Filtered 5 / 92 reflections which did not show peaks in model
RANK0000 | 2025-10-29 01:35:28,928 | Filtered 5 / 92 reflections which did not show peaks in model
Warning, crystal system not determined, assuming triclinic
Will optimize using 1 experiments
RANK0000 | 2025-10-29 01:35:29,058 | Loading nrefls per shot
RANK0000 | 2025-10-29 01:35:29,058 | Loading nrefls per shot
RANK0000 | 2025-10-29 01:35:29,058 | Loading nrefls per shot
RANK0000 | 2025-10-29 01:35:29,058 | Loading nrefls per shot
Found 1 shots originally, but only 1 had finite number of refls to model
RANK0000 | 2025-10-29 01:35:29,060 | EVENT: begin loading inputs
RANK0000 | 2025-10-29 01:35:29,060 | EVENT: begin loading inputs
RANK0000 | 2025-10-29 01:35:29,060 | EVENT: begin loading inputs
RANK0000 | 2025-10-29 01:35:29,060 | EVENT: begin loading inputs
RANK0000 | 2025-10-29 01:35:29,087 | Will use space group symbol P 1
RANK0000 | 2025-10-29 01:35:29,087 | Will use space group symbol P 1
RANK0000 | 2025-10-29 01:35:29,087 | Will use space group symbol P 1
RANK0000 | 2025-10-29 01:35:29,087 | Will use space group symbol P 1
RANK0000 | 2025-10-29 01:35:29,217 | EVENT: BEGIN loading experiment list
RANK0000 | 2025-10-29 01:35:29,217 | EVENT: BEGIN loading experiment list
RANK0000 | 2025-10-29 01:35:29,217 | EVENT: BEGIN loading experiment list
RANK0000 | 2025-10-29 01:35:29,217 | EVENT: BEGIN loading experiment list
RANK0000 | 2025-10-29 01:35:29,219 | EVENT: DONE loading experiment list
RANK0000 | 2025-10-29 01:35:29,219 | EVENT: DONE loading experiment list
RANK0000 | 2025-10-29 01:35:29,219 | EVENT: DONE loading experiment list
RANK0000 | 2025-10-29 01:35:29,219 | EVENT: DONE loading experiment list
Warning, crystal system not determined, assuming triclinic
RANK0000 | 2025-10-29 01:35:29,220 | EVENT: LOADING ROI DATA
RANK0000 | 2025-10-29 01:35:29,220 | EVENT: LOADING ROI DATA
RANK0000 | 2025-10-29 01:35:29,220 | EVENT: LOADING ROI DATA
RANK0000 | 2025-10-29 01:35:29,220 | EVENT: LOADING ROI DATA
RANK0000 | 2025-10-29 01:35:29,285 | Number of ROIS that will proceed to refinement: 87/92
RANK0000 | 2025-10-29 01:35:29,285 | Number of ROIS that will proceed to refinement: 87/92
RANK0000 | 2025-10-29 01:35:29,285 | Number of ROIS that will proceed to refinement: 87/92
RANK0000 | 2025-10-29 01:35:29,285 | Number of ROIS that will proceed to refinement: 87/92
RANK0000 | 2025-10-29 01:35:29,302 | Setting initial mosaicity from params.init.eta_abc: 0.000000 0.000000 0.000000
RANK0000 | 2025-10-29 01:35:29,302 | Setting initial mosaicity from params.init.eta_abc: 0.000000 0.000000 0.000000
RANK0000 | 2025-10-29 01:35:29,302 | Setting initial mosaicity from params.init.eta_abc: 0.000000 0.000000 0.000000
RANK0000 | 2025-10-29 01:35:29,302 | Setting initial mosaicity from params.init.eta_abc: 0.000000 0.000000 0.000000
RANK0000 | 2025-10-29 01:35:29,302 | Number of mosaic domains from params: 1
RANK0000 | 2025-10-29 01:35:29,302 | Number of mosaic domains from params: 1
RANK0000 | 2025-10-29 01:35:29,302 | Number of mosaic domains from params: 1
RANK0000 | 2025-10-29 01:35:29,302 | Number of mosaic domains from params: 1
RANK0000 | 2025-10-29 01:35:29,373 | Loaded simulator
RANK0000 | 2025-10-29 01:35:29,373 | Loaded simulator
RANK0000 | 2025-10-29 01:35:29,373 | Loaded simulator
RANK0000 | 2025-10-29 01:35:29,373 | Loaded simulator
RANK0000 | 2025-10-29 01:35:29,373 | Will not use mosaic models, as simulator.crystal.num_mosaicity_samples=1
RANK0000 | 2025-10-29 01:35:29,373 | Will not use mosaic models, as simulator.crystal.num_mosaicity_samples=1
RANK0000 | 2025-10-29 01:35:29,373 | Will not use mosaic models, as simulator.crystal.num_mosaicity_samples=1
RANK0000 | 2025-10-29 01:35:29,373 | Will not use mosaic models, as simulator.crystal.num_mosaicity_samples=1
RANK0000 | 2025-10-29 01:35:29,410 | EVENT: DONE LOADING ROI
RANK0000 | 2025-10-29 01:35:29,410 | EVENT: DONE LOADING ROI
RANK0000 | 2025-10-29 01:35:29,410 | EVENT: DONE LOADING ROI
RANK0000 | 2025-10-29 01:35:29,410 | EVENT: DONE LOADING ROI
RANK0000 | 2025-10-29 01:35:29,411 | Will simulate 1 energy channels
RANK0000 | 2025-10-29 01:35:29,411 | Will simulate 1 energy channels
RANK0000 | 2025-10-29 01:35:29,411 | Will simulate 1 energy channels
RANK0000 | 2025-10-29 01:35:29,411 | Will simulate 1 energy channels
RANK0000 | 2025-10-29 01:35:29,411 | Process memory usage: 1.628021 GB on node ollie-System-Product-Name
RANK0000 | 2025-10-29 01:35:29,411 | Process memory usage: 1.628021 GB on node ollie-System-Product-Name
RANK0000 | 2025-10-29 01:35:29,411 | Process memory usage: 1.628021 GB on node ollie-System-Product-Name
RANK0000 | 2025-10-29 01:35:29,411 | Process memory usage: 1.628021 GB on node ollie-System-Product-Name
RANK0000 | 2025-10-29 01:35:29,411 | Finished loading image 1 / 1 (1 / 1)
RANK0000 | 2025-10-29 01:35:29,411 | Finished loading image 1 / 1 (1 / 1)
RANK0000 | 2025-10-29 01:35:29,411 | Finished loading image 1 / 1 (1 / 1)
RANK0000 | 2025-10-29 01:35:29,411 | Finished loading image 1 / 1 (1 / 1)
Warning, crystal system not determined, assuming triclinic
RANK0000 | 2025-10-29 01:35:29,412 | DONE LOADING DATA; ENTER BARRIER
RANK0000 | 2025-10-29 01:35:29,412 | DONE LOADING DATA; ENTER BARRIER
RANK0000 | 2025-10-29 01:35:29,412 | DONE LOADING DATA; ENTER BARRIER
RANK0000 | 2025-10-29 01:35:29,412 | DONE LOADING DATA; ENTER BARRIER
RANK0000 | 2025-10-29 01:35:29,412 | DONE LOADING DATA; EXIT BARRIER
RANK0000 | 2025-10-29 01:35:29,412 | DONE LOADING DATA; EXIT BARRIER
RANK0000 | 2025-10-29 01:35:29,412 | DONE LOADING DATA; EXIT BARRIER
RANK0000 | 2025-10-29 01:35:29,412 | DONE LOADING DATA; EXIT BARRIER
RANK0000 | 2025-10-29 01:35:29,412 | Mem after panel groups: 1.628021 GB on node ollie-System-Product-Name
RANK0000 | 2025-10-29 01:35:29,412 | Mem after panel groups: 1.628021 GB on node ollie-System-Product-Name
RANK0000 | 2025-10-29 01:35:29,412 | Mem after panel groups: 1.628021 GB on node ollie-System-Product-Name
RANK0000 | 2025-10-29 01:35:29,412 | Mem after panel groups: 1.628021 GB on node ollie-System-Product-Name
RANK0000 | 2025-10-29 01:35:29,412 | EVENT: Gathering global HKL information
RANK0000 | 2025-10-29 01:35:29,412 | EVENT: Gathering global HKL information
RANK0000 | 2025-10-29 01:35:29,412 | EVENT: Gathering global HKL information
RANK0000 | 2025-10-29 01:35:29,412 | EVENT: Gathering global HKL information
RANK0000 | 2025-10-29 01:35:29,513 | EVENT: FINISHED gather global HKL information
RANK0000 | 2025-10-29 01:35:29,513 | EVENT: FINISHED gather global HKL information
RANK0000 | 2025-10-29 01:35:29,513 | EVENT: FINISHED gather global HKL information
RANK0000 | 2025-10-29 01:35:29,513 | EVENT: FINISHED gather global HKL information
RANK0000 | 2025-10-29 01:35:29,513 | Mem after gather Hi info: 1.628021 GB on node ollie-System-Product-Name
RANK0000 | 2025-10-29 01:35:29,513 | Mem after gather Hi info: 1.628021 GB on node ollie-System-Product-Name
RANK0000 | 2025-10-29 01:35:29,513 | Mem after gather Hi info: 1.628021 GB on node ollie-System-Product-Name
RANK0000 | 2025-10-29 01:35:29,513 | Mem after gather Hi info: 1.628021 GB on node ollie-System-Product-Name
RANK0000 | 2025-10-29 01:35:29,513 | BEGIN DETERMINE MAX PIX
RANK0000 | 2025-10-29 01:35:29,513 | BEGIN DETERMINE MAX PIX
RANK0000 | 2025-10-29 01:35:29,513 | BEGIN DETERMINE MAX PIX
RANK0000 | 2025-10-29 01:35:29,513 | BEGIN DETERMINE MAX PIX
RANK0000 | 2025-10-29 01:35:29,513 | Rank 0, max pix to be modeled: 8700
RANK0000 | 2025-10-29 01:35:29,513 | Rank 0, max pix to be modeled: 8700
RANK0000 | 2025-10-29 01:35:29,513 | Rank 0, max pix to be modeled: 8700
RANK0000 | 2025-10-29 01:35:29,513 | Rank 0, max pix to be modeled: 8700
RANK0000 | 2025-10-29 01:35:29,514 | DONE DETERMINE MAX PIX
RANK0000 | 2025-10-29 01:35:29,514 | DONE DETERMINE MAX PIX
RANK0000 | 2025-10-29 01:35:29,514 | DONE DETERMINE MAX PIX
RANK0000 | 2025-10-29 01:35:29,514 | DONE DETERMINE MAX PIX
RANK0000 | 2025-10-29 01:35:29,514 | Mem after determine max num pix: 1.628021 GB on node ollie-System-Product-Name
RANK0000 | 2025-10-29 01:35:29,514 | Mem after determine max num pix: 1.628021 GB on node ollie-System-Product-Name
RANK0000 | 2025-10-29 01:35:29,514 | Mem after determine max num pix: 1.628021 GB on node ollie-System-Product-Name
RANK0000 | 2025-10-29 01:35:29,514 | Mem after determine max num pix: 1.628021 GB on node ollie-System-Product-Name
RANK0000 | 2025-10-29 01:35:29,514 | Mem after load_inputs: 1.628021 GB on node ollie-System-Product-Name
RANK0000 | 2025-10-29 01:35:29,514 | Mem after load_inputs: 1.628021 GB on node ollie-System-Product-Name
RANK0000 | 2025-10-29 01:35:29,514 | Mem after load_inputs: 1.628021 GB on node ollie-System-Product-Name
RANK0000 | 2025-10-29 01:35:29,514 | Mem after load_inputs: 1.628021 GB on node ollie-System-Product-Name
How many pixels each rank will allocate for on its device:
(rnk0, dev0): 8700 pix
Iteration 1:
	Resid=193869.913901, sigmaZ 6.298295, t-per-iter=0.0397 sec, pred_offsets=
Iteration 2:
	Resid=281476832.960654, sigmaZ 253.603633, t-per-iter=0.0398 sec, pred_offsets=
Iteration 3:
	Resid=281714797.584657, sigmaZ 253.781304, t-per-iter=0.0396 sec, pred_offsets=
Iteration 4:
	Resid=193855.858908, sigmaZ 6.298035, t-per-iter=0.0394 sec, pred_offsets=
Iteration 5:
	Resid=193705.482430, sigmaZ 6.295220, t-per-iter=0.0393 sec, pred_offsets=
Iteration 6:
	Resid=193862.628063, sigmaZ 6.298064, t-per-iter=0.0393 sec, pred_offsets=
Iteration 7:
	Resid=193668.327976, sigmaZ 6.294528, t-per-iter=0.0392 sec, pred_offsets=
Iteration 8:
	Resid=193664.363677, sigmaZ 6.294459, t-per-iter=0.0392 sec, pred_offsets=
Iteration 9:
	Resid=193658.807400, sigmaZ 6.294367, t-per-iter=0.0391 sec, pred_offsets=
Iteration 10:
	Resid=193658.425987, sigmaZ 6.294361, t-per-iter=0.0391 sec, pred_offsets=
Iteration 11:
	Resid=193657.194943, sigmaZ 6.294339, t-per-iter=0.0391 sec, pred_offsets=
Iteration 12:
	Resid=193654.285894, sigmaZ 6.294283, t-per-iter=0.0391 sec, pred_offsets=
Iteration 13:
	Resid=193653.412849, sigmaZ 6.294263, t-per-iter=0.0391 sec, pred_offsets=
Iteration 14:
	Resid=193653.296599, sigmaZ 6.294259, t-per-iter=0.0391 sec, pred_offsets=
Iteration 15:
	Resid=193653.241290, sigmaZ 6.294257, t-per-iter=0.0391 sec, pred_offsets=
Iteration 16:
	Resid=193653.174897, sigmaZ 6.294256, t-per-iter=0.0391 sec, pred_offsets=
Iteration 17:
	Resid=193653.166514, sigmaZ 6.294256, t-per-iter=0.0390 sec, pred_offsets=
Iteration 18:
	Resid=193653.166132, sigmaZ 6.294256, t-per-iter=0.0390 sec, pred_offsets=
Iteration 19:
	Resid=193653.166126, sigmaZ 6.294256, t-per-iter=0.0390 sec, pred_offsets=
Final Iteration 19:
	Resid=193653.166126, sigmaZ 6.294256
Saved detector model to _geom.out/diffBragg_detector.expt
RANK0000 | 2025-10-29 01:35:30,323 | Number of ROIS that will proceed to refinement: 87/92
RANK0000 | 2025-10-29 01:35:30,323 | Number of ROIS that will proceed to refinement: 87/92
RANK0000 | 2025-10-29 01:35:30,323 | Number of ROIS that will proceed to refinement: 87/92
RANK0000 | 2025-10-29 01:35:30,323 | Number of ROIS that will proceed to refinement: 87/92
RANK0000 | 2025-10-29 01:35:30,340 | Setting initial mosaicity from params.init.eta_abc: 0.000000 0.000000 0.000000
RANK0000 | 2025-10-29 01:35:30,340 | Setting initial mosaicity from params.init.eta_abc: 0.000000 0.000000 0.000000
RANK0000 | 2025-10-29 01:35:30,340 | Setting initial mosaicity from params.init.eta_abc: 0.000000 0.000000 0.000000
RANK0000 | 2025-10-29 01:35:30,340 | Setting initial mosaicity from params.init.eta_abc: 0.000000 0.000000 0.000000
RANK0000 | 2025-10-29 01:35:30,340 | Number of mosaic domains from params: 1
RANK0000 | 2025-10-29 01:35:30,340 | Number of mosaic domains from params: 1
RANK0000 | 2025-10-29 01:35:30,340 | Number of mosaic domains from params: 1
RANK0000 | 2025-10-29 01:35:30,340 | Number of mosaic domains from params: 1
RANK0000 | 2025-10-29 01:35:30,410 | Loaded simulator
RANK0000 | 2025-10-29 01:35:30,410 | Loaded simulator
RANK0000 | 2025-10-29 01:35:30,410 | Loaded simulator
RANK0000 | 2025-10-29 01:35:30,410 | Loaded simulator
RANK0000 | 2025-10-29 01:35:30,410 | Will not use mosaic models, as simulator.crystal.num_mosaicity_samples=1
RANK0000 | 2025-10-29 01:35:30,410 | Will not use mosaic models, as simulator.crystal.num_mosaicity_samples=1
RANK0000 | 2025-10-29 01:35:30,410 | Will not use mosaic models, as simulator.crystal.num_mosaicity_samples=1
RANK0000 | 2025-10-29 01:35:30,410 | Will not use mosaic models, as simulator.crystal.num_mosaicity_samples=1
Warning, crystal system not determined, assuming triclinic
RANK0000 | 2025-10-29 01:35:30,411 | Unit cell variable a_Ang (currently=27.362863) is bounded by 24.626577 and 30.099149
RANK0000 | 2025-10-29 01:35:30,411 | Unit cell variable a_Ang (currently=27.362863) is bounded by 24.626577 and 30.099149
RANK0000 | 2025-10-29 01:35:30,411 | Unit cell variable a_Ang (currently=27.362863) is bounded by 24.626577 and 30.099149
RANK0000 | 2025-10-29 01:35:30,411 | Unit cell variable a_Ang (currently=27.362863) is bounded by 24.626577 and 30.099149
RANK0000 | 2025-10-29 01:35:30,411 | Unit cell variable b_Ang (currently=32.057776) is bounded by 28.851998 and 35.263553
RANK0000 | 2025-10-29 01:35:30,411 | Unit cell variable b_Ang (currently=32.057776) is bounded by 28.851998 and 35.263553
RANK0000 | 2025-10-29 01:35:30,411 | Unit cell variable b_Ang (currently=32.057776) is bounded by 28.851998 and 35.263553
RANK0000 | 2025-10-29 01:35:30,411 | Unit cell variable b_Ang (currently=32.057776) is bounded by 28.851998 and 35.263553
RANK0000 | 2025-10-29 01:35:30,411 | Unit cell variable c_Ang (currently=34.465234) is bounded by 31.018710 and 37.911757
RANK0000 | 2025-10-29 01:35:30,411 | Unit cell variable c_Ang (currently=34.465234) is bounded by 31.018710 and 37.911757
RANK0000 | 2025-10-29 01:35:30,411 | Unit cell variable c_Ang (currently=34.465234) is bounded by 31.018710 and 37.911757
RANK0000 | 2025-10-29 01:35:30,411 | Unit cell variable c_Ang (currently=34.465234) is bounded by 31.018710 and 37.911757
RANK0000 | 2025-10-29 01:35:30,411 | Unit cell variable alpha_rad (currently=1.547767) is bounded by 1.460501 and 1.635034
RANK0000 | 2025-10-29 01:35:30,411 | Unit cell variable alpha_rad (currently=1.547767) is bounded by 1.460501 and 1.635034
RANK0000 | 2025-10-29 01:35:30,411 | Unit cell variable alpha_rad (currently=1.547767) is bounded by 1.460501 and 1.635034
RANK0000 | 2025-10-29 01:35:30,411 | Unit cell variable alpha_rad (currently=1.547767) is bounded by 1.460501 and 1.635034
RANK0000 | 2025-10-29 01:35:30,411 | Unit cell variable beta_rad (currently=1.248933) is bounded by 1.161667 and 1.336200
RANK0000 | 2025-10-29 01:35:30,411 | Unit cell variable beta_rad (currently=1.248933) is bounded by 1.161667 and 1.336200
RANK0000 | 2025-10-29 01:35:30,411 | Unit cell variable beta_rad (currently=1.248933) is bounded by 1.161667 and 1.336200
RANK0000 | 2025-10-29 01:35:30,411 | Unit cell variable beta_rad (currently=1.248933) is bounded by 1.161667 and 1.336200
RANK0000 | 2025-10-29 01:35:30,411 | Unit cell variable gamma_rad (currently=1.189023) is bounded by 1.101756 and 1.276289
RANK0000 | 2025-10-29 01:35:30,411 | Unit cell variable gamma_rad (currently=1.189023) is bounded by 1.101756 and 1.276289
RANK0000 | 2025-10-29 01:35:30,411 | Unit cell variable gamma_rad (currently=1.189023) is bounded by 1.101756 and 1.276289
RANK0000 | 2025-10-29 01:35:30,411 | Unit cell variable gamma_rad (currently=1.189023) is bounded by 1.101756 and 1.276289
Warning, crystal system not determined, assuming triclinic
RANK0000 | 2025-10-29 01:35:39,078 | Filtered 5 / 92 reflections which did not show peaks in model
RANK0000 | 2025-10-29 01:35:39,078 | Filtered 5 / 92 reflections which did not show peaks in model
RANK0000 | 2025-10-29 01:35:39,078 | Filtered 5 / 92 reflections which did not show peaks in model
RANK0000 | 2025-10-29 01:35:39,078 | Filtered 5 / 92 reflections which did not show peaks in model
RANK0000 | 2025-10-29 01:35:39,148 | Number of ROIS that will proceed to refinement: 87/92
RANK0000 | 2025-10-29 01:35:39,148 | Number of ROIS that will proceed to refinement: 87/92
RANK0000 | 2025-10-29 01:35:39,148 | Number of ROIS that will proceed to refinement: 87/92
RANK0000 | 2025-10-29 01:35:39,148 | Number of ROIS that will proceed to refinement: 87/92
RANK0000 | 2025-10-29 01:35:39,166 | Setting initial mosaicity from params.init.eta_abc: 0.000000 0.000000 0.000000
RANK0000 | 2025-10-29 01:35:39,166 | Setting initial mosaicity from params.init.eta_abc: 0.000000 0.000000 0.000000
RANK0000 | 2025-10-29 01:35:39,166 | Setting initial mosaicity from params.init.eta_abc: 0.000000 0.000000 0.000000
RANK0000 | 2025-10-29 01:35:39,166 | Setting initial mosaicity from params.init.eta_abc: 0.000000 0.000000 0.000000
RANK0000 | 2025-10-29 01:35:39,166 | Number of mosaic domains from params: 1
RANK0000 | 2025-10-29 01:35:39,166 | Number of mosaic domains from params: 1
RANK0000 | 2025-10-29 01:35:39,166 | Number of mosaic domains from params: 1
RANK0000 | 2025-10-29 01:35:39,166 | Number of mosaic domains from params: 1
RANK0000 | 2025-10-29 01:35:39,234 | Loaded simulator
RANK0000 | 2025-10-29 01:35:39,234 | Loaded simulator
RANK0000 | 2025-10-29 01:35:39,234 | Loaded simulator
RANK0000 | 2025-10-29 01:35:39,234 | Loaded simulator
RANK0000 | 2025-10-29 01:35:39,234 | Will not use mosaic models, as simulator.crystal.num_mosaicity_samples=1
RANK0000 | 2025-10-29 01:35:39,234 | Will not use mosaic models, as simulator.crystal.num_mosaicity_samples=1
RANK0000 | 2025-10-29 01:35:39,234 | Will not use mosaic models, as simulator.crystal.num_mosaicity_samples=1
RANK0000 | 2025-10-29 01:35:39,234 | Will not use mosaic models, as simulator.crystal.num_mosaicity_samples=1
Warning, crystal system not determined, assuming triclinic
RANK0000 | 2025-10-29 01:35:39,348 | Unit cell variable a_Ang (currently=27.363949) is bounded by 24.627555 and 30.100344
RANK0000 | 2025-10-29 01:35:39,348 | Unit cell variable a_Ang (currently=27.363949) is bounded by 24.627555 and 30.100344
RANK0000 | 2025-10-29 01:35:39,348 | Unit cell variable a_Ang (currently=27.363949) is bounded by 24.627555 and 30.100344
RANK0000 | 2025-10-29 01:35:39,348 | Unit cell variable a_Ang (currently=27.363949) is bounded by 24.627555 and 30.100344
RANK0000 | 2025-10-29 01:35:39,348 | Unit cell variable b_Ang (currently=32.057987) is bounded by 28.852188 and 35.263786
RANK0000 | 2025-10-29 01:35:39,348 | Unit cell variable b_Ang (currently=32.057987) is bounded by 28.852188 and 35.263786
RANK0000 | 2025-10-29 01:35:39,348 | Unit cell variable b_Ang (currently=32.057987) is bounded by 28.852188 and 35.263786
RANK0000 | 2025-10-29 01:35:39,348 | Unit cell variable b_Ang (currently=32.057987) is bounded by 28.852188 and 35.263786
RANK0000 | 2025-10-29 01:35:39,348 | Unit cell variable c_Ang (currently=34.469189) is bounded by 31.022271 and 37.916108
RANK0000 | 2025-10-29 01:35:39,348 | Unit cell variable c_Ang (currently=34.469189) is bounded by 31.022271 and 37.916108
RANK0000 | 2025-10-29 01:35:39,348 | Unit cell variable c_Ang (currently=34.469189) is bounded by 31.022271 and 37.916108
RANK0000 | 2025-10-29 01:35:39,348 | Unit cell variable c_Ang (currently=34.469189) is bounded by 31.022271 and 37.916108
RANK0000 | 2025-10-29 01:35:39,348 | Unit cell variable alpha_rad (currently=1.547616) is bounded by 1.460350 and 1.634882
RANK0000 | 2025-10-29 01:35:39,348 | Unit cell variable alpha_rad (currently=1.547616) is bounded by 1.460350 and 1.634882
RANK0000 | 2025-10-29 01:35:39,348 | Unit cell variable alpha_rad (currently=1.547616) is bounded by 1.460350 and 1.634882
RANK0000 | 2025-10-29 01:35:39,348 | Unit cell variable alpha_rad (currently=1.547616) is bounded by 1.460350 and 1.634882
RANK0000 | 2025-10-29 01:35:39,348 | Unit cell variable beta_rad (currently=1.248780) is bounded by 1.161513 and 1.336046
RANK0000 | 2025-10-29 01:35:39,348 | Unit cell variable beta_rad (currently=1.248780) is bounded by 1.161513 and 1.336046
RANK0000 | 2025-10-29 01:35:39,348 | Unit cell variable beta_rad (currently=1.248780) is bounded by 1.161513 and 1.336046
RANK0000 | 2025-10-29 01:35:39,348 | Unit cell variable beta_rad (currently=1.248780) is bounded by 1.161513 and 1.336046
RANK0000 | 2025-10-29 01:35:39,348 | Unit cell variable gamma_rad (currently=1.188962) is bounded by 1.101695 and 1.276228
RANK0000 | 2025-10-29 01:35:39,348 | Unit cell variable gamma_rad (currently=1.188962) is bounded by 1.101695 and 1.276228
RANK0000 | 2025-10-29 01:35:39,348 | Unit cell variable gamma_rad (currently=1.188962) is bounded by 1.101695 and 1.276228
RANK0000 | 2025-10-29 01:35:39,348 | Unit cell variable gamma_rad (currently=1.188962) is bounded by 1.101695 and 1.276228
Warning, crystal system not determined, assuming triclinic
RANK0000 | 2025-10-29 01:35:44,812 | Filtered 5 / 92 reflections which did not show peaks in model
RANK0000 | 2025-10-29 01:35:44,812 | Filtered 5 / 92 reflections which did not show peaks in model
RANK0000 | 2025-10-29 01:35:44,812 | Filtered 5 / 92 reflections which did not show peaks in model
RANK0000 | 2025-10-29 01:35:44,812 | Filtered 5 / 92 reflections which did not show peaks in model
Warning, crystal system not determined, assuming triclinic
Will optimize using 1 experiments
RANK0000 | 2025-10-29 01:35:44,947 | Loading nrefls per shot
RANK0000 | 2025-10-29 01:35:44,947 | Loading nrefls per shot
RANK0000 | 2025-10-29 01:35:44,947 | Loading nrefls per shot
RANK0000 | 2025-10-29 01:35:44,947 | Loading nrefls per shot
RANK0000 | 2025-10-29 01:35:44,947 | Loading nrefls per shot
Found 1 shots originally, but only 1 had finite number of refls to model
RANK0000 | 2025-10-29 01:35:44,948 | EVENT: begin loading inputs
RANK0000 | 2025-10-29 01:35:44,948 | EVENT: begin loading inputs
RANK0000 | 2025-10-29 01:35:44,948 | EVENT: begin loading inputs
RANK0000 | 2025-10-29 01:35:44,948 | EVENT: begin loading inputs
RANK0000 | 2025-10-29 01:35:44,948 | EVENT: begin loading inputs
RANK0000 | 2025-10-29 01:35:44,976 | Will use space group symbol P 1
RANK0000 | 2025-10-29 01:35:44,976 | Will use space group symbol P 1
RANK0000 | 2025-10-29 01:35:44,976 | Will use space group symbol P 1
RANK0000 | 2025-10-29 01:35:44,976 | Will use space group symbol P 1
RANK0000 | 2025-10-29 01:35:44,976 | Will use space group symbol P 1
RANK0000 | 2025-10-29 01:35:45,105 | EVENT: BEGIN loading experiment list
RANK0000 | 2025-10-29 01:35:45,105 | EVENT: BEGIN loading experiment list
RANK0000 | 2025-10-29 01:35:45,105 | EVENT: BEGIN loading experiment list
RANK0000 | 2025-10-29 01:35:45,105 | EVENT: BEGIN loading experiment list
RANK0000 | 2025-10-29 01:35:45,105 | EVENT: BEGIN loading experiment list
RANK0000 | 2025-10-29 01:35:45,107 | EVENT: DONE loading experiment list
RANK0000 | 2025-10-29 01:35:45,107 | EVENT: DONE loading experiment list
RANK0000 | 2025-10-29 01:35:45,107 | EVENT: DONE loading experiment list
RANK0000 | 2025-10-29 01:35:45,107 | EVENT: DONE loading experiment list
RANK0000 | 2025-10-29 01:35:45,107 | EVENT: DONE loading experiment list
Warning, crystal system not determined, assuming triclinic
RANK0000 | 2025-10-29 01:35:45,109 | EVENT: LOADING ROI DATA
RANK0000 | 2025-10-29 01:35:45,109 | EVENT: LOADING ROI DATA
RANK0000 | 2025-10-29 01:35:45,109 | EVENT: LOADING ROI DATA
RANK0000 | 2025-10-29 01:35:45,109 | EVENT: LOADING ROI DATA
RANK0000 | 2025-10-29 01:35:45,109 | EVENT: LOADING ROI DATA
RANK0000 | 2025-10-29 01:35:45,183 | Number of ROIS that will proceed to refinement: 87/92
RANK0000 | 2025-10-29 01:35:45,183 | Number of ROIS that will proceed to refinement: 87/92
RANK0000 | 2025-10-29 01:35:45,183 | Number of ROIS that will proceed to refinement: 87/92
RANK0000 | 2025-10-29 01:35:45,183 | Number of ROIS that will proceed to refinement: 87/92
RANK0000 | 2025-10-29 01:35:45,183 | Number of ROIS that will proceed to refinement: 87/92
RANK0000 | 2025-10-29 01:35:45,201 | Setting initial mosaicity from params.init.eta_abc: 0.000000 0.000000 0.000000
RANK0000 | 2025-10-29 01:35:45,201 | Setting initial mosaicity from params.init.eta_abc: 0.000000 0.000000 0.000000
RANK0000 | 2025-10-29 01:35:45,201 | Setting initial mosaicity from params.init.eta_abc: 0.000000 0.000000 0.000000
RANK0000 | 2025-10-29 01:35:45,201 | Setting initial mosaicity from params.init.eta_abc: 0.000000 0.000000 0.000000
RANK0000 | 2025-10-29 01:35:45,201 | Setting initial mosaicity from params.init.eta_abc: 0.000000 0.000000 0.000000
RANK0000 | 2025-10-29 01:35:45,201 | Number of mosaic domains from params: 1
RANK0000 | 2025-10-29 01:35:45,201 | Number of mosaic domains from params: 1
RANK0000 | 2025-10-29 01:35:45,201 | Number of mosaic domains from params: 1
RANK0000 | 2025-10-29 01:35:45,201 | Number of mosaic domains from params: 1
RANK0000 | 2025-10-29 01:35:45,201 | Number of mosaic domains from params: 1
RANK0000 | 2025-10-29 01:35:45,272 | Loaded simulator
RANK0000 | 2025-10-29 01:35:45,272 | Loaded simulator
RANK0000 | 2025-10-29 01:35:45,272 | Loaded simulator
RANK0000 | 2025-10-29 01:35:45,272 | Loaded simulator
RANK0000 | 2025-10-29 01:35:45,272 | Loaded simulator
RANK0000 | 2025-10-29 01:35:45,272 | Will not use mosaic models, as simulator.crystal.num_mosaicity_samples=1
RANK0000 | 2025-10-29 01:35:45,272 | Will not use mosaic models, as simulator.crystal.num_mosaicity_samples=1
RANK0000 | 2025-10-29 01:35:45,272 | Will not use mosaic models, as simulator.crystal.num_mosaicity_samples=1
RANK0000 | 2025-10-29 01:35:45,272 | Will not use mosaic models, as simulator.crystal.num_mosaicity_samples=1
RANK0000 | 2025-10-29 01:35:45,272 | Will not use mosaic models, as simulator.crystal.num_mosaicity_samples=1
RANK0000 | 2025-10-29 01:35:45,310 | EVENT: DONE LOADING ROI
RANK0000 | 2025-10-29 01:35:45,310 | EVENT: DONE LOADING ROI
RANK0000 | 2025-10-29 01:35:45,310 | EVENT: DONE LOADING ROI
RANK0000 | 2025-10-29 01:35:45,310 | EVENT: DONE LOADING ROI
RANK0000 | 2025-10-29 01:35:45,310 | EVENT: DONE LOADING ROI
RANK0000 | 2025-10-29 01:35:45,310 | Will simulate 1 energy channels
RANK0000 | 2025-10-29 01:35:45,310 | Will simulate 1 energy channels
RANK0000 | 2025-10-29 01:35:45,310 | Will simulate 1 energy channels
RANK0000 | 2025-10-29 01:35:45,310 | Will simulate 1 energy channels
RANK0000 | 2025-10-29 01:35:45,310 | Will simulate 1 energy channels
RANK0000 | 2025-10-29 01:35:45,310 | Process memory usage: 1.711201 GB on node ollie-System-Product-Name
RANK0000 | 2025-10-29 01:35:45,310 | Process memory usage: 1.711201 GB on node ollie-System-Product-Name
RANK0000 | 2025-10-29 01:35:45,310 | Process memory usage: 1.711201 GB on node ollie-System-Product-Name
RANK0000 | 2025-10-29 01:35:45,310 | Process memory usage: 1.711201 GB on node ollie-System-Product-Name
RANK0000 | 2025-10-29 01:35:45,310 | Process memory usage: 1.711201 GB on node ollie-System-Product-Name
RANK0000 | 2025-10-29 01:35:45,310 | Finished loading image 1 / 1 (1 / 1)
RANK0000 | 2025-10-29 01:35:45,310 | Finished loading image 1 / 1 (1 / 1)
RANK0000 | 2025-10-29 01:35:45,310 | Finished loading image 1 / 1 (1 / 1)
RANK0000 | 2025-10-29 01:35:45,310 | Finished loading image 1 / 1 (1 / 1)
RANK0000 | 2025-10-29 01:35:45,310 | Finished loading image 1 / 1 (1 / 1)
Warning, crystal system not determined, assuming triclinic
RANK0000 | 2025-10-29 01:35:45,311 | DONE LOADING DATA; ENTER BARRIER
RANK0000 | 2025-10-29 01:35:45,311 | DONE LOADING DATA; ENTER BARRIER
RANK0000 | 2025-10-29 01:35:45,311 | DONE LOADING DATA; ENTER BARRIER
RANK0000 | 2025-10-29 01:35:45,311 | DONE LOADING DATA; ENTER BARRIER
RANK0000 | 2025-10-29 01:35:45,311 | DONE LOADING DATA; ENTER BARRIER
RANK0000 | 2025-10-29 01:35:45,311 | DONE LOADING DATA; EXIT BARRIER
RANK0000 | 2025-10-29 01:35:45,311 | DONE LOADING DATA; EXIT BARRIER
RANK0000 | 2025-10-29 01:35:45,311 | DONE LOADING DATA; EXIT BARRIER
RANK0000 | 2025-10-29 01:35:45,311 | DONE LOADING DATA; EXIT BARRIER
RANK0000 | 2025-10-29 01:35:45,311 | DONE LOADING DATA; EXIT BARRIER
RANK0000 | 2025-10-29 01:35:45,311 | Mem after panel groups: 1.711201 GB on node ollie-System-Product-Name
RANK0000 | 2025-10-29 01:35:45,311 | Mem after panel groups: 1.711201 GB on node ollie-System-Product-Name
RANK0000 | 2025-10-29 01:35:45,311 | Mem after panel groups: 1.711201 GB on node ollie-System-Product-Name
RANK0000 | 2025-10-29 01:35:45,311 | Mem after panel groups: 1.711201 GB on node ollie-System-Product-Name
RANK0000 | 2025-10-29 01:35:45,311 | Mem after panel groups: 1.711201 GB on node ollie-System-Product-Name
RANK0000 | 2025-10-29 01:35:45,311 | EVENT: Gathering global HKL information
RANK0000 | 2025-10-29 01:35:45,311 | EVENT: Gathering global HKL information
RANK0000 | 2025-10-29 01:35:45,311 | EVENT: Gathering global HKL information
RANK0000 | 2025-10-29 01:35:45,311 | EVENT: Gathering global HKL information
RANK0000 | 2025-10-29 01:35:45,311 | EVENT: Gathering global HKL information
RANK0000 | 2025-10-29 01:35:45,413 | EVENT: FINISHED gather global HKL information
RANK0000 | 2025-10-29 01:35:45,413 | EVENT: FINISHED gather global HKL information
RANK0000 | 2025-10-29 01:35:45,413 | EVENT: FINISHED gather global HKL information
RANK0000 | 2025-10-29 01:35:45,413 | EVENT: FINISHED gather global HKL information
RANK0000 | 2025-10-29 01:35:45,413 | EVENT: FINISHED gather global HKL information
RANK0000 | 2025-10-29 01:35:45,413 | Mem after gather Hi info: 1.711201 GB on node ollie-System-Product-Name
RANK0000 | 2025-10-29 01:35:45,413 | Mem after gather Hi info: 1.711201 GB on node ollie-System-Product-Name
RANK0000 | 2025-10-29 01:35:45,413 | Mem after gather Hi info: 1.711201 GB on node ollie-System-Product-Name
RANK0000 | 2025-10-29 01:35:45,413 | Mem after gather Hi info: 1.711201 GB on node ollie-System-Product-Name
RANK0000 | 2025-10-29 01:35:45,413 | Mem after gather Hi info: 1.711201 GB on node ollie-System-Product-Name
RANK0000 | 2025-10-29 01:35:45,413 | BEGIN DETERMINE MAX PIX
RANK0000 | 2025-10-29 01:35:45,413 | BEGIN DETERMINE MAX PIX
RANK0000 | 2025-10-29 01:35:45,413 | BEGIN DETERMINE MAX PIX
RANK0000 | 2025-10-29 01:35:45,413 | BEGIN DETERMINE MAX PIX
RANK0000 | 2025-10-29 01:35:45,413 | BEGIN DETERMINE MAX PIX
RANK0000 | 2025-10-29 01:35:45,413 | Rank 0, max pix to be modeled: 8700
RANK0000 | 2025-10-29 01:35:45,413 | Rank 0, max pix to be modeled: 8700
RANK0000 | 2025-10-29 01:35:45,413 | Rank 0, max pix to be modeled: 8700
RANK0000 | 2025-10-29 01:35:45,413 | Rank 0, max pix to be modeled: 8700
RANK0000 | 2025-10-29 01:35:45,413 | Rank 0, max pix to be modeled: 8700
RANK0000 | 2025-10-29 01:35:45,413 | DONE DETERMINE MAX PIX
RANK0000 | 2025-10-29 01:35:45,413 | DONE DETERMINE MAX PIX
RANK0000 | 2025-10-29 01:35:45,413 | DONE DETERMINE MAX PIX
RANK0000 | 2025-10-29 01:35:45,413 | DONE DETERMINE MAX PIX
RANK0000 | 2025-10-29 01:35:45,413 | DONE DETERMINE MAX PIX
RANK0000 | 2025-10-29 01:35:45,413 | Mem after determine max num pix: 1.711201 GB on node ollie-System-Product-Name
RANK0000 | 2025-10-29 01:35:45,413 | Mem after determine max num pix: 1.711201 GB on node ollie-System-Product-Name
RANK0000 | 2025-10-29 01:35:45,413 | Mem after determine max num pix: 1.711201 GB on node ollie-System-Product-Name
RANK0000 | 2025-10-29 01:35:45,413 | Mem after determine max num pix: 1.711201 GB on node ollie-System-Product-Name
RANK0000 | 2025-10-29 01:35:45,413 | Mem after determine max num pix: 1.711201 GB on node ollie-System-Product-Name
RANK0000 | 2025-10-29 01:35:45,413 | Mem after load_inputs: 1.711201 GB on node ollie-System-Product-Name
RANK0000 | 2025-10-29 01:35:45,413 | Mem after load_inputs: 1.711201 GB on node ollie-System-Product-Name
RANK0000 | 2025-10-29 01:35:45,413 | Mem after load_inputs: 1.711201 GB on node ollie-System-Product-Name
RANK0000 | 2025-10-29 01:35:45,413 | Mem after load_inputs: 1.711201 GB on node ollie-System-Product-Name
RANK0000 | 2025-10-29 01:35:45,413 | Mem after load_inputs: 1.711201 GB on node ollie-System-Product-Name
How many pixels each rank will allocate for on its device:
(rnk0, dev0): 8700 pix
Iteration 1:
	Resid=193070.897268, sigmaZ 6.283842, t-per-iter=0.0342 sec, pred_offsets=
Iteration 2:
	Resid=281476860.364297, sigmaZ 253.603838, t-per-iter=0.0343 sec, pred_offsets=
Iteration 3:
	Resid=281695770.938004, sigmaZ 253.767826, t-per-iter=0.0340 sec, pred_offsets=
Iteration 4:
	Resid=193068.997544, sigmaZ 6.283806, t-per-iter=0.0339 sec, pred_offsets=
Iteration 5:
	Resid=193040.800853, sigmaZ 6.283273, t-per-iter=0.0338 sec, pred_offsets=
Iteration 6:
	Resid=192999.010821, sigmaZ 6.282493, t-per-iter=0.0337 sec, pred_offsets=
Iteration 7:
	Resid=192952.005181, sigmaZ 6.281618, t-per-iter=0.0337 sec, pred_offsets=
Iteration 8:
	Resid=192949.085871, sigmaZ 6.281571, t-per-iter=0.0336 sec, pred_offsets=
Iteration 9:
	Resid=192948.904120, sigmaZ 6.281569, t-per-iter=0.0336 sec, pred_offsets=
Iteration 10:
	Resid=192948.669778, sigmaZ 6.281565, t-per-iter=0.0336 sec, pred_offsets=
Iteration 11:
	Resid=192948.269343, sigmaZ 6.281559, t-per-iter=0.0336 sec, pred_offsets=
Iteration 12:
	Resid=192947.886331, sigmaZ 6.281550, t-per-iter=0.0335 sec, pred_offsets=
Iteration 13:
	Resid=192947.790967, sigmaZ 6.281547, t-per-iter=0.0335 sec, pred_offsets=
Iteration 14:
	Resid=192947.786857, sigmaZ 6.281547, t-per-iter=0.0335 sec, pred_offsets=
Iteration 15:
	Resid=192947.786765, sigmaZ 6.281547, t-per-iter=0.0335 sec, pred_offsets=
Iteration 16:
	Resid=192947.786765, sigmaZ 6.281547, t-per-iter=0.0335 sec, pred_offsets=
Final Iteration 16:
	Resid=192947.786765, sigmaZ 6.281547
Saved detector model to _geom.out/diffBragg_detector.expt
Spot scale=318518211659619200.000000
nanoBragg nanocrystal diffraction simulator - James Holton and Ken Frankel 8-1-17
  69614 initialized hkls (all others =0)
  gaussian xtal: 36.5x28.0x26.5 cells
Unit Cell: 27.3639 32.058 34.4692 88.6792 71.6452 68.1147
Recp Cell: 0.0417459 0.0338294 0.0307605 83.8482 109.29 112.667
volume = 26462.9 A^3
  amorphous part of sample is 0 m thick x 0.0001 m high x 0.0001 m wide, 1 g/cm^3 and 18 g/mol (0 molecules)
missets:  0.00000000  0.00000000  0.00000000
real-space cell vectors (Angstrom):
     a           b           c         
X: 23.96779991 -0.00000000  0.00000000
Y: 10.00394834 32.04946988 -0.00000000
Z:  8.61692038  0.73893257 34.46918950
reciprocal-space cell vectors (Angstrom^-1):
     a_star      b_star      c_star    
X:  0.04174588 -0.01303060 -0.01015667
Y:  0.00000000  0.03121914 -0.00066926
Z:  0.00000000  0.00000000  0.02902758
  wave=9.768e-11 meters +/- 0% in 1 steps
  Kahn polarization factor: 1.000000
  incident fluence: 1e+18 photons/m^2
  distance=0.23129 detsize=0.423636x0.434644  pixel=0.000172 meters (2463x2527 pixels)
  Xbeam=0.217729 Ybeam=0.213894
  Fbeam=0.217729 Sbeam=0.213894
  Xclose=0.217514 Yclose=0.21279
  Fclose=0.217514 Sclose=0.21279
  DIRECTION_OF_DETECTOR_X-AXIS= 0.999998 0.00169876 -0.000925822
  DIRECTION_OF_DETECTOR_Y-AXIS= 0.00169433 -0.999987 -0.00477062
  DIRECTION_OF_DETECTOR_Z-AXIS= -0.000933915 0.00476905 -0.999988
  INCIDENT_BEAM_DIRECTION= 0 0 1
  spindle ROTATION_AXIS= 0.999998 0.00169876 -0.000925822
  POLARIZATION_PLANE_NORMAL= 0 -1 0
  dials origin= -217.514 213.891 -230.27
  roi: 0 < x < 2463 && 0 < y < 2527
  hdivrange=0 hdivstep=0  radians
  vdivrange=0 vdivstep=0  radians
  1 divergence steps
  1 sources
  1 mosaic domains over mosaic spread of 0 degrees
  1 phi steps from 0 to 0 degrees
  1x1 pixel oversample steps
[canonical_capture] DiffBragg baseline: /home/ollie/Documents/diffbragg_example_2/diffbragg_example/plans/active/NANOBRAG-GOLDEN-001/reports/2025-10-29T082521Z/golden_dataset/legacy/bragg_diffbragg.npy
[canonical_capture] Torch baseline: /home/ollie/Documents/diffbragg_example_2/diffbragg_example/plans/active/NANOBRAG-GOLDEN-001/reports/2025-10-29T082521Z/golden_dataset/torch/bragg_torch.npy
[canonical_capture] Metrics: /home/ollie/Documents/diffbragg_example_2/diffbragg_example/plans/active/NANOBRAG-GOLDEN-001/reports/2025-10-29T082521Z/golden_dataset/metrics.json
