2025-11-03 16:07:50,825 - canonical_capture - INFO - === Canonical Golden Dataset Generation ===
2025-11-03 16:07:50,826 - canonical_capture - INFO - Loading refGeom experiment...
2025-11-03 16:07:51,051 - canonical_capture - INFO - Loaded 92 reflections from /home/ollie/Documents/diffbragg_example_2/diffbragg_example/refGeom.refl
2025-11-03 16:07:51,051 - canonical_capture - INFO - Starting DiffBragg refinement (GPU devId=0 per DIFFBRAGG-001)...
2025-11-03 16:07:51,085 - canonical_capture - INFO - Refinement macro cycle 1/5...
2025-11-03 16:08:26,705 - canonical_capture - INFO - Refinement macro cycle 2/5...
2025-11-03 16:08:40,554 - canonical_capture - INFO - Refinement macro cycle 3/5...
2025-11-03 16:08:52,725 - canonical_capture - INFO - Refinement macro cycle 4/5...
2025-11-03 16:09:06,809 - canonical_capture - INFO - Refinement macro cycle 5/5...
2025-11-03 16:09:19,914 - canonical_capture - INFO - Refinement converged. Generating DiffBragg baseline...
2025-11-03 16:09:20,453 - canonical_capture - INFO - DiffBragg baseline saved: max=36177.70, shape=(1, 2527, 2463)
2025-11-03 16:09:20,454 - canonical_capture - INFO - Building nanobrag_torch configs...
2025-11-03 16:09:20,490 - canonical_capture - INFO - Building structure factor grid...
2025-11-03 16:09:20,520 - canonical_capture - INFO - Structure factors (no scaling applied per SCALE-001): min=1.546e+00, max=5.183e+02, mean=4.741e+01
2025-11-03 16:09:20,520 - canonical_capture - INFO - Ignoring scale_override=3.187e+17 per SCALE-001 (DiffBragg handles scaling internally)
2025-11-03 16:09:21,630 - canonical_capture - INFO - Structure factor grid stats: min=0.000e+00, max=5.183e+02, mean=1.876e+01, nonzero=69614
2025-11-03 16:09:21,631 - canonical_capture - INFO - HKL grid: 69614/69614 reflections in range (100.0%)
2025-11-03 16:09:21,631 - canonical_capture - INFO - HKL grid nonzero: 69614
2025-11-03 16:09:21,635 - canonical_capture - INFO - Running nanobrag_torch simulator per panel...
2025-11-03 16:09:21,635 - canonical_capture - INFO - Post-simulation global scale factor: sqrt(3.186741e+17) = 5.645123e+08
2025-11-03 16:09:24,967 - canonical_capture - INFO - Panel 0 RAW torch output: device=cuda:0, dtype=torch.float32, shape=torch.Size([2527, 2463]), min=0.000000e+00, max=6.886668e-05, mean=3.816174e-10, nonzero=5622343
2025-11-03 16:09:24,968 - canonical_capture - INFO - Panel 0 SCALED torch output: min=0.000000e+00, max=3.887609e+04, mean=2.154277e-01
2025-11-03 16:09:24,987 - canonical_capture - INFO - Panel 0: torch_max=38876.09, shape=(2527, 2463)
2025-11-03 16:09:25,020 - canonical_capture - INFO - Torch baseline saved: max=38876.09, shape=(1, 2527, 2463)
2025-11-03 16:09:25,020 - canonical_capture - INFO - Computing parity metrics...
2025-11-03 16:09:25,045 - canonical_capture - INFO - Generating manifest.json with SHA256 checksums...
2025-11-03 16:09:25,117 - canonical_capture - INFO -   bragg_diffbragg.npy: 1ce51fa018fca84e...
2025-11-03 16:09:25,135 - canonical_capture - INFO -   bragg_torch.npy: 7452c91de95214b1...
2025-11-03 16:09:25,153 - canonical_capture - INFO -   target_panel_0.npy: 3ae4d01ef0a57dd8...
2025-11-03 16:09:25,158 - canonical_capture - INFO -   loss_mask_panel_0.npy: 9301d36f09eb6a15...
2025-11-03 16:09:25,158 - canonical_capture - INFO - Manifest written to /home/ollie/Documents/diffbragg_example_2/diffbragg_example/plans/active/NANOBRAG-GOLDEN-001/reports/2025-11-04T000201Z/golden_dataset/manifest.json
2025-11-03 16:09:25,158 - canonical_capture - INFO -   manifest.json: 3b8571409175f64a... (self-checksum)
2025-11-03 16:09:25,158 - canonical_capture - INFO - Copying canonical tensors to fixtures directory: /home/ollie/Documents/diffbragg_example_2/diffbragg_example/tests/fixtures/golden_data/simple_cubic
2025-11-03 16:09:25,185 - canonical_capture - INFO -   Copied bragg_diffbragg.npy -> /home/ollie/Documents/diffbragg_example_2/diffbragg_example/tests/fixtures/golden_data/simple_cubic/bragg_diffbragg.npy
2025-11-03 16:09:25,205 - canonical_capture - INFO -   Copied bragg_torch.npy -> /home/ollie/Documents/diffbragg_example_2/diffbragg_example/tests/fixtures/golden_data/simple_cubic/bragg_torch.npy
2025-11-03 16:09:25,226 - canonical_capture - INFO -   Copied target_panel_0.npy -> /home/ollie/Documents/diffbragg_example_2/diffbragg_example/tests/fixtures/golden_data/simple_cubic/target_panel_0.npy
2025-11-03 16:09:25,236 - canonical_capture - INFO -   Copied loss_mask_panel_0.npy -> /home/ollie/Documents/diffbragg_example_2/diffbragg_example/tests/fixtures/golden_data/simple_cubic/loss_mask_panel_0.npy
2025-11-03 16:09:25,237 - canonical_capture - INFO -   Copied manifest.json -> /home/ollie/Documents/diffbragg_example_2/diffbragg_example/tests/fixtures/golden_data/simple_cubic/manifest.json
2025-11-03 16:09:25,237 - canonical_capture - INFO -   Wrote metadata.json -> /home/ollie/Documents/diffbragg_example_2/diffbragg_example/tests/fixtures/golden_data/simple_cubic/metadata.json
2025-11-03 16:09:25,237 - canonical_capture - INFO - === Canonical Capture Complete ===
2025-11-03 16:09:25,239 - canonical_capture - INFO - DiffBragg baseline: /home/ollie/Documents/diffbragg_example_2/diffbragg_example/plans/active/NANOBRAG-GOLDEN-001/reports/2025-11-04T000201Z/golden_dataset/legacy/bragg_diffbragg.npy (max=36177.70)
2025-11-03 16:09:25,240 - canonical_capture - INFO - Torch baseline: /home/ollie/Documents/diffbragg_example_2/diffbragg_example/plans/active/NANOBRAG-GOLDEN-001/reports/2025-11-04T000201Z/golden_dataset/torch/bragg_torch.npy (max=38876.09)
2025-11-03 16:09:25,240 - canonical_capture - INFO - Metrics: /home/ollie/Documents/diffbragg_example_2/diffbragg_example/plans/active/NANOBRAG-GOLDEN-001/reports/2025-11-04T000201Z/golden_dataset/metrics.json
2025-11-03 16:09:25,240 - canonical_capture - INFO - Median correlation: -0.0358
2025-11-03 16:09:25,240 - canonical_capture - INFO - Localization success: 5.6%
