Obtaining file:///home/ollie/Documents/diffbragg_example_2/diffbragg_example/src/nanobrag-torch
  Installing build dependencies: started
  Installing build dependencies: finished with status 'done'
  Checking if build backend supports build_editable: started
  Checking if build backend supports build_editable: finished with status 'done'
  Getting requirements to build editable: started
  Getting requirements to build editable: finished with status 'done'
  Preparing editable metadata (pyproject.toml): started
  Preparing editable metadata (pyproject.toml): finished with status 'done'
Requirement already satisfied: torch>=2.3 in /home/ollie/miniconda3/envs/simtbx/lib/python3.9/site-packages (from nanobrag-torch==0.1.0) (2.4.1+cu121)
Requirement already satisfied: fabio in /home/ollie/miniconda3/envs/simtbx/lib/python3.9/site-packages (from nanobrag-torch==0.1.0) (2024.9.0)
Requirement already satisfied: numpy in /home/ollie/miniconda3/envs/simtbx/lib/python3.9/site-packages (from nanobrag-torch==0.1.0) (1.26.4)
Requirement already satisfied: pytest in /home/ollie/miniconda3/envs/simtbx/lib/python3.9/site-packages (from nanobrag-torch==0.1.0) (8.4.2)
Requirement already satisfied: matplotlib in /home/ollie/miniconda3/envs/simtbx/lib/python3.9/site-packages (from nanobrag-torch==0.1.0) (3.9.4)
Requirement already satisfied: scipy in /home/ollie/miniconda3/envs/simtbx/lib/python3.9/site-packages (from nanobrag-torch==0.1.0) (1.13.1)
Requirement already satisfied: filelock in /home/ollie/miniconda3/envs/simtbx/lib/python3.9/site-packages (from torch>=2.3->nanobrag-torch==0.1.0) (3.19.1)
Requirement already satisfied: typing-extensions>=4.8.0 in /home/ollie/miniconda3/envs/simtbx/lib/python3.9/site-packages (from torch>=2.3->nanobrag-torch==0.1.0) (4.14.1)
Requirement already satisfied: sympy in /home/ollie/miniconda3/envs/simtbx/lib/python3.9/site-packages (from torch>=2.3->nanobrag-torch==0.1.0) (1.14.0)
Requirement already satisfied: networkx in /home/ollie/miniconda3/envs/simtbx/lib/python3.9/site-packages (from torch>=2.3->nanobrag-torch==0.1.0) (3.2.1)
Requirement already satisfied: jinja2 in /home/ollie/miniconda3/envs/simtbx/lib/python3.9/site-packages (from torch>=2.3->nanobrag-torch==0.1.0) (3.1.6)
Requirement already satisfied: fsspec in /home/ollie/miniconda3/envs/simtbx/lib/python3.9/site-packages (from torch>=2.3->nanobrag-torch==0.1.0) (2025.9.0)
Requirement already satisfied: nvidia-cuda-nvrtc-cu12==12.1.105 in /home/ollie/miniconda3/envs/simtbx/lib/python3.9/site-packages (from torch>=2.3->nanobrag-torch==0.1.0) (12.1.105)
Requirement already satisfied: nvidia-cuda-runtime-cu12==12.1.105 in /home/ollie/miniconda3/envs/simtbx/lib/python3.9/site-packages (from torch>=2.3->nanobrag-torch==0.1.0) (12.1.105)
Requirement already satisfied: nvidia-cuda-cupti-cu12==12.1.105 in /home/ollie/miniconda3/envs/simtbx/lib/python3.9/site-packages (from torch>=2.3->nanobrag-torch==0.1.0) (12.1.105)
Requirement already satisfied: nvidia-cudnn-cu12==9.1.0.70 in /home/ollie/miniconda3/envs/simtbx/lib/python3.9/site-packages (from torch>=2.3->nanobrag-torch==0.1.0) (9.1.0.70)
Requirement already satisfied: nvidia-cublas-cu12==12.1.3.1 in /home/ollie/miniconda3/envs/simtbx/lib/python3.9/site-packages (from torch>=2.3->nanobrag-torch==0.1.0) (12.1.3.1)
Requirement already satisfied: nvidia-cufft-cu12==11.0.2.54 in /home/ollie/miniconda3/envs/simtbx/lib/python3.9/site-packages (from torch>=2.3->nanobrag-torch==0.1.0) (11.0.2.54)
Requirement already satisfied: nvidia-curand-cu12==10.3.2.106 in /home/ollie/miniconda3/envs/simtbx/lib/python3.9/site-packages (from torch>=2.3->nanobrag-torch==0.1.0) (10.3.2.106)
Requirement already satisfied: nvidia-cusolver-cu12==11.4.5.107 in /home/ollie/miniconda3/envs/simtbx/lib/python3.9/site-packages (from torch>=2.3->nanobrag-torch==0.1.0) (11.4.5.107)
Requirement already satisfied: nvidia-cusparse-cu12==12.1.0.106 in /home/ollie/miniconda3/envs/simtbx/lib/python3.9/site-packages (from torch>=2.3->nanobrag-torch==0.1.0) (12.1.0.106)
Requirement already satisfied: nvidia-nccl-cu12==2.20.5 in /home/ollie/miniconda3/envs/simtbx/lib/python3.9/site-packages (from torch>=2.3->nanobrag-torch==0.1.0) (2.20.5)
Requirement already satisfied: nvidia-nvtx-cu12==12.1.105 in /home/ollie/miniconda3/envs/simtbx/lib/python3.9/site-packages (from torch>=2.3->nanobrag-torch==0.1.0) (12.1.105)
Requirement already satisfied: triton==3.0.0 in /home/ollie/miniconda3/envs/simtbx/lib/python3.9/site-packages (from torch>=2.3->nanobrag-torch==0.1.0) (3.0.0)
Requirement already satisfied: nvidia-nvjitlink-cu12 in /home/ollie/miniconda3/envs/simtbx/lib/python3.9/site-packages (from nvidia-cusolver-cu12==11.4.5.107->torch>=2.3->nanobrag-torch==0.1.0) (12.8.93)
Requirement already satisfied: h5py in /home/ollie/miniconda3/envs/simtbx/lib/python3.9/site-packages (from fabio->nanobrag-torch==0.1.0) (3.13.0)
Requirement already satisfied: hdf5plugin in /home/ollie/miniconda3/envs/simtbx/lib/python3.9/site-packages (from fabio->nanobrag-torch==0.1.0) (5.1.0)
Requirement already satisfied: lxml in /home/ollie/miniconda3/envs/simtbx/lib/python3.9/site-packages (from fabio->nanobrag-torch==0.1.0) (6.0.2)
Requirement already satisfied: pillow in /home/ollie/miniconda3/envs/simtbx/lib/python3.9/site-packages (from fabio->nanobrag-torch==0.1.0) (11.3.0)
Requirement already satisfied: MarkupSafe>=2.0 in /home/ollie/miniconda3/envs/simtbx/lib/python3.9/site-packages (from jinja2->torch>=2.3->nanobrag-torch==0.1.0) (3.0.2)
Requirement already satisfied: contourpy>=1.0.1 in /home/ollie/miniconda3/envs/simtbx/lib/python3.9/site-packages (from matplotlib->nanobrag-torch==0.1.0) (1.3.0)
Requirement already satisfied: cycler>=0.10 in /home/ollie/miniconda3/envs/simtbx/lib/python3.9/site-packages (from matplotlib->nanobrag-torch==0.1.0) (0.12.1)
Requirement already satisfied: fonttools>=4.22.0 in /home/ollie/miniconda3/envs/simtbx/lib/python3.9/site-packages (from matplotlib->nanobrag-torch==0.1.0) (4.60.1)
Requirement already satisfied: kiwisolver>=1.3.1 in /home/ollie/miniconda3/envs/simtbx/lib/python3.9/site-packages (from matplotlib->nanobrag-torch==0.1.0) (1.4.4)
Requirement already satisfied: packaging>=20.0 in /home/ollie/miniconda3/envs/simtbx/lib/python3.9/site-packages (from matplotlib->nanobrag-torch==0.1.0) (25.0)
Requirement already satisfied: pyparsing>=2.3.1 in /home/ollie/miniconda3/envs/simtbx/lib/python3.9/site-packages (from matplotlib->nanobrag-torch==0.1.0) (3.2.3)
Requirement already satisfied: python-dateutil>=2.7 in /home/ollie/miniconda3/envs/simtbx/lib/python3.9/site-packages (from matplotlib->nanobrag-torch==0.1.0) (2.9.0.post0)
Requirement already satisfied: importlib-resources>=3.2.0 in /home/ollie/miniconda3/envs/simtbx/lib/python3.9/site-packages (from matplotlib->nanobrag-torch==0.1.0) (6.5.2)
Requirement already satisfied: zipp>=3.1.0 in /home/ollie/miniconda3/envs/simtbx/lib/python3.9/site-packages (from importlib-resources>=3.2.0->matplotlib->nanobrag-torch==0.1.0) (3.23.0)
Requirement already satisfied: six>=1.5 in /home/ollie/miniconda3/envs/simtbx/lib/python3.9/site-packages (from python-dateutil>=2.7->matplotlib->nanobrag-torch==0.1.0) (1.17.0)
Requirement already satisfied: exceptiongroup>=1 in /home/ollie/miniconda3/envs/simtbx/lib/python3.9/site-packages (from pytest->nanobrag-torch==0.1.0) (1.3.0)
Requirement already satisfied: iniconfig>=1 in /home/ollie/miniconda3/envs/simtbx/lib/python3.9/site-packages (from pytest->nanobrag-torch==0.1.0) (2.1.0)
Requirement already satisfied: pluggy<2,>=1.5 in /home/ollie/miniconda3/envs/simtbx/lib/python3.9/site-packages (from pytest->nanobrag-torch==0.1.0) (1.6.0)
Requirement already satisfied: pygments>=2.7.2 in /home/ollie/miniconda3/envs/simtbx/lib/python3.9/site-packages (from pytest->nanobrag-torch==0.1.0) (2.19.2)
Requirement already satisfied: tomli>=1 in /home/ollie/miniconda3/envs/simtbx/lib/python3.9/site-packages (from pytest->nanobrag-torch==0.1.0) (2.3.0)
Requirement already satisfied: mpmath<1.4,>=1.1.0 in /home/ollie/miniconda3/envs/simtbx/lib/python3.9/site-packages (from sympy->torch>=2.3->nanobrag-torch==0.1.0) (1.3.0)
Building wheels for collected packages: nanobrag-torch
  Building editable for nanobrag-torch (pyproject.toml): started
  Building editable for nanobrag-torch (pyproject.toml): finished with status 'done'
  Created wheel for nanobrag-torch: filename=nanobrag_torch-0.1.0-0.editable-py3-none-any.whl size=2615 sha256=4b9f9b02f2627906901c6c8f182ed3964c3090f9531cbb45f2acb87e1848cd15
  Stored in directory: /tmp/pip-ephem-wheel-cache-jjxv7awp/wheels/76/84/da/63c6939a4c9584af1457241cc5c17a9e65c9b196a2546a321c
Successfully built nanobrag-torch
Installing collected packages: nanobrag-torch
  Attempting uninstall: nanobrag-torch
    Found existing installation: nanobrag-torch 0.1.0
    Uninstalling nanobrag-torch-0.1.0:
      Successfully uninstalled nanobrag-torch-0.1.0
Successfully installed nanobrag-torch-0.1.0
