2025-10-29 11:09:26,660 - canonical_capture - INFO - === Canonical Golden Dataset Generation ===
2025-10-29 11:09:26,660 - canonical_capture - INFO - Loading refGeom experiment...
2025-10-29 11:09:26,885 - canonical_capture - INFO - Loaded 92 reflections from /home/ollie/Documents/diffbragg_example_2/diffbragg_example/refGeom.refl
2025-10-29 11:09:26,885 - canonical_capture - INFO - Starting DiffBragg refinement (GPU devId=0 per DIFFBRAGG-001)...
2025-10-29 11:09:26,918 - canonical_capture - INFO - Refinement macro cycle 1/5...
2025-10-29 11:10:02,846 - canonical_capture - INFO - Refinement macro cycle 2/5...
2025-10-29 11:10:16,688 - canonical_capture - INFO - Refinement macro cycle 3/5...
2025-10-29 11:10:28,945 - canonical_capture - INFO - Refinement macro cycle 4/5...
2025-10-29 11:10:42,850 - canonical_capture - INFO - Refinement macro cycle 5/5...
2025-10-29 11:10:56,374 - canonical_capture - INFO - Refinement converged. Generating DiffBragg baseline...
2025-10-29 11:10:56,897 - canonical_capture - INFO - DiffBragg baseline saved: max=36164.90, shape=(1, 2527, 2463)
2025-10-29 11:10:56,899 - canonical_capture - INFO - Building nanobrag_torch configs...
2025-10-29 11:10:56,938 - canonical_capture - INFO - Building structure factor grid...
2025-10-29 11:10:56,968 - canonical_capture - INFO - BEFORE scaling: amps min=1.546e+00, max=5.183e+02, mean=4.741e+01
2025-10-29 11:10:56,968 - canonical_capture - INFO - Scaling structure factors by sqrt(scale_override)=5.644e+08
2025-10-29 11:10:56,968 - canonical_capture - INFO - AFTER scaling: amps min=8.727e+08, max=2.925e+11, mean=2.676e+10
2025-10-29 11:10:58,101 - canonical_capture - INFO - Structure factor grid stats: min=0.000e+00, max=2.925e+11, mean=1.059e+10, nonzero=69614
2025-10-29 11:10:58,101 - canonical_capture - INFO - HKL grid: 69614/69614 reflections in range (100.0%)
2025-10-29 11:10:58,101 - canonical_capture - INFO - HKL grid nonzero: 69614
2025-10-29 11:10:58,105 - canonical_capture - INFO - Running nanobrag_torch simulator per panel...
2025-10-29 11:11:01,390 - canonical_capture - INFO - Panel 0 RAW torch output: device=cuda:0, dtype=torch.float32, shape=torch.Size([2527, 2463]), min=0.000000e+00, max=2.202339e+13, mean=1.216456e+08, nonzero=5622380
2025-10-29 11:11:01,409 - canonical_capture - INFO - Panel 0: torch_max=22023386431488.00, shape=(2527, 2463)
2025-10-29 11:11:01,443 - canonical_capture - INFO - Torch baseline saved: max=22023386431488.00, shape=(1, 2527, 2463)
2025-10-29 11:11:01,444 - canonical_capture - INFO - Computing parity metrics...
2025-10-29 11:11:01,456 - canonical_capture - INFO - Generating manifest.json with SHA256 checksums...
2025-10-29 11:11:01,474 - canonical_capture - INFO -   bragg_diffbragg.npy: 036dac3d3d2d8892...
2025-10-29 11:11:01,492 - canonical_capture - INFO -   bragg_torch.npy: 2be24db0b7601bf8...
2025-10-29 11:11:01,510 - canonical_capture - INFO -   target_panel_0.npy: 3ae4d01ef0a57dd8...
2025-10-29 11:11:01,515 - canonical_capture - INFO -   loss_mask_panel_0.npy: 9301d36f09eb6a15...
2025-10-29 11:11:01,515 - canonical_capture - INFO - Manifest written to /home/ollie/Documents/diffbragg_example_2/diffbragg_example/plans/active/NANOBRAG-GOLDEN-001/reports/2025-10-29T110900Z/golden_dataset/manifest.json
2025-10-29 11:11:01,515 - canonical_capture - INFO - Copying canonical tensors to fixtures directory: /home/ollie/Documents/diffbragg_example_2/diffbragg_example/tests/fixtures/golden_data/simple_cubic
2025-10-29 11:11:01,536 - canonical_capture - INFO -   Copied bragg_diffbragg.npy -> /home/ollie/Documents/diffbragg_example_2/diffbragg_example/tests/fixtures/golden_data/simple_cubic/bragg_diffbragg.npy
2025-10-29 11:11:01,557 - canonical_capture - INFO -   Copied bragg_torch.npy -> /home/ollie/Documents/diffbragg_example_2/diffbragg_example/tests/fixtures/golden_data/simple_cubic/bragg_torch.npy
2025-10-29 11:11:01,578 - canonical_capture - INFO -   Copied target_panel_0.npy -> /home/ollie/Documents/diffbragg_example_2/diffbragg_example/tests/fixtures/golden_data/simple_cubic/target_panel_0.npy
2025-10-29 11:11:01,583 - canonical_capture - INFO -   Copied loss_mask_panel_0.npy -> /home/ollie/Documents/diffbragg_example_2/diffbragg_example/tests/fixtures/golden_data/simple_cubic/loss_mask_panel_0.npy
2025-10-29 11:11:01,583 - canonical_capture - INFO -   Copied manifest.json -> /home/ollie/Documents/diffbragg_example_2/diffbragg_example/tests/fixtures/golden_data/simple_cubic/manifest.json
2025-10-29 11:11:01,583 - canonical_capture - INFO -   Wrote metadata.json -> /home/ollie/Documents/diffbragg_example_2/diffbragg_example/tests/fixtures/golden_data/simple_cubic/metadata.json
2025-10-29 11:11:01,584 - canonical_capture - INFO - === Canonical Capture Complete ===
2025-10-29 11:11:01,585 - canonical_capture - INFO - DiffBragg baseline: /home/ollie/Documents/diffbragg_example_2/diffbragg_example/plans/active/NANOBRAG-GOLDEN-001/reports/2025-10-29T110900Z/golden_dataset/legacy/bragg_diffbragg.npy (max=36164.90)
2025-10-29 11:11:01,586 - canonical_capture - INFO - Torch baseline: /home/ollie/Documents/diffbragg_example_2/diffbragg_example/plans/active/NANOBRAG-GOLDEN-001/reports/2025-10-29T110900Z/golden_dataset/torch/bragg_torch.npy (max=22023386431488.00)
2025-10-29 11:11:01,586 - canonical_capture - INFO - Metrics: /home/ollie/Documents/diffbragg_example_2/diffbragg_example/plans/active/NANOBRAG-GOLDEN-001/reports/2025-10-29T110900Z/golden_dataset/metrics.json
2025-10-29 11:11:01,586 - canonical_capture - INFO - Median correlation: -0.0358
2025-10-29 11:11:01,586 - canonical_capture - INFO - Localization success: 5.6%
