2025-10-29 02:54:30,694 - canonical_capture - INFO - === Canonical Golden Dataset Generation ===
2025-10-29 02:54:30,694 - canonical_capture - INFO - Loading refGeom experiment...
2025-10-29 02:54:30,912 - canonical_capture - INFO - Loaded 92 reflections from /home/ollie/Documents/diffbragg_example_2/diffbragg_example/refGeom.refl
2025-10-29 02:54:30,912 - canonical_capture - INFO - Starting DiffBragg refinement (GPU devId=0 per DIFFBRAGG-001)...
2025-10-29 02:54:30,945 - canonical_capture - INFO - Refinement macro cycle 1/5...
2025-10-29 02:55:07,049 - canonical_capture - INFO - Refinement macro cycle 2/5...
2025-10-29 02:55:22,236 - canonical_capture - INFO - Refinement macro cycle 3/5...
2025-10-29 02:55:35,845 - canonical_capture - INFO - Refinement macro cycle 4/5...
2025-10-29 02:55:50,004 - canonical_capture - INFO - Refinement macro cycle 5/5...
2025-10-29 02:56:03,490 - canonical_capture - INFO - Refinement converged. Generating DiffBragg baseline...
2025-10-29 02:56:04,016 - canonical_capture - INFO - DiffBragg baseline saved: max=36144.45, shape=(1, 2527, 2463)
2025-10-29 02:56:04,018 - canonical_capture - INFO - Building nanobrag_torch configs...
2025-10-29 02:56:04,054 - canonical_capture - INFO - Building structure factor grid...
2025-10-29 02:56:04,085 - canonical_capture - INFO - BEFORE scaling: amps min=1.546e+00, max=5.183e+02, mean=4.741e+01
2025-10-29 02:56:04,085 - canonical_capture - INFO - Scaling structure factors by sqrt(scale_override)=5.645e+08
2025-10-29 02:56:04,085 - canonical_capture - INFO - AFTER scaling: amps min=8.729e+08, max=2.926e+11, mean=2.676e+10
2025-10-29 02:56:05,184 - canonical_capture - INFO - Structure factor grid stats: min=0.000e+00, max=2.926e+11, mean=1.059e+10, nonzero=69614
2025-10-29 02:56:05,184 - canonical_capture - INFO - HKL grid: 69614/69614 reflections in range (100.0%)
2025-10-29 02:56:05,185 - canonical_capture - INFO - HKL grid nonzero: 69614
2025-10-29 02:56:05,189 - canonical_capture - INFO - Running nanobrag_torch simulator per panel...
2025-10-29 02:56:10,783 - canonical_capture - INFO - Panel 0 RAW torch output: device=cuda:0, dtype=torch.float32, shape=torch.Size([2527, 2463]), min=0.000000e+00, max=0.000000e+00, mean=0.000000e+00, nonzero=0
2025-10-29 02:56:10,798 - canonical_capture - INFO - Panel 0: torch_max=0.00, shape=(2527, 2463)
2025-10-29 02:56:10,831 - canonical_capture - INFO - Torch baseline saved: max=0.00, shape=(1, 2527, 2463)
2025-10-29 02:56:10,831 - canonical_capture - INFO - Computing parity metrics...
2025-10-29 02:56:10,843 - canonical_capture - INFO - === Canonical Capture Complete ===
2025-10-29 02:56:10,844 - canonical_capture - INFO - DiffBragg baseline: /home/ollie/Documents/diffbragg_example_2/diffbragg_example/plans/active/NANOBRAG-GOLDEN-001/reports/2025-10-29T094859Z/golden_dataset/legacy/bragg_diffbragg.npy (max=36144.45)
2025-10-29 02:56:10,845 - canonical_capture - INFO - Torch baseline: /home/ollie/Documents/diffbragg_example_2/diffbragg_example/plans/active/NANOBRAG-GOLDEN-001/reports/2025-10-29T094859Z/golden_dataset/torch/bragg_torch.npy (max=0.00)
2025-10-29 02:56:10,845 - canonical_capture - INFO - Metrics: /home/ollie/Documents/diffbragg_example_2/diffbragg_example/plans/active/NANOBRAG-GOLDEN-001/reports/2025-10-29T094859Z/golden_dataset/metrics.json
2025-10-29 02:56:10,845 - canonical_capture - INFO - Median correlation: nan
2025-10-29 02:56:10,845 - canonical_capture - INFO - Localization success: 0.0%
