/home/ollie/Documents/diffbragg_example_2/diffbragg_example/src/nanobrag-torch/src/nanobrag_torch/simulator.py:388: UserWarning: To copy construct from a tensor, it is recommended to use sourceTensor.clone().detach() or sourceTensor.clone().detach().requires_grad_(True), rather than torch.tensor(sourceTensor).
  Na_f64 = torch.tensor(Na, dtype=torch.float64, device=h.device)
/home/ollie/Documents/diffbragg_example_2/diffbragg_example/src/nanobrag-torch/src/nanobrag_torch/simulator.py:389: UserWarning: To copy construct from a tensor, it is recommended to use sourceTensor.clone().detach() or sourceTensor.clone().detach().requires_grad_(True), rather than torch.tensor(sourceTensor).
  Nb_f64 = torch.tensor(Nb, dtype=torch.float64, device=h.device)
/home/ollie/Documents/diffbragg_example_2/diffbragg_example/src/nanobrag-torch/src/nanobrag_torch/simulator.py:390: UserWarning: To copy construct from a tensor, it is recommended to use sourceTensor.clone().detach() or sourceTensor.clone().detach().requires_grad_(True), rather than torch.tensor(sourceTensor).
  Nc_f64 = torch.tensor(Nc, dtype=torch.float64, device=h.device)
Square lattice scaling probe
============================================================
N_cells target: (41, 29, 32)
Expected ratio: 1,447,650,304.0
Oversample: 13
Detector: 1×1 pixels
Phi steps: 1, Mosaic domains: 1
Device: cpu

Running base case: N_cells=(1,1,1)
TRACE_PY: pix0_vector_meters 0.100000001490116 4.99999987368938e-05 -4.99999987368938e-05
TRACE_PY: fdet_vec 0 0 1
TRACE_PY: sdet_vec 0 -1 0
TRACE_PY: pixel_pos_meters 0.100000001490116 0 0
TRACE_PY: R_distance_meters 0.100000001490116
TRACE_PY: omega_pixel_sr 9.99999997475243e-07
TRACE_PY: close_distance_meters 0.100000001490116
TRACE_PY: obliquity_factor 1
TRACE_PY: diffracted_vec 1 0 0
TRACE_PY: incident_vec -1 -0 -0
TRACE_PY: lambda_meters 1e-10
TRACE_PY: lambda_angstroms 1
TRACE_PY: scattering_vec_A_inv 20000000000 0 0
TRACE_PY: rot_a_angstroms 1.00000017155821e-08 -4.37113946468983e-16 -4.37113972938762e-16
TRACE_PY: rot_b_angstroms 0 1.00000017155821e-08 -4.37113946468983e-16
TRACE_PY: rot_c_angstroms 0 0 1.00000008274037e-08
TRACE_PY: spindle_axis_raw 0 0 1
TRACE_PY: spindle_axis_normalized 0 0 1
TRACE_PY: spindle_magnitude 1
TRACE_PY: rot_a_star_A_inv 0.00999999884516001 -0 0
TRACE_PY: rot_b_star_A_inv 4.37113789608645e-10 0.00999999884516001 -0
TRACE_PY: rot_c_star_A_inv 4.37113928386523e-10 4.37113872875372e-10 0.00999999977648258
TRACE_PY: hkl_frac 2.00000034311643e-08 0 0
TRACE_PY: hkl_rounded 0 0 0
TRACE_PY: F_latt_a 1
TRACE_PY: F_latt_b 1
TRACE_PY: F_latt_c 1
TRACE_PY: F_latt 1
TRACE_PY: F_cell_interpolated 100
TRACE_PY: F_cell_nearest 100
TRACE_PY: I_before_scaling_pre_polar 7024892
TRACE_PY: I_before_scaling_post_polar 1187206784
TRACE_PY: r_e_meters 2.81794118441937e-15
TRACE_PY: r_e_sqr 7.9407927259064e-30
TRACE_PY: fluence_photons_per_m2 1.25932017574725e+29
TRACE_PY: steps 1
TRACE_PY: oversample_thick 0
TRACE_PY: oversample_polar 0
TRACE_PY: oversample_omega 0
TRACE_PY: capture_fraction 1
TRACE_PY: polar 1
TRACE_PY: omega_pixel 9.99999997475243e-07
TRACE_PY: cos_2theta -1
TRACE_PY: I_pixel_final 1187.20678710938
TRACE_PY: floatimage_accumulated 1187.20678710938

Final intensity = 1.187207e+03
Normalized intensity = 1.187207e+03
Position (meters): (1.000000e-01, 0.000000e+00, 0.000000e+00)
Airpath (meters): 1.000000e-01
TRACE: r_e^2 = 7.940792725906e-30
TRACE: Fluence = 1.259320175747e+29
TRACE: Oversample = 13

TRACE: Intensity calculation chain:
  normalized * r_e^2 * fluence
  = 1.187206665039e+03 * 7.940792725906e-30 * 1.259320175747e+29
  = 1.187206787109e+03
  Base intensity: 1.187207e+03
  Base payload: F_cell=1.000000e+02, F_latt=1.000000e+00, F_total²=N/A, I_pre_polar=7.024892e+06

Running scaled case: N_cells=(41,29,32)
TRACE_PY: pix0_vector_meters 0.100000001490116 4.99999987368938e-05 -4.99999987368938e-05
TRACE_PY: fdet_vec 0 0 1
TRACE_PY: sdet_vec 0 -1 0
TRACE_PY: pixel_pos_meters 0.100000001490116 0 0
TRACE_PY: R_distance_meters 0.100000001490116
TRACE_PY: omega_pixel_sr 9.99999997475243e-07
TRACE_PY: close_distance_meters 0.100000001490116
TRACE_PY: obliquity_factor 1
TRACE_PY: diffracted_vec 1 0 0
TRACE_PY: incident_vec -1 -0 -0
TRACE_PY: lambda_meters 1e-10
TRACE_PY: lambda_angstroms 1
TRACE_PY: scattering_vec_A_inv 20000000000 0 0
TRACE_PY: rot_a_angstroms 1.00000017155821e-08 -4.37113946468983e-16 -4.37113972938762e-16
TRACE_PY: rot_b_angstroms 0 1.00000017155821e-08 -4.37113946468983e-16
TRACE_PY: rot_c_angstroms 0 0 1.00000008274037e-08
TRACE_PY: spindle_axis_raw 0 0 1
TRACE_PY: spindle_axis_normalized 0 0 1
TRACE_PY: spindle_magnitude 1
TRACE_PY: rot_a_star_A_inv 0.00999999884516001 -0 0
TRACE_PY: rot_b_star_A_inv 4.37113789608645e-10 0.00999999884516001 -0
TRACE_PY: rot_c_star_A_inv 4.37113928386523e-10 4.37113872875372e-10 0.00999999977648258
TRACE_PY: hkl_frac 2.00000034311643e-08 0 0
TRACE_PY: hkl_rounded 0 0 0
TRACE_PY: F_latt_a 41
TRACE_PY: F_latt_b 29
TRACE_PY: F_latt_c 32
TRACE_PY: F_latt 38048
TRACE_PY: F_cell_interpolated 100
TRACE_PY: F_cell_nearest 100
TRACE_PY: I_before_scaling_pre_polar 1.01695344428974e+16
TRACE_PY: I_before_scaling_post_polar 1.61478830320517e+17
TRACE_PY: r_e_meters 2.81794118441937e-15
TRACE_PY: r_e_sqr 7.9407927259064e-30
TRACE_PY: fluence_photons_per_m2 1.25932017574725e+29
TRACE_PY: steps 1
TRACE_PY: oversample_thick 0
TRACE_PY: oversample_polar 0
TRACE_PY: oversample_omega 0
TRACE_PY: capture_fraction 1
TRACE_PY: polar 1
TRACE_PY: omega_pixel 9.99999997475243e-07
TRACE_PY: cos_2theta -1
TRACE_PY: I_pixel_final 161478819840
TRACE_PY: floatimage_accumulated 161478819840

Final intensity = 1.614788e+11
Normalized intensity = 1.614788e+11
Position (meters): (1.000000e-01, 0.000000e+00, 0.000000e+00)
Airpath (meters): 1.000000e-01
TRACE: r_e^2 = 7.940792725906e-30
TRACE: Fluence = 1.259320175747e+29
TRACE: Oversample = 13

TRACE: Intensity calculation chain:
  normalized * r_e^2 * fluence
  = 1.614788034560e+11 * 7.940792725906e-30 * 1.259320175747e+29
  = 1.614788198400e+11
  Scaled intensity: 1.614788e+11
  Scaled payload: F_cell=1.000000e+02, F_latt=4.206509e+03, F_total²=N/A, I_pre_polar=9.554960e+14
  Min |Δ| stats (C.33 oversample centering):
    min_abs_delta_h: 1.525879e-05
    min_abs_delta_k: 0.000000e+00
    min_abs_delta_l: 0.000000e+00
  Subpixel offset stats (C.36 detector-plane sampling):
    Slow: min=-0.461538, median=0.000000, max=0.461538 | straddles_zero=YES
    Fast: min=-0.461538, median=0.000000, max=0.461538 | straddles_zero=YES
  Traced pixel HKL tensor stats (C.35):
    h: min=200.000015, median=200.000031, max=200.000031
    k: min=-0.046154, median=0.000000, max=0.046154
    l: min=-0.046154, median=0.000000, max=0.046154
    h0: min=200, median=200, max=200
    k0: min=-0, median=0, max=-0
    l0: min=0, median=0, max=0
  HKL projection audit (C.37 dual-basis solve):
    Deltas: production_HKL - dual_basis_HKL (signed offsets)
    Δh: min=0.000000e+00, median=0.000000e+00, max=0.000000e+00
    Δk: min=-7.450581e-09, median=0.000000e+00, max=7.450581e-09
    Δl: min=-3.725290e-09, median=0.000000e+00, max=3.725290e-09
  Oversample accumulation breakdown (C.38/C.39):
    Raw subpixel sum (before omega): 1.614788e+17
    Omega (last-value semantics): 9.999999e-07
    Omega application mode: applied once after sum (SQUARE integral)
    Normalized intensity (after omega): 1.614788e+11
    Steps scalar (normalization divisor): 1.000000e+00
    Normalized / Raw sum ratio: 0.000001 (should be ≈1.0 for SQUARE after C.39 fix)

Results
============================================================
Expected ratio: 1,447,650,304.0
Observed ratio: 136,015,748.6
Relative error: 90.60%
Ratio deviation: 0.093956x expected

Phase C.31 Derived Ratios:
  F_latt_ratio: 4.206509e+03
  F_latt_ratio_expected: 3.804800e+04
  I_pre_polar_ratio: 1.360158e+08
  I_pre_polar_ratio_expected: 1.447650e+09
  base_I_pre_polar_over_F_total_sq: 7.024892e+02
  scaled_I_pre_polar_over_F_total_sq: 5.399893e+03

Phase C.34 Subpixel Coverage Analysis:
  Total subpixels: 169
  Subpixels in central lobe: 81 (47.93%)
  Thresholds: |Δh| < 0.024390, |Δk| < 0.034483, |Δl| < 0.031250
  Intensity share from central lobe: 93.53%
  Implied (Na·Nb·Nc)² ratio from coverage: 1.354007e+09

Wrote JSON: plans/active/ARCH-SIM-CONSTRUCTION-001/reports/2026-01-13T010000Z/square_lattice_scaling.json
Wrote Markdown: plans/active/ARCH-SIM-CONSTRUCTION-001/reports/2026-01-13T010000Z/square_lattice_scaling.md

Probe complete.
