/home/ollie/miniconda3/envs/simtbx/lib/python3.9/site-packages/dials/extensions/__init__.py:3: UserWarning: pkg_resources is deprecated as an API. See https://setuptools.pypa.io/en/latest/pkg_resources.html. The pkg_resources package is slated for removal as early as 2025-11-30. Refrain from using this package or pin to Setuptools<81.
  import pkg_resources
<frozen importlib._bootstrap>:228: RuntimeWarning: to-Python converter for scitbx::af::shared<scitbx::af::shared<scitbx::vec3<double> > > already registered; second conversion method ignored.
COMMANDLINE: libtbx.python /home/ollie/Documents/diffbragg_example_2/diffbragg_example/scripts/generate_simple_cubic_golden.py --canonical-out /home/ollie/Documents/diffbragg_example_2/diffbragg_example/plans/active/NANOBRAG-GOLDEN-001/reports/2025-10-29T190533Z/golden_dataset --emit-manifest --fixtures /home/ollie/Documents/diffbragg_example_2/diffbragg_example/tests/fixtures/golden_data/simple_cubic --hkldebug plans/active/NANOBRAG-GOLDEN-001/reports/2025-10-29T190533Z/torch_hkl_debug.json
INFO: === Canonical Golden Dataset Generation ===
INFO: Loading refGeom experiment...
INFO: Loaded 92 reflections from /home/ollie/Documents/diffbragg_example_2/diffbragg_example/refGeom.refl
INFO: Starting DiffBragg refinement (GPU devId=0 per DIFFBRAGG-001)...
INFO: Refinement macro cycle 1/5...
Warning, crystal system not determined, assuming triclinic
Warning, crystal system not determined, assuming triclinic
Warning, crystal system not determined, assuming triclinic
Warning, crystal system not determined, assuming triclinic
Warning, crystal system not determined, assuming triclinic
Will optimize using 1 experiments
RANK0000 | 2025-10-29 12:10:18,173 | Loading nrefls per shot
Found 1 shots originally, but only 1 had finite number of refls to model
RANK0000 | 2025-10-29 12:10:18,174 | EVENT: begin loading inputs
RANK0000 | 2025-10-29 12:10:18,204 | Will use space group symbol P 1
RANK0000 | 2025-10-29 12:10:18,336 | EVENT: BEGIN loading experiment list
RANK0000 | 2025-10-29 12:10:18,337 | EVENT: DONE loading experiment list
Warning, crystal system not determined, assuming triclinic
RANK0000 | 2025-10-29 12:10:18,339 | EVENT: LOADING ROI DATA
RANK0000 | 2025-10-29 12:10:18,409 | Number of ROIS that will proceed to refinement: 87/92
RANK0000 | 2025-10-29 12:10:18,427 | Setting initial mosaicity from params.init.eta_abc: 0.000000 0.000000 0.000000
RANK0000 | 2025-10-29 12:10:18,427 | Number of mosaic domains from params: 1
RANK0000 | 2025-10-29 12:10:18,499 | Loaded simulator
RANK0000 | 2025-10-29 12:10:18,499 | Will not use mosaic models, as simulator.crystal.num_mosaicity_samples=1
RANK0000 | 2025-10-29 12:10:18,537 | EVENT: DONE LOADING ROI
RANK0000 | 2025-10-29 12:10:18,537 | Will simulate 1 energy channels
RANK0000 | 2025-10-29 12:10:18,537 | Process memory usage: 1.234913 GB on node ollie-System-Product-Name
RANK0000 | 2025-10-29 12:10:18,538 | Finished loading image 1 / 1 (1 / 1)
Warning, crystal system not determined, assuming triclinic
RANK0000 | 2025-10-29 12:10:18,538 | DONE LOADING DATA; ENTER BARRIER
RANK0000 | 2025-10-29 12:10:18,538 | DONE LOADING DATA; EXIT BARRIER
RANK0000 | 2025-10-29 12:10:18,538 | Mem after panel groups: 1.234913 GB on node ollie-System-Product-Name
RANK0000 | 2025-10-29 12:10:18,538 | EVENT: Gathering global HKL information
RANK0000 | 2025-10-29 12:10:18,645 | EVENT: FINISHED gather global HKL information
RANK0000 | 2025-10-29 12:10:18,645 | Mem after gather Hi info: 1.234913 GB on node ollie-System-Product-Name
RANK0000 | 2025-10-29 12:10:18,645 | BEGIN DETERMINE MAX PIX
RANK0000 | 2025-10-29 12:10:18,645 | Rank 0, max pix to be modeled: 8700
RANK0000 | 2025-10-29 12:10:18,645 | DONE DETERMINE MAX PIX
RANK0000 | 2025-10-29 12:10:18,645 | Mem after determine max num pix: 1.234913 GB on node ollie-System-Product-Name
RANK0000 | 2025-10-29 12:10:18,645 | Mem after load_inputs: 1.234913 GB on node ollie-System-Product-Name
How many pixels each rank will allocate for on its device:
(rnk0, dev0): 8700 pix
Iteration 1:
	Resid=242623.295220, sigmaZ 7.147279, t-per-iter=0.0340 sec, pred_offsets=
Iteration 2:
	Resid=281477044.323482, sigmaZ 253.604838, t-per-iter=0.0341 sec, pred_offsets=
Iteration 3:
	Resid=281476832.960654, sigmaZ 253.603633, t-per-iter=0.0343 sec, pred_offsets=
Iteration 4:
	Resid=261777.088314, sigmaZ 7.449009, t-per-iter=0.0340 sec, pred_offsets=
Iteration 5:
	Resid=241356.786137, sigmaZ 7.126871, t-per-iter=0.0338 sec, pred_offsets=
Iteration 6:
	Resid=240786.254040, sigmaZ 7.117659, t-per-iter=0.0338 sec, pred_offsets=
Iteration 7:
	Resid=239705.853976, sigmaZ 7.100181, t-per-iter=0.0337 sec, pred_offsets=
Iteration 8:
	Resid=239420.744381, sigmaZ 7.095560, t-per-iter=0.0337 sec, pred_offsets=
Iteration 9:
	Resid=239357.018135, sigmaZ 7.094529, t-per-iter=0.0336 sec, pred_offsets=
Iteration 10:
	Resid=239336.787527, sigmaZ 7.094201, t-per-iter=0.0336 sec, pred_offsets=
Iteration 11:
	Resid=239199.622647, sigmaZ 7.091978, t-per-iter=0.0335 sec, pred_offsets=
Iteration 12:
	Resid=239064.961816, sigmaZ 7.089794, t-per-iter=0.0335 sec, pred_offsets=
Iteration 13:
	Resid=238955.408809, sigmaZ 7.088016, t-per-iter=0.0335 sec, pred_offsets=
Iteration 14:
	Resid=238938.915331, sigmaZ 7.087748, t-per-iter=0.0335 sec, pred_offsets=
Iteration 15:
	Resid=238938.155211, sigmaZ 7.087735, t-per-iter=0.0335 sec, pred_offsets=
Iteration 16:
	Resid=238938.138993, sigmaZ 7.087735, t-per-iter=0.0335 sec, pred_offsets=
Iteration 17:
	Resid=238938.138808, sigmaZ 7.087735, t-per-iter=0.0334 sec, pred_offsets=
Iteration 18:
	Resid=238938.138792, sigmaZ 7.087735, t-per-iter=0.0334 sec, pred_offsets=
Final Iteration 18:
	Resid=238938.138792, sigmaZ 7.087735
Saved detector model to _geom.out/diffBragg_detector.expt
INFO: Refinement macro cycle 2/5...
INFO:canonical_capture:Refinement macro cycle 2/5...
RANK0000 | 2025-10-29 12:10:19,319 | Number of ROIS that will proceed to refinement: 87/92
RANK0000 | 2025-10-29 12:10:19,337 | Setting initial mosaicity from params.init.eta_abc: 0.000000 0.000000 0.000000
RANK0000 | 2025-10-29 12:10:19,337 | Number of mosaic domains from params: 1
RANK0000 | 2025-10-29 12:10:19,412 | Loaded simulator
RANK0000 | 2025-10-29 12:10:19,412 | Will not use mosaic models, as simulator.crystal.num_mosaicity_samples=1
Warning, crystal system not determined, assuming triclinic
RANK0000 | 2025-10-29 12:10:19,413 | Unit cell variable a_Ang (currently=27.359348) is bounded by 24.623414 and 30.095283
RANK0000 | 2025-10-29 12:10:19,413 | Unit cell variable b_Ang (currently=32.053346) is bounded by 28.848012 and 35.258681
RANK0000 | 2025-10-29 12:10:19,413 | Unit cell variable c_Ang (currently=34.447265) is bounded by 31.002539 and 37.891992
RANK0000 | 2025-10-29 12:10:19,413 | Unit cell variable alpha_rad (currently=1.548473) is bounded by 1.461207 and 1.635740
RANK0000 | 2025-10-29 12:10:19,413 | Unit cell variable beta_rad (currently=1.249642) is bounded by 1.162376 and 1.336909
RANK0000 | 2025-10-29 12:10:19,413 | Unit cell variable gamma_rad (currently=1.189223) is bounded by 1.101956 and 1.276489
Warning, crystal system not determined, assuming triclinic
RANK0000 | 2025-10-29 12:10:26,077 | Filtered 5 / 92 reflections which did not show peaks in model
RANK0000 | 2025-10-29 12:10:26,146 | Number of ROIS that will proceed to refinement: 87/92
RANK0000 | 2025-10-29 12:10:26,163 | Setting initial mosaicity from params.init.eta_abc: 0.000000 0.000000 0.000000
RANK0000 | 2025-10-29 12:10:26,163 | Number of mosaic domains from params: 1
RANK0000 | 2025-10-29 12:10:26,242 | Loaded simulator
RANK0000 | 2025-10-29 12:10:26,242 | Will not use mosaic models, as simulator.crystal.num_mosaicity_samples=1
Warning, crystal system not determined, assuming triclinic
RANK0000 | 2025-10-29 12:10:26,349 | Unit cell variable a_Ang (currently=27.360161) is bounded by 24.624145 and 30.096177
RANK0000 | 2025-10-29 12:10:26,349 | Unit cell variable b_Ang (currently=32.057000) is bounded by 28.851300 and 35.262700
RANK0000 | 2025-10-29 12:10:26,349 | Unit cell variable c_Ang (currently=34.454273) is bounded by 31.008846 and 37.899700
RANK0000 | 2025-10-29 12:10:26,349 | Unit cell variable alpha_rad (currently=1.548181) is bounded by 1.460914 and 1.635447
RANK0000 | 2025-10-29 12:10:26,349 | Unit cell variable beta_rad (currently=1.249337) is bounded by 1.162071 and 1.336604
RANK0000 | 2025-10-29 12:10:26,349 | Unit cell variable gamma_rad (currently=1.189185) is bounded by 1.101919 and 1.276452
Warning, crystal system not determined, assuming triclinic
RANK0000 | 2025-10-29 12:10:31,836 | Filtered 5 / 92 reflections which did not show peaks in model
Warning, crystal system not determined, assuming triclinic
Will optimize using 1 experiments
RANK0000 | 2025-10-29 12:10:31,966 | Loading nrefls per shot
RANK0000 | 2025-10-29 12:10:31,966 | Loading nrefls per shot
Found 1 shots originally, but only 1 had finite number of refls to model
RANK0000 | 2025-10-29 12:10:31,967 | EVENT: begin loading inputs
RANK0000 | 2025-10-29 12:10:31,967 | EVENT: begin loading inputs
RANK0000 | 2025-10-29 12:10:31,994 | Will use space group symbol P 1
RANK0000 | 2025-10-29 12:10:31,994 | Will use space group symbol P 1
RANK0000 | 2025-10-29 12:10:32,124 | EVENT: BEGIN loading experiment list
RANK0000 | 2025-10-29 12:10:32,124 | EVENT: BEGIN loading experiment list
RANK0000 | 2025-10-29 12:10:32,125 | EVENT: DONE loading experiment list
RANK0000 | 2025-10-29 12:10:32,125 | EVENT: DONE loading experiment list
Warning, crystal system not determined, assuming triclinic
RANK0000 | 2025-10-29 12:10:32,127 | EVENT: LOADING ROI DATA
RANK0000 | 2025-10-29 12:10:32,127 | EVENT: LOADING ROI DATA
RANK0000 | 2025-10-29 12:10:32,192 | Number of ROIS that will proceed to refinement: 87/92
RANK0000 | 2025-10-29 12:10:32,192 | Number of ROIS that will proceed to refinement: 87/92
RANK0000 | 2025-10-29 12:10:32,208 | Setting initial mosaicity from params.init.eta_abc: 0.000000 0.000000 0.000000
RANK0000 | 2025-10-29 12:10:32,208 | Setting initial mosaicity from params.init.eta_abc: 0.000000 0.000000 0.000000
RANK0000 | 2025-10-29 12:10:32,208 | Number of mosaic domains from params: 1
RANK0000 | 2025-10-29 12:10:32,208 | Number of mosaic domains from params: 1
RANK0000 | 2025-10-29 12:10:32,279 | Loaded simulator
RANK0000 | 2025-10-29 12:10:32,279 | Loaded simulator
RANK0000 | 2025-10-29 12:10:32,279 | Will not use mosaic models, as simulator.crystal.num_mosaicity_samples=1
RANK0000 | 2025-10-29 12:10:32,279 | Will not use mosaic models, as simulator.crystal.num_mosaicity_samples=1
RANK0000 | 2025-10-29 12:10:32,318 | EVENT: DONE LOADING ROI
RANK0000 | 2025-10-29 12:10:32,318 | EVENT: DONE LOADING ROI
RANK0000 | 2025-10-29 12:10:32,318 | Will simulate 1 energy channels
RANK0000 | 2025-10-29 12:10:32,318 | Will simulate 1 energy channels
RANK0000 | 2025-10-29 12:10:32,318 | Process memory usage: 1.376694 GB on node ollie-System-Product-Name
RANK0000 | 2025-10-29 12:10:32,318 | Process memory usage: 1.376694 GB on node ollie-System-Product-Name
RANK0000 | 2025-10-29 12:10:32,318 | Finished loading image 1 / 1 (1 / 1)
RANK0000 | 2025-10-29 12:10:32,318 | Finished loading image 1 / 1 (1 / 1)
Warning, crystal system not determined, assuming triclinic
RANK0000 | 2025-10-29 12:10:32,319 | DONE LOADING DATA; ENTER BARRIER
RANK0000 | 2025-10-29 12:10:32,319 | DONE LOADING DATA; ENTER BARRIER
RANK0000 | 2025-10-29 12:10:32,319 | DONE LOADING DATA; EXIT BARRIER
RANK0000 | 2025-10-29 12:10:32,319 | DONE LOADING DATA; EXIT BARRIER
RANK0000 | 2025-10-29 12:10:32,319 | Mem after panel groups: 1.376694 GB on node ollie-System-Product-Name
RANK0000 | 2025-10-29 12:10:32,319 | Mem after panel groups: 1.376694 GB on node ollie-System-Product-Name
RANK0000 | 2025-10-29 12:10:32,319 | EVENT: Gathering global HKL information
RANK0000 | 2025-10-29 12:10:32,319 | EVENT: Gathering global HKL information
RANK0000 | 2025-10-29 12:10:32,420 | EVENT: FINISHED gather global HKL information
RANK0000 | 2025-10-29 12:10:32,420 | EVENT: FINISHED gather global HKL information
RANK0000 | 2025-10-29 12:10:32,420 | Mem after gather Hi info: 1.376694 GB on node ollie-System-Product-Name
RANK0000 | 2025-10-29 12:10:32,420 | Mem after gather Hi info: 1.376694 GB on node ollie-System-Product-Name
RANK0000 | 2025-10-29 12:10:32,420 | BEGIN DETERMINE MAX PIX
RANK0000 | 2025-10-29 12:10:32,420 | BEGIN DETERMINE MAX PIX
RANK0000 | 2025-10-29 12:10:32,420 | Rank 0, max pix to be modeled: 8700
RANK0000 | 2025-10-29 12:10:32,420 | Rank 0, max pix to be modeled: 8700
RANK0000 | 2025-10-29 12:10:32,420 | DONE DETERMINE MAX PIX
RANK0000 | 2025-10-29 12:10:32,420 | DONE DETERMINE MAX PIX
RANK0000 | 2025-10-29 12:10:32,420 | Mem after determine max num pix: 1.376694 GB on node ollie-System-Product-Name
RANK0000 | 2025-10-29 12:10:32,420 | Mem after determine max num pix: 1.376694 GB on node ollie-System-Product-Name
RANK0000 | 2025-10-29 12:10:32,420 | Mem after load_inputs: 1.376694 GB on node ollie-System-Product-Name
RANK0000 | 2025-10-29 12:10:32,420 | Mem after load_inputs: 1.376694 GB on node ollie-System-Product-Name
How many pixels each rank will allocate for on its device:
(rnk0, dev0): 8700 pix
Iteration 1:
	Resid=196896.917373, sigmaZ 6.355073, t-per-iter=0.0341 sec, pred_offsets=
Iteration 2:
	Resid=276457596.562458, sigmaZ 251.362443, t-per-iter=0.0338 sec, pred_offsets=
Iteration 3:
	Resid=4131517.668948, sigmaZ 30.708839, t-per-iter=0.0337 sec, pred_offsets=
Iteration 4:
	Resid=241530.110587, sigmaZ 7.118698, t-per-iter=0.0336 sec, pred_offsets=
Iteration 5:
	Resid=196554.125234, sigmaZ 6.348789, t-per-iter=0.0335 sec, pred_offsets=
Iteration 6:
	Resid=197024.415463, sigmaZ 6.357312, t-per-iter=0.0335 sec, pred_offsets=
Iteration 7:
	Resid=196478.639487, sigmaZ 6.347412, t-per-iter=0.0334 sec, pred_offsets=
Iteration 8:
	Resid=196459.245431, sigmaZ 6.347066, t-per-iter=0.0334 sec, pred_offsets=
Iteration 9:
	Resid=196435.945157, sigmaZ 6.346662, t-per-iter=0.0334 sec, pred_offsets=
Iteration 10:
	Resid=196435.923634, sigmaZ 6.346661, t-per-iter=0.0335 sec, pred_offsets=
Iteration 11:
	Resid=196435.851453, sigmaZ 6.346660, t-per-iter=0.0334 sec, pred_offsets=
Iteration 12:
	Resid=196435.679362, sigmaZ 6.346657, t-per-iter=0.0334 sec, pred_offsets=
Iteration 13:
	Resid=196435.665514, sigmaZ 6.346656, t-per-iter=0.0335 sec, pred_offsets=
Iteration 14:
	Resid=196435.665504, sigmaZ 6.346656, t-per-iter=0.0335 sec, pred_offsets=
Final Iteration 14:
	Resid=196435.665504, sigmaZ 6.346656
Saved detector model to _geom.out/diffBragg_detector.expt
INFO: Refinement macro cycle 3/5...
INFO:canonical_capture:Refinement macro cycle 3/5...
RANK0000 | 2025-10-29 12:10:32,955 | Number of ROIS that will proceed to refinement: 87/92
RANK0000 | 2025-10-29 12:10:32,955 | Number of ROIS that will proceed to refinement: 87/92
RANK0000 | 2025-10-29 12:10:32,971 | Setting initial mosaicity from params.init.eta_abc: 0.000000 0.000000 0.000000
RANK0000 | 2025-10-29 12:10:32,971 | Setting initial mosaicity from params.init.eta_abc: 0.000000 0.000000 0.000000
RANK0000 | 2025-10-29 12:10:32,972 | Number of mosaic domains from params: 1
RANK0000 | 2025-10-29 12:10:32,972 | Number of mosaic domains from params: 1
RANK0000 | 2025-10-29 12:10:33,042 | Loaded simulator
RANK0000 | 2025-10-29 12:10:33,042 | Loaded simulator
RANK0000 | 2025-10-29 12:10:33,042 | Will not use mosaic models, as simulator.crystal.num_mosaicity_samples=1
RANK0000 | 2025-10-29 12:10:33,042 | Will not use mosaic models, as simulator.crystal.num_mosaicity_samples=1
Warning, crystal system not determined, assuming triclinic
RANK0000 | 2025-10-29 12:10:33,042 | Unit cell variable a_Ang (currently=27.360161) is bounded by 24.624145 and 30.096177
RANK0000 | 2025-10-29 12:10:33,042 | Unit cell variable a_Ang (currently=27.360161) is bounded by 24.624145 and 30.096177
RANK0000 | 2025-10-29 12:10:33,042 | Unit cell variable b_Ang (currently=32.057000) is bounded by 28.851300 and 35.262700
RANK0000 | 2025-10-29 12:10:33,042 | Unit cell variable b_Ang (currently=32.057000) is bounded by 28.851300 and 35.262700
RANK0000 | 2025-10-29 12:10:33,042 | Unit cell variable c_Ang (currently=34.454273) is bounded by 31.008846 and 37.899700
RANK0000 | 2025-10-29 12:10:33,042 | Unit cell variable c_Ang (currently=34.454273) is bounded by 31.008846 and 37.899700
RANK0000 | 2025-10-29 12:10:33,042 | Unit cell variable alpha_rad (currently=1.548181) is bounded by 1.460914 and 1.635447
RANK0000 | 2025-10-29 12:10:33,042 | Unit cell variable alpha_rad (currently=1.548181) is bounded by 1.460914 and 1.635447
RANK0000 | 2025-10-29 12:10:33,042 | Unit cell variable beta_rad (currently=1.249337) is bounded by 1.162071 and 1.336604
RANK0000 | 2025-10-29 12:10:33,042 | Unit cell variable beta_rad (currently=1.249337) is bounded by 1.162071 and 1.336604
RANK0000 | 2025-10-29 12:10:33,042 | Unit cell variable gamma_rad (currently=1.189185) is bounded by 1.101919 and 1.276452
RANK0000 | 2025-10-29 12:10:33,042 | Unit cell variable gamma_rad (currently=1.189185) is bounded by 1.101919 and 1.276452
Warning, crystal system not determined, assuming triclinic
RANK0000 | 2025-10-29 12:10:42,556 | Filtered 5 / 92 reflections which did not show peaks in model
RANK0000 | 2025-10-29 12:10:42,556 | Filtered 5 / 92 reflections which did not show peaks in model
RANK0000 | 2025-10-29 12:10:42,624 | Number of ROIS that will proceed to refinement: 87/92
RANK0000 | 2025-10-29 12:10:42,624 | Number of ROIS that will proceed to refinement: 87/92
RANK0000 | 2025-10-29 12:10:42,641 | Setting initial mosaicity from params.init.eta_abc: 0.000000 0.000000 0.000000
RANK0000 | 2025-10-29 12:10:42,641 | Setting initial mosaicity from params.init.eta_abc: 0.000000 0.000000 0.000000
RANK0000 | 2025-10-29 12:10:42,641 | Number of mosaic domains from params: 1
RANK0000 | 2025-10-29 12:10:42,641 | Number of mosaic domains from params: 1
RANK0000 | 2025-10-29 12:10:42,713 | Loaded simulator
RANK0000 | 2025-10-29 12:10:42,713 | Loaded simulator
RANK0000 | 2025-10-29 12:10:42,713 | Will not use mosaic models, as simulator.crystal.num_mosaicity_samples=1
RANK0000 | 2025-10-29 12:10:42,713 | Will not use mosaic models, as simulator.crystal.num_mosaicity_samples=1
Warning, crystal system not determined, assuming triclinic
RANK0000 | 2025-10-29 12:10:42,821 | Unit cell variable a_Ang (currently=27.361518) is bounded by 24.625367 and 30.097670
RANK0000 | 2025-10-29 12:10:42,821 | Unit cell variable a_Ang (currently=27.361518) is bounded by 24.625367 and 30.097670
RANK0000 | 2025-10-29 12:10:42,821 | Unit cell variable b_Ang (currently=32.057596) is bounded by 28.851836 and 35.263355
RANK0000 | 2025-10-29 12:10:42,821 | Unit cell variable b_Ang (currently=32.057596) is bounded by 28.851836 and 35.263355
RANK0000 | 2025-10-29 12:10:42,821 | Unit cell variable c_Ang (currently=34.460339) is bounded by 31.014305 and 37.906373
RANK0000 | 2025-10-29 12:10:42,821 | Unit cell variable c_Ang (currently=34.460339) is bounded by 31.014305 and 37.906373
RANK0000 | 2025-10-29 12:10:42,821 | Unit cell variable alpha_rad (currently=1.547950) is bounded by 1.460684 and 1.635217
RANK0000 | 2025-10-29 12:10:42,821 | Unit cell variable alpha_rad (currently=1.547950) is bounded by 1.460684 and 1.635217
RANK0000 | 2025-10-29 12:10:42,821 | Unit cell variable beta_rad (currently=1.249119) is bounded by 1.161852 and 1.336385
RANK0000 | 2025-10-29 12:10:42,821 | Unit cell variable beta_rad (currently=1.249119) is bounded by 1.161852 and 1.336385
RANK0000 | 2025-10-29 12:10:42,821 | Unit cell variable gamma_rad (currently=1.189095) is bounded by 1.101829 and 1.276362
RANK0000 | 2025-10-29 12:10:42,821 | Unit cell variable gamma_rad (currently=1.189095) is bounded by 1.101829 and 1.276362
Warning, crystal system not determined, assuming triclinic
RANK0000 | 2025-10-29 12:10:48,189 | Filtered 5 / 92 reflections which did not show peaks in model
RANK0000 | 2025-10-29 12:10:48,189 | Filtered 5 / 92 reflections which did not show peaks in model
Warning, crystal system not determined, assuming triclinic
Will optimize using 1 experiments
RANK0000 | 2025-10-29 12:10:48,317 | Loading nrefls per shot
RANK0000 | 2025-10-29 12:10:48,317 | Loading nrefls per shot
RANK0000 | 2025-10-29 12:10:48,317 | Loading nrefls per shot
Found 1 shots originally, but only 1 had finite number of refls to model
RANK0000 | 2025-10-29 12:10:48,318 | EVENT: begin loading inputs
RANK0000 | 2025-10-29 12:10:48,318 | EVENT: begin loading inputs
RANK0000 | 2025-10-29 12:10:48,318 | EVENT: begin loading inputs
RANK0000 | 2025-10-29 12:10:48,346 | Will use space group symbol P 1
RANK0000 | 2025-10-29 12:10:48,346 | Will use space group symbol P 1
RANK0000 | 2025-10-29 12:10:48,346 | Will use space group symbol P 1
RANK0000 | 2025-10-29 12:10:48,475 | EVENT: BEGIN loading experiment list
RANK0000 | 2025-10-29 12:10:48,475 | EVENT: BEGIN loading experiment list
RANK0000 | 2025-10-29 12:10:48,475 | EVENT: BEGIN loading experiment list
RANK0000 | 2025-10-29 12:10:48,477 | EVENT: DONE loading experiment list
RANK0000 | 2025-10-29 12:10:48,477 | EVENT: DONE loading experiment list
RANK0000 | 2025-10-29 12:10:48,477 | EVENT: DONE loading experiment list
Warning, crystal system not determined, assuming triclinic
RANK0000 | 2025-10-29 12:10:48,479 | EVENT: LOADING ROI DATA
RANK0000 | 2025-10-29 12:10:48,479 | EVENT: LOADING ROI DATA
RANK0000 | 2025-10-29 12:10:48,479 | EVENT: LOADING ROI DATA
RANK0000 | 2025-10-29 12:10:48,542 | Number of ROIS that will proceed to refinement: 87/92
RANK0000 | 2025-10-29 12:10:48,542 | Number of ROIS that will proceed to refinement: 87/92
RANK0000 | 2025-10-29 12:10:48,542 | Number of ROIS that will proceed to refinement: 87/92
RANK0000 | 2025-10-29 12:10:48,559 | Setting initial mosaicity from params.init.eta_abc: 0.000000 0.000000 0.000000
RANK0000 | 2025-10-29 12:10:48,559 | Setting initial mosaicity from params.init.eta_abc: 0.000000 0.000000 0.000000
RANK0000 | 2025-10-29 12:10:48,559 | Setting initial mosaicity from params.init.eta_abc: 0.000000 0.000000 0.000000
RANK0000 | 2025-10-29 12:10:48,559 | Number of mosaic domains from params: 1
RANK0000 | 2025-10-29 12:10:48,559 | Number of mosaic domains from params: 1
RANK0000 | 2025-10-29 12:10:48,559 | Number of mosaic domains from params: 1
RANK0000 | 2025-10-29 12:10:48,630 | Loaded simulator
RANK0000 | 2025-10-29 12:10:48,630 | Loaded simulator
RANK0000 | 2025-10-29 12:10:48,630 | Loaded simulator
RANK0000 | 2025-10-29 12:10:48,630 | Will not use mosaic models, as simulator.crystal.num_mosaicity_samples=1
RANK0000 | 2025-10-29 12:10:48,630 | Will not use mosaic models, as simulator.crystal.num_mosaicity_samples=1
RANK0000 | 2025-10-29 12:10:48,630 | Will not use mosaic models, as simulator.crystal.num_mosaicity_samples=1
RANK0000 | 2025-10-29 12:10:48,670 | EVENT: DONE LOADING ROI
RANK0000 | 2025-10-29 12:10:48,670 | EVENT: DONE LOADING ROI
RANK0000 | 2025-10-29 12:10:48,670 | EVENT: DONE LOADING ROI
RANK0000 | 2025-10-29 12:10:48,670 | Will simulate 1 energy channels
RANK0000 | 2025-10-29 12:10:48,670 | Will simulate 1 energy channels
RANK0000 | 2025-10-29 12:10:48,670 | Will simulate 1 energy channels
RANK0000 | 2025-10-29 12:10:48,670 | Process memory usage: 1.465336 GB on node ollie-System-Product-Name
RANK0000 | 2025-10-29 12:10:48,670 | Process memory usage: 1.465336 GB on node ollie-System-Product-Name
RANK0000 | 2025-10-29 12:10:48,670 | Process memory usage: 1.465336 GB on node ollie-System-Product-Name
RANK0000 | 2025-10-29 12:10:48,670 | Finished loading image 1 / 1 (1 / 1)
RANK0000 | 2025-10-29 12:10:48,670 | Finished loading image 1 / 1 (1 / 1)
RANK0000 | 2025-10-29 12:10:48,670 | Finished loading image 1 / 1 (1 / 1)
Warning, crystal system not determined, assuming triclinic
RANK0000 | 2025-10-29 12:10:48,671 | DONE LOADING DATA; ENTER BARRIER
RANK0000 | 2025-10-29 12:10:48,671 | DONE LOADING DATA; ENTER BARRIER
RANK0000 | 2025-10-29 12:10:48,671 | DONE LOADING DATA; ENTER BARRIER
RANK0000 | 2025-10-29 12:10:48,671 | DONE LOADING DATA; EXIT BARRIER
RANK0000 | 2025-10-29 12:10:48,671 | DONE LOADING DATA; EXIT BARRIER
RANK0000 | 2025-10-29 12:10:48,671 | DONE LOADING DATA; EXIT BARRIER
RANK0000 | 2025-10-29 12:10:48,671 | Mem after panel groups: 1.465336 GB on node ollie-System-Product-Name
RANK0000 | 2025-10-29 12:10:48,671 | Mem after panel groups: 1.465336 GB on node ollie-System-Product-Name
RANK0000 | 2025-10-29 12:10:48,671 | Mem after panel groups: 1.465336 GB on node ollie-System-Product-Name
RANK0000 | 2025-10-29 12:10:48,671 | EVENT: Gathering global HKL information
RANK0000 | 2025-10-29 12:10:48,671 | EVENT: Gathering global HKL information
RANK0000 | 2025-10-29 12:10:48,671 | EVENT: Gathering global HKL information
RANK0000 | 2025-10-29 12:10:48,772 | EVENT: FINISHED gather global HKL information
RANK0000 | 2025-10-29 12:10:48,772 | EVENT: FINISHED gather global HKL information
RANK0000 | 2025-10-29 12:10:48,772 | EVENT: FINISHED gather global HKL information
RANK0000 | 2025-10-29 12:10:48,772 | Mem after gather Hi info: 1.465336 GB on node ollie-System-Product-Name
RANK0000 | 2025-10-29 12:10:48,772 | Mem after gather Hi info: 1.465336 GB on node ollie-System-Product-Name
RANK0000 | 2025-10-29 12:10:48,772 | Mem after gather Hi info: 1.465336 GB on node ollie-System-Product-Name
RANK0000 | 2025-10-29 12:10:48,773 | BEGIN DETERMINE MAX PIX
RANK0000 | 2025-10-29 12:10:48,773 | BEGIN DETERMINE MAX PIX
RANK0000 | 2025-10-29 12:10:48,773 | BEGIN DETERMINE MAX PIX
RANK0000 | 2025-10-29 12:10:48,773 | Rank 0, max pix to be modeled: 8700
RANK0000 | 2025-10-29 12:10:48,773 | Rank 0, max pix to be modeled: 8700
RANK0000 | 2025-10-29 12:10:48,773 | Rank 0, max pix to be modeled: 8700
RANK0000 | 2025-10-29 12:10:48,773 | DONE DETERMINE MAX PIX
RANK0000 | 2025-10-29 12:10:48,773 | DONE DETERMINE MAX PIX
RANK0000 | 2025-10-29 12:10:48,773 | DONE DETERMINE MAX PIX
RANK0000 | 2025-10-29 12:10:48,773 | Mem after determine max num pix: 1.465336 GB on node ollie-System-Product-Name
RANK0000 | 2025-10-29 12:10:48,773 | Mem after determine max num pix: 1.465336 GB on node ollie-System-Product-Name
RANK0000 | 2025-10-29 12:10:48,773 | Mem after determine max num pix: 1.465336 GB on node ollie-System-Product-Name
RANK0000 | 2025-10-29 12:10:48,773 | Mem after load_inputs: 1.465336 GB on node ollie-System-Product-Name
RANK0000 | 2025-10-29 12:10:48,773 | Mem after load_inputs: 1.465336 GB on node ollie-System-Product-Name
RANK0000 | 2025-10-29 12:10:48,773 | Mem after load_inputs: 1.465336 GB on node ollie-System-Product-Name
How many pixels each rank will allocate for on its device:
(rnk0, dev0): 8700 pix
Iteration 1:
	Resid=195044.568181, sigmaZ 6.319621, t-per-iter=0.0393 sec, pred_offsets=
Iteration 2:
	Resid=276996210.807010, sigmaZ 251.588040, t-per-iter=0.0392 sec, pred_offsets=
Iteration 3:
	Resid=281477072.086115, sigmaZ 253.604396, t-per-iter=0.0393 sec, pred_offsets=
Iteration 4:
	Resid=769660.058067, sigmaZ 13.122230, t-per-iter=0.0391 sec, pred_offsets=
Iteration 5:
	Resid=194952.642813, sigmaZ 6.317781, t-per-iter=0.0390 sec, pred_offsets=
Iteration 6:
	Resid=195054.044944, sigmaZ 6.319757, t-per-iter=0.0390 sec, pred_offsets=
Iteration 7:
	Resid=194826.196595, sigmaZ 6.315520, t-per-iter=0.0389 sec, pred_offsets=
Iteration 8:
	Resid=194727.163779, sigmaZ 6.313770, t-per-iter=0.0389 sec, pred_offsets=
Iteration 9:
	Resid=194716.610054, sigmaZ 6.313562, t-per-iter=0.0388 sec, pred_offsets=
Iteration 10:
	Resid=194716.052989, sigmaZ 6.313551, t-per-iter=0.0388 sec, pred_offsets=
Iteration 11:
	Resid=194714.972034, sigmaZ 6.313529, t-per-iter=0.0388 sec, pred_offsets=
Iteration 12:
	Resid=194712.809815, sigmaZ 6.313487, t-per-iter=0.0388 sec, pred_offsets=
Iteration 13:
	Resid=194708.512958, sigmaZ 6.313405, t-per-iter=0.0388 sec, pred_offsets=
Iteration 14:
	Resid=194705.185943, sigmaZ 6.313343, t-per-iter=0.0388 sec, pred_offsets=
Iteration 15:
	Resid=194704.527691, sigmaZ 6.313335, t-per-iter=0.0388 sec, pred_offsets=
Iteration 16:
	Resid=194704.322691, sigmaZ 6.313330, t-per-iter=0.0388 sec, pred_offsets=
Iteration 17:
	Resid=194704.265747, sigmaZ 6.313329, t-per-iter=0.0389 sec, pred_offsets=
Iteration 18:
	Resid=194704.075921, sigmaZ 6.313325, t-per-iter=0.0389 sec, pred_offsets=
Iteration 19:
	Resid=194703.831141, sigmaZ 6.313320, t-per-iter=0.0389 sec, pred_offsets=
Iteration 20:
	Resid=194703.922760, sigmaZ 6.313317, t-per-iter=0.0389 sec, pred_offsets=
Iteration 21:
	Resid=194703.721966, sigmaZ 6.313316, t-per-iter=0.0389 sec, pred_offsets=
Iteration 22:
	Resid=194703.633427, sigmaZ 6.313314, t-per-iter=0.0389 sec, pred_offsets=
Iteration 23:
	Resid=194703.615402, sigmaZ 6.313314, t-per-iter=0.0389 sec, pred_offsets=
Iteration 24:
	Resid=194703.615294, sigmaZ 6.313314, t-per-iter=0.0390 sec, pred_offsets=
Iteration 25:
	Resid=194703.615292, sigmaZ 6.313314, t-per-iter=0.0390 sec, pred_offsets=
Final Iteration 25:
	Resid=194703.615292, sigmaZ 6.313314
Saved detector model to _geom.out/diffBragg_detector.expt
INFO: Refinement macro cycle 4/5...
INFO:canonical_capture:Refinement macro cycle 4/5...
RANK0000 | 2025-10-29 12:10:49,817 | Number of ROIS that will proceed to refinement: 87/92
RANK0000 | 2025-10-29 12:10:49,817 | Number of ROIS that will proceed to refinement: 87/92
RANK0000 | 2025-10-29 12:10:49,817 | Number of ROIS that will proceed to refinement: 87/92
RANK0000 | 2025-10-29 12:10:49,834 | Setting initial mosaicity from params.init.eta_abc: 0.000000 0.000000 0.000000
RANK0000 | 2025-10-29 12:10:49,834 | Setting initial mosaicity from params.init.eta_abc: 0.000000 0.000000 0.000000
RANK0000 | 2025-10-29 12:10:49,834 | Setting initial mosaicity from params.init.eta_abc: 0.000000 0.000000 0.000000
RANK0000 | 2025-10-29 12:10:49,834 | Number of mosaic domains from params: 1
RANK0000 | 2025-10-29 12:10:49,834 | Number of mosaic domains from params: 1
RANK0000 | 2025-10-29 12:10:49,834 | Number of mosaic domains from params: 1
RANK0000 | 2025-10-29 12:10:49,913 | Loaded simulator
RANK0000 | 2025-10-29 12:10:49,913 | Loaded simulator
RANK0000 | 2025-10-29 12:10:49,913 | Loaded simulator
RANK0000 | 2025-10-29 12:10:49,913 | Will not use mosaic models, as simulator.crystal.num_mosaicity_samples=1
RANK0000 | 2025-10-29 12:10:49,913 | Will not use mosaic models, as simulator.crystal.num_mosaicity_samples=1
RANK0000 | 2025-10-29 12:10:49,913 | Will not use mosaic models, as simulator.crystal.num_mosaicity_samples=1
Warning, crystal system not determined, assuming triclinic
RANK0000 | 2025-10-29 12:10:49,914 | Unit cell variable a_Ang (currently=27.361518) is bounded by 24.625367 and 30.097670
RANK0000 | 2025-10-29 12:10:49,914 | Unit cell variable a_Ang (currently=27.361518) is bounded by 24.625367 and 30.097670
RANK0000 | 2025-10-29 12:10:49,914 | Unit cell variable a_Ang (currently=27.361518) is bounded by 24.625367 and 30.097670
RANK0000 | 2025-10-29 12:10:49,914 | Unit cell variable b_Ang (currently=32.057596) is bounded by 28.851836 and 35.263355
RANK0000 | 2025-10-29 12:10:49,914 | Unit cell variable b_Ang (currently=32.057596) is bounded by 28.851836 and 35.263355
RANK0000 | 2025-10-29 12:10:49,914 | Unit cell variable b_Ang (currently=32.057596) is bounded by 28.851836 and 35.263355
RANK0000 | 2025-10-29 12:10:49,914 | Unit cell variable c_Ang (currently=34.460339) is bounded by 31.014305 and 37.906373
RANK0000 | 2025-10-29 12:10:49,914 | Unit cell variable c_Ang (currently=34.460339) is bounded by 31.014305 and 37.906373
RANK0000 | 2025-10-29 12:10:49,914 | Unit cell variable c_Ang (currently=34.460339) is bounded by 31.014305 and 37.906373
RANK0000 | 2025-10-29 12:10:49,914 | Unit cell variable alpha_rad (currently=1.547950) is bounded by 1.460684 and 1.635217
RANK0000 | 2025-10-29 12:10:49,914 | Unit cell variable alpha_rad (currently=1.547950) is bounded by 1.460684 and 1.635217
RANK0000 | 2025-10-29 12:10:49,914 | Unit cell variable alpha_rad (currently=1.547950) is bounded by 1.460684 and 1.635217
RANK0000 | 2025-10-29 12:10:49,914 | Unit cell variable beta_rad (currently=1.249119) is bounded by 1.161852 and 1.336385
RANK0000 | 2025-10-29 12:10:49,914 | Unit cell variable beta_rad (currently=1.249119) is bounded by 1.161852 and 1.336385
RANK0000 | 2025-10-29 12:10:49,914 | Unit cell variable beta_rad (currently=1.249119) is bounded by 1.161852 and 1.336385
RANK0000 | 2025-10-29 12:10:49,914 | Unit cell variable gamma_rad (currently=1.189095) is bounded by 1.101829 and 1.276362
RANK0000 | 2025-10-29 12:10:49,914 | Unit cell variable gamma_rad (currently=1.189095) is bounded by 1.101829 and 1.276362
RANK0000 | 2025-10-29 12:10:49,914 | Unit cell variable gamma_rad (currently=1.189095) is bounded by 1.101829 and 1.276362
Warning, crystal system not determined, assuming triclinic
RANK0000 | 2025-10-29 12:10:58,653 | Filtered 5 / 92 reflections which did not show peaks in model
RANK0000 | 2025-10-29 12:10:58,653 | Filtered 5 / 92 reflections which did not show peaks in model
RANK0000 | 2025-10-29 12:10:58,653 | Filtered 5 / 92 reflections which did not show peaks in model
RANK0000 | 2025-10-29 12:10:58,724 | Number of ROIS that will proceed to refinement: 87/92
RANK0000 | 2025-10-29 12:10:58,724 | Number of ROIS that will proceed to refinement: 87/92
RANK0000 | 2025-10-29 12:10:58,724 | Number of ROIS that will proceed to refinement: 87/92
RANK0000 | 2025-10-29 12:10:58,741 | Setting initial mosaicity from params.init.eta_abc: 0.000000 0.000000 0.000000
RANK0000 | 2025-10-29 12:10:58,741 | Setting initial mosaicity from params.init.eta_abc: 0.000000 0.000000 0.000000
RANK0000 | 2025-10-29 12:10:58,741 | Setting initial mosaicity from params.init.eta_abc: 0.000000 0.000000 0.000000
RANK0000 | 2025-10-29 12:10:58,741 | Number of mosaic domains from params: 1
RANK0000 | 2025-10-29 12:10:58,741 | Number of mosaic domains from params: 1
RANK0000 | 2025-10-29 12:10:58,741 | Number of mosaic domains from params: 1
RANK0000 | 2025-10-29 12:10:58,813 | Loaded simulator
RANK0000 | 2025-10-29 12:10:58,813 | Loaded simulator
RANK0000 | 2025-10-29 12:10:58,813 | Loaded simulator
RANK0000 | 2025-10-29 12:10:58,813 | Will not use mosaic models, as simulator.crystal.num_mosaicity_samples=1
RANK0000 | 2025-10-29 12:10:58,813 | Will not use mosaic models, as simulator.crystal.num_mosaicity_samples=1
RANK0000 | 2025-10-29 12:10:58,813 | Will not use mosaic models, as simulator.crystal.num_mosaicity_samples=1
Warning, crystal system not determined, assuming triclinic
RANK0000 | 2025-10-29 12:10:58,920 | Unit cell variable a_Ang (currently=27.362863) is bounded by 24.626577 and 30.099149
RANK0000 | 2025-10-29 12:10:58,920 | Unit cell variable a_Ang (currently=27.362863) is bounded by 24.626577 and 30.099149
RANK0000 | 2025-10-29 12:10:58,920 | Unit cell variable a_Ang (currently=27.362863) is bounded by 24.626577 and 30.099149
RANK0000 | 2025-10-29 12:10:58,921 | Unit cell variable b_Ang (currently=32.057776) is bounded by 28.851998 and 35.263553
RANK0000 | 2025-10-29 12:10:58,921 | Unit cell variable b_Ang (currently=32.057776) is bounded by 28.851998 and 35.263553
RANK0000 | 2025-10-29 12:10:58,921 | Unit cell variable b_Ang (currently=32.057776) is bounded by 28.851998 and 35.263553
RANK0000 | 2025-10-29 12:10:58,921 | Unit cell variable c_Ang (currently=34.465234) is bounded by 31.018710 and 37.911757
RANK0000 | 2025-10-29 12:10:58,921 | Unit cell variable c_Ang (currently=34.465234) is bounded by 31.018710 and 37.911757
RANK0000 | 2025-10-29 12:10:58,921 | Unit cell variable c_Ang (currently=34.465234) is bounded by 31.018710 and 37.911757
RANK0000 | 2025-10-29 12:10:58,921 | Unit cell variable alpha_rad (currently=1.547767) is bounded by 1.460501 and 1.635034
RANK0000 | 2025-10-29 12:10:58,921 | Unit cell variable alpha_rad (currently=1.547767) is bounded by 1.460501 and 1.635034
RANK0000 | 2025-10-29 12:10:58,921 | Unit cell variable alpha_rad (currently=1.547767) is bounded by 1.460501 and 1.635034
RANK0000 | 2025-10-29 12:10:58,921 | Unit cell variable beta_rad (currently=1.248933) is bounded by 1.161667 and 1.336200
RANK0000 | 2025-10-29 12:10:58,921 | Unit cell variable beta_rad (currently=1.248933) is bounded by 1.161667 and 1.336200
RANK0000 | 2025-10-29 12:10:58,921 | Unit cell variable beta_rad (currently=1.248933) is bounded by 1.161667 and 1.336200
RANK0000 | 2025-10-29 12:10:58,921 | Unit cell variable gamma_rad (currently=1.189023) is bounded by 1.101756 and 1.276289
RANK0000 | 2025-10-29 12:10:58,921 | Unit cell variable gamma_rad (currently=1.189023) is bounded by 1.101756 and 1.276289
RANK0000 | 2025-10-29 12:10:58,921 | Unit cell variable gamma_rad (currently=1.189023) is bounded by 1.101756 and 1.276289
Warning, crystal system not determined, assuming triclinic
RANK0000 | 2025-10-29 12:11:04,773 | Filtered 5 / 92 reflections which did not show peaks in model
RANK0000 | 2025-10-29 12:11:04,773 | Filtered 5 / 92 reflections which did not show peaks in model
RANK0000 | 2025-10-29 12:11:04,773 | Filtered 5 / 92 reflections which did not show peaks in model
Warning, crystal system not determined, assuming triclinic
Will optimize using 1 experiments
RANK0000 | 2025-10-29 12:11:04,901 | Loading nrefls per shot
RANK0000 | 2025-10-29 12:11:04,901 | Loading nrefls per shot
RANK0000 | 2025-10-29 12:11:04,901 | Loading nrefls per shot
RANK0000 | 2025-10-29 12:11:04,901 | Loading nrefls per shot
Found 1 shots originally, but only 1 had finite number of refls to model
RANK0000 | 2025-10-29 12:11:04,902 | EVENT: begin loading inputs
RANK0000 | 2025-10-29 12:11:04,902 | EVENT: begin loading inputs
RANK0000 | 2025-10-29 12:11:04,902 | EVENT: begin loading inputs
RANK0000 | 2025-10-29 12:11:04,902 | EVENT: begin loading inputs
RANK0000 | 2025-10-29 12:11:04,930 | Will use space group symbol P 1
RANK0000 | 2025-10-29 12:11:04,930 | Will use space group symbol P 1
RANK0000 | 2025-10-29 12:11:04,930 | Will use space group symbol P 1
RANK0000 | 2025-10-29 12:11:04,930 | Will use space group symbol P 1
RANK0000 | 2025-10-29 12:11:05,063 | EVENT: BEGIN loading experiment list
RANK0000 | 2025-10-29 12:11:05,063 | EVENT: BEGIN loading experiment list
RANK0000 | 2025-10-29 12:11:05,063 | EVENT: BEGIN loading experiment list
RANK0000 | 2025-10-29 12:11:05,063 | EVENT: BEGIN loading experiment list
RANK0000 | 2025-10-29 12:11:05,064 | EVENT: DONE loading experiment list
RANK0000 | 2025-10-29 12:11:05,064 | EVENT: DONE loading experiment list
RANK0000 | 2025-10-29 12:11:05,064 | EVENT: DONE loading experiment list
RANK0000 | 2025-10-29 12:11:05,064 | EVENT: DONE loading experiment list
Warning, crystal system not determined, assuming triclinic
RANK0000 | 2025-10-29 12:11:05,066 | EVENT: LOADING ROI DATA
RANK0000 | 2025-10-29 12:11:05,066 | EVENT: LOADING ROI DATA
RANK0000 | 2025-10-29 12:11:05,066 | EVENT: LOADING ROI DATA
RANK0000 | 2025-10-29 12:11:05,066 | EVENT: LOADING ROI DATA
RANK0000 | 2025-10-29 12:11:05,130 | Number of ROIS that will proceed to refinement: 87/92
RANK0000 | 2025-10-29 12:11:05,130 | Number of ROIS that will proceed to refinement: 87/92
RANK0000 | 2025-10-29 12:11:05,130 | Number of ROIS that will proceed to refinement: 87/92
RANK0000 | 2025-10-29 12:11:05,130 | Number of ROIS that will proceed to refinement: 87/92
RANK0000 | 2025-10-29 12:11:05,147 | Setting initial mosaicity from params.init.eta_abc: 0.000000 0.000000 0.000000
RANK0000 | 2025-10-29 12:11:05,147 | Setting initial mosaicity from params.init.eta_abc: 0.000000 0.000000 0.000000
RANK0000 | 2025-10-29 12:11:05,147 | Setting initial mosaicity from params.init.eta_abc: 0.000000 0.000000 0.000000
RANK0000 | 2025-10-29 12:11:05,147 | Setting initial mosaicity from params.init.eta_abc: 0.000000 0.000000 0.000000
RANK0000 | 2025-10-29 12:11:05,148 | Number of mosaic domains from params: 1
RANK0000 | 2025-10-29 12:11:05,148 | Number of mosaic domains from params: 1
RANK0000 | 2025-10-29 12:11:05,148 | Number of mosaic domains from params: 1
RANK0000 | 2025-10-29 12:11:05,148 | Number of mosaic domains from params: 1
RANK0000 | 2025-10-29 12:11:05,219 | Loaded simulator
RANK0000 | 2025-10-29 12:11:05,219 | Loaded simulator
RANK0000 | 2025-10-29 12:11:05,219 | Loaded simulator
RANK0000 | 2025-10-29 12:11:05,219 | Loaded simulator
RANK0000 | 2025-10-29 12:11:05,219 | Will not use mosaic models, as simulator.crystal.num_mosaicity_samples=1
RANK0000 | 2025-10-29 12:11:05,219 | Will not use mosaic models, as simulator.crystal.num_mosaicity_samples=1
RANK0000 | 2025-10-29 12:11:05,219 | Will not use mosaic models, as simulator.crystal.num_mosaicity_samples=1
RANK0000 | 2025-10-29 12:11:05,219 | Will not use mosaic models, as simulator.crystal.num_mosaicity_samples=1
RANK0000 | 2025-10-29 12:11:05,259 | EVENT: DONE LOADING ROI
RANK0000 | 2025-10-29 12:11:05,259 | EVENT: DONE LOADING ROI
RANK0000 | 2025-10-29 12:11:05,259 | EVENT: DONE LOADING ROI
RANK0000 | 2025-10-29 12:11:05,259 | EVENT: DONE LOADING ROI
RANK0000 | 2025-10-29 12:11:05,259 | Will simulate 1 energy channels
RANK0000 | 2025-10-29 12:11:05,259 | Will simulate 1 energy channels
RANK0000 | 2025-10-29 12:11:05,259 | Will simulate 1 energy channels
RANK0000 | 2025-10-29 12:11:05,259 | Will simulate 1 energy channels
RANK0000 | 2025-10-29 12:11:05,259 | Process memory usage: 1.559368 GB on node ollie-System-Product-Name
RANK0000 | 2025-10-29 12:11:05,259 | Process memory usage: 1.559368 GB on node ollie-System-Product-Name
RANK0000 | 2025-10-29 12:11:05,259 | Process memory usage: 1.559368 GB on node ollie-System-Product-Name
RANK0000 | 2025-10-29 12:11:05,259 | Process memory usage: 1.559368 GB on node ollie-System-Product-Name
RANK0000 | 2025-10-29 12:11:05,259 | Finished loading image 1 / 1 (1 / 1)
RANK0000 | 2025-10-29 12:11:05,259 | Finished loading image 1 / 1 (1 / 1)
RANK0000 | 2025-10-29 12:11:05,259 | Finished loading image 1 / 1 (1 / 1)
RANK0000 | 2025-10-29 12:11:05,259 | Finished loading image 1 / 1 (1 / 1)
Warning, crystal system not determined, assuming triclinic
RANK0000 | 2025-10-29 12:11:05,260 | DONE LOADING DATA; ENTER BARRIER
RANK0000 | 2025-10-29 12:11:05,260 | DONE LOADING DATA; ENTER BARRIER
RANK0000 | 2025-10-29 12:11:05,260 | DONE LOADING DATA; ENTER BARRIER
RANK0000 | 2025-10-29 12:11:05,260 | DONE LOADING DATA; ENTER BARRIER
RANK0000 | 2025-10-29 12:11:05,260 | DONE LOADING DATA; EXIT BARRIER
RANK0000 | 2025-10-29 12:11:05,260 | DONE LOADING DATA; EXIT BARRIER
RANK0000 | 2025-10-29 12:11:05,260 | DONE LOADING DATA; EXIT BARRIER
RANK0000 | 2025-10-29 12:11:05,260 | DONE LOADING DATA; EXIT BARRIER
RANK0000 | 2025-10-29 12:11:05,260 | Mem after panel groups: 1.559368 GB on node ollie-System-Product-Name
RANK0000 | 2025-10-29 12:11:05,260 | Mem after panel groups: 1.559368 GB on node ollie-System-Product-Name
RANK0000 | 2025-10-29 12:11:05,260 | Mem after panel groups: 1.559368 GB on node ollie-System-Product-Name
RANK0000 | 2025-10-29 12:11:05,260 | Mem after panel groups: 1.559368 GB on node ollie-System-Product-Name
RANK0000 | 2025-10-29 12:11:05,260 | EVENT: Gathering global HKL information
RANK0000 | 2025-10-29 12:11:05,260 | EVENT: Gathering global HKL information
RANK0000 | 2025-10-29 12:11:05,260 | EVENT: Gathering global HKL information
RANK0000 | 2025-10-29 12:11:05,260 | EVENT: Gathering global HKL information
RANK0000 | 2025-10-29 12:11:05,363 | EVENT: FINISHED gather global HKL information
RANK0000 | 2025-10-29 12:11:05,363 | EVENT: FINISHED gather global HKL information
RANK0000 | 2025-10-29 12:11:05,363 | EVENT: FINISHED gather global HKL information
RANK0000 | 2025-10-29 12:11:05,363 | EVENT: FINISHED gather global HKL information
RANK0000 | 2025-10-29 12:11:05,364 | Mem after gather Hi info: 1.559368 GB on node ollie-System-Product-Name
RANK0000 | 2025-10-29 12:11:05,364 | Mem after gather Hi info: 1.559368 GB on node ollie-System-Product-Name
RANK0000 | 2025-10-29 12:11:05,364 | Mem after gather Hi info: 1.559368 GB on node ollie-System-Product-Name
RANK0000 | 2025-10-29 12:11:05,364 | Mem after gather Hi info: 1.559368 GB on node ollie-System-Product-Name
RANK0000 | 2025-10-29 12:11:05,364 | BEGIN DETERMINE MAX PIX
RANK0000 | 2025-10-29 12:11:05,364 | BEGIN DETERMINE MAX PIX
RANK0000 | 2025-10-29 12:11:05,364 | BEGIN DETERMINE MAX PIX
RANK0000 | 2025-10-29 12:11:05,364 | BEGIN DETERMINE MAX PIX
RANK0000 | 2025-10-29 12:11:05,364 | Rank 0, max pix to be modeled: 8700
RANK0000 | 2025-10-29 12:11:05,364 | Rank 0, max pix to be modeled: 8700
RANK0000 | 2025-10-29 12:11:05,364 | Rank 0, max pix to be modeled: 8700
RANK0000 | 2025-10-29 12:11:05,364 | Rank 0, max pix to be modeled: 8700
RANK0000 | 2025-10-29 12:11:05,364 | DONE DETERMINE MAX PIX
RANK0000 | 2025-10-29 12:11:05,364 | DONE DETERMINE MAX PIX
RANK0000 | 2025-10-29 12:11:05,364 | DONE DETERMINE MAX PIX
RANK0000 | 2025-10-29 12:11:05,364 | DONE DETERMINE MAX PIX
RANK0000 | 2025-10-29 12:11:05,364 | Mem after determine max num pix: 1.559368 GB on node ollie-System-Product-Name
RANK0000 | 2025-10-29 12:11:05,364 | Mem after determine max num pix: 1.559368 GB on node ollie-System-Product-Name
RANK0000 | 2025-10-29 12:11:05,364 | Mem after determine max num pix: 1.559368 GB on node ollie-System-Product-Name
RANK0000 | 2025-10-29 12:11:05,364 | Mem after determine max num pix: 1.559368 GB on node ollie-System-Product-Name
RANK0000 | 2025-10-29 12:11:05,364 | Mem after load_inputs: 1.559368 GB on node ollie-System-Product-Name
RANK0000 | 2025-10-29 12:11:05,364 | Mem after load_inputs: 1.559368 GB on node ollie-System-Product-Name
RANK0000 | 2025-10-29 12:11:05,364 | Mem after load_inputs: 1.559368 GB on node ollie-System-Product-Name
RANK0000 | 2025-10-29 12:11:05,364 | Mem after load_inputs: 1.559368 GB on node ollie-System-Product-Name
How many pixels each rank will allocate for on its device:
(rnk0, dev0): 8700 pix
Iteration 1:
	Resid=193869.913901, sigmaZ 6.298295, t-per-iter=0.0346 sec, pred_offsets=
Iteration 2:
	Resid=281476832.960654, sigmaZ 253.603633, t-per-iter=0.0347 sec, pred_offsets=
Iteration 3:
	Resid=281629905.446129, sigmaZ 253.720083, t-per-iter=0.0344 sec, pred_offsets=
Iteration 4:
	Resid=193865.502302, sigmaZ 6.298213, t-per-iter=0.0342 sec, pred_offsets=
Iteration 5:
	Resid=193812.602363, sigmaZ 6.297218, t-per-iter=0.0341 sec, pred_offsets=
Iteration 6:
	Resid=193742.164149, sigmaZ 6.295907, t-per-iter=0.0340 sec, pred_offsets=
Iteration 7:
	Resid=193698.857251, sigmaZ 6.295105, t-per-iter=0.0340 sec, pred_offsets=
Iteration 8:
	Resid=193682.517413, sigmaZ 6.294815, t-per-iter=0.0339 sec, pred_offsets=
Iteration 9:
	Resid=193680.779897, sigmaZ 6.294789, t-per-iter=0.0339 sec, pred_offsets=
Iteration 10:
	Resid=193680.584353, sigmaZ 6.294786, t-per-iter=0.0339 sec, pred_offsets=
Iteration 11:
	Resid=193679.416645, sigmaZ 6.294766, t-per-iter=0.0339 sec, pred_offsets=
Iteration 12:
	Resid=193678.494363, sigmaZ 6.294748, t-per-iter=0.0339 sec, pred_offsets=
Iteration 13:
	Resid=193678.045111, sigmaZ 6.294737, t-per-iter=0.0338 sec, pred_offsets=
Iteration 14:
	Resid=193678.044031, sigmaZ 6.294737, t-per-iter=0.0338 sec, pred_offsets=
Iteration 15:
	Resid=193678.044020, sigmaZ 6.294737, t-per-iter=0.0338 sec, pred_offsets=
Final Iteration 15:
	Resid=193678.044020, sigmaZ 6.294737
Saved detector model to _geom.out/diffBragg_detector.expt
INFO: Refinement macro cycle 5/5...
INFO:canonical_capture:Refinement macro cycle 5/5...
RANK0000 | 2025-10-29 12:11:05,939 | Number of ROIS that will proceed to refinement: 87/92
RANK0000 | 2025-10-29 12:11:05,939 | Number of ROIS that will proceed to refinement: 87/92
RANK0000 | 2025-10-29 12:11:05,939 | Number of ROIS that will proceed to refinement: 87/92
RANK0000 | 2025-10-29 12:11:05,939 | Number of ROIS that will proceed to refinement: 87/92
RANK0000 | 2025-10-29 12:11:05,956 | Setting initial mosaicity from params.init.eta_abc: 0.000000 0.000000 0.000000
RANK0000 | 2025-10-29 12:11:05,956 | Setting initial mosaicity from params.init.eta_abc: 0.000000 0.000000 0.000000
RANK0000 | 2025-10-29 12:11:05,956 | Setting initial mosaicity from params.init.eta_abc: 0.000000 0.000000 0.000000
RANK0000 | 2025-10-29 12:11:05,956 | Setting initial mosaicity from params.init.eta_abc: 0.000000 0.000000 0.000000
RANK0000 | 2025-10-29 12:11:05,956 | Number of mosaic domains from params: 1
RANK0000 | 2025-10-29 12:11:05,956 | Number of mosaic domains from params: 1
RANK0000 | 2025-10-29 12:11:05,956 | Number of mosaic domains from params: 1
RANK0000 | 2025-10-29 12:11:05,956 | Number of mosaic domains from params: 1
RANK0000 | 2025-10-29 12:11:06,027 | Loaded simulator
RANK0000 | 2025-10-29 12:11:06,027 | Loaded simulator
RANK0000 | 2025-10-29 12:11:06,027 | Loaded simulator
RANK0000 | 2025-10-29 12:11:06,027 | Loaded simulator
RANK0000 | 2025-10-29 12:11:06,028 | Will not use mosaic models, as simulator.crystal.num_mosaicity_samples=1
RANK0000 | 2025-10-29 12:11:06,028 | Will not use mosaic models, as simulator.crystal.num_mosaicity_samples=1
RANK0000 | 2025-10-29 12:11:06,028 | Will not use mosaic models, as simulator.crystal.num_mosaicity_samples=1
RANK0000 | 2025-10-29 12:11:06,028 | Will not use mosaic models, as simulator.crystal.num_mosaicity_samples=1
Warning, crystal system not determined, assuming triclinic
RANK0000 | 2025-10-29 12:11:06,028 | Unit cell variable a_Ang (currently=27.362863) is bounded by 24.626577 and 30.099149
RANK0000 | 2025-10-29 12:11:06,028 | Unit cell variable a_Ang (currently=27.362863) is bounded by 24.626577 and 30.099149
RANK0000 | 2025-10-29 12:11:06,028 | Unit cell variable a_Ang (currently=27.362863) is bounded by 24.626577 and 30.099149
RANK0000 | 2025-10-29 12:11:06,028 | Unit cell variable a_Ang (currently=27.362863) is bounded by 24.626577 and 30.099149
RANK0000 | 2025-10-29 12:11:06,028 | Unit cell variable b_Ang (currently=32.057776) is bounded by 28.851998 and 35.263553
RANK0000 | 2025-10-29 12:11:06,028 | Unit cell variable b_Ang (currently=32.057776) is bounded by 28.851998 and 35.263553
RANK0000 | 2025-10-29 12:11:06,028 | Unit cell variable b_Ang (currently=32.057776) is bounded by 28.851998 and 35.263553
RANK0000 | 2025-10-29 12:11:06,028 | Unit cell variable b_Ang (currently=32.057776) is bounded by 28.851998 and 35.263553
RANK0000 | 2025-10-29 12:11:06,028 | Unit cell variable c_Ang (currently=34.465234) is bounded by 31.018710 and 37.911757
RANK0000 | 2025-10-29 12:11:06,028 | Unit cell variable c_Ang (currently=34.465234) is bounded by 31.018710 and 37.911757
RANK0000 | 2025-10-29 12:11:06,028 | Unit cell variable c_Ang (currently=34.465234) is bounded by 31.018710 and 37.911757
RANK0000 | 2025-10-29 12:11:06,028 | Unit cell variable c_Ang (currently=34.465234) is bounded by 31.018710 and 37.911757
RANK0000 | 2025-10-29 12:11:06,028 | Unit cell variable alpha_rad (currently=1.547767) is bounded by 1.460501 and 1.635034
RANK0000 | 2025-10-29 12:11:06,028 | Unit cell variable alpha_rad (currently=1.547767) is bounded by 1.460501 and 1.635034
RANK0000 | 2025-10-29 12:11:06,028 | Unit cell variable alpha_rad (currently=1.547767) is bounded by 1.460501 and 1.635034
RANK0000 | 2025-10-29 12:11:06,028 | Unit cell variable alpha_rad (currently=1.547767) is bounded by 1.460501 and 1.635034
RANK0000 | 2025-10-29 12:11:06,028 | Unit cell variable beta_rad (currently=1.248933) is bounded by 1.161667 and 1.336200
RANK0000 | 2025-10-29 12:11:06,028 | Unit cell variable beta_rad (currently=1.248933) is bounded by 1.161667 and 1.336200
RANK0000 | 2025-10-29 12:11:06,028 | Unit cell variable beta_rad (currently=1.248933) is bounded by 1.161667 and 1.336200
RANK0000 | 2025-10-29 12:11:06,028 | Unit cell variable beta_rad (currently=1.248933) is bounded by 1.161667 and 1.336200
RANK0000 | 2025-10-29 12:11:06,028 | Unit cell variable gamma_rad (currently=1.189023) is bounded by 1.101756 and 1.276289
RANK0000 | 2025-10-29 12:11:06,028 | Unit cell variable gamma_rad (currently=1.189023) is bounded by 1.101756 and 1.276289
RANK0000 | 2025-10-29 12:11:06,028 | Unit cell variable gamma_rad (currently=1.189023) is bounded by 1.101756 and 1.276289
RANK0000 | 2025-10-29 12:11:06,028 | Unit cell variable gamma_rad (currently=1.189023) is bounded by 1.101756 and 1.276289
Warning, crystal system not determined, assuming triclinic
RANK0000 | 2025-10-29 12:11:15,082 | Filtered 5 / 92 reflections which did not show peaks in model
RANK0000 | 2025-10-29 12:11:15,082 | Filtered 5 / 92 reflections which did not show peaks in model
RANK0000 | 2025-10-29 12:11:15,082 | Filtered 5 / 92 reflections which did not show peaks in model
RANK0000 | 2025-10-29 12:11:15,082 | Filtered 5 / 92 reflections which did not show peaks in model
RANK0000 | 2025-10-29 12:11:15,162 | Number of ROIS that will proceed to refinement: 87/92
RANK0000 | 2025-10-29 12:11:15,162 | Number of ROIS that will proceed to refinement: 87/92
RANK0000 | 2025-10-29 12:11:15,162 | Number of ROIS that will proceed to refinement: 87/92
RANK0000 | 2025-10-29 12:11:15,162 | Number of ROIS that will proceed to refinement: 87/92
RANK0000 | 2025-10-29 12:11:15,180 | Setting initial mosaicity from params.init.eta_abc: 0.000000 0.000000 0.000000
RANK0000 | 2025-10-29 12:11:15,180 | Setting initial mosaicity from params.init.eta_abc: 0.000000 0.000000 0.000000
RANK0000 | 2025-10-29 12:11:15,180 | Setting initial mosaicity from params.init.eta_abc: 0.000000 0.000000 0.000000
RANK0000 | 2025-10-29 12:11:15,180 | Setting initial mosaicity from params.init.eta_abc: 0.000000 0.000000 0.000000
RANK0000 | 2025-10-29 12:11:15,180 | Number of mosaic domains from params: 1
RANK0000 | 2025-10-29 12:11:15,180 | Number of mosaic domains from params: 1
RANK0000 | 2025-10-29 12:11:15,180 | Number of mosaic domains from params: 1
RANK0000 | 2025-10-29 12:11:15,180 | Number of mosaic domains from params: 1
RANK0000 | 2025-10-29 12:11:15,256 | Loaded simulator
RANK0000 | 2025-10-29 12:11:15,256 | Loaded simulator
RANK0000 | 2025-10-29 12:11:15,256 | Loaded simulator
RANK0000 | 2025-10-29 12:11:15,256 | Loaded simulator
RANK0000 | 2025-10-29 12:11:15,256 | Will not use mosaic models, as simulator.crystal.num_mosaicity_samples=1
RANK0000 | 2025-10-29 12:11:15,256 | Will not use mosaic models, as simulator.crystal.num_mosaicity_samples=1
RANK0000 | 2025-10-29 12:11:15,256 | Will not use mosaic models, as simulator.crystal.num_mosaicity_samples=1
RANK0000 | 2025-10-29 12:11:15,256 | Will not use mosaic models, as simulator.crystal.num_mosaicity_samples=1
Warning, crystal system not determined, assuming triclinic
RANK0000 | 2025-10-29 12:11:15,375 | Unit cell variable a_Ang (currently=27.363803) is bounded by 24.627423 and 30.100183
RANK0000 | 2025-10-29 12:11:15,375 | Unit cell variable a_Ang (currently=27.363803) is bounded by 24.627423 and 30.100183
RANK0000 | 2025-10-29 12:11:15,375 | Unit cell variable a_Ang (currently=27.363803) is bounded by 24.627423 and 30.100183
RANK0000 | 2025-10-29 12:11:15,375 | Unit cell variable a_Ang (currently=27.363803) is bounded by 24.627423 and 30.100183
RANK0000 | 2025-10-29 12:11:15,375 | Unit cell variable b_Ang (currently=32.058155) is bounded by 28.852339 and 35.263970
RANK0000 | 2025-10-29 12:11:15,375 | Unit cell variable b_Ang (currently=32.058155) is bounded by 28.852339 and 35.263970
RANK0000 | 2025-10-29 12:11:15,375 | Unit cell variable b_Ang (currently=32.058155) is bounded by 28.852339 and 35.263970
RANK0000 | 2025-10-29 12:11:15,375 | Unit cell variable b_Ang (currently=32.058155) is bounded by 28.852339 and 35.263970
RANK0000 | 2025-10-29 12:11:15,375 | Unit cell variable c_Ang (currently=34.469052) is bounded by 31.022147 and 37.915958
RANK0000 | 2025-10-29 12:11:15,375 | Unit cell variable c_Ang (currently=34.469052) is bounded by 31.022147 and 37.915958
RANK0000 | 2025-10-29 12:11:15,375 | Unit cell variable c_Ang (currently=34.469052) is bounded by 31.022147 and 37.915958
RANK0000 | 2025-10-29 12:11:15,375 | Unit cell variable c_Ang (currently=34.469052) is bounded by 31.022147 and 37.915958
RANK0000 | 2025-10-29 12:11:15,375 | Unit cell variable alpha_rad (currently=1.547615) is bounded by 1.460348 and 1.634881
RANK0000 | 2025-10-29 12:11:15,375 | Unit cell variable alpha_rad (currently=1.547615) is bounded by 1.460348 and 1.634881
RANK0000 | 2025-10-29 12:11:15,375 | Unit cell variable alpha_rad (currently=1.547615) is bounded by 1.460348 and 1.634881
RANK0000 | 2025-10-29 12:11:15,375 | Unit cell variable alpha_rad (currently=1.547615) is bounded by 1.460348 and 1.634881
RANK0000 | 2025-10-29 12:11:15,375 | Unit cell variable beta_rad (currently=1.248786) is bounded by 1.161519 and 1.336052
RANK0000 | 2025-10-29 12:11:15,375 | Unit cell variable beta_rad (currently=1.248786) is bounded by 1.161519 and 1.336052
RANK0000 | 2025-10-29 12:11:15,375 | Unit cell variable beta_rad (currently=1.248786) is bounded by 1.161519 and 1.336052
RANK0000 | 2025-10-29 12:11:15,375 | Unit cell variable beta_rad (currently=1.248786) is bounded by 1.161519 and 1.336052
RANK0000 | 2025-10-29 12:11:15,375 | Unit cell variable gamma_rad (currently=1.188960) is bounded by 1.101694 and 1.276227
RANK0000 | 2025-10-29 12:11:15,375 | Unit cell variable gamma_rad (currently=1.188960) is bounded by 1.101694 and 1.276227
RANK0000 | 2025-10-29 12:11:15,375 | Unit cell variable gamma_rad (currently=1.188960) is bounded by 1.101694 and 1.276227
RANK0000 | 2025-10-29 12:11:15,375 | Unit cell variable gamma_rad (currently=1.188960) is bounded by 1.101694 and 1.276227
Warning, crystal system not determined, assuming triclinic
RANK0000 | 2025-10-29 12:11:20,695 | Filtered 5 / 92 reflections which did not show peaks in model
RANK0000 | 2025-10-29 12:11:20,695 | Filtered 5 / 92 reflections which did not show peaks in model
RANK0000 | 2025-10-29 12:11:20,695 | Filtered 5 / 92 reflections which did not show peaks in model
RANK0000 | 2025-10-29 12:11:20,695 | Filtered 5 / 92 reflections which did not show peaks in model
Warning, crystal system not determined, assuming triclinic
Will optimize using 1 experiments
RANK0000 | 2025-10-29 12:11:20,826 | Loading nrefls per shot
RANK0000 | 2025-10-29 12:11:20,826 | Loading nrefls per shot
RANK0000 | 2025-10-29 12:11:20,826 | Loading nrefls per shot
RANK0000 | 2025-10-29 12:11:20,826 | Loading nrefls per shot
RANK0000 | 2025-10-29 12:11:20,826 | Loading nrefls per shot
Found 1 shots originally, but only 1 had finite number of refls to model
RANK0000 | 2025-10-29 12:11:20,828 | EVENT: begin loading inputs
RANK0000 | 2025-10-29 12:11:20,828 | EVENT: begin loading inputs
RANK0000 | 2025-10-29 12:11:20,828 | EVENT: begin loading inputs
RANK0000 | 2025-10-29 12:11:20,828 | EVENT: begin loading inputs
RANK0000 | 2025-10-29 12:11:20,828 | EVENT: begin loading inputs
RANK0000 | 2025-10-29 12:11:20,855 | Will use space group symbol P 1
RANK0000 | 2025-10-29 12:11:20,855 | Will use space group symbol P 1
RANK0000 | 2025-10-29 12:11:20,855 | Will use space group symbol P 1
RANK0000 | 2025-10-29 12:11:20,855 | Will use space group symbol P 1
RANK0000 | 2025-10-29 12:11:20,855 | Will use space group symbol P 1
RANK0000 | 2025-10-29 12:11:20,985 | EVENT: BEGIN loading experiment list
RANK0000 | 2025-10-29 12:11:20,985 | EVENT: BEGIN loading experiment list
RANK0000 | 2025-10-29 12:11:20,985 | EVENT: BEGIN loading experiment list
RANK0000 | 2025-10-29 12:11:20,985 | EVENT: BEGIN loading experiment list
RANK0000 | 2025-10-29 12:11:20,985 | EVENT: BEGIN loading experiment list
RANK0000 | 2025-10-29 12:11:20,987 | EVENT: DONE loading experiment list
RANK0000 | 2025-10-29 12:11:20,987 | EVENT: DONE loading experiment list
RANK0000 | 2025-10-29 12:11:20,987 | EVENT: DONE loading experiment list
RANK0000 | 2025-10-29 12:11:20,987 | EVENT: DONE loading experiment list
RANK0000 | 2025-10-29 12:11:20,987 | EVENT: DONE loading experiment list
Warning, crystal system not determined, assuming triclinic
RANK0000 | 2025-10-29 12:11:20,988 | EVENT: LOADING ROI DATA
RANK0000 | 2025-10-29 12:11:20,988 | EVENT: LOADING ROI DATA
RANK0000 | 2025-10-29 12:11:20,988 | EVENT: LOADING ROI DATA
RANK0000 | 2025-10-29 12:11:20,988 | EVENT: LOADING ROI DATA
RANK0000 | 2025-10-29 12:11:20,988 | EVENT: LOADING ROI DATA
RANK0000 | 2025-10-29 12:11:21,052 | Number of ROIS that will proceed to refinement: 87/92
RANK0000 | 2025-10-29 12:11:21,052 | Number of ROIS that will proceed to refinement: 87/92
RANK0000 | 2025-10-29 12:11:21,052 | Number of ROIS that will proceed to refinement: 87/92
RANK0000 | 2025-10-29 12:11:21,052 | Number of ROIS that will proceed to refinement: 87/92
RANK0000 | 2025-10-29 12:11:21,052 | Number of ROIS that will proceed to refinement: 87/92
RANK0000 | 2025-10-29 12:11:21,069 | Setting initial mosaicity from params.init.eta_abc: 0.000000 0.000000 0.000000
RANK0000 | 2025-10-29 12:11:21,069 | Setting initial mosaicity from params.init.eta_abc: 0.000000 0.000000 0.000000
RANK0000 | 2025-10-29 12:11:21,069 | Setting initial mosaicity from params.init.eta_abc: 0.000000 0.000000 0.000000
RANK0000 | 2025-10-29 12:11:21,069 | Setting initial mosaicity from params.init.eta_abc: 0.000000 0.000000 0.000000
RANK0000 | 2025-10-29 12:11:21,069 | Setting initial mosaicity from params.init.eta_abc: 0.000000 0.000000 0.000000
RANK0000 | 2025-10-29 12:11:21,069 | Number of mosaic domains from params: 1
RANK0000 | 2025-10-29 12:11:21,069 | Number of mosaic domains from params: 1
RANK0000 | 2025-10-29 12:11:21,069 | Number of mosaic domains from params: 1
RANK0000 | 2025-10-29 12:11:21,069 | Number of mosaic domains from params: 1
RANK0000 | 2025-10-29 12:11:21,069 | Number of mosaic domains from params: 1
RANK0000 | 2025-10-29 12:11:21,140 | Loaded simulator
RANK0000 | 2025-10-29 12:11:21,140 | Loaded simulator
RANK0000 | 2025-10-29 12:11:21,140 | Loaded simulator
RANK0000 | 2025-10-29 12:11:21,140 | Loaded simulator
RANK0000 | 2025-10-29 12:11:21,140 | Loaded simulator
RANK0000 | 2025-10-29 12:11:21,141 | Will not use mosaic models, as simulator.crystal.num_mosaicity_samples=1
RANK0000 | 2025-10-29 12:11:21,141 | Will not use mosaic models, as simulator.crystal.num_mosaicity_samples=1
RANK0000 | 2025-10-29 12:11:21,141 | Will not use mosaic models, as simulator.crystal.num_mosaicity_samples=1
RANK0000 | 2025-10-29 12:11:21,141 | Will not use mosaic models, as simulator.crystal.num_mosaicity_samples=1
RANK0000 | 2025-10-29 12:11:21,141 | Will not use mosaic models, as simulator.crystal.num_mosaicity_samples=1
RANK0000 | 2025-10-29 12:11:21,180 | EVENT: DONE LOADING ROI
RANK0000 | 2025-10-29 12:11:21,180 | EVENT: DONE LOADING ROI
RANK0000 | 2025-10-29 12:11:21,180 | EVENT: DONE LOADING ROI
RANK0000 | 2025-10-29 12:11:21,180 | EVENT: DONE LOADING ROI
RANK0000 | 2025-10-29 12:11:21,180 | EVENT: DONE LOADING ROI
RANK0000 | 2025-10-29 12:11:21,180 | Will simulate 1 energy channels
RANK0000 | 2025-10-29 12:11:21,180 | Will simulate 1 energy channels
RANK0000 | 2025-10-29 12:11:21,180 | Will simulate 1 energy channels
RANK0000 | 2025-10-29 12:11:21,180 | Will simulate 1 energy channels
RANK0000 | 2025-10-29 12:11:21,180 | Will simulate 1 energy channels
RANK0000 | 2025-10-29 12:11:21,180 | Process memory usage: 1.649506 GB on node ollie-System-Product-Name
RANK0000 | 2025-10-29 12:11:21,180 | Process memory usage: 1.649506 GB on node ollie-System-Product-Name
RANK0000 | 2025-10-29 12:11:21,180 | Process memory usage: 1.649506 GB on node ollie-System-Product-Name
RANK0000 | 2025-10-29 12:11:21,180 | Process memory usage: 1.649506 GB on node ollie-System-Product-Name
RANK0000 | 2025-10-29 12:11:21,180 | Process memory usage: 1.649506 GB on node ollie-System-Product-Name
RANK0000 | 2025-10-29 12:11:21,180 | Finished loading image 1 / 1 (1 / 1)
RANK0000 | 2025-10-29 12:11:21,180 | Finished loading image 1 / 1 (1 / 1)
RANK0000 | 2025-10-29 12:11:21,180 | Finished loading image 1 / 1 (1 / 1)
RANK0000 | 2025-10-29 12:11:21,180 | Finished loading image 1 / 1 (1 / 1)
RANK0000 | 2025-10-29 12:11:21,180 | Finished loading image 1 / 1 (1 / 1)
Warning, crystal system not determined, assuming triclinic
RANK0000 | 2025-10-29 12:11:21,181 | DONE LOADING DATA; ENTER BARRIER
RANK0000 | 2025-10-29 12:11:21,181 | DONE LOADING DATA; ENTER BARRIER
RANK0000 | 2025-10-29 12:11:21,181 | DONE LOADING DATA; ENTER BARRIER
RANK0000 | 2025-10-29 12:11:21,181 | DONE LOADING DATA; ENTER BARRIER
RANK0000 | 2025-10-29 12:11:21,181 | DONE LOADING DATA; ENTER BARRIER
RANK0000 | 2025-10-29 12:11:21,181 | DONE LOADING DATA; EXIT BARRIER
RANK0000 | 2025-10-29 12:11:21,181 | DONE LOADING DATA; EXIT BARRIER
RANK0000 | 2025-10-29 12:11:21,181 | DONE LOADING DATA; EXIT BARRIER
RANK0000 | 2025-10-29 12:11:21,181 | DONE LOADING DATA; EXIT BARRIER
RANK0000 | 2025-10-29 12:11:21,181 | DONE LOADING DATA; EXIT BARRIER
RANK0000 | 2025-10-29 12:11:21,181 | Mem after panel groups: 1.649506 GB on node ollie-System-Product-Name
RANK0000 | 2025-10-29 12:11:21,181 | Mem after panel groups: 1.649506 GB on node ollie-System-Product-Name
RANK0000 | 2025-10-29 12:11:21,181 | Mem after panel groups: 1.649506 GB on node ollie-System-Product-Name
RANK0000 | 2025-10-29 12:11:21,181 | Mem after panel groups: 1.649506 GB on node ollie-System-Product-Name
RANK0000 | 2025-10-29 12:11:21,181 | Mem after panel groups: 1.649506 GB on node ollie-System-Product-Name
RANK0000 | 2025-10-29 12:11:21,181 | EVENT: Gathering global HKL information
RANK0000 | 2025-10-29 12:11:21,181 | EVENT: Gathering global HKL information
RANK0000 | 2025-10-29 12:11:21,181 | EVENT: Gathering global HKL information
RANK0000 | 2025-10-29 12:11:21,181 | EVENT: Gathering global HKL information
RANK0000 | 2025-10-29 12:11:21,181 | EVENT: Gathering global HKL information
RANK0000 | 2025-10-29 12:11:21,284 | EVENT: FINISHED gather global HKL information
RANK0000 | 2025-10-29 12:11:21,284 | EVENT: FINISHED gather global HKL information
RANK0000 | 2025-10-29 12:11:21,284 | EVENT: FINISHED gather global HKL information
RANK0000 | 2025-10-29 12:11:21,284 | EVENT: FINISHED gather global HKL information
RANK0000 | 2025-10-29 12:11:21,284 | EVENT: FINISHED gather global HKL information
RANK0000 | 2025-10-29 12:11:21,284 | Mem after gather Hi info: 1.649506 GB on node ollie-System-Product-Name
RANK0000 | 2025-10-29 12:11:21,284 | Mem after gather Hi info: 1.649506 GB on node ollie-System-Product-Name
RANK0000 | 2025-10-29 12:11:21,284 | Mem after gather Hi info: 1.649506 GB on node ollie-System-Product-Name
RANK0000 | 2025-10-29 12:11:21,284 | Mem after gather Hi info: 1.649506 GB on node ollie-System-Product-Name
RANK0000 | 2025-10-29 12:11:21,284 | Mem after gather Hi info: 1.649506 GB on node ollie-System-Product-Name
RANK0000 | 2025-10-29 12:11:21,284 | BEGIN DETERMINE MAX PIX
RANK0000 | 2025-10-29 12:11:21,284 | BEGIN DETERMINE MAX PIX
RANK0000 | 2025-10-29 12:11:21,284 | BEGIN DETERMINE MAX PIX
RANK0000 | 2025-10-29 12:11:21,284 | BEGIN DETERMINE MAX PIX
RANK0000 | 2025-10-29 12:11:21,284 | BEGIN DETERMINE MAX PIX
RANK0000 | 2025-10-29 12:11:21,284 | Rank 0, max pix to be modeled: 8700
RANK0000 | 2025-10-29 12:11:21,284 | Rank 0, max pix to be modeled: 8700
RANK0000 | 2025-10-29 12:11:21,284 | Rank 0, max pix to be modeled: 8700
RANK0000 | 2025-10-29 12:11:21,284 | Rank 0, max pix to be modeled: 8700
RANK0000 | 2025-10-29 12:11:21,284 | Rank 0, max pix to be modeled: 8700
RANK0000 | 2025-10-29 12:11:21,284 | DONE DETERMINE MAX PIX
RANK0000 | 2025-10-29 12:11:21,284 | DONE DETERMINE MAX PIX
RANK0000 | 2025-10-29 12:11:21,284 | DONE DETERMINE MAX PIX
RANK0000 | 2025-10-29 12:11:21,284 | DONE DETERMINE MAX PIX
RANK0000 | 2025-10-29 12:11:21,284 | DONE DETERMINE MAX PIX
RANK0000 | 2025-10-29 12:11:21,284 | Mem after determine max num pix: 1.649506 GB on node ollie-System-Product-Name
RANK0000 | 2025-10-29 12:11:21,284 | Mem after determine max num pix: 1.649506 GB on node ollie-System-Product-Name
RANK0000 | 2025-10-29 12:11:21,284 | Mem after determine max num pix: 1.649506 GB on node ollie-System-Product-Name
RANK0000 | 2025-10-29 12:11:21,284 | Mem after determine max num pix: 1.649506 GB on node ollie-System-Product-Name
RANK0000 | 2025-10-29 12:11:21,284 | Mem after determine max num pix: 1.649506 GB on node ollie-System-Product-Name
RANK0000 | 2025-10-29 12:11:21,284 | Mem after load_inputs: 1.649506 GB on node ollie-System-Product-Name
RANK0000 | 2025-10-29 12:11:21,284 | Mem after load_inputs: 1.649506 GB on node ollie-System-Product-Name
RANK0000 | 2025-10-29 12:11:21,284 | Mem after load_inputs: 1.649506 GB on node ollie-System-Product-Name
RANK0000 | 2025-10-29 12:11:21,284 | Mem after load_inputs: 1.649506 GB on node ollie-System-Product-Name
RANK0000 | 2025-10-29 12:11:21,284 | Mem after load_inputs: 1.649506 GB on node ollie-System-Product-Name
How many pixels each rank will allocate for on its device:
(rnk0, dev0): 8700 pix
Iteration 1:
	Resid=193114.773068, sigmaZ 6.284615, t-per-iter=0.0343 sec, pred_offsets=
Iteration 2:
	Resid=281480936.974082, sigmaZ 253.610256, t-per-iter=0.0343 sec, pred_offsets=
Iteration 3:
	Resid=280696237.869600, sigmaZ 253.389501, t-per-iter=0.0340 sec, pred_offsets=
Iteration 4:
	Resid=193112.906685, sigmaZ 6.284580, t-per-iter=0.0339 sec, pred_offsets=
Iteration 5:
	Resid=193057.039448, sigmaZ 6.283527, t-per-iter=0.0338 sec, pred_offsets=
Iteration 6:
	Resid=193001.742387, sigmaZ 6.282491, t-per-iter=0.0338 sec, pred_offsets=
Iteration 7:
	Resid=192992.707205, sigmaZ 6.282330, t-per-iter=0.0338 sec, pred_offsets=
Iteration 8:
	Resid=192986.555487, sigmaZ 6.282228, t-per-iter=0.0338 sec, pred_offsets=
Iteration 9:
	Resid=192986.379800, sigmaZ 6.282225, t-per-iter=0.0337 sec, pred_offsets=
Iteration 10:
	Resid=192985.789505, sigmaZ 6.282214, t-per-iter=0.0337 sec, pred_offsets=
Iteration 11:
	Resid=192984.592048, sigmaZ 6.282191, t-per-iter=0.0337 sec, pred_offsets=
Iteration 12:
	Resid=192984.567461, sigmaZ 6.282190, t-per-iter=0.0337 sec, pred_offsets=
Iteration 13:
	Resid=192984.561627, sigmaZ 6.282190, t-per-iter=0.0337 sec, pred_offsets=
Iteration 14:
	Resid=192984.561555, sigmaZ 6.282190, t-per-iter=0.0337 sec, pred_offsets=
Iteration 15:
	Resid=192984.561555, sigmaZ 6.282190, t-per-iter=0.0337 sec, pred_offsets=
Final Iteration 15:
	Resid=192984.561555, sigmaZ 6.282190
Saved detector model to _geom.out/diffBragg_detector.expt
INFO: Refinement converged. Generating DiffBragg baseline...
INFO:canonical_capture:Refinement converged. Generating DiffBragg baseline...
Spot scale=318471129901978176.000000
INFO: DiffBragg baseline saved: max=36170.30, shape=(1, 2527, 2463)
INFO:canonical_capture:DiffBragg baseline saved: max=36170.30, shape=(1, 2527, 2463)
INFO: Building nanobrag_torch configs...
INFO:canonical_capture:Building nanobrag_torch configs...
INFO: Building structure factor grid...
INFO:canonical_capture:Building structure factor grid...
INFO: Structure factors (no scaling applied per SCALE-001): min=1.546e+00, max=5.183e+02, mean=4.741e+01
INFO:canonical_capture:Structure factors (no scaling applied per SCALE-001): min=1.546e+00, max=5.183e+02, mean=4.741e+01
INFO: Ignoring scale_override=3.185e+17 per SCALE-001 (DiffBragg handles scaling internally)
INFO:canonical_capture:Ignoring scale_override=3.185e+17 per SCALE-001 (DiffBragg handles scaling internally)
INFO: Structure factor grid stats: min=0.000e+00, max=5.183e+02, mean=1.876e+01, nonzero=69614
INFO:canonical_capture:Structure factor grid stats: min=0.000e+00, max=5.183e+02, mean=1.876e+01, nonzero=69614
INFO: HKL grid: 69614/69614 reflections in range (100.0%)
INFO:canonical_capture:HKL grid: 69614/69614 reflections in range (100.0%)
INFO: HKL grid nonzero: 69614
INFO:canonical_capture:HKL grid nonzero: 69614
INFO: Running nanobrag_torch simulator per panel...
INFO:canonical_capture:Running nanobrag_torch simulator per panel...
INFO: Post-simulation global scale factor: sqrt(3.184711e+17) = 5.643325e+08
INFO:canonical_capture:Post-simulation global scale factor: sqrt(3.184711e+17) = 5.643325e+08
W1029 12:11:23.680767 123719877412352 torch/_dynamo/variables/tensor.py:715] [0/0] Graph break from `Tensor.item()`, consider setting:
W1029 12:11:23.680767 123719877412352 torch/_dynamo/variables/tensor.py:715] [0/0]     torch._dynamo.config.capture_scalar_outputs = True
W1029 12:11:23.680767 123719877412352 torch/_dynamo/variables/tensor.py:715] [0/0] or:
W1029 12:11:23.680767 123719877412352 torch/_dynamo/variables/tensor.py:715] [0/0]     env TORCHDYNAMO_CAPTURE_SCALAR_OUTPUTS=1
W1029 12:11:23.680767 123719877412352 torch/_dynamo/variables/tensor.py:715] [0/0] to include these operations in the captured graph.
W1029 12:11:23.680767 123719877412352 torch/_dynamo/variables/tensor.py:715] [0/0] 
nanoBragg nanocrystal diffraction simulator - James Holton and Ken Frankel 8-1-17
  69614 initialized hkls (all others =0)
  gaussian xtal: 36.5x28.0x26.5 cells
Unit Cell: 27.3638 32.0582 34.4691 88.6791 71.6455 68.1146
Recp Cell: 0.041746 0.0338293 0.0307605 83.8484 109.29 112.667
volume = 26462.9 A^3
  amorphous part of sample is 0 m thick x 0.0001 m high x 0.0001 m wide, 1 g/cm^3 and 18 g/mol (0 molecules)
missets:  0.00000000  0.00000000  0.00000000
real-space cell vectors (Angstrom):
     a           b           c         
X: 23.96771165 -0.00000000  0.00000000
Y: 10.00392971 32.04963672 -0.00000000
Z:  8.61672257  0.73897788 34.46905238
reciprocal-space cell vectors (Angstrom^-1):
     a_star      b_star      c_star    
X:  0.04174604 -0.01303055 -0.01015649
Y:  0.00000000  0.03121898 -0.00066930
Z:  0.00000000  0.00000000  0.02902769
  wave=9.768e-11 meters +/- 0% in 1 steps
  Kahn polarization factor: 1.000000
  incident fluence: 1e+18 photons/m^2
  distance=0.23129 detsize=0.423636x0.434644  pixel=0.000172 meters (2463x2527 pixels)
  Xbeam=0.217729 Ybeam=0.213894
  Fbeam=0.217729 Sbeam=0.213894
  Xclose=0.217514 Yclose=0.212791
  Fclose=0.217514 Sclose=0.212791
  DIRECTION_OF_DETECTOR_X-AXIS= 0.999998 0.00168881 -0.000926271
  DIRECTION_OF_DETECTOR_Y-AXIS= 0.00168438 -0.999987 -0.00476987
  DIRECTION_OF_DETECTOR_Z-AXIS= -0.000934314 0.0047683 -0.999988
  INCIDENT_BEAM_DIRECTION= 0 0 1
  spindle ROTATION_AXIS= 0.999998 0.00168881 -0.000926271
  POLARIZATION_PLANE_NORMAL= 0 -1 0
  dials origin= -217.514 213.892 -230.27
  roi: 0 < x < 2463 && 0 < y < 2527
  hdivrange=0 hdivstep=0  radians
  vdivrange=0 vdivstep=0  radians
  1 divergence steps
  1 sources
  1 mosaic domains over mosaic spread of 0 degrees
  1 phi steps from 0 to 0 degrees
  1x1 pixel oversample steps
[HKL stats] h=[-23,8] k=[-28,12] l=[-28,10] hit_rate=6144872/6224001 (98.73%)
INFO: Panel 0 RAW torch output: device=cuda:0, dtype=torch.float32, shape=torch.Size([2527, 2463]), min=0.000000e+00, max=6.893997e-05, mean=3.821039e-10, nonzero=5622340
INFO:canonical_capture:Panel 0 RAW torch output: device=cuda:0, dtype=torch.float32, shape=torch.Size([2527, 2463]), min=0.000000e+00, max=6.893997e-05, mean=3.821039e-10, nonzero=5622340
INFO: Panel 0 SCALED torch output: min=0.000000e+00, max=3.890506e+04, mean=2.156337e-01
INFO:canonical_capture:Panel 0 SCALED torch output: min=0.000000e+00, max=3.890506e+04, mean=2.156337e-01
INFO: Panel 0: torch_max=38905.06, shape=(2527, 2463)
INFO:canonical_capture:Panel 0: torch_max=38905.06, shape=(2527, 2463)
INFO: Torch baseline saved: max=38905.06, shape=(1, 2527, 2463)
INFO:canonical_capture:Torch baseline saved: max=38905.06, shape=(1, 2527, 2463)
INFO: Computing parity metrics...
INFO:canonical_capture:Computing parity metrics...
INFO: Generating manifest.json with SHA256 checksums...
INFO:canonical_capture:Generating manifest.json with SHA256 checksums...
INFO:   bragg_diffbragg.npy: 6e0c76a0a6476d64...
INFO:canonical_capture:  bragg_diffbragg.npy: 6e0c76a0a6476d64...
INFO:   bragg_torch.npy: 6b23e2724a081bd7...
INFO:canonical_capture:  bragg_torch.npy: 6b23e2724a081bd7...
INFO:   target_panel_0.npy: 3ae4d01ef0a57dd8...
INFO:canonical_capture:  target_panel_0.npy: 3ae4d01ef0a57dd8...
INFO:   loss_mask_panel_0.npy: 9301d36f09eb6a15...
INFO:canonical_capture:  loss_mask_panel_0.npy: 9301d36f09eb6a15...
INFO: Manifest written to /home/ollie/Documents/diffbragg_example_2/diffbragg_example/plans/active/NANOBRAG-GOLDEN-001/reports/2025-10-29T190533Z/golden_dataset/manifest.json
INFO:canonical_capture:Manifest written to /home/ollie/Documents/diffbragg_example_2/diffbragg_example/plans/active/NANOBRAG-GOLDEN-001/reports/2025-10-29T190533Z/golden_dataset/manifest.json
INFO:   manifest.json: 356143cd9b34baa9... (self-checksum)
INFO:canonical_capture:  manifest.json: 356143cd9b34baa9... (self-checksum)
INFO: Copying canonical tensors to fixtures directory: /home/ollie/Documents/diffbragg_example_2/diffbragg_example/tests/fixtures/golden_data/simple_cubic
INFO:canonical_capture:Copying canonical tensors to fixtures directory: /home/ollie/Documents/diffbragg_example_2/diffbragg_example/tests/fixtures/golden_data/simple_cubic
INFO:   Copied bragg_diffbragg.npy -> /home/ollie/Documents/diffbragg_example_2/diffbragg_example/tests/fixtures/golden_data/simple_cubic/bragg_diffbragg.npy
INFO:canonical_capture:  Copied bragg_diffbragg.npy -> /home/ollie/Documents/diffbragg_example_2/diffbragg_example/tests/fixtures/golden_data/simple_cubic/bragg_diffbragg.npy
INFO:   Copied bragg_torch.npy -> /home/ollie/Documents/diffbragg_example_2/diffbragg_example/tests/fixtures/golden_data/simple_cubic/bragg_torch.npy
INFO:canonical_capture:  Copied bragg_torch.npy -> /home/ollie/Documents/diffbragg_example_2/diffbragg_example/tests/fixtures/golden_data/simple_cubic/bragg_torch.npy
INFO:   Copied target_panel_0.npy -> /home/ollie/Documents/diffbragg_example_2/diffbragg_example/tests/fixtures/golden_data/simple_cubic/target_panel_0.npy
INFO:canonical_capture:  Copied target_panel_0.npy -> /home/ollie/Documents/diffbragg_example_2/diffbragg_example/tests/fixtures/golden_data/simple_cubic/target_panel_0.npy
INFO:   Copied loss_mask_panel_0.npy -> /home/ollie/Documents/diffbragg_example_2/diffbragg_example/tests/fixtures/golden_data/simple_cubic/loss_mask_panel_0.npy
INFO:canonical_capture:  Copied loss_mask_panel_0.npy -> /home/ollie/Documents/diffbragg_example_2/diffbragg_example/tests/fixtures/golden_data/simple_cubic/loss_mask_panel_0.npy
INFO:   Copied manifest.json -> /home/ollie/Documents/diffbragg_example_2/diffbragg_example/tests/fixtures/golden_data/simple_cubic/manifest.json
INFO:canonical_capture:  Copied manifest.json -> /home/ollie/Documents/diffbragg_example_2/diffbragg_example/tests/fixtures/golden_data/simple_cubic/manifest.json
INFO:   Wrote metadata.json -> /home/ollie/Documents/diffbragg_example_2/diffbragg_example/tests/fixtures/golden_data/simple_cubic/metadata.json
INFO:canonical_capture:  Wrote metadata.json -> /home/ollie/Documents/diffbragg_example_2/diffbragg_example/tests/fixtures/golden_data/simple_cubic/metadata.json
INFO: === Canonical Capture Complete ===
INFO:canonical_capture:=== Canonical Capture Complete ===
INFO: DiffBragg baseline: /home/ollie/Documents/diffbragg_example_2/diffbragg_example/plans/active/NANOBRAG-GOLDEN-001/reports/2025-10-29T190533Z/golden_dataset/legacy/bragg_diffbragg.npy (max=36170.30)
INFO:canonical_capture:DiffBragg baseline: /home/ollie/Documents/diffbragg_example_2/diffbragg_example/plans/active/NANOBRAG-GOLDEN-001/reports/2025-10-29T190533Z/golden_dataset/legacy/bragg_diffbragg.npy (max=36170.30)
INFO: Torch baseline: /home/ollie/Documents/diffbragg_example_2/diffbragg_example/plans/active/NANOBRAG-GOLDEN-001/reports/2025-10-29T190533Z/golden_dataset/torch/bragg_torch.npy (max=38905.06)
INFO:canonical_capture:Torch baseline: /home/ollie/Documents/diffbragg_example_2/diffbragg_example/plans/active/NANOBRAG-GOLDEN-001/reports/2025-10-29T190533Z/golden_dataset/torch/bragg_torch.npy (max=38905.06)
INFO: Metrics: /home/ollie/Documents/diffbragg_example_2/diffbragg_example/plans/active/NANOBRAG-GOLDEN-001/reports/2025-10-29T190533Z/golden_dataset/metrics.json
INFO:canonical_capture:Metrics: /home/ollie/Documents/diffbragg_example_2/diffbragg_example/plans/active/NANOBRAG-GOLDEN-001/reports/2025-10-29T190533Z/golden_dataset/metrics.json
INFO: Median correlation: -0.0358
INFO:canonical_capture:Median correlation: -0.0358
INFO: Localization success: 5.6%
INFO:canonical_capture:Localization success: 5.6%

Canonical dataset written to: /home/ollie/Documents/diffbragg_example_2/diffbragg_example/plans/active/NANOBRAG-GOLDEN-001/reports/2025-10-29T190533Z/golden_dataset
Next steps:
  1. Inspect metrics: jq '.torch_max' /home/ollie/Documents/diffbragg_example_2/diffbragg_example/plans/active/NANOBRAG-GOLDEN-001/reports/2025-10-29T190533Z/golden_dataset/torch/panel_metrics.json
  2. Check HKL stats: jq '.in_range_fraction' /home/ollie/Documents/diffbragg_example_2/diffbragg_example/plans/active/NANOBRAG-GOLDEN-001/reports/2025-10-29T190533Z/torch_hkl_debug.json
  3. Run parity tests: KMP_DUPLICATE_LIB_OK=TRUE pytest -v tests/dbex/test_db_at_001_parity.py -k DB_AT_001

Manifest emitted to: /home/ollie/Documents/diffbragg_example_2/diffbragg_example/plans/active/NANOBRAG-GOLDEN-001/reports/2025-10-29T190533Z/golden_dataset/manifest.json
Fixtures copied to: /home/ollie/Documents/diffbragg_example_2/diffbragg_example/tests/fixtures/golden_data/simple_cubic
